2026-07-24 18:16:31 [DEBUG] coder_eval.utils: Resolved @uipath plugin-tools dir=/usr/lib/node_modules/@uipath from `uip` at /usr/lib/node_modules/@uipath/cli/dist/index.js
2026-07-24 18:16:31 [INFO] coder_eval.orchestrator: API routing: aws_bedrock
2026-07-24 18:16:31 [DEBUG] coder_eval.criteria: Discovered 14 criterion checkers
2026-07-24 18:16:31 [DEBUG] coder_eval.criteria: Validated 14 criterion checkers
2026-07-24 18:16:31 [DEBUG] coder_eval.utils: Resolved @uipath plugin-tools dir=/usr/lib/node_modules/@uipath from `uip` at /usr/lib/node_modules/@uipath/cli/dist/index.js
2026-07-24 18:16:31 [DEBUG] coder_eval.orchestrator: Sending prompt: Build a flow named "BindingsIdempotent" — Manual Trigger → IS connector
node → End — saved as `Bindi...
2026-07-24 18:16:31 [DEBUG] coder_eval.agents.claude_code_agent: [coder] Starting agent query stream...
2026-07-24 18:22:17 [DEBUG] coder_eval.agents.claude_code_agent: [coder] session_id changed: None -> 5cd1c244-d0c3-451a-94d0-281217314e3d
2026-07-24 18:22:17 [DEBUG] coder_eval.agents.claude_code_agent: [coder] Agent query stream ended
2026-07-24 18:22:17 [DEBUG] coder_eval.utils: Resolved @uipath plugin-tools dir=/usr/lib/node_modules/@uipath from `uip` at /usr/lib/node_modules/@uipath/cli/dist/index.js
2026-07-24 18:22:17 [DEBUG] coder_eval.orchestrator: Agent response received (4531 chars)
2026-07-24 18:22:17 [DEBUG] coder_eval.orchestrator: Checking success criteria
2026-07-24 18:22:17 [DEBUG] coder_eval.evaluation.checker: Criterion 'command_executed' score: 1.00
2026-07-24 18:22:17 [DEBUG] coder_eval.criteria.run_command: Running command for criterion 'Both snapshots exist, valid JSON with bindings': python3 $TASK_DIR/check_bindings.py structure 'after_first_configure.flow' && python3 $TASK_DIR/check_bindings.py structure 'after_second_configure.flow'
2026-07-24 18:22:18 [DEBUG] coder_eval.sandbox: Command 'python3 $TASK_DIR/check_bindings.py structure 'after_first_configure.flow' && python3 $TASK_DIR/check_bindings.py structure 'after_second_configure.flow'' exited with code 0
2026-07-24 18:22:18 [DEBUG] coder_eval.sandbox: STDOUT:
---
OK: after_first_configure.flow valid JSON with nodes + bindings
OK: after_second_configure.flow valid JSON with nodes + bindings
---
2026-07-24 18:22:18 [DEBUG] coder_eval.evaluation.checker: Criterion 'run_command' score: 1.00
2026-07-24 18:22:18 [DEBUG] coder_eval.criteria.run_command: Running command for criterion 'Bindings count did not grow on second configure (idempotent)': python3 $TASK_DIR/check_bindings.py count_equal 'after_first_configure.flow' 'after_second_configure.flow'
2026-07-24 18:22:18 [DEBUG] coder_eval.sandbox: Command 'python3 $TASK_DIR/check_bindings.py count_equal 'after_first_configure.flow' 'after_second_configure.flow'' exited with code 0
2026-07-24 18:22:18 [DEBUG] coder_eval.sandbox: STDOUT:
---
OK: after_first_configure.flow and after_second_configure.flow have equal bindings count = 2
---
2026-07-24 18:22:18 [DEBUG] coder_eval.evaluation.checker: Criterion 'run_command' score: 1.00
2026-07-24 18:22:18 [DEBUG] coder_eval.criteria.run_command: Running command for criterion 'No empty-keyed Connection bindings in final snapshot': python3 $TASK_DIR/check_bindings.py no_empty_stubs 'after_second_configure.flow'
2026-07-24 18:22:18 [DEBUG] coder_eval.sandbox: Command 'python3 $TASK_DIR/check_bindings.py no_empty_stubs 'after_second_configure.flow'' exited with code 0
2026-07-24 18:22:18 [DEBUG] coder_eval.sandbox: STDOUT:
---
OK: after_second_configure.flow has no empty-keyed Connection bindings
---
2026-07-24 18:22:18 [DEBUG] coder_eval.evaluation.checker: Criterion 'run_command' score: 1.00
2026-07-24 18:22:18 [DEBUG] coder_eval.criteria.run_command: Running command for criterion 'ConnectionId resourceKey stable across both snapshots': python3 $TASK_DIR/check_bindings.py same_connection_id 'after_first_configure.flow' 'after_second_configure.flow'
2026-07-24 18:22:19 [DEBUG] coder_eval.sandbox: Command 'python3 $TASK_DIR/check_bindings.py same_connection_id 'after_first_configure.flow' 'after_second_configure.flow'' exited with code 0
2026-07-24 18:22:19 [DEBUG] coder_eval.sandbox: STDOUT:
---
OK: ConnectionId resourceKey stable across snapshots ({'00000000-0000-0000-0000-000000000001'})
---
2026-07-24 18:22:19 [DEBUG] coder_eval.evaluation.checker: Criterion 'run_command' score: 1.00
2026-07-24 18:22:19 [INFO] coder_eval.orchestrator: Success criteria: 5/5 passed, weighted score: 1.000
2026-07-24 18:22:19 [DEBUG] coder_eval.utils: Resolved @uipath plugin-tools dir=/usr/lib/node_modules/@uipath from `uip` at /usr/lib/node_modules/@uipath/cli/dist/index.js
2026-07-24 18:22:19 [INFO] coder_eval.orchestrator: Running post-run command: python3 $SKILLS_REPO_PATH/tests/tasks/uipath-maestro-flow/_shared/cleanup_solutions.py
2026-07-24 18:22:20 [WARNING] coder_eval.orchestrator: [post_run stderr] cleanup_solutions: solution 07352731-ae7c-4bab-a939-f515aad837b0 not uploaded (from BindingsIdempotent/BindingsIdempotent.uipx); nothing to clean up
2026-07-24 18:22:20 [WARNING] coder_eval.orchestrator: [post_run stderr] cleanup_solutions: summary policy=always deleted=0 preserved=0 skipped=0 not_uploaded=1 failed=0
2026-07-24 18:22:20 [INFO] coder_eval.orchestrator: Running post-run command: find . -maxdepth 5 -type d \( -name node_modules -o -name .npm-prefix -o -name .venv \) -prune -exec rm -rf {} +
2026-07-24 18:22:20 [INFO] coder_eval.orchestrator: Sandbox preserved (in-place): /work/output/artifacts/skill-flow-bindings-idempotent-reconfigure
2026-07-24 18:22:20 [INFO] coder_eval.orchestrator: Task finished: status=SUCCESS duration=352.1s score=1.000 iterations=1
