2026-07-24 18:14:26 [DEBUG] coder_eval.utils: Resolved @uipath plugin-tools dir=/usr/lib/node_modules/@uipath from `uip` at /usr/lib/node_modules/@uipath/cli/dist/index.js
2026-07-24 18:14:26 [INFO] coder_eval.orchestrator: API routing: aws_bedrock
2026-07-24 18:14:26 [DEBUG] coder_eval.criteria: Discovered 14 criterion checkers
2026-07-24 18:14:26 [DEBUG] coder_eval.criteria: Validated 14 criterion checkers
2026-07-24 18:14:26 [DEBUG] coder_eval.utils: Resolved @uipath plugin-tools dir=/usr/lib/node_modules/@uipath from `uip` at /usr/lib/node_modules/@uipath/cli/dist/index.js
2026-07-24 18:14:26 [DEBUG] coder_eval.orchestrator: Sending prompt: Create a UiPath Flow project named "TransformMapDemo" that contains a single
Transform Map node whic...
2026-07-24 18:14:27 [DEBUG] coder_eval.agents.claude_code_agent: [coder] Starting agent query stream...
2026-07-24 18:18:06 [DEBUG] coder_eval.agents.claude_code_agent: [coder] session_id changed: None -> 942441a9-1eed-4dd4-8ff7-8ff9cf9f9ce7
2026-07-24 18:18:06 [DEBUG] coder_eval.agents.claude_code_agent: [coder] Agent query stream ended
2026-07-24 18:18:06 [DEBUG] coder_eval.utils: Resolved @uipath plugin-tools dir=/usr/lib/node_modules/@uipath from `uip` at /usr/lib/node_modules/@uipath/cli/dist/index.js
2026-07-24 18:18:06 [DEBUG] coder_eval.orchestrator: Agent response received (3702 chars)
2026-07-24 18:18:06 [DEBUG] coder_eval.orchestrator: Checking success criteria
2026-07-24 18:18:06 [DEBUG] coder_eval.criteria.run_command: Running command for criterion 'uip maestro flow validate passes on the flow file': uip maestro flow validate TransformMapDemo/TransformMapDemo/TransformMapDemo.flow
2026-07-24 18:18:11 [DEBUG] coder_eval.sandbox: Command 'uip maestro flow validate TransformMapDemo/TransformMapDemo/TransformMapDemo.flow' exited with code 0
2026-07-24 18:18:11 [DEBUG] coder_eval.sandbox: STDOUT:
---
{
  "Result": "Success",
  "Code": "FlowValidate",
  "Data": {
    "File": "/work/output/artifacts/skill-flow-transform-map/TransformMapDemo/TransformMapDemo/TransformMapDemo.flow",
    "Status": "Valid"
  }
}
---
2026-07-24 18:18:11 [DEBUG] coder_eval.sandbox: STDERR:
---
[ManifestClient] fetchDynamicNodes ok: total=207 agent context nodes=2 external agent nodes=6 orchestrator nodes=158 IXP nodes=41
---
2026-07-24 18:18:11 [DEBUG] coder_eval.evaluation.checker: Criterion 'run_command' score: 1.00
2026-07-24 18:18:11 [DEBUG] coder_eval.criteria.run_command: Running command for criterion 'Flow has exactly one core.action.transform.map node with a $vars collection and a uppercase name mapping': python3 $TASK_DIR/check_transform_map_flow.py
2026-07-24 18:18:12 [DEBUG] coder_eval.sandbox: Command 'python3 $TASK_DIR/check_transform_map_flow.py' exited with code 0
2026-07-24 18:18:12 [DEBUG] coder_eval.sandbox: STDOUT:
---
OK: exactly one core.action.transform.map node; collection is a plain `$vars.` path; a `map` operation with non-empty mappings (field+transformation); output source=`=result.response`, error source=`=Error`; typeVersion present
---
2026-07-24 18:18:12 [DEBUG] coder_eval.evaluation.checker: Criterion 'run_command' score: 1.00
2026-07-24 18:18:12 [INFO] coder_eval.orchestrator: Success criteria: 2/2 passed, weighted score: 1.000
2026-07-24 18:18:12 [DEBUG] coder_eval.utils: Resolved @uipath plugin-tools dir=/usr/lib/node_modules/@uipath from `uip` at /usr/lib/node_modules/@uipath/cli/dist/index.js
2026-07-24 18:18:12 [INFO] coder_eval.orchestrator: Running post-run command: find . -maxdepth 5 -type d \( -name node_modules -o -name .npm-prefix -o -name .venv \) -prune -exec rm -rf {} +
2026-07-24 18:18:12 [INFO] coder_eval.orchestrator: Sandbox preserved (in-place): /work/output/artifacts/skill-flow-transform-map
2026-07-24 18:18:12 [INFO] coder_eval.orchestrator: Task finished: status=SUCCESS duration=227.2s score=1.000 iterations=1
