2026-07-22 04:24:18 [DEBUG] coder_eval.utils: Resolved @uipath plugin-tools dir=/usr/lib/node_modules/@uipath from `uip` at /usr/lib/node_modules/@uipath/cli/dist/index.js
2026-07-22 04:24:18 [INFO] coder_eval.orchestrator: API routing: aws_bedrock
2026-07-22 04:24:18 [DEBUG] coder_eval.criteria: Discovered 14 criterion checkers
2026-07-22 04:24:18 [DEBUG] coder_eval.criteria: Validated 14 criterion checkers
2026-07-22 04:24:18 [DEBUG] coder_eval.utils: Resolved @uipath plugin-tools dir=/usr/lib/node_modules/@uipath from `uip` at /usr/lib/node_modules/@uipath/cli/dist/index.js
2026-07-22 04:24:18 [DEBUG] coder_eval.orchestrator: Sending prompt: Load and follow the uipath-maestro-bpmn skill.

Author a single Maestro BPMN file `PaymentErrorHandl...
2026-07-22 04:24:18 [DEBUG] coder_eval.agents.claude_code_agent: [coder] Starting agent query stream...
2026-07-22 04:27:14 [DEBUG] coder_eval.agents.claude_code_agent: [coder] session_id changed: None -> 40fa6e7c-9033-408b-8897-eb0f488d044c
2026-07-22 04:27:14 [DEBUG] coder_eval.agents.claude_code_agent: [coder] Agent query stream ended
2026-07-22 04:27:14 [DEBUG] coder_eval.utils: Resolved @uipath plugin-tools dir=/usr/lib/node_modules/@uipath from `uip` at /usr/lib/node_modules/@uipath/cli/dist/index.js
2026-07-22 04:27:14 [DEBUG] coder_eval.orchestrator: Agent response received (4180 chars)
2026-07-22 04:27:14 [DEBUG] coder_eval.orchestrator: Checking success criteria
2026-07-22 04:27:14 [DEBUG] coder_eval.evaluation.checker: Criterion 'file_exists' score: 1.00
2026-07-22 04:27:14 [DEBUG] coder_eval.evaluation.checker: Criterion 'command_executed' score: 1.00
2026-07-22 04:27:14 [DEBUG] coder_eval.evaluation.checker: Criterion 'file_contains' score: 1.00
2026-07-22 04:27:14 [DEBUG] coder_eval.criteria.run_command: Running command for criterion 'Error end event with a configured code is caught by an interrupting error event subprocess, fully shaped': python3 $TASK_DIR/check_error_event_subprocess.py
2026-07-22 04:27:15 [DEBUG] coder_eval.sandbox: Command 'python3 $TASK_DIR/check_error_event_subprocess.py' exited with code 0
2026-07-22 04:27:15 [DEBUG] coder_eval.sandbox: STDOUT:
---
OK: PaymentErrorHandling.bpmn throws a configured error end event and catches it in an interrupting error event subprocess
---
2026-07-22 04:27:15 [DEBUG] coder_eval.evaluation.checker: Criterion 'run_command' score: 1.00
2026-07-22 04:27:15 [INFO] coder_eval.orchestrator: Success criteria: 4/4 passed, weighted score: 1.000
2026-07-22 04:27:15 [DEBUG] coder_eval.utils: Resolved @uipath plugin-tools dir=/usr/lib/node_modules/@uipath from `uip` at /usr/lib/node_modules/@uipath/cli/dist/index.js
2026-07-22 04:27:15 [INFO] coder_eval.orchestrator: Running post-run command: find . -maxdepth 5 -type d \( -name node_modules -o -name .npm-prefix -o -name .venv \) -prune -exec rm -rf {} +
2026-07-22 04:27:15 [INFO] coder_eval.orchestrator: Sandbox preserved (in-place): /work/output/artifacts/skill-bpmn-error-event-subprocess
2026-07-22 04:27:15 [INFO] coder_eval.orchestrator: Task finished: status=SUCCESS duration=178.1s score=1.000 iterations=1
