2026-07-24 17:55:06 [DEBUG] coder_eval.utils: Resolved @uipath plugin-tools dir=/usr/lib/node_modules/@uipath from `uip` at /usr/lib/node_modules/@uipath/cli/dist/index.js
2026-07-24 17:55:06 [INFO] coder_eval.orchestrator: API routing: aws_bedrock
2026-07-24 17:55:06 [DEBUG] coder_eval.criteria: Discovered 14 criterion checkers
2026-07-24 17:55:06 [DEBUG] coder_eval.criteria: Validated 14 criterion checkers
2026-07-24 17:55:06 [DEBUG] coder_eval.utils: Resolved @uipath plugin-tools dir=/usr/lib/node_modules/@uipath from `uip` at /usr/lib/node_modules/@uipath/cli/dist/index.js
2026-07-24 17:55:06 [DEBUG] coder_eval.orchestrator: Sending prompt: You are authoring a UiPath Flow that is triggered by an Outlook email with subject containing "good ...
2026-07-24 17:55:06 [DEBUG] coder_eval.agents.claude_code_agent: [coder] Starting agent query stream...
2026-07-24 17:56:52 [DEBUG] coder_eval.agents.claude_code_agent: [coder] session_id changed: None -> 94b10123-05c7-4699-8c96-0cbc091e1a5c
2026-07-24 17:56:52 [DEBUG] coder_eval.agents.claude_code_agent: [coder] Agent query stream ended
2026-07-24 17:56:52 [DEBUG] coder_eval.utils: Resolved @uipath plugin-tools dir=/usr/lib/node_modules/@uipath from `uip` at /usr/lib/node_modules/@uipath/cli/dist/index.js
2026-07-24 17:56:52 [DEBUG] coder_eval.orchestrator: Agent response received (7166 chars)
2026-07-24 17:56:52 [DEBUG] coder_eval.orchestrator: Checking success criteria
2026-07-24 17:56:52 [DEBUG] coder_eval.criteria.run_command: Running command for criterion 'trigger_detail.json (found anywhere under the solution) carries a structured filter tree on `subject` Contains, with no top-level filterExpression': python3 $TASK_DIR/check_trigger_filter.py
2026-07-24 17:56:53 [DEBUG] coder_eval.sandbox: Command 'python3 $TASK_DIR/check_trigger_filter.py' exited with code 0
2026-07-24 17:56:53 [DEBUG] coder_eval.sandbox: STDOUT:
---
PASS: trigger_detail.json filter tree references `subject` and uses PascalCase `Contains`
---
2026-07-24 17:56:53 [DEBUG] coder_eval.evaluation.checker: Criterion 'run_command' score: 1.00
2026-07-24 17:56:53 [INFO] coder_eval.orchestrator: Success criteria: 1/1 passed, weighted score: 1.000
2026-07-24 17:56:53 [DEBUG] coder_eval.utils: Resolved @uipath plugin-tools dir=/usr/lib/node_modules/@uipath from `uip` at /usr/lib/node_modules/@uipath/cli/dist/index.js
2026-07-24 17:56:53 [INFO] coder_eval.orchestrator: Running post-run command: find . -maxdepth 5 -type d \( -name node_modules -o -name .npm-prefix -o -name .venv \) -prune -exec rm -rf {} +
2026-07-24 17:56:53 [INFO] coder_eval.orchestrator: Sandbox preserved (in-place): /work/output/artifacts/skill-flow-trigger-with-filter
2026-07-24 17:56:53 [INFO] coder_eval.orchestrator: Task finished: status=SUCCESS duration=110.4s score=1.000 iterations=1
