2026-07-24 18:15:29 [DEBUG] coder_eval.utils: Resolved @uipath plugin-tools dir=/usr/lib/node_modules/@uipath from `uip` at /usr/lib/node_modules/@uipath/cli/dist/index.js
2026-07-24 18:15:29 [INFO] coder_eval.orchestrator: API routing: aws_bedrock
2026-07-24 18:15:29 [DEBUG] coder_eval.criteria: Discovered 14 criterion checkers
2026-07-24 18:15:29 [DEBUG] coder_eval.criteria: Validated 14 criterion checkers
2026-07-24 18:15:29 [DEBUG] coder_eval.utils: Resolved @uipath plugin-tools dir=/usr/lib/node_modules/@uipath from `uip` at /usr/lib/node_modules/@uipath/cli/dist/index.js
2026-07-24 18:15:29 [DEBUG] coder_eval.orchestrator: Sending prompt: Remove the formatSummary script node. The decision and end nodes should read temperature directly fr...
2026-07-24 18:15:30 [DEBUG] coder_eval.agents.claude_code_agent: [coder] Starting agent query stream...
2026-07-24 18:20:06 [DEBUG] coder_eval.agents.claude_code_agent: [coder] session_id changed: None -> 1df39fc6-fb6c-4978-b169-81d8507658e5
2026-07-24 18:20:06 [DEBUG] coder_eval.agents.claude_code_agent: [coder] Agent query stream ended
2026-07-24 18:20:06 [DEBUG] coder_eval.utils: Resolved @uipath plugin-tools dir=/usr/lib/node_modules/@uipath from `uip` at /usr/lib/node_modules/@uipath/cli/dist/index.js
2026-07-24 18:20:06 [DEBUG] coder_eval.orchestrator: Agent response received (2905 chars)
2026-07-24 18:20:06 [DEBUG] coder_eval.orchestrator: Checking success criteria
2026-07-24 18:20:06 [DEBUG] coder_eval.criteria.run_command: Running command for criterion 'uip maestro flow validate passes on the flow file': uip maestro flow validate BellevueWeather/BellevueWeather/BellevueWeather.flow
2026-07-24 18:20:13 [DEBUG] coder_eval.sandbox: Command 'uip maestro flow validate BellevueWeather/BellevueWeather/BellevueWeather.flow' exited with code 0
2026-07-24 18:20:13 [DEBUG] coder_eval.sandbox: STDOUT:
---
{
  "Result": "Success",
  "Code": "FlowValidate",
  "Data": {
    "File": "/work/output/artifacts/skill-flow-remove-node/BellevueWeather/BellevueWeather/BellevueWeather.flow",
    "Status": "Valid"
  }
}
---
2026-07-24 18:20:13 [DEBUG] coder_eval.sandbox: STDERR:
---
[ManifestClient] fetchDynamicNodes ok: total=207 agent context nodes=2 external agent nodes=6 orchestrator nodes=158 IXP nodes=41
---
2026-07-24 18:20:13 [DEBUG] coder_eval.evaluation.checker: Criterion 'run_command' score: 1.00
2026-07-24 18:20:13 [DEBUG] coder_eval.criteria.run_command: Running command for criterion 'Flow debug runs, formatSummary removed, output contains branch message': python3 $TASK_DIR/check_remove_node.py
2026-07-24 18:20:33 [DEBUG] coder_eval.sandbox: Command 'python3 $TASK_DIR/check_remove_node.py' exited with code 0
2026-07-24 18:20:33 [DEBUG] coder_eval.sandbox: STDOUT:
---
OK: formatSummary removed, flow rewired correctly, debug output valid
---
2026-07-24 18:20:33 [DEBUG] coder_eval.evaluation.checker: Criterion 'run_command' score: 1.00
2026-07-24 18:20:33 [INFO] coder_eval.orchestrator: Success criteria: 2/2 passed, weighted score: 1.000
2026-07-24 18:20:33 [WARNING] coder_eval.orchestrator: Visible turns (20) exceeded expected_turns (14) at iteration 1 for task skill-flow-remove-node. Run continues — max_turns remains the hard cap.
2026-07-24 18:20:33 [DEBUG] coder_eval.utils: Resolved @uipath plugin-tools dir=/usr/lib/node_modules/@uipath from `uip` at /usr/lib/node_modules/@uipath/cli/dist/index.js
2026-07-24 18:20:33 [INFO] coder_eval.orchestrator: Running post-run command: python3 $SKILLS_REPO_PATH/tests/tasks/uipath-maestro-flow/_shared/cleanup_solutions.py
2026-07-24 18:20:34 [WARNING] coder_eval.orchestrator: [post_run stderr] cleanup_solutions: deleted 110ca27b-1351-434d-dcef-08dee9aa0ab7 (from BellevueWeather/BellevueWeather.uipx)
2026-07-24 18:20:34 [WARNING] coder_eval.orchestrator: [post_run stderr] cleanup_solutions: summary policy=always deleted=1 preserved=0 skipped=0 not_uploaded=0 failed=0
2026-07-24 18:20:34 [INFO] coder_eval.orchestrator: Running post-run command: find . -maxdepth 5 -type d \( -name node_modules -o -name .npm-prefix -o -name .venv \) -prune -exec rm -rf {} +
2026-07-24 18:20:34 [INFO] coder_eval.orchestrator: Sandbox preserved (in-place): /work/output/artifacts/skill-flow-remove-node
2026-07-24 18:20:34 [INFO] coder_eval.orchestrator: Task finished: status=SUCCESS duration=308.6s score=1.000 iterations=1
