2026-07-24 20:26:58 [DEBUG] coder_eval.utils: Resolved @uipath plugin-tools dir=/usr/lib/node_modules/@uipath from `uip` at /usr/lib/node_modules/@uipath/cli/dist/index.js
2026-07-24 20:26:58 [INFO] coder_eval.orchestrator: API routing: aws_bedrock
2026-07-24 20:26:58 [DEBUG] coder_eval.criteria: Discovered 14 criterion checkers
2026-07-24 20:26:58 [DEBUG] coder_eval.criteria: Validated 14 criterion checkers
2026-07-24 20:26:58 [DEBUG] coder_eval.utils: Resolved @uipath plugin-tools dir=/usr/lib/node_modules/@uipath from `uip` at /usr/lib/node_modules/@uipath/cli/dist/index.js
2026-07-24 20:26:59 [DEBUG] coder_eval.orchestrator: Sending prompt: I want to build a UiPath Flow that makes an HTTP request and processes the
response with a script. B...
2026-07-24 20:26:59 [DEBUG] coder_eval.agents.claude_code_agent: [coder] Starting agent query stream...
2026-07-24 20:28:09 [DEBUG] coder_eval.agents.claude_code_agent: [coder] session_id changed: None -> 419ed02b-ecaa-4d2d-a692-bfe0f84b4015
2026-07-24 20:28:09 [DEBUG] coder_eval.agents.claude_code_agent: [coder] Agent query stream ended
2026-07-24 20:28:09 [DEBUG] coder_eval.utils: Resolved @uipath plugin-tools dir=/usr/lib/node_modules/@uipath from `uip` at /usr/lib/node_modules/@uipath/cli/dist/index.js
2026-07-24 20:28:09 [DEBUG] coder_eval.orchestrator: Agent response received (9846 chars)
2026-07-24 20:28:09 [DEBUG] coder_eval.orchestrator: Checking success criteria
2026-07-24 20:28:09 [DEBUG] coder_eval.evaluation.checker: Criterion 'command_executed' score: 1.00
2026-07-24 20:28:09 [DEBUG] coder_eval.evaluation.checker: Criterion 'command_executed' score: 1.00
2026-07-24 20:28:09 [DEBUG] coder_eval.evaluation.checker: Criterion 'command_executed' score: 1.00
2026-07-24 20:28:09 [DEBUG] coder_eval.evaluation.checker: Criterion 'command_executed' score: 1.00
2026-07-24 20:28:09 [INFO] coder_eval.orchestrator: Success criteria: 4/4 passed, weighted score: 1.000
2026-07-24 20:28:09 [DEBUG] coder_eval.utils: Resolved @uipath plugin-tools dir=/usr/lib/node_modules/@uipath from `uip` at /usr/lib/node_modules/@uipath/cli/dist/index.js
2026-07-24 20:28:09 [INFO] coder_eval.orchestrator: Running post-run command: find . -maxdepth 5 -type d \( -name node_modules -o -name .npm-prefix -o -name .venv \) -prune -exec rm -rf {} +
2026-07-24 20:28:09 [INFO] coder_eval.orchestrator: Sandbox preserved (in-place): /work/output/artifacts/skill-flow-registry-discovery
2026-07-24 20:28:09 [INFO] coder_eval.orchestrator: Task finished: status=SUCCESS duration=74.4s score=1.000 iterations=1
