2026-07-24 18:19:41 [DEBUG] coder_eval.utils: Resolved @uipath plugin-tools dir=/usr/lib/node_modules/@uipath from `uip` at /usr/lib/node_modules/@uipath/cli/dist/index.js
2026-07-24 18:19:41 [INFO] coder_eval.orchestrator: API routing: aws_bedrock
2026-07-24 18:19:41 [DEBUG] coder_eval.criteria: Discovered 14 criterion checkers
2026-07-24 18:19:41 [DEBUG] coder_eval.criteria: Validated 14 criterion checkers
2026-07-24 18:19:41 [DEBUG] coder_eval.utils: Resolved @uipath plugin-tools dir=/usr/lib/node_modules/@uipath from `uip` at /usr/lib/node_modules/@uipath/cli/dist/index.js
2026-07-24 18:19:42 [DEBUG] coder_eval.orchestrator: Sending prompt: What published IxP extractors can a flow node reference?

Important:
- The `uip` CLI is already avai...
2026-07-24 18:19:42 [DEBUG] coder_eval.agents.claude_code_agent: [coder] Starting agent query stream...
2026-07-24 18:20:37 [DEBUG] coder_eval.agents.claude_code_agent: [coder] session_id changed: None -> 978d0723-101c-4761-8171-396878961349
2026-07-24 18:20:37 [DEBUG] coder_eval.agents.claude_code_agent: [coder] Agent query stream ended
2026-07-24 18:20:37 [DEBUG] coder_eval.utils: Resolved @uipath plugin-tools dir=/usr/lib/node_modules/@uipath from `uip` at /usr/lib/node_modules/@uipath/cli/dist/index.js
2026-07-24 18:20:37 [DEBUG] coder_eval.orchestrator: Agent response received (4649 chars)
2026-07-24 18:20:37 [DEBUG] coder_eval.orchestrator: Checking success criteria
2026-07-24 18:20:37 [DEBUG] coder_eval.evaluation.checker: Criterion 'command_executed' score: 1.00
2026-07-24 18:20:37 [DEBUG] coder_eval.criteria.run_command: Running command for criterion 'No .flow file was created (listing is read-only Q&A, not a build task)': ! find . -name "*.flow" -type f | grep -q .
2026-07-24 18:20:37 [DEBUG] coder_eval.sandbox: Command '! find . -name "*.flow" -type f | grep -q .' exited with code 0
2026-07-24 18:20:37 [DEBUG] coder_eval.evaluation.checker: Criterion 'run_command' score: 1.00
2026-07-24 18:20:37 [INFO] coder_eval.orchestrator: Success criteria: 2/2 passed, weighted score: 1.000
2026-07-24 18:20:37 [DEBUG] coder_eval.utils: Resolved @uipath plugin-tools dir=/usr/lib/node_modules/@uipath from `uip` at /usr/lib/node_modules/@uipath/cli/dist/index.js
2026-07-24 18:20:37 [INFO] coder_eval.orchestrator: Running post-run command: find . -maxdepth 5 -type d \( -name node_modules -o -name .npm-prefix -o -name .venv \) -prune -exec rm -rf {} +
2026-07-24 18:20:37 [INFO] coder_eval.orchestrator: Sandbox preserved (in-place): /work/output/artifacts/skill-flow-ixp-routing-listing/r10
2026-07-24 18:20:37 [INFO] coder_eval.orchestrator: Task finished: status=SUCCESS duration=60.6s score=1.000 iterations=1
