2026-07-22 05:03:06 [DEBUG] coder_eval.utils: Resolved @uipath plugin-tools dir=/usr/lib/node_modules/@uipath from `uip` at /usr/lib/node_modules/@uipath/cli/dist/index.js
2026-07-22 05:03:06 [INFO] coder_eval.orchestrator: API routing: aws_bedrock
2026-07-22 05:03:06 [DEBUG] coder_eval.criteria: Discovered 14 criterion checkers
2026-07-22 05:03:06 [DEBUG] coder_eval.criteria: Validated 14 criterion checkers
2026-07-22 05:03:06 [DEBUG] coder_eval.utils: Resolved @uipath plugin-tools dir=/usr/lib/node_modules/@uipath from `uip` at /usr/lib/node_modules/@uipath/cli/dist/index.js
2026-07-22 05:03:06 [DEBUG] coder_eval.orchestrator: Sending prompt: Create a UiPath Maestro BPMN Process Orchestration project at:
  BusinessRuleDecision/BusinessRuleDe...
2026-07-22 05:03:06 [DEBUG] coder_eval.agents.claude_code_agent: [coder] Starting agent query stream...
2026-07-22 05:06:23 [WARNING] coder_eval.agents.claude_code_agent: [coder] Tool use blocked: Bash (id=toolu_bdrk_01A9Kt8Aq8bzfZEcdtHS7vme) - permission denied. Error: Exit code 1
chmod: changing permissions of '/home/azureuser/projects/skills/tmp/skills/uipath-maestro-bpmn/validator': Read-only file system
chmod: changing permissions of '/home/azureuser/projects/sk
2026-07-22 05:06:57 [DEBUG] coder_eval.agents.claude_code_agent: [coder] session_id changed: None -> de1817b5-9304-47eb-9534-77e69d5cc3c2
2026-07-22 05:06:57 [DEBUG] coder_eval.agents.claude_code_agent: [coder] Agent query stream ended
2026-07-22 05:06:57 [DEBUG] coder_eval.utils: Resolved @uipath plugin-tools dir=/usr/lib/node_modules/@uipath from `uip` at /usr/lib/node_modules/@uipath/cli/dist/index.js
2026-07-22 05:06:57 [DEBUG] coder_eval.orchestrator: Agent response received (5558 chars)
2026-07-22 05:06:57 [DEBUG] coder_eval.orchestrator: Checking success criteria
2026-07-22 05:06:57 [DEBUG] coder_eval.evaluation.checker: Criterion 'file_exists' score: 1.00
2026-07-22 05:06:57 [DEBUG] coder_eval.criteria.run_command: Running command for criterion 'Business rule task uses bpmn:businessRuleTask with Orchestrator.BusinessRules': python3 $TASK_DIR/check_business_rule_task.py
2026-07-22 05:06:58 [DEBUG] coder_eval.sandbox: Command 'python3 $TASK_DIR/check_business_rule_task.py' exited with code 0
2026-07-22 05:06:58 [DEBUG] coder_eval.sandbox: STDOUT:
---
OK: businessRuleTask wrapper and package lifecycle are present
---
2026-07-22 05:06:58 [DEBUG] coder_eval.evaluation.checker: Criterion 'run_command' score: 1.00
2026-07-22 05:06:58 [INFO] coder_eval.orchestrator: Success criteria: 2/2 passed, weighted score: 1.000
2026-07-22 05:06:58 [DEBUG] coder_eval.utils: Resolved @uipath plugin-tools dir=/usr/lib/node_modules/@uipath from `uip` at /usr/lib/node_modules/@uipath/cli/dist/index.js
2026-07-22 05:06:58 [INFO] coder_eval.orchestrator: Running post-run command: find . -maxdepth 5 -type d \( -name node_modules -o -name .npm-prefix -o -name .venv \) -prune -exec rm -rf {} +
2026-07-22 05:06:58 [INFO] coder_eval.orchestrator: Sandbox preserved (in-place): /work/output/artifacts/skill-bpmn-business-rule-task
2026-07-22 05:06:58 [INFO] coder_eval.orchestrator: Task finished: status=SUCCESS duration=233.0s score=1.000 iterations=1
