2026-07-24 17:02:50 [DEBUG] coder_eval.utils: Resolved @uipath plugin-tools dir=/usr/lib/node_modules/@uipath from `uip` at /usr/lib/node_modules/@uipath/cli/dist/index.js
2026-07-24 17:02:50 [INFO] coder_eval.orchestrator: API routing: aws_bedrock
2026-07-24 17:02:50 [DEBUG] coder_eval.criteria: Discovered 14 criterion checkers
2026-07-24 17:02:50 [DEBUG] coder_eval.criteria: Validated 14 criterion checkers
2026-07-24 17:02:50 [DEBUG] coder_eval.utils: Resolved @uipath plugin-tools dir=/usr/lib/node_modules/@uipath from `uip` at /usr/lib/node_modules/@uipath/cli/dist/index.js
2026-07-24 17:02:51 [DEBUG] coder_eval.orchestrator: Sending prompt: Create a UiPath Flow project named "AttachmentEcho" that accepts a file as
input and echoes the uplo...
2026-07-24 17:02:51 [DEBUG] coder_eval.agents.claude_code_agent: [coder] Starting agent query stream...
2026-07-24 17:06:04 [DEBUG] coder_eval.agents.claude_code_agent: [coder] session_id changed: None -> 4ae3bb8a-9c61-45e9-8872-b08f06c48b8e
2026-07-24 17:06:04 [DEBUG] coder_eval.agents.claude_code_agent: [coder] Agent query stream ended
2026-07-24 17:06:04 [DEBUG] coder_eval.utils: Resolved @uipath plugin-tools dir=/usr/lib/node_modules/@uipath from `uip` at /usr/lib/node_modules/@uipath/cli/dist/index.js
2026-07-24 17:06:04 [DEBUG] coder_eval.orchestrator: Agent response received (3804 chars)
2026-07-24 17:06:04 [DEBUG] coder_eval.orchestrator: Checking success criteria
2026-07-24 17:06:04 [DEBUG] coder_eval.criteria.run_command: Running command for criterion 'uip maestro flow validate passes on the flow file': uip maestro flow validate AttachmentEcho/AttachmentEcho/AttachmentEcho.flow
2026-07-24 17:06:08 [DEBUG] coder_eval.sandbox: Command 'uip maestro flow validate AttachmentEcho/AttachmentEcho/AttachmentEcho.flow' exited with code 0
2026-07-24 17:06:08 [DEBUG] coder_eval.sandbox: STDOUT:
---
{
  "Result": "Success",
  "Code": "FlowValidate",
  "Data": {
    "File": "/work/output/artifacts/skill-flow-file-attachment-debug/AttachmentEcho/AttachmentEcho/AttachmentEcho.flow",
    "Status": "Valid"
  }
}
---
2026-07-24 17:06:08 [DEBUG] coder_eval.sandbox: STDERR:
---
[ManifestClient] fetchDynamicNodes ok: total=206 agent context nodes=2 external agent nodes=6 orchestrator nodes=158 IXP nodes=40
---
2026-07-24 17:06:08 [DEBUG] coder_eval.evaluation.checker: Criterion 'run_command' score: 1.00
2026-07-24 17:06:08 [DEBUG] coder_eval.evaluation.checker: Criterion 'command_executed' score: 1.00
2026-07-24 17:06:08 [DEBUG] coder_eval.criteria.run_command: Running command for criterion 'Debug with --attachment completes and the uploaded file name appears in the output': python3 $TASK_DIR/check_file_attachment_flow.py
2026-07-24 17:06:21 [DEBUG] coder_eval.sandbox: Command 'python3 $TASK_DIR/check_file_attachment_flow.py' exited with code 0
2026-07-24 17:06:21 [DEBUG] coder_eval.sandbox: STDOUT:
---
Binding --attachment inputDoc=/tmp/tmp855q_tck/evidence-0ff94ba705b9.txt
OK: Script node present; flow completed; output surfaced attachment FullName 'evidence-0ff94ba705b9.txt'
---
2026-07-24 17:06:21 [DEBUG] coder_eval.evaluation.checker: Criterion 'run_command' score: 1.00
2026-07-24 17:06:21 [INFO] coder_eval.orchestrator: Success criteria: 3/3 passed, weighted score: 1.000
2026-07-24 17:06:21 [DEBUG] coder_eval.utils: Resolved @uipath plugin-tools dir=/usr/lib/node_modules/@uipath from `uip` at /usr/lib/node_modules/@uipath/cli/dist/index.js
2026-07-24 17:06:21 [INFO] coder_eval.orchestrator: Running post-run command: python3 $SKILLS_REPO_PATH/tests/tasks/uipath-maestro-flow/_shared/cleanup_solutions.py
2026-07-24 17:06:23 [WARNING] coder_eval.orchestrator: [post_run stderr] cleanup_solutions: deleted 452498a9-5bc0-47f6-4a9f-08dee9a25385 (from AttachmentEcho/AttachmentEcho.uipx)
2026-07-24 17:06:23 [WARNING] coder_eval.orchestrator: [post_run stderr] cleanup_solutions: summary policy=always deleted=1 preserved=0 skipped=0 not_uploaded=0 failed=0
2026-07-24 17:06:23 [INFO] coder_eval.orchestrator: Running post-run command: find . -maxdepth 5 -type d \( -name node_modules -o -name .npm-prefix -o -name .venv \) -prune -exec rm -rf {} +
2026-07-24 17:06:23 [INFO] coder_eval.orchestrator: Sandbox preserved (in-place): /work/output/artifacts/skill-flow-file-attachment-debug
2026-07-24 17:06:23 [INFO] coder_eval.orchestrator: Task finished: status=SUCCESS duration=220.3s score=1.000 iterations=1
