2026-07-24 18:28:10 [DEBUG] coder_eval.utils: Resolved @uipath plugin-tools dir=/usr/lib/node_modules/@uipath from `uip` at /usr/lib/node_modules/@uipath/cli/dist/index.js
2026-07-24 18:28:10 [INFO] coder_eval.orchestrator: API routing: aws_bedrock
2026-07-24 18:28:10 [DEBUG] coder_eval.criteria: Discovered 14 criterion checkers
2026-07-24 18:28:10 [DEBUG] coder_eval.criteria: Validated 14 criterion checkers
2026-07-24 18:28:10 [DEBUG] coder_eval.utils: Resolved @uipath plugin-tools dir=/usr/lib/node_modules/@uipath from `uip` at /usr/lib/node_modules/@uipath/cli/dist/index.js
2026-07-24 18:28:11 [DEBUG] coder_eval.orchestrator: Sending prompt: Create a UiPath Flow project named "AcrUserList" with a manual trigger.
The process must call Servic...
2026-07-24 18:28:11 [DEBUG] coder_eval.agents.claude_code_agent: [coder] Starting agent query stream...
2026-07-24 18:37:26 [DEBUG] coder_eval.agents.claude_code_agent: [coder] session_id changed: None -> f2165f04-e4f7-47fe-9620-6319cded3212
2026-07-24 18:37:26 [DEBUG] coder_eval.agents.claude_code_agent: [coder] Agent query stream ended
2026-07-24 18:37:26 [DEBUG] coder_eval.utils: Resolved @uipath plugin-tools dir=/usr/lib/node_modules/@uipath from `uip` at /usr/lib/node_modules/@uipath/cli/dist/index.js
2026-07-24 18:37:26 [DEBUG] coder_eval.orchestrator: Agent response received (12368 chars)
2026-07-24 18:37:26 [DEBUG] coder_eval.orchestrator: Checking success criteria
2026-07-24 18:37:26 [DEBUG] coder_eval.criteria.run_command: Running command for criterion 'uip maestro flow validate passes on the flow file': uip maestro flow validate AcrUserList/AcrUserList/AcrUserList.flow
2026-07-24 18:37:30 [DEBUG] coder_eval.sandbox: Command 'uip maestro flow validate AcrUserList/AcrUserList/AcrUserList.flow' exited with code 0
2026-07-24 18:37:30 [DEBUG] coder_eval.sandbox: STDOUT:
---
{
  "Result": "Success",
  "Code": "FlowValidate",
  "Data": {
    "File": "/work/output/artifacts/skill-flow-generic-dynamic-node/AcrUserList/AcrUserList/AcrUserList.flow",
    "Status": "Valid"
  }
}
---
2026-07-24 18:37:30 [DEBUG] coder_eval.sandbox: STDERR:
---
[ManifestClient] fetchDynamicNodes ok: total=207 agent context nodes=2 external agent nodes=6 orchestrator nodes=158 IXP nodes=41
---
2026-07-24 18:37:30 [DEBUG] coder_eval.evaluation.checker: Criterion 'run_command' score: 1.00
2026-07-24 18:37:30 [DEBUG] coder_eval.evaluation.checker: Criterion 'command_executed' score: 1.00
2026-07-24 18:37:30 [DEBUG] coder_eval.criteria.run_command: Running command for criterion 'ServiceNow list-all-records node on acr_user executes and surfaces an array output': python3 $TASK_DIR/check_generic_dynamic_node.py
2026-07-24 18:37:30 [DEBUG] coder_eval.sandbox: Command 'python3 $TASK_DIR/check_generic_dynamic_node.py' exited with code 1
2026-07-24 18:37:30 [DEBUG] coder_eval.sandbox: STDERR:
---
FAIL: Generic ServiceNow list node found but objectName != 'acr_user' (resolved object names: ['x_acr_user']). The list activity is generic — it must set the object name to 'acr_user'.
---
2026-07-24 18:37:30 [DEBUG] coder_eval.evaluation.checker: Criterion 'run_command' score: 0.00
2026-07-24 18:37:30 [INFO] coder_eval.evaluation.checker: Criterion 'run_command' FAILED (score=0.00, threshold=1.00): Command: python3 $TASK_DIR/check_generic_dynamic_node.py
2026-07-24 18:37:30 [INFO] coder_eval.orchestrator: Success criteria: 2/3 passed, weighted score: 0.429
2026-07-24 18:37:30 [DEBUG] coder_eval.utils: Resolved @uipath plugin-tools dir=/usr/lib/node_modules/@uipath from `uip` at /usr/lib/node_modules/@uipath/cli/dist/index.js
2026-07-24 18:37:30 [INFO] coder_eval.orchestrator: Running post-run command: python3 $SKILLS_REPO_PATH/tests/tasks/uipath-maestro-flow/_shared/cleanup_solutions.py
2026-07-24 18:37:32 [WARNING] coder_eval.orchestrator: [post_run stderr] cleanup_solutions: deleted 921c7222-4a47-483d-7486-08dee9b21193 (from AcrUserList/AcrUserList.uipx)
2026-07-24 18:37:32 [WARNING] coder_eval.orchestrator: [post_run stderr] cleanup_solutions: summary policy=always deleted=1 preserved=0 skipped=0 not_uploaded=0 failed=0
2026-07-24 18:37:32 [INFO] coder_eval.orchestrator: Running post-run command: find . -maxdepth 5 -type d \( -name node_modules -o -name .npm-prefix -o -name .venv \) -prune -exec rm -rf {} +
2026-07-24 18:37:32 [INFO] coder_eval.orchestrator: Sandbox preserved (in-place): /work/output/artifacts/skill-flow-generic-dynamic-node
2026-07-24 18:37:32 [INFO] coder_eval.orchestrator: Task finished: status=FAILURE duration=564.6s score=0.429 iterations=1
