2026-07-24 18:40:10 [DEBUG] coder_eval.utils: Resolved @uipath plugin-tools dir=/usr/lib/node_modules/@uipath from `uip` at /usr/lib/node_modules/@uipath/cli/dist/index.js
2026-07-24 18:40:10 [INFO] coder_eval.orchestrator: API routing: aws_bedrock
2026-07-24 18:40:11 [DEBUG] coder_eval.criteria: Discovered 14 criterion checkers
2026-07-24 18:40:11 [DEBUG] coder_eval.criteria: Validated 14 criterion checkers
2026-07-24 18:40:11 [DEBUG] coder_eval.utils: Resolved @uipath plugin-tools dir=/usr/lib/node_modules/@uipath from `uip` at /usr/lib/node_modules/@uipath/cli/dist/index.js
2026-07-24 18:40:11 [DEBUG] coder_eval.orchestrator: Sending prompt: Move getWeather and formatSummary into a subflow called "fetchAndFormat". The subflow should output ...
2026-07-24 18:40:11 [DEBUG] coder_eval.agents.claude_code_agent: [coder] Starting agent query stream...
2026-07-24 18:47:33 [DEBUG] coder_eval.agents.claude_code_agent: [coder] session_id changed: None -> 762f2e6e-8a5e-4d47-9b71-5a53592f981e
2026-07-24 18:47:33 [DEBUG] coder_eval.agents.claude_code_agent: [coder] Agent query stream ended
2026-07-24 18:47:33 [DEBUG] coder_eval.utils: Resolved @uipath plugin-tools dir=/usr/lib/node_modules/@uipath from `uip` at /usr/lib/node_modules/@uipath/cli/dist/index.js
2026-07-24 18:47:33 [DEBUG] coder_eval.orchestrator: Agent response received (3839 chars)
2026-07-24 18:47:33 [DEBUG] coder_eval.orchestrator: Checking success criteria
2026-07-24 18:47:33 [DEBUG] coder_eval.criteria.run_command: Running command for criterion 'uip maestro flow validate passes on the flow file': uip maestro flow validate BellevueWeather/BellevueWeather/BellevueWeather.flow
2026-07-24 18:47:37 [DEBUG] coder_eval.sandbox: Command 'uip maestro flow validate BellevueWeather/BellevueWeather/BellevueWeather.flow' exited with code 0
2026-07-24 18:47:37 [DEBUG] coder_eval.sandbox: STDOUT:
---
{
  "Result": "Success",
  "Code": "FlowValidate",
  "Data": {
    "File": "/work/output/artifacts/skill-flow-group-to-subflow/BellevueWeather/BellevueWeather/BellevueWeather.flow",
    "Status": "Valid"
  }
}
---
2026-07-24 18:47:37 [DEBUG] coder_eval.sandbox: STDERR:
---
[ManifestClient] fetchDynamicNodes ok: total=207 agent context nodes=2 external agent nodes=6 orchestrator nodes=158 IXP nodes=41
---
2026-07-24 18:47:37 [DEBUG] coder_eval.evaluation.checker: Criterion 'run_command' score: 1.00
2026-07-24 18:47:37 [DEBUG] coder_eval.criteria.run_command: Running command for criterion 'Flow debug runs with subflow, output contains branch message': python3 $TASK_DIR/check_group_to_subflow.py
2026-07-24 18:47:37 [DEBUG] coder_eval.sandbox: Command 'python3 $TASK_DIR/check_group_to_subflow.py' exited with code 1
2026-07-24 18:47:37 [DEBUG] coder_eval.sandbox: STDERR:
---
FAIL: no 'fetchAndFormat' node of type 'core.subflow' in main flow
---
2026-07-24 18:47:37 [DEBUG] coder_eval.evaluation.checker: Criterion 'run_command' score: 0.00
2026-07-24 18:47:37 [INFO] coder_eval.evaluation.checker: Criterion 'run_command' FAILED (score=0.00, threshold=1.00): Command: python3 $TASK_DIR/check_group_to_subflow.py
2026-07-24 18:47:37 [INFO] coder_eval.orchestrator: Success criteria: 1/2 passed, weighted score: 0.375
2026-07-24 18:47:37 [WARNING] coder_eval.orchestrator: Visible turns (18) exceeded expected_turns (13) at iteration 1 for task skill-flow-group-to-subflow. Run continues — max_turns remains the hard cap.
2026-07-24 18:47:37 [DEBUG] coder_eval.utils: Resolved @uipath plugin-tools dir=/usr/lib/node_modules/@uipath from `uip` at /usr/lib/node_modules/@uipath/cli/dist/index.js
2026-07-24 18:47:37 [INFO] coder_eval.orchestrator: Running post-run command: python3 $SKILLS_REPO_PATH/tests/tasks/uipath-maestro-flow/_shared/cleanup_solutions.py
2026-07-24 18:47:38 [WARNING] coder_eval.orchestrator: [post_run stderr] cleanup_solutions: solution d214b451-1bc8-420f-a0df-08de9b243934 not uploaded (from BellevueWeather/BellevueWeather.uipx); nothing to clean up
2026-07-24 18:47:38 [WARNING] coder_eval.orchestrator: [post_run stderr] cleanup_solutions: summary policy=always deleted=0 preserved=0 skipped=0 not_uploaded=1 failed=0
2026-07-24 18:47:38 [INFO] coder_eval.orchestrator: Running post-run command: find . -maxdepth 5 -type d \( -name node_modules -o -name .npm-prefix -o -name .venv \) -prune -exec rm -rf {} +
2026-07-24 18:47:38 [INFO] coder_eval.orchestrator: Sandbox preserved (in-place): /work/output/artifacts/skill-flow-group-to-subflow
2026-07-24 18:47:38 [INFO] coder_eval.orchestrator: Task finished: status=FAILURE duration=449.8s score=0.375 iterations=1
