2026-07-24 20:47:08 [DEBUG] coder_eval.utils: Resolved @uipath plugin-tools dir=/usr/lib/node_modules/@uipath from `uip` at /usr/lib/node_modules/@uipath/cli/dist/index.js
2026-07-24 20:47:08 [INFO] coder_eval.orchestrator: API routing: aws_bedrock
2026-07-24 20:47:08 [DEBUG] coder_eval.criteria: Discovered 14 criterion checkers
2026-07-24 20:47:08 [DEBUG] coder_eval.criteria: Validated 14 criterion checkers
2026-07-24 20:47:08 [DEBUG] coder_eval.utils: Resolved @uipath plugin-tools dir=/usr/lib/node_modules/@uipath from `uip` at /usr/lib/node_modules/@uipath/cli/dist/index.js
2026-07-24 20:47:08 [DEBUG] coder_eval.orchestrator: Sending prompt: Build a flow that loops over rows in a Google Sheet and sends each row to an HTTP endpoint.

Importa...
2026-07-24 20:47:08 [DEBUG] coder_eval.agents.claude_code_agent: [coder] Starting agent query stream...
2026-07-24 20:52:37 [DEBUG] coder_eval.agents.claude_code_agent: [coder] session_id changed: None -> 38e8ab66-df35-412c-808f-2a1e6b7cc704
2026-07-24 20:52:37 [DEBUG] coder_eval.agents.claude_code_agent: [coder] Agent query stream ended
2026-07-24 20:52:37 [DEBUG] coder_eval.utils: Resolved @uipath plugin-tools dir=/usr/lib/node_modules/@uipath from `uip` at /usr/lib/node_modules/@uipath/cli/dist/index.js
2026-07-24 20:52:37 [DEBUG] coder_eval.orchestrator: Agent response received (3669 chars)
2026-07-24 20:52:37 [DEBUG] coder_eval.orchestrator: Checking success criteria
2026-07-24 20:52:37 [DEBUG] coder_eval.criteria.run_command: Running command for criterion 'No uipath.ixp.* node landed in any .flow file (negative IxP routing)': ! grep -rqE "\"type\"[[:space:]]*:[[:space:]]*\"uipath\.ixp" --include="*.flow" .
2026-07-24 20:52:37 [DEBUG] coder_eval.sandbox: Command '! grep -rqE "\"type\"[[:space:]]*:[[:space:]]*\"uipath\.ixp" --include="*.flow" .' exited with code 0
2026-07-24 20:52:37 [DEBUG] coder_eval.evaluation.checker: Criterion 'run_command' score: 1.00
2026-07-24 20:52:37 [INFO] coder_eval.orchestrator: Success criteria: 1/1 passed, weighted score: 1.000
2026-07-24 20:52:37 [DEBUG] coder_eval.utils: Resolved @uipath plugin-tools dir=/usr/lib/node_modules/@uipath from `uip` at /usr/lib/node_modules/@uipath/cli/dist/index.js
2026-07-24 20:52:37 [INFO] coder_eval.orchestrator: Running post-run command: find . -maxdepth 5 -type d \( -name node_modules -o -name .npm-prefix -o -name .venv \) -prune -exec rm -rf {} +
2026-07-24 20:52:37 [INFO] coder_eval.orchestrator: Sandbox preserved (in-place): /work/output/artifacts/skill-flow-ixp-routing-negative/gsheet-loop
2026-07-24 20:52:37 [INFO] coder_eval.orchestrator: Task finished: status=SUCCESS duration=331.7s score=1.000 iterations=1
