2026-07-24 19:27:37 [DEBUG] coder_eval.utils: Resolved @uipath plugin-tools dir=/usr/lib/node_modules/@uipath from `uip` at /usr/lib/node_modules/@uipath/cli/dist/index.js
2026-07-24 19:27:37 [INFO] coder_eval.orchestrator: API routing: aws_bedrock
2026-07-24 19:27:37 [DEBUG] coder_eval.criteria: Discovered 14 criterion checkers
2026-07-24 19:27:37 [DEBUG] coder_eval.criteria: Validated 14 criterion checkers
2026-07-24 19:27:37 [DEBUG] coder_eval.utils: Resolved @uipath plugin-tools dir=/usr/lib/node_modules/@uipath from `uip` at /usr/lib/node_modules/@uipath/cli/dist/index.js
2026-07-24 19:27:37 [DEBUG] coder_eval.orchestrator: Sending prompt: Create a flow called "MultiCityWeather". Loop over Seattle, Phoenix, and New York — for each city, f...
2026-07-24 19:27:37 [DEBUG] coder_eval.agents.claude_code_agent: [coder] Starting agent query stream...
2026-07-24 19:40:43 [DEBUG] coder_eval.agents.claude_code_agent: [coder] session_id changed: None -> 01a80e55-bf1e-479a-a595-bf4f7d567bfc
2026-07-24 19:40:43 [DEBUG] coder_eval.agents.claude_code_agent: [coder] Agent query stream ended
2026-07-24 19:40:43 [DEBUG] coder_eval.utils: Resolved @uipath plugin-tools dir=/usr/lib/node_modules/@uipath from `uip` at /usr/lib/node_modules/@uipath/cli/dist/index.js
2026-07-24 19:40:43 [DEBUG] coder_eval.orchestrator: Agent response received (4932 chars)
2026-07-24 19:40:43 [DEBUG] coder_eval.orchestrator: Checking success criteria
2026-07-24 19:40:43 [DEBUG] coder_eval.criteria.run_command: Running command for criterion 'uip maestro flow validate passes': uip maestro flow validate MultiCityWeather/MultiCityWeather/MultiCityWeather.flow
2026-07-24 19:40:49 [DEBUG] coder_eval.sandbox: Command 'uip maestro flow validate MultiCityWeather/MultiCityWeather/MultiCityWeather.flow' exited with code 0
2026-07-24 19:40:49 [DEBUG] coder_eval.sandbox: STDOUT:
---
{
  "Result": "Success",
  "Code": "FlowValidate",
  "Data": {
    "File": "/work/output/artifacts/skill-flow-multi-city-weather/MultiCityWeather/MultiCityWeather/MultiCityWeather.flow",
    "Status": "Valid"
  }
}
---
2026-07-24 19:40:49 [DEBUG] coder_eval.sandbox: STDERR:
---
[ManifestClient] fetchDynamicNodes ok: total=207 agent context nodes=2 external agent nodes=6 orchestrator nodes=158 IXP nodes=41
---
2026-07-24 19:40:49 [DEBUG] coder_eval.evaluation.checker: Criterion 'run_command' score: 1.00
2026-07-24 19:40:49 [DEBUG] coder_eval.criteria.run_command: Running command for criterion 'Flow debug runs: loop + HTTP + script all execute, output contains all 3 cities': python3 $TASK_DIR/check_multi_city_weather.py
2026-07-24 19:41:24 [DEBUG] coder_eval.sandbox: Command 'python3 $TASK_DIR/check_multi_city_weather.py' exited with code 0
2026-07-24 19:41:24 [DEBUG] coder_eval.sandbox: STDOUT:
---
OK: loop + weather-API node + script all executed, all 3 cities with verdicts present
---
2026-07-24 19:41:24 [DEBUG] coder_eval.evaluation.checker: Criterion 'run_command' score: 1.00
2026-07-24 19:41:24 [INFO] coder_eval.orchestrator: Success criteria: 2/2 passed, weighted score: 1.000
2026-07-24 19:41:24 [DEBUG] coder_eval.utils: Resolved @uipath plugin-tools dir=/usr/lib/node_modules/@uipath from `uip` at /usr/lib/node_modules/@uipath/cli/dist/index.js
2026-07-24 19:41:24 [INFO] coder_eval.orchestrator: Running post-run command: python3 $SKILLS_REPO_PATH/tests/tasks/uipath-maestro-flow/_shared/cleanup_solutions.py
2026-07-24 19:41:26 [WARNING] coder_eval.orchestrator: [post_run stderr] cleanup_solutions: deleted d2aa2427-a912-4ce3-7516-08dee9b21193 (from MultiCityWeather/MultiCityWeather.uipx)
2026-07-24 19:41:26 [WARNING] coder_eval.orchestrator: [post_run stderr] cleanup_solutions: summary policy=always deleted=1 preserved=0 skipped=0 not_uploaded=0 failed=0
2026-07-24 19:41:26 [INFO] coder_eval.orchestrator: Running post-run command: find . -maxdepth 5 -type d \( -name node_modules -o -name .npm-prefix -o -name .venv \) -prune -exec rm -rf {} +
2026-07-24 19:41:26 [INFO] coder_eval.orchestrator: Sandbox preserved (in-place): /work/output/artifacts/skill-flow-multi-city-weather
2026-07-24 19:41:26 [INFO] coder_eval.orchestrator: Task finished: status=SUCCESS duration=830.8s score=1.000 iterations=1
