2026-07-22 05:16:30 [DEBUG] coder_eval.utils: Resolved @uipath plugin-tools dir=/usr/lib/node_modules/@uipath from `uip` at /usr/lib/node_modules/@uipath/cli/dist/index.js
2026-07-22 05:16:30 [INFO] coder_eval.orchestrator: API routing: aws_bedrock
2026-07-22 05:16:30 [DEBUG] coder_eval.criteria: Discovered 14 criterion checkers
2026-07-22 05:16:30 [DEBUG] coder_eval.criteria: Validated 14 criterion checkers
2026-07-22 05:16:30 [DEBUG] coder_eval.utils: Resolved @uipath plugin-tools dir=/usr/lib/node_modules/@uipath from `uip` at /usr/lib/node_modules/@uipath/cli/dist/index.js
2026-07-22 05:16:30 [DEBUG] coder_eval.orchestrator: Sending prompt: Load and follow the uipath-maestro-bpmn skill.

Author a single Maestro BPMN file `TerminateParallel...
2026-07-22 05:16:30 [DEBUG] coder_eval.agents.claude_code_agent: [coder] Starting agent query stream...
2026-07-22 05:17:55 [DEBUG] coder_eval.agents.claude_code_agent: [coder] session_id changed: None -> 31e3de47-95cb-4a93-b348-e1aca52ffa7b
2026-07-22 05:17:55 [DEBUG] coder_eval.agents.claude_code_agent: [coder] Agent query stream ended
2026-07-22 05:17:55 [DEBUG] coder_eval.utils: Resolved @uipath plugin-tools dir=/usr/lib/node_modules/@uipath from `uip` at /usr/lib/node_modules/@uipath/cli/dist/index.js
2026-07-22 05:17:55 [DEBUG] coder_eval.orchestrator: Agent response received (2682 chars)
2026-07-22 05:17:55 [DEBUG] coder_eval.orchestrator: Checking success criteria
2026-07-22 05:17:55 [DEBUG] coder_eval.evaluation.checker: Criterion 'file_exists' score: 1.00
2026-07-22 05:17:55 [DEBUG] coder_eval.evaluation.checker: Criterion 'file_contains' score: 1.00
2026-07-22 05:17:55 [DEBUG] coder_eval.criteria.run_command: Running command for criterion 'BPMN has a terminate end event on one branch, a normal end on another, a fork, full DI, resolvable flows': python3 $TASK_DIR/check_terminate.py
2026-07-22 05:17:55 [DEBUG] coder_eval.sandbox: Command 'python3 $TASK_DIR/check_terminate.py' exited with code 0
2026-07-22 05:17:55 [DEBUG] coder_eval.sandbox: STDOUT:
---
OK: TerminateParallel.bpmn has a terminate end event on one branch and a normal end on another
---
2026-07-22 05:17:55 [DEBUG] coder_eval.evaluation.checker: Criterion 'run_command' score: 1.00
2026-07-22 05:17:55 [DEBUG] coder_eval.evaluation.judge_context: judge_context: include_reference=True but reference not set
2026-07-22 05:18:00 [DEBUG] coder_eval.evaluation.checker: Criterion 'llm_judge' score: 1.00
2026-07-22 05:18:00 [INFO] coder_eval.orchestrator: Success criteria: 4/4 passed, weighted score: 1.000
2026-07-22 05:18:00 [DEBUG] coder_eval.utils: Resolved @uipath plugin-tools dir=/usr/lib/node_modules/@uipath from `uip` at /usr/lib/node_modules/@uipath/cli/dist/index.js
2026-07-22 05:18:00 [INFO] coder_eval.orchestrator: Running post-run command: find . -maxdepth 5 -type d \( -name node_modules -o -name .npm-prefix -o -name .venv \) -prune -exec rm -rf {} +
2026-07-22 05:18:00 [INFO] coder_eval.orchestrator: Sandbox preserved (in-place): /work/output/artifacts/skill-bpmn-terminate
2026-07-22 05:18:00 [INFO] coder_eval.orchestrator: Task finished: status=SUCCESS duration=91.3s score=1.000 iterations=1
2026-07-22 05:18:00 [DEBUG] coder_eval.evaluation.judge_persistence: spilled 1 judge transcript(s) to /work/output
