2026-07-22 04:37:50 [DEBUG] coder_eval.utils: Resolved @uipath plugin-tools dir=/usr/lib/node_modules/@uipath from `uip` at /usr/lib/node_modules/@uipath/cli/dist/index.js
2026-07-22 04:37:50 [INFO] coder_eval.orchestrator: API routing: aws_bedrock
2026-07-22 04:37:50 [DEBUG] coder_eval.criteria: Discovered 14 criterion checkers
2026-07-22 04:37:50 [DEBUG] coder_eval.criteria: Validated 14 criterion checkers
2026-07-22 04:37:50 [DEBUG] coder_eval.utils: Resolved @uipath plugin-tools dir=/usr/lib/node_modules/@uipath from `uip` at /usr/lib/node_modules/@uipath/cli/dist/index.js
2026-07-22 04:37:51 [DEBUG] coder_eval.orchestrator: Sending prompt: Load and follow the uipath-maestro-bpmn skill.

A valid Maestro BPMN file `ShipmentReview.bpmn` is i...
2026-07-22 04:37:51 [DEBUG] coder_eval.agents.claude_code_agent: [coder] Starting agent query stream...
2026-07-22 04:38:50 [DEBUG] coder_eval.agents.claude_code_agent: [coder] session_id changed: None -> 4976e480-f8e5-429f-a6d2-7d0a1186934c
2026-07-22 04:38:50 [DEBUG] coder_eval.agents.claude_code_agent: [coder] Agent query stream ended
2026-07-22 04:38:50 [DEBUG] coder_eval.utils: Resolved @uipath plugin-tools dir=/usr/lib/node_modules/@uipath from `uip` at /usr/lib/node_modules/@uipath/cli/dist/index.js
2026-07-22 04:38:50 [DEBUG] coder_eval.orchestrator: Agent response received (2831 chars)
2026-07-22 04:38:50 [DEBUG] coder_eval.orchestrator: Checking success criteria
2026-07-22 04:38:50 [DEBUG] coder_eval.evaluation.checker: Criterion 'file_exists' score: 1.00
2026-07-22 04:38:50 [DEBUG] coder_eval.evaluation.checker: Criterion 'file_contains' score: 1.00
2026-07-22 04:38:50 [DEBUG] coder_eval.criteria.run_command: Running command for criterion 'Task removed, flow healed, DI clean, untouched content preserved, file still structurally sound': python3 $TASK_DIR/check_remove_node.py
2026-07-22 04:38:51 [DEBUG] coder_eval.sandbox: Command 'python3 $TASK_DIR/check_remove_node.py' exited with code 0
2026-07-22 04:38:51 [DEBUG] coder_eval.sandbox: STDOUT:
---
OK: Task_Enrich removed, flow healed, DI clean, untouched content preserved
---
2026-07-22 04:38:51 [DEBUG] coder_eval.evaluation.checker: Criterion 'run_command' score: 1.00
2026-07-22 04:38:51 [INFO] coder_eval.orchestrator: Success criteria: 3/3 passed, weighted score: 1.000
2026-07-22 04:38:51 [DEBUG] coder_eval.utils: Resolved @uipath plugin-tools dir=/usr/lib/node_modules/@uipath from `uip` at /usr/lib/node_modules/@uipath/cli/dist/index.js
2026-07-22 04:38:51 [INFO] coder_eval.orchestrator: Running post-run command: find . -maxdepth 5 -type d \( -name node_modules -o -name .npm-prefix -o -name .venv \) -prune -exec rm -rf {} +
2026-07-22 04:38:51 [INFO] coder_eval.orchestrator: Sandbox preserved (in-place): /work/output/artifacts/skill-bpmn-edit-remove-node
2026-07-22 04:38:51 [INFO] coder_eval.orchestrator: Task finished: status=SUCCESS duration=61.6s score=1.000 iterations=1
