2026-07-24 20:13:46 [DEBUG] coder_eval.utils: Resolved @uipath plugin-tools dir=/usr/lib/node_modules/@uipath from `uip` at /usr/lib/node_modules/@uipath/cli/dist/index.js
2026-07-24 20:13:46 [INFO] coder_eval.orchestrator: API routing: aws_bedrock
2026-07-24 20:13:46 [DEBUG] coder_eval.criteria: Discovered 14 criterion checkers
2026-07-24 20:13:46 [DEBUG] coder_eval.criteria: Validated 14 criterion checkers
2026-07-24 20:13:46 [DEBUG] coder_eval.utils: Resolved @uipath plugin-tools dir=/usr/lib/node_modules/@uipath from `uip` at /usr/lib/node_modules/@uipath/cli/dist/index.js
2026-07-24 20:13:46 [DEBUG] coder_eval.orchestrator: Sending prompt: Create a UiPath Flow project named "ProjectEulerTitle" that uses the
ProjectEuler RPA workflow to re...
2026-07-24 20:13:46 [DEBUG] coder_eval.agents.claude_code_agent: [coder] Starting agent query stream...
2026-07-24 20:17:35 [DEBUG] coder_eval.agents.claude_code_agent: [coder] session_id changed: None -> 52b9c46b-e848-468c-8662-3153967d37c0
2026-07-24 20:17:35 [DEBUG] coder_eval.agents.claude_code_agent: [coder] Agent query stream ended
2026-07-24 20:17:36 [DEBUG] coder_eval.utils: Resolved @uipath plugin-tools dir=/usr/lib/node_modules/@uipath from `uip` at /usr/lib/node_modules/@uipath/cli/dist/index.js
2026-07-24 20:17:36 [DEBUG] coder_eval.orchestrator: Agent response received (4497 chars)
2026-07-24 20:17:36 [DEBUG] coder_eval.orchestrator: Checking success criteria
2026-07-24 20:17:36 [DEBUG] coder_eval.criteria.run_command: Running command for criterion 'uip maestro flow validate passes on the flow file': uip maestro flow validate ProjectEulerTitle/ProjectEulerTitle/ProjectEulerTitle.flow
2026-07-24 20:17:41 [DEBUG] coder_eval.sandbox: Command 'uip maestro flow validate ProjectEulerTitle/ProjectEulerTitle/ProjectEulerTitle.flow' exited with code 0
2026-07-24 20:17:41 [DEBUG] coder_eval.sandbox: STDOUT:
---
{
  "Result": "Success",
  "Code": "FlowValidate",
  "Data": {
    "File": "/work/output/artifacts/skill-flow-rpa/ProjectEulerTitle/ProjectEulerTitle/ProjectEulerTitle.flow",
    "Status": "Valid"
  }
}
---
2026-07-24 20:17:41 [DEBUG] coder_eval.sandbox: STDERR:
---
[ManifestClient] fetchDynamicNodes ok: total=207 agent context nodes=2 external agent nodes=6 orchestrator nodes=158 IXP nodes=41
---
2026-07-24 20:17:41 [DEBUG] coder_eval.evaluation.checker: Criterion 'run_command' score: 1.00
2026-07-24 20:17:41 [DEBUG] coder_eval.criteria.run_command: Running command for criterion 'Flow has an RPA node and debug returns the problem title': python3 $TASK_DIR/check_rpa_flow.py
2026-07-24 20:18:25 [DEBUG] coder_eval.sandbox: Command 'python3 $TASK_DIR/check_rpa_flow.py' exited with code 0
2026-07-24 20:18:25 [DEBUG] coder_eval.sandbox: STDOUT:
---
OK: RPA node present; output contains 'prime square remainders'
---
2026-07-24 20:18:25 [DEBUG] coder_eval.evaluation.checker: Criterion 'run_command' score: 1.00
2026-07-24 20:18:25 [INFO] coder_eval.orchestrator: Success criteria: 2/2 passed, weighted score: 1.000
2026-07-24 20:18:25 [DEBUG] coder_eval.utils: Resolved @uipath plugin-tools dir=/usr/lib/node_modules/@uipath from `uip` at /usr/lib/node_modules/@uipath/cli/dist/index.js
2026-07-24 20:18:25 [INFO] coder_eval.orchestrator: Running post-run command: python3 $SKILLS_REPO_PATH/tests/tasks/uipath-maestro-flow/_shared/cleanup_solutions.py
2026-07-24 20:18:28 [WARNING] coder_eval.orchestrator: [post_run stderr] cleanup_solutions: deleted 53a5208b-3a50-45fa-7598-08dee9b21193 (from ProjectEulerTitle/ProjectEulerTitle.uipx)
2026-07-24 20:18:28 [WARNING] coder_eval.orchestrator: [post_run stderr] cleanup_solutions: summary policy=always deleted=1 preserved=0 skipped=0 not_uploaded=0 failed=0
2026-07-24 20:18:28 [INFO] coder_eval.orchestrator: Running post-run command: find . -maxdepth 5 -type d \( -name node_modules -o -name .npm-prefix -o -name .venv \) -prune -exec rm -rf {} +
2026-07-24 20:18:28 [INFO] coder_eval.orchestrator: Sandbox preserved (in-place): /work/output/artifacts/skill-flow-rpa
2026-07-24 20:18:28 [INFO] coder_eval.orchestrator: Task finished: status=SUCCESS duration=284.2s score=1.000 iterations=1
