2026-07-24 20:17:48 [DEBUG] coder_eval.utils: Resolved @uipath plugin-tools dir=/usr/lib/node_modules/@uipath from `uip` at /usr/lib/node_modules/@uipath/cli/dist/index.js
2026-07-24 20:17:48 [INFO] coder_eval.orchestrator: API routing: aws_bedrock
2026-07-24 20:17:48 [DEBUG] coder_eval.criteria: Discovered 14 criterion checkers
2026-07-24 20:17:48 [DEBUG] coder_eval.criteria: Validated 14 criterion checkers
2026-07-24 20:17:48 [DEBUG] coder_eval.utils: Resolved @uipath plugin-tools dir=/usr/lib/node_modules/@uipath from `uip` at /usr/lib/node_modules/@uipath/cli/dist/index.js
2026-07-24 20:17:49 [DEBUG] coder_eval.orchestrator: Sending prompt: Create a UiPath Flow project named "OpenMeteoWeather".
The process must fetch the CURRENT weather in...
2026-07-24 20:17:49 [DEBUG] coder_eval.agents.claude_code_agent: [coder] Starting agent query stream...
2026-07-24 20:21:11 [DEBUG] coder_eval.agents.claude_code_agent: [coder] session_id changed: None -> 106a942e-7f50-4045-92fd-67c4e6e10ec9
2026-07-24 20:21:11 [DEBUG] coder_eval.agents.claude_code_agent: [coder] Agent query stream ended
2026-07-24 20:21:11 [DEBUG] coder_eval.utils: Resolved @uipath plugin-tools dir=/usr/lib/node_modules/@uipath from `uip` at /usr/lib/node_modules/@uipath/cli/dist/index.js
2026-07-24 20:21:11 [DEBUG] coder_eval.orchestrator: Agent response received (3971 chars)
2026-07-24 20:21:11 [DEBUG] coder_eval.orchestrator: Checking success criteria
2026-07-24 20:21:11 [DEBUG] coder_eval.criteria.run_command: Running command for criterion 'uip maestro flow validate passes on the flow file': uip maestro flow validate OpenMeteoWeather/OpenMeteoWeather/OpenMeteoWeather.flow
2026-07-24 20:21:16 [DEBUG] coder_eval.sandbox: Command 'uip maestro flow validate OpenMeteoWeather/OpenMeteoWeather/OpenMeteoWeather.flow' exited with code 0
2026-07-24 20:21:16 [DEBUG] coder_eval.sandbox: STDOUT:
---
{
  "Result": "Success",
  "Code": "FlowValidate",
  "Data": {
    "File": "/work/output/artifacts/skill-flow-openmeteo-weather/OpenMeteoWeather/OpenMeteoWeather/OpenMeteoWeather.flow",
    "Status": "Valid"
  }
}
---
2026-07-24 20:21:16 [DEBUG] coder_eval.sandbox: STDERR:
---
[ManifestClient] fetchDynamicNodes ok: total=208 agent context nodes=2 external agent nodes=6 orchestrator nodes=158 IXP nodes=42
---
2026-07-24 20:21:16 [DEBUG] coder_eval.evaluation.checker: Criterion 'run_command' score: 1.00
2026-07-24 20:21:16 [DEBUG] coder_eval.criteria.run_command: Running command for criterion 'Open-Meteo connector node executes and returns the current temperature': python3 $TASK_DIR/check_openmeteo_weather.py
2026-07-24 20:21:51 [DEBUG] coder_eval.sandbox: Command 'python3 $TASK_DIR/check_openmeteo_weather.py' exited with code 0
2026-07-24 20:21:51 [DEBUG] coder_eval.sandbox: STDOUT:
---
OK: Open-Meteo connector node configured with latitude/longitude (current_weather=True)
OK: connector returned current temperature 23.2 in output 'currentTemperature'
---
2026-07-24 20:21:51 [DEBUG] coder_eval.evaluation.checker: Criterion 'run_command' score: 1.00
2026-07-24 20:21:51 [INFO] coder_eval.orchestrator: Success criteria: 2/2 passed, weighted score: 1.000
2026-07-24 20:21:51 [DEBUG] coder_eval.utils: Resolved @uipath plugin-tools dir=/usr/lib/node_modules/@uipath from `uip` at /usr/lib/node_modules/@uipath/cli/dist/index.js
2026-07-24 20:21:51 [INFO] coder_eval.orchestrator: Running post-run command: python3 $SKILLS_REPO_PATH/tests/tasks/uipath-maestro-flow/_shared/cleanup_solutions.py
2026-07-24 20:21:53 [WARNING] coder_eval.orchestrator: [post_run stderr] cleanup_solutions: deleted b7587792-144e-4729-75a3-08dee9b21193 (from OpenMeteoWeather/OpenMeteoWeather.uipx)
2026-07-24 20:21:53 [WARNING] coder_eval.orchestrator: [post_run stderr] cleanup_solutions: summary policy=always deleted=1 preserved=0 skipped=0 not_uploaded=0 failed=0
2026-07-24 20:21:53 [INFO] coder_eval.orchestrator: Running post-run command: find . -maxdepth 5 -type d \( -name node_modules -o -name .npm-prefix -o -name .venv \) -prune -exec rm -rf {} +
2026-07-24 20:21:53 [INFO] coder_eval.orchestrator: Sandbox preserved (in-place): /work/output/artifacts/skill-flow-openmeteo-weather
2026-07-24 20:21:53 [INFO] coder_eval.orchestrator: Task finished: status=SUCCESS duration=248.1s score=1.000 iterations=1
