2026-07-22 04:20:25 [DEBUG] coder_eval.utils: Resolved @uipath plugin-tools dir=/usr/lib/node_modules/@uipath from `uip` at /usr/lib/node_modules/@uipath/cli/dist/index.js
2026-07-22 04:20:25 [INFO] coder_eval.orchestrator: API routing: aws_bedrock
2026-07-22 04:20:25 [DEBUG] coder_eval.criteria: Discovered 14 criterion checkers
2026-07-22 04:20:25 [DEBUG] coder_eval.criteria: Validated 14 criterion checkers
2026-07-22 04:20:25 [DEBUG] coder_eval.utils: Resolved @uipath plugin-tools dir=/usr/lib/node_modules/@uipath from `uip` at /usr/lib/node_modules/@uipath/cli/dist/index.js
2026-07-22 04:20:25 [DEBUG] coder_eval.orchestrator: Sending prompt: Load and follow the uipath-maestro-bpmn skill.

Author a minimal Maestro BPMN project named "Product...
2026-07-22 04:20:25 [DEBUG] coder_eval.agents.claude_code_agent: [coder] Starting agent query stream...
2026-07-22 04:28:20 [DEBUG] coder_eval.agents.claude_code_agent: [coder] is_error ResultMessage; not advancing session_id (kept None)
2026-07-22 04:28:20 [DEBUG] coder_eval.agents.claude_code_agent: [coder] Generic Exception is error_max_turns; treating as clean turn
2026-07-22 04:28:20 [WARNING] coder_eval.agents.claude_code_agent: [coder] Agent exhausted max_turns (120); turn ended without completing
2026-07-22 04:28:20 [DEBUG] coder_eval.utils: Resolved @uipath plugin-tools dir=/usr/lib/node_modules/@uipath from `uip` at /usr/lib/node_modules/@uipath/cli/dist/index.js
2026-07-22 04:28:20 [DEBUG] coder_eval.orchestrator: Agent response received (3475 chars)
2026-07-22 04:28:20 [DEBUG] coder_eval.orchestrator: Checking success criteria
2026-07-22 04:28:20 [DEBUG] coder_eval.evaluation.checker: Criterion 'command_executed' score: 1.00
2026-07-22 04:28:20 [DEBUG] coder_eval.evaluation.checker: Criterion 'command_executed' score: 0.00
2026-07-22 04:28:20 [INFO] coder_eval.evaluation.checker: Criterion 'command_executed' FAILED (score=0.00, threshold=1.00): Matched 0/1 required commands (filters: tool_name=Bash, pattern=/(uip|\$UIP)\s+maestro\s+bpmn\s+debug-instance\s+variables(-all)?/)
2026-07-22 04:28:20 [DEBUG] coder_eval.criteria.run_command: Running command for criterion 'Live debug reached finalStatus Completed and the runtime product variable is 42 (read from variables-all, computed by a script task, not hardcoded)': python3 $TASK_DIR/check_live_debug.py
2026-07-22 04:28:20 [DEBUG] coder_eval.sandbox: Command 'python3 $TASK_DIR/check_live_debug.py' exited with code 1
2026-07-22 04:28:20 [DEBUG] coder_eval.sandbox: STDOUT:
---
OK: product is computed by a script task (return + output mapping)
---
2026-07-22 04:28:20 [DEBUG] coder_eval.sandbox: STDERR:
---
FAIL: no debug-evidence with finalStatus == 'Completed' — save the raw `uip maestro bpmn debug` JSON output to debug-evidence/
---
2026-07-22 04:28:20 [DEBUG] coder_eval.evaluation.checker: Criterion 'run_command' score: 0.00
2026-07-22 04:28:20 [INFO] coder_eval.evaluation.checker: Criterion 'run_command' FAILED (score=0.00, threshold=1.00): Command: python3 $TASK_DIR/check_live_debug.py
2026-07-22 04:28:20 [INFO] coder_eval.orchestrator: Success criteria: 1/3 passed, weighted score: 0.167
2026-07-22 04:28:20 [WARNING] coder_eval.orchestrator: Agent exhausted max_turns (120) without passing criteria.
2026-07-22 04:28:20 [WARNING] coder_eval.orchestrator: Visible turns (125) exceeded expected_turns (30) at iteration 1 for task skill-bpmn-e2e-live-debug. Run continues — max_turns remains the hard cap.
2026-07-22 04:28:20 [DEBUG] coder_eval.utils: Resolved @uipath plugin-tools dir=/usr/lib/node_modules/@uipath from `uip` at /usr/lib/node_modules/@uipath/cli/dist/index.js
2026-07-22 04:28:20 [INFO] coder_eval.orchestrator: Running post-run command: find . -maxdepth 5 -type d \( -name node_modules -o -name .npm-prefix -o -name .venv \) -prune -exec rm -rf {} +
2026-07-22 04:28:20 [INFO] coder_eval.orchestrator: Sandbox preserved (in-place): /work/output/artifacts/skill-bpmn-e2e-live-debug
2026-07-22 04:28:20 [INFO] coder_eval.orchestrator: Task finished: status=MAX_TURNS_EXHAUSTED duration=479.2s score=0.167 iterations=1
