2026-07-22 05:06:02 [DEBUG] coder_eval.utils: Resolved @uipath plugin-tools dir=/usr/lib/node_modules/@uipath from `uip` at /usr/lib/node_modules/@uipath/cli/dist/index.js
2026-07-22 05:06:02 [INFO] coder_eval.orchestrator: API routing: aws_bedrock
2026-07-22 05:06:02 [DEBUG] coder_eval.criteria: Discovered 14 criterion checkers
2026-07-22 05:06:02 [DEBUG] coder_eval.criteria: Validated 14 criterion checkers
2026-07-22 05:06:02 [DEBUG] coder_eval.utils: Resolved @uipath plugin-tools dir=/usr/lib/node_modules/@uipath from `uip` at /usr/lib/node_modules/@uipath/cli/dist/index.js
2026-07-22 05:06:02 [DEBUG] coder_eval.orchestrator: Sending prompt: Load and follow the uipath-maestro-bpmn skill.

Create a local BPMN project named "ScheduledReportBp...
2026-07-22 05:06:02 [DEBUG] coder_eval.agents.claude_code_agent: [coder] Starting agent query stream...
2026-07-22 05:08:25 [DEBUG] coder_eval.agents.claude_code_agent: [coder] session_id changed: None -> bb285bc6-1c77-4015-8d2a-be57a6afd739
2026-07-22 05:08:25 [DEBUG] coder_eval.agents.claude_code_agent: [coder] Agent query stream ended
2026-07-22 05:08:25 [DEBUG] coder_eval.utils: Resolved @uipath plugin-tools dir=/usr/lib/node_modules/@uipath from `uip` at /usr/lib/node_modules/@uipath/cli/dist/index.js
2026-07-22 05:08:25 [DEBUG] coder_eval.orchestrator: Agent response received (4309 chars)
2026-07-22 05:08:25 [DEBUG] coder_eval.orchestrator: Checking success criteria
2026-07-22 05:08:25 [DEBUG] coder_eval.evaluation.checker: Criterion 'file_exists' score: 1.00
2026-07-22 05:08:25 [DEBUG] coder_eval.evaluation.checker: Criterion 'file_contains' score: 1.00
2026-07-22 05:08:25 [DEBUG] coder_eval.evaluation.checker: Criterion 'command_executed' score: 1.00
2026-07-22 05:08:25 [DEBUG] coder_eval.criteria.run_command: Running command for criterion 'Timer start event is a recurring scheduled start with valid structure': python3 $TASK_DIR/check_timer_start.py
2026-07-22 05:08:25 [DEBUG] coder_eval.sandbox: Command 'python3 $TASK_DIR/check_timer_start.py' exited with code 0
2026-07-22 05:08:25 [DEBUG] coder_eval.sandbox: STDOUT:
---
OK: ScheduledReportBpmn/ScheduledReportBpmn.bpmn starts on a recurring timer schedule (R/PT1H)
---
2026-07-22 05:08:25 [DEBUG] coder_eval.evaluation.checker: Criterion 'run_command' score: 1.00
2026-07-22 05:08:25 [INFO] coder_eval.orchestrator: Success criteria: 4/4 passed, weighted score: 1.000
2026-07-22 05:08:25 [WARNING] coder_eval.orchestrator: Visible turns (22) exceeded expected_turns (18) at iteration 1 for task skill-bpmn-timer-start. Run continues — max_turns remains the hard cap.
2026-07-22 05:08:25 [DEBUG] coder_eval.utils: Resolved @uipath plugin-tools dir=/usr/lib/node_modules/@uipath from `uip` at /usr/lib/node_modules/@uipath/cli/dist/index.js
2026-07-22 05:08:25 [INFO] coder_eval.orchestrator: Running post-run command: find . -maxdepth 5 -type d \( -name node_modules -o -name .npm-prefix -o -name .venv \) -prune -exec rm -rf {} +
2026-07-22 05:08:25 [INFO] coder_eval.orchestrator: Sandbox preserved (in-place): /work/output/artifacts/skill-bpmn-timer-start
2026-07-22 05:08:25 [INFO] coder_eval.orchestrator: Task finished: status=SUCCESS duration=145.0s score=1.000 iterations=1
