2026-07-24 20:48:48 [DEBUG] coder_eval.utils: Resolved @uipath plugin-tools dir=/usr/lib/node_modules/@uipath from `uip` at /usr/lib/node_modules/@uipath/cli/dist/index.js
2026-07-24 20:48:48 [INFO] coder_eval.orchestrator: API routing: aws_bedrock
2026-07-24 20:48:48 [DEBUG] coder_eval.criteria: Discovered 14 criterion checkers
2026-07-24 20:48:48 [DEBUG] coder_eval.criteria: Validated 14 criterion checkers
2026-07-24 20:48:48 [DEBUG] coder_eval.utils: Resolved @uipath plugin-tools dir=/usr/lib/node_modules/@uipath from `uip` at /usr/lib/node_modules/@uipath/cli/dist/index.js
2026-07-24 20:48:48 [DEBUG] coder_eval.orchestrator: Sending prompt: Create a flow called "SlackWeatherPipeline". Read the #office-bellevue Slack channel description — i...
2026-07-24 20:48:48 [DEBUG] coder_eval.agents.claude_code_agent: [coder] Starting agent query stream...
2026-07-24 21:01:29 [DEBUG] coder_eval.agents.claude_code_agent: [coder] is_error ResultMessage; not advancing session_id (kept None)
2026-07-24 21:01:29 [DEBUG] coder_eval.agents.claude_code_agent: [coder] Generic Exception is error_max_turns; treating as clean turn
2026-07-24 21:01:29 [WARNING] coder_eval.agents.claude_code_agent: [coder] Agent exhausted max_turns (40); turn ended without completing
2026-07-24 21:01:29 [DEBUG] coder_eval.utils: Resolved @uipath plugin-tools dir=/usr/lib/node_modules/@uipath from `uip` at /usr/lib/node_modules/@uipath/cli/dist/index.js
2026-07-24 21:01:29 [DEBUG] coder_eval.orchestrator: Agent response received (1008 chars)
2026-07-24 21:01:29 [DEBUG] coder_eval.orchestrator: Checking success criteria
2026-07-24 21:01:29 [DEBUG] coder_eval.criteria.run_command: Running command for criterion 'uip maestro flow validate passes': uip maestro flow validate SlackWeatherPipeline/SlackWeatherPipeline/SlackWeatherPipeline.flow
2026-07-24 21:01:35 [DEBUG] coder_eval.sandbox: Command 'uip maestro flow validate SlackWeatherPipeline/SlackWeatherPipeline/SlackWeatherPipeline.flow' exited with code 0
2026-07-24 21:01:35 [DEBUG] coder_eval.sandbox: STDOUT:
---
{
  "Result": "Success",
  "Code": "FlowValidate",
  "Data": {
    "File": "/work/output/artifacts/skill-flow-slack-weather-pipeline/SlackWeatherPipeline/SlackWeatherPipeline/SlackWeatherPipeline.flow",
    "Status": "Valid"
  }
}
---
2026-07-24 21:01:35 [DEBUG] coder_eval.sandbox: STDERR:
---
[ManifestClient] fetchDynamicNodes ok: total=207 agent context nodes=2 external agent nodes=6 orchestrator nodes=158 IXP nodes=41
---
2026-07-24 21:01:35 [DEBUG] coder_eval.evaluation.checker: Criterion 'run_command' score: 1.00
2026-07-24 21:01:35 [DEBUG] coder_eval.criteria.run_command: Running command for criterion 'Flow debug runs end-to-end and emits the verdict as an output value: Slack + HTTP + decision all execute, a run-produced output value contains the verdict text': python3 $TASK_DIR/check_slack_weather_pipeline.py
2026-07-24 21:01:51 [DEBUG] coder_eval.sandbox: Command 'python3 $TASK_DIR/check_slack_weather_pipeline.py' exited with code 1
2026-07-24 21:01:51 [DEBUG] coder_eval.sandbox: STDERR:
---
=== FLOW_DEBUG_RAW_CAPTURE BEGIN (Outputs missing any of ['warm office today', 'cold office today']; present=[]; missing=['warm office today', 'cold office today']) ===
SUMMARY: {"finalStatus": "Completed", "globals": {"getCurrentWeather1.output": null, "geocodeCity1.output": null, "getOfficeBellevueChannelInfo1.output": null, "geocodeCity1.error": null}, "globalVariables": null, "elementOutputs": [{"id": "start", "outputs": {}}], "elementExecutions": [{"id": "start", "type": "StartEvent", "status": "Completed"}], "incidents": null}
RAW: {
  "Result": "Success",
  "Code": "FlowDebug",
  "Data": {
    "jobKey": "7aa1e708-33d8-47a6-814f-9bb7a128cdc4",
    "instanceId": "7aa1e708-33d8-47a6-814f-9bb7a128cdc4",
    "runId": "019f95ef-20ac-7394-93e8-cdfc189257f1",
    "folderKey": "410fae2d-89b3-4cd1-a991-7359bda90c0b",
    "finalStatus": "Completed",
    "solutionId": "8dc32715-2852-4e87-4883-08dee9b1ed35",
    "studioWebUrl": "https://alpha.uipath.com/codereval/studio_/designer/3839e747-8395-4217-960d-f33fa5a112fb?solutionId=8dc32715-2852-4e87-4883-08dee9b1ed35",
    "elementExecutions": [
      {
        "elementId": "start",
        "elementType": "StartEvent",
        "status": "Completed",
        "startedAt": "2026-07-24T21:01:48.3133294Z",
        "completedAt": "2026-07-24T21:01:48.4311905Z"
      }
    ],
    "variables": {
      "elements": [
        {
          "elementId": "start",
          "elementRunId": "d1f0669b-c1f4-4644-8888-d61eea13b95e",
          "isMarker": false,
          "inputs": {},
          "inputDefinitions": {},
          "outputs": {}
        }
      ],
      "globals": {
        "getCurrentWeather1.output": null,
        "geocodeCity1.output": null,
        "getOfficeBellevueChannelInfo1.output": null,
        "geocodeCity1.error": null
      },
      "instanceId": "7aa1e708-33d8-47a6-814f-9bb7a128cdc4",
      "workflowId": "7aa1e708-33d8-47a6-814f-9bb7a128cdc4/BpmnGenericWorkflow",
      "parentElementId": null,
      "globalDefinitions": {
        "getCurrentWeather1.output": {
          "name": "output",
          "type": "jsonSchema"
        },
        "geocodeCity1.output": {
          "name": "output",
          "type": "jsonSchema"
        },
        "getOfficeBellevueChannelInfo1.output": {
          "name": "output",
          "type": "jsonSchema"
        },
        "geocodeCity1.error": {
          "name": "error",
          "type": "object"
        }
      }
    }
  },
  "Instructions": "Debug completed with status: Completed"
}
=== FLOW_DEBUG_RAW_CAPTURE END ===
FAIL: Outputs missing any of ['warm office today', 'cold office today']; present=[]; missing=['warm office today', 'cold office today']
Outputs: [null, null, null, null]
---
2026-07-24 21:01:51 [DEBUG] coder_eval.evaluation.checker: Criterion 'run_command' score: 0.00
2026-07-24 21:01:51 [INFO] coder_eval.evaluation.checker: Criterion 'run_command' FAILED (score=0.00, threshold=1.00): Command: python3 $TASK_DIR/check_slack_weather_pipeline.py
2026-07-24 21:01:51 [INFO] coder_eval.orchestrator: Success criteria: 1/2 passed, weighted score: 0.375
2026-07-24 21:01:51 [WARNING] coder_eval.orchestrator: Agent exhausted max_turns (40) without passing criteria.
2026-07-24 21:01:51 [WARNING] coder_eval.orchestrator: Visible turns (57) exceeded expected_turns (51) at iteration 1 for task skill-flow-slack-weather-pipeline. Run continues — max_turns remains the hard cap.
2026-07-24 21:01:51 [DEBUG] coder_eval.utils: Resolved @uipath plugin-tools dir=/usr/lib/node_modules/@uipath from `uip` at /usr/lib/node_modules/@uipath/cli/dist/index.js
2026-07-24 21:01:51 [INFO] coder_eval.orchestrator: Running post-run command: python3 $SKILLS_REPO_PATH/tests/tasks/uipath-maestro-flow/_shared/cleanup_solutions.py
2026-07-24 21:01:53 [WARNING] coder_eval.orchestrator: [post_run stderr] cleanup_solutions: deleted 8dc32715-2852-4e87-4883-08dee9b1ed35 (from SlackWeatherPipeline/SlackWeatherPipeline.uipx)
2026-07-24 21:01:53 [WARNING] coder_eval.orchestrator: [post_run stderr] cleanup_solutions: summary policy=always deleted=1 preserved=0 skipped=0 not_uploaded=0 failed=0
2026-07-24 21:01:53 [INFO] coder_eval.orchestrator: Running post-run command: find . -maxdepth 5 -type d \( -name node_modules -o -name .npm-prefix -o -name .venv \) -prune -exec rm -rf {} +
2026-07-24 21:01:53 [INFO] coder_eval.orchestrator: Sandbox preserved (in-place): /work/output/artifacts/skill-flow-slack-weather-pipeline
2026-07-24 21:01:53 [INFO] coder_eval.orchestrator: Task finished: status=MAX_TURNS_EXHAUSTED duration=786.6s score=0.375 iterations=1
