2026-07-24 19:40:53 [DEBUG] coder_eval.utils: Resolved @uipath plugin-tools dir=/usr/lib/node_modules/@uipath from `uip` at /usr/lib/node_modules/@uipath/cli/dist/index.js
2026-07-24 19:40:53 [INFO] coder_eval.orchestrator: API routing: aws_bedrock
2026-07-24 19:40:53 [DEBUG] coder_eval.criteria: Discovered 14 criterion checkers
2026-07-24 19:40:53 [DEBUG] coder_eval.criteria: Validated 14 criterion checkers
2026-07-24 19:40:53 [DEBUG] coder_eval.utils: Resolved @uipath plugin-tools dir=/usr/lib/node_modules/@uipath from `uip` at /usr/lib/node_modules/@uipath/cli/dist/index.js
2026-07-24 19:40:53 [DEBUG] coder_eval.orchestrator: Sending prompt: Create a UiPath Flow project named "TemperatureChecker" that takes a
temperature in Fahrenheit as in...
2026-07-24 19:40:53 [DEBUG] coder_eval.agents.claude_code_agent: [coder] Starting agent query stream...
2026-07-24 19:43:42 [DEBUG] coder_eval.agents.claude_code_agent: [coder] session_id changed: None -> be3531ad-6c11-44c6-8faa-3d8a520dc3af
2026-07-24 19:43:42 [DEBUG] coder_eval.agents.claude_code_agent: [coder] Agent query stream ended
2026-07-24 19:43:42 [DEBUG] coder_eval.utils: Resolved @uipath plugin-tools dir=/usr/lib/node_modules/@uipath from `uip` at /usr/lib/node_modules/@uipath/cli/dist/index.js
2026-07-24 19:43:42 [DEBUG] coder_eval.orchestrator: Agent response received (3723 chars)
2026-07-24 19:43:42 [DEBUG] coder_eval.orchestrator: Checking success criteria
2026-07-24 19:43:42 [DEBUG] coder_eval.criteria.run_command: Running command for criterion 'uip maestro flow validate passes on the flow file': uip maestro flow validate TemperatureChecker/TemperatureChecker/TemperatureChecker.flow
2026-07-24 19:43:50 [DEBUG] coder_eval.sandbox: Command 'uip maestro flow validate TemperatureChecker/TemperatureChecker/TemperatureChecker.flow' exited with code 0
2026-07-24 19:43:50 [DEBUG] coder_eval.sandbox: STDOUT:
---
{
  "Result": "Success",
  "Code": "FlowValidate",
  "Data": {
    "File": "/work/output/artifacts/skill-flow-decision/TemperatureChecker/TemperatureChecker/TemperatureChecker.flow",
    "Status": "Valid"
  }
}
---
2026-07-24 19:43:50 [DEBUG] coder_eval.sandbox: STDERR:
---
[ManifestClient] fetchDynamicNodes ok: total=209 agent context nodes=2 external agent nodes=6 orchestrator nodes=160 IXP nodes=41
---
2026-07-24 19:43:50 [DEBUG] coder_eval.evaluation.checker: Criterion 'run_command' score: 1.00
2026-07-24 19:43:50 [DEBUG] coder_eval.criteria.run_command: Running command for criterion 'Flow contains a Decision node and debug returns correct classification': python3 $TASK_DIR/check_decision_flow.py
2026-07-24 19:44:27 [DEBUG] coder_eval.sandbox: Command 'python3 $TASK_DIR/check_decision_flow.py' exited with code 0
2026-07-24 19:44:27 [DEBUG] coder_eval.sandbox: STDOUT:
---
OK: Decision node present; warm/cool branches verified
---
2026-07-24 19:44:27 [DEBUG] coder_eval.evaluation.checker: Criterion 'run_command' score: 1.00
2026-07-24 19:44:27 [INFO] coder_eval.orchestrator: Success criteria: 2/2 passed, weighted score: 1.000
2026-07-24 19:44:27 [DEBUG] coder_eval.utils: Resolved @uipath plugin-tools dir=/usr/lib/node_modules/@uipath from `uip` at /usr/lib/node_modules/@uipath/cli/dist/index.js
2026-07-24 19:44:27 [INFO] coder_eval.orchestrator: Running post-run command: python3 $SKILLS_REPO_PATH/tests/tasks/uipath-maestro-flow/_shared/cleanup_solutions.py
2026-07-24 19:44:28 [WARNING] coder_eval.orchestrator: [post_run stderr] cleanup_solutions: deleted 74e28178-fb11-400f-4781-08dee9b1ed35 (from TemperatureChecker/TemperatureChecker.uipx)
2026-07-24 19:44:28 [WARNING] coder_eval.orchestrator: [post_run stderr] cleanup_solutions: summary policy=always deleted=1 preserved=0 skipped=0 not_uploaded=0 failed=0
2026-07-24 19:44:28 [INFO] coder_eval.orchestrator: Running post-run command: find . -maxdepth 5 -type d \( -name node_modules -o -name .npm-prefix -o -name .venv \) -prune -exec rm -rf {} +
2026-07-24 19:44:28 [INFO] coder_eval.orchestrator: Sandbox preserved (in-place): /work/output/artifacts/skill-flow-decision
2026-07-24 19:44:28 [INFO] coder_eval.orchestrator: Task finished: status=SUCCESS duration=218.4s score=1.000 iterations=1
