2026-07-24 20:34:05 [DEBUG] coder_eval.utils: Resolved @uipath plugin-tools dir=/usr/lib/node_modules/@uipath from `uip` at /usr/lib/node_modules/@uipath/cli/dist/index.js
2026-07-24 20:34:05 [INFO] coder_eval.orchestrator: API routing: aws_bedrock
2026-07-24 20:34:05 [DEBUG] coder_eval.criteria: Discovered 14 criterion checkers
2026-07-24 20:34:05 [DEBUG] coder_eval.criteria: Validated 14 criterion checkers
2026-07-24 20:34:05 [DEBUG] coder_eval.utils: Resolved @uipath plugin-tools dir=/usr/lib/node_modules/@uipath from `uip` at /usr/lib/node_modules/@uipath/cli/dist/index.js
2026-07-24 20:34:05 [DEBUG] coder_eval.orchestrator: Sending prompt: Build a Maestro Flow "BillingDiscrepancyDetector" (in a solution of the same
name) that checks a dis...
2026-07-24 20:34:06 [DEBUG] coder_eval.agents.claude_code_agent: [coder] Starting agent query stream...
2026-07-24 20:52:06 [DEBUG] coder_eval.agents.claude_code_agent: [coder] session_id changed: None -> 79334be1-86b9-4e9f-9297-0b11f8e520d0
2026-07-24 20:52:06 [DEBUG] coder_eval.agents.claude_code_agent: [coder] Agent query stream ended
2026-07-24 20:52:06 [DEBUG] coder_eval.utils: Resolved @uipath plugin-tools dir=/usr/lib/node_modules/@uipath from `uip` at /usr/lib/node_modules/@uipath/cli/dist/index.js
2026-07-24 20:52:06 [DEBUG] coder_eval.orchestrator: Agent response received (6313 chars)
2026-07-24 20:52:06 [DEBUG] coder_eval.orchestrator: Checking success criteria
2026-07-24 20:52:06 [DEBUG] coder_eval.criteria.run_command: Running command for criterion 'uip maestro flow validate passes on the flow file': uip maestro flow validate BillingDiscrepancyDetector/BillingDiscrepancyDetector/BillingDiscrepancyDetector.flow
2026-07-24 20:52:16 [DEBUG] coder_eval.sandbox: Command 'uip maestro flow validate BillingDiscrepancyDetector/BillingDiscrepancyDetector/BillingDiscrepancyDetector.flow' exited with code 0
2026-07-24 20:52:16 [DEBUG] coder_eval.sandbox: STDOUT:
---
{
  "Result": "Success",
  "Code": "FlowValidate",
  "Data": {
    "File": "/work/output/artifacts/skill-flow-devcon-billing-discrepancy-detector/BillingDiscrepancyDetector/BillingDiscrepancyDetector/BillingDiscrepancyDetector.flow",
    "Status": "Valid",
    "Warnings": "1 warning(s):\n  - [nodes[queryErpRecords1].inputs.detail.connectionResourceId] Connection \"d61e5d0e-04af-4f93-95cc-151d81fa08dc\" is referenced by 2 nodes (nodes[queryErpRecords1], nodes[queryCrmRecords1]). Shared connections cause cross-node state leakage at runtime. If this is intentional (e.g. two connectors on the same SaaS account), ignore this warning; otherwise create a separate connection per node."
  }
}
---
2026-07-24 20:52:16 [DEBUG] coder_eval.sandbox: STDERR:
---
[ManifestClient] fetchDynamicNodes ok: total=207 agent context nodes=2 external agent nodes=6 orchestrator nodes=158 IXP nodes=41
---
2026-07-24 20:52:16 [DEBUG] coder_eval.evaluation.checker: Criterion 'run_command' score: 1.00
2026-07-24 20:52:16 [DEBUG] coder_eval.criteria.run_command: Running command for criterion 'Check requires a merge node (parallel branches) and debugs once; flow computed overcharge=1610, count=1, invoice MCS-2026-04872, tier Enterprise': python3 $TASK_DIR/check_billing_discrepancy_detector.py
2026-07-24 20:52:44 [DEBUG] coder_eval.sandbox: Command 'python3 $TASK_DIR/check_billing_discrepancy_detector.py' exited with code 0
2026-07-24 20:52:44 [DEBUG] coder_eval.sandbox: STDOUT:
---
debug inputs: {'invoiceNumber': 'MCS-2026-04872', 'accountNumber': 'ACCT-98201-NE', 'disputedLineNumber': 5, 'disputedUnitPrice': 300, 'disputedQuantity': 14}
OK: overcharge=1610, count=1, invoice MCS-2026-04872, tier Enterprise
---
2026-07-24 20:52:44 [DEBUG] coder_eval.evaluation.checker: Criterion 'run_command' score: 1.00
2026-07-24 20:52:44 [INFO] coder_eval.orchestrator: Success criteria: 2/2 passed, weighted score: 1.000
2026-07-24 20:52:44 [DEBUG] coder_eval.utils: Resolved @uipath plugin-tools dir=/usr/lib/node_modules/@uipath from `uip` at /usr/lib/node_modules/@uipath/cli/dist/index.js
2026-07-24 20:52:44 [INFO] coder_eval.orchestrator: Running post-run command: python3 $SKILLS_REPO_PATH/tests/tasks/uipath-maestro-flow/_shared/cleanup_solutions.py
2026-07-24 20:52:46 [WARNING] coder_eval.orchestrator: [post_run stderr] cleanup_solutions: deleted 36d01c68-6631-49f4-75f1-08dee9b21193 (from BillingDiscrepancyDetector/BillingDiscrepancyDetector.uipx)
2026-07-24 20:52:46 [WARNING] coder_eval.orchestrator: [post_run stderr] cleanup_solutions: summary policy=always deleted=1 preserved=0 skipped=0 not_uploaded=0 failed=0
2026-07-24 20:52:46 [INFO] coder_eval.orchestrator: Running post-run command: find . -maxdepth 5 -type d \( -name node_modules -o -name .npm-prefix -o -name .venv \) -prune -exec rm -rf {} +
2026-07-24 20:52:46 [INFO] coder_eval.orchestrator: Sandbox preserved (in-place): /work/output/artifacts/skill-flow-devcon-billing-discrepancy-detector
2026-07-24 20:52:46 [INFO] coder_eval.orchestrator: Task finished: status=SUCCESS duration=1125.1s score=1.000 iterations=1
