2026-07-24 17:32:35 [DEBUG] coder_eval.utils: Resolved @uipath plugin-tools dir=/usr/lib/node_modules/@uipath from `uip` at /usr/lib/node_modules/@uipath/cli/dist/index.js
2026-07-24 17:32:35 [INFO] coder_eval.orchestrator: API routing: aws_bedrock
2026-07-24 17:32:35 [DEBUG] coder_eval.criteria: Discovered 14 criterion checkers
2026-07-24 17:32:35 [DEBUG] coder_eval.criteria: Validated 14 criterion checkers
2026-07-24 17:32:35 [DEBUG] coder_eval.utils: Resolved @uipath plugin-tools dir=/usr/lib/node_modules/@uipath from `uip` at /usr/lib/node_modules/@uipath/cli/dist/index.js
2026-07-24 17:32:35 [DEBUG] coder_eval.orchestrator: Sending prompt: Create a flow called "SlackWeatherPipeline". Read the #office-bellevue Slack channel description — i...
2026-07-24 17:32:35 [DEBUG] coder_eval.agents.claude_code_agent: [coder] Starting agent query stream...
2026-07-24 17:42:35 [DEBUG] coder_eval.agents.claude_code_agent: [coder] session_id changed: None -> c591cefe-8ed6-455e-845b-b6a65ecda641
2026-07-24 17:42:35 [DEBUG] coder_eval.agents.claude_code_agent: [coder] Agent query stream ended
2026-07-24 17:42:35 [WARNING] coder_eval.agents.claude_code_agent: [coder] Agent exhausted max_turns (40); turn ended without completing
2026-07-24 17:42:35 [DEBUG] coder_eval.utils: Resolved @uipath plugin-tools dir=/usr/lib/node_modules/@uipath from `uip` at /usr/lib/node_modules/@uipath/cli/dist/index.js
2026-07-24 17:42:35 [DEBUG] coder_eval.orchestrator: Agent response received (7142 chars)
2026-07-24 17:42:35 [DEBUG] coder_eval.orchestrator: Checking success criteria
2026-07-24 17:42:35 [DEBUG] coder_eval.criteria.run_command: Running command for criterion 'uip maestro flow validate passes': uip maestro flow validate SlackWeatherPipeline/SlackWeatherPipeline/SlackWeatherPipeline.flow
2026-07-24 17:42:39 [DEBUG] coder_eval.sandbox: Command 'uip maestro flow validate SlackWeatherPipeline/SlackWeatherPipeline/SlackWeatherPipeline.flow' exited with code 0
2026-07-24 17:42:39 [DEBUG] coder_eval.sandbox: STDOUT:
---
{
  "Result": "Success",
  "Code": "FlowValidate",
  "Data": {
    "File": "/work/output/artifacts/skill-flow-slack-weather-pipeline/SlackWeatherPipeline/SlackWeatherPipeline/SlackWeatherPipeline.flow",
    "Status": "Valid"
  }
}
---
2026-07-24 17:42:39 [DEBUG] coder_eval.sandbox: STDERR:
---
[ManifestClient] fetchDynamicNodes ok: total=207 agent context nodes=2 external agent nodes=6 orchestrator nodes=158 IXP nodes=41
---
2026-07-24 17:42:39 [DEBUG] coder_eval.evaluation.checker: Criterion 'run_command' score: 1.00
2026-07-24 17:42:39 [DEBUG] coder_eval.criteria.run_command: Running command for criterion 'Flow debug runs end-to-end and emits the verdict as an output value: Slack + HTTP + decision all execute, a run-produced output value contains the verdict text': python3 $TASK_DIR/check_slack_weather_pipeline.py
2026-07-24 17:42:56 [DEBUG] coder_eval.sandbox: Command 'python3 $TASK_DIR/check_slack_weather_pipeline.py' exited with code 1
2026-07-24 17:42:56 [DEBUG] coder_eval.sandbox: STDERR:
---
FAIL: flow debug exit 1
stdout: {
  "Result": "Failure",
  "Code": "FlowDebug",
  "Message": "Debug session Faulted. [300501] Error invoking script task (element extractCity1)",
  "Instructions": "Incident(s):\n  - [300501] Error invoking script task (element extractCity1)\nRun 'uip maestro flow debug-instance incidents b9714f7d-c316-40c7-a9af-da4865216e2a' for the full backend payload (incidentId, errorDetails, AI summary). traceId=b9714f7dc31640c7a9afda4865216e2a.",
  "Context": {
    "ErrorCode": "300501",
    "TraceId": "b9714f7dc31640c7a9afda4865216e2a"
  },
  "Data": {
    "jobKey": "b9714f7d-c316-40c7-a9af-da4865216e2a",
    "instanceId": "b9714f7d-c316-40c7-a9af-da4865216e2a",
    "runId": "019f9538-fdbc-7c24-91a8-0795bcebb61c",
    "folderKey": "410fae2d-89b3-4cd1-a991-7359bda90c0b",
    "finalStatus": "Faulted",
    "solutionId": "4236a1e1-a3c0-4d8f-dc67-08dee9aa0ab7",
    "studioWebUrl": "https://alpha.uipath.com/codereval/studio_/designer/e571b76f-c908-4ebe-9816-c57179577c24?solutionId=4236a1e1-a3c0-4d8f-dc67-08dee9aa0ab7",
    "elementExecutions": [
      {
        "elementId": "start",
        "elementType": "StartEvent",
        "status": "Completed",
        "startedAt": "2026-07-24T17:42:51.130874Z",
        "completedAt": "2026-07-24T17:42:51.4117355Z"
      },
      {
        "elementId": "getChannelInfo1",
        "elementType": "SendTask",
        "status": "Completed",
        "startedAt": "2026-07-24T17:42:51.7679226Z",
        "completedAt": "2026-07-24T17:42:52.9621736Z"
      },
      {
        "elementId": "extractCity1",
        "elementType": "ScriptTask",
        "status": "Failed",
        "startedAt": "2026-07-24T17:42:53.3708768Z"
      }
    ],
    "variables": {
      "elements": [
        {
          "elementId": "start",
          "elementRunId": "eba6e8f8-e4fb-4d78-ad0d-cc06437d2371",
          "isMarker": false,
          "inputs": {},
          "inputDefinitions": {},
          "outputs": {}
        },
        {
          "elementId": "getChannelInfo1",
          "elementRunId": "3fe6ac0a-80bf-417d-8eeb-02dd52696235",
          "isMarker": false,
          "inputs": {
            "pathParameters": {
              "conversationsInfoId": "C0B50H7DE2F"
            }
          },
          "inputDefinitions": {},
          "outputs": {
            "response": {
              "is_private": false,
              "purpose": {
                "last_set": 1779320357,
                "creator": "U02EBQA5AD9",
                "value": "700 Bellevue Way NE, Suite 2000, Bellevue, WA 98004"
              },
              "is_pending_ext_shared": false,
              "context_team_id": "T01G1P7CKR8",
              "is_channel": true,
              "is_shared": false,
              "id": "C0B50H7DE2F",
              "last_read": "1784732015.335589",
              "creator": "U02EBQA5AD9",
              "is_im": false,
              "is_member": true,
              "is_mpim": false,
              "created": 1779320356,
              "name_normalized": "office-bellevue",
              "is_ext_shared": false,
              "is_group": false,
              "unlinked": 0,
              "is_archived": false,
              "is_general": false,
              "name": "office-bellevue",
              "topic": {
                "last_set": 0,
                "creator": "",
                "value": ""
              },
              "shared_team_ids": [
                "T01G1P7CKR8"
              ],
              "is_org_shared": false,
              "updated": 1779320357510
            }
          }
        },
        {
          "elementId": "extractCity1",
          "elementRunId": "94f8bf23-1b0b-4a1b-acad-8938d9dcec6c",
          "isMarker": false,
          "inputs": {
            "args": {
              "vars": {
                "geocodeCity1.output": null,
                "start.output": null,
                "buildVerdict1.error": null,
                "getChannelInfo1.error": null,
                "getCurrentWeather1.error": null,
                "extractCity1.error": null,
                "getCurrentWeather1.output": null,
                "response": null,
                "getChannelInfo1.output": {
                  "is_private": false,
                  "purpose": {
                    "last_set": 1779320357,
                    "creator": "U02EBQA5AD9",
                    "value": "700 Bellevue Way NE, Suite 2000, Bellevue, WA 98004"
                  },
                  "is_pending_ext_shared": false,
                  "context_team_id": "T01G1P7CKR8",
                  "is_channel": true,
                  "is_shared": false,
                  "id": "C0B50H7DE2F",
                  "last_read": "1784732015.335589",
                  "creator": "U02EBQA5AD9",
                  "is_im": false,
                  "is_member": true,
                  "is_mpim": false,
                  "created": 1779320356,
                  "name_normalized": "office-bellevue",
                  "is_ext_shared": false,
                  "is_group": false,
                  "unlinked": 0,
                  "is_archived": false,
                  "is_general": false,
                  "name": "office-bellevue",
                  "topic": {
                    "last_set": 0,
                    "creator": "",
                    "value": ""
                  },
                  "shared_team_ids": [
                    "T01G1P7CKR8"
                  ],
                  "is_org_shared": false,
                  "updated": 1779320357510
                },
                "error": null,
                "buildVerdict1.output": null,
                "endNode.verdict": null,
                "verdict": null,
                "extractCity1.output": null,
                "geocodeCity1.error": null
              },
              "metadata": {
                "ExternalId": "11210877",
                "InstanceId": "b9714f7d-c316-40c7-a9af-da4865216e2a",
                "ProcessKey": null,
                "FolderKey": "410fae2d-89b3-4cd1-a991-7359bda90c0b",
                "ElementCount": {
                  "start": 1
                }
              }
            }
          },
          "inputDefinitions": {},
          "outputs": {}
        }
      ],
      "globals": {
        "geocodeCity1.output": null,
        "getChannelInfo1.output": {
          "is_private": false,
          "purpose": {
            "last_set": 1779320357,
            "creator": "U02EBQA5AD9",
            "value": "700 Bellevue Way NE, Suite 2000, Bellevue, WA 98004"
          },
          "is_pending_ext_shared": false,
          "context_team_id": "T01G1P7CKR8",
          "is_channel": true,
          "is_shared": false,
          "id": "C0B50H7DE2F",
          "last_read": "1784732015.335589",
          "creator": "U02EBQA5AD9",
          "is_im": false,
          "is_member": true,
          "is_mpim": false,
          "created": 1779320356,
          "name_normalized": "office-bellevue",
          "is_ext_shared": false,
          "is_group": false,
          "unlinked": 0,
          "is_archived": false,
          "is_general": false,
          "name": "office-bellevue",
          "topic": {
            "last_set": 0,
            "creator": "",
            "value": ""
          },
          "shared_team_ids": [
            "T01G1P7CKR8"
          ],
          "is_org_shared": false,
          "updated": 1779320357510
        },
        "buildVerdict1.error": null,
        "getCurrentWeather1.output": null,
        "buildVerdict1.output": null,
        "geocodeCity1.error": null,
        "extractCity1.output": null,
        "verdict": null,
        "extractCity1.error": {
          "code": "400",
          "message": "Error invoking script task",
          "detail": "Cannot read property 'purpose' of undefined",
          "category": "User",
          "status": 400,
          "response": null,
          "element": "Extract City from Description"
        }
      },
      "instanceId": "b9714f7d-c316-40c7-a9af-da4865216e2a",
      "workflowId": "b9714f7d-c316-40c7-a9af-da4865216e2a/BpmnGenericWorkflow",
      "parentElementId": null,
      "globalDefinitions": {
        "geocodeCity1.output": {
          "name": "output",
          "type": "jsonSchema"
        },
        "getChannelInfo1.output": {
          "name": "output",
          "type": "jsonSchema"
        },
        "buildVerdict1.error": {
          "name": "error",
          "type": "object"
        },
        "getCurrentWeather1.output": {
          "name": "output",
          "type": "jsonSchema"
        },
        "buildVerdict1.output": {
          "name": "output",
          "type": "object"
        },
        "geocodeCity1.error": {
          "name": "error",
          "type": "object"
        },
        "extractCity1.output": {
          "name": "output",
          "type": "object"
        },
        "verdict": {
          "name": "verdict",
          "type": "string"
        },
        "extractCity1.error": {
          "name": "error",
          "type": "object"
        }
      }
    },
    "incidents": [
      {
        "id": "26db4b1c-5abc-4f7f-9c56-d6c318617daf",
        "tenantId": "69d43765-6ede-4575-88b7-9db601a2c056",
        "organizationId": "311c6049-4966-4ef2-a6f3-8ceccaf38d54",
        "instanceId": "b9714f7d-c316-40c7-a9af-da4865216e2a",
        "runId": "019f9539-05ec-71de-9776-fa4f86a5d69c",
        "elementId": "extractCity1",
        "elementRunId": "94f8bf23-1b0b-4a1b-acad-8938d9dcec6c",
        "folderKey": "410fae2d-89b3-4cd1-a991-7359bda90c0b",
        "processKey": null,
        "packageVersion": "",
        "incidentId": "94f8bf23-1b0b-4a1b-acad-8938d9dcec6c",
        "incidentStatus": "Open",
        "incidentType": "User",
        "errorCode": "300501",
        "errorMessage": "Error invoking script task",
        "errorTimeUtc": "2026-07-24T17:42:53.9605848Z",
        "errorDetails": "Cannot read property 'purpose' of undefined",
        "comment": null,
        "userUpdated": null,
        "debugMode": "Default",
        "incidentUpdateTimeUtc": null,
        "traceId": "b9714f7dc31640c7a9afda4865216e2a",
        "dependentFaultCode": null,
        "incidentSeverity": "Error",
        "aiSummary": null,
        "aiRecommendations": null,
        "processType": null,
        "sourceElementId": null
      }
    ]
  },
  "ErrorCode": "unknown_error",
  "Retry": "RetryWillNotFix"
}

stderr: [flow-schema] Unresolved context binding placeholder "<bindings.FolderKey>" (node resourceKey=849e85d8-1aa9-4d52-8bbd-20041c8f05d8, resource=connection)
---
2026-07-24 17:42:56 [DEBUG] coder_eval.evaluation.checker: Criterion 'run_command' score: 0.00
2026-07-24 17:42:56 [INFO] coder_eval.evaluation.checker: Criterion 'run_command' FAILED (score=0.00, threshold=1.00): Command: python3 $TASK_DIR/check_slack_weather_pipeline.py
2026-07-24 17:42:56 [INFO] coder_eval.orchestrator: Success criteria: 1/2 passed, weighted score: 0.375
2026-07-24 17:42:56 [WARNING] coder_eval.orchestrator: Agent exhausted max_turns (40) without passing criteria.
2026-07-24 17:42:56 [DEBUG] coder_eval.utils: Resolved @uipath plugin-tools dir=/usr/lib/node_modules/@uipath from `uip` at /usr/lib/node_modules/@uipath/cli/dist/index.js
2026-07-24 17:42:56 [INFO] coder_eval.orchestrator: Running post-run command: python3 $SKILLS_REPO_PATH/tests/tasks/uipath-maestro-flow/_shared/cleanup_solutions.py
2026-07-24 17:42:58 [WARNING] coder_eval.orchestrator: [post_run stderr] cleanup_solutions: deleted 4236a1e1-a3c0-4d8f-dc67-08dee9aa0ab7 (from SlackWeatherPipeline/SlackWeatherPipeline.uipx)
2026-07-24 17:42:58 [WARNING] coder_eval.orchestrator: [post_run stderr] cleanup_solutions: summary policy=always deleted=1 preserved=0 skipped=0 not_uploaded=0 failed=0
2026-07-24 17:42:58 [INFO] coder_eval.orchestrator: Running post-run command: find . -maxdepth 5 -type d \( -name node_modules -o -name .npm-prefix -o -name .venv \) -prune -exec rm -rf {} +
2026-07-24 17:42:58 [INFO] coder_eval.orchestrator: Sandbox preserved (in-place): /work/output/artifacts/skill-flow-slack-weather-pipeline
2026-07-24 17:42:58 [INFO] coder_eval.orchestrator: Task finished: status=MAX_TURNS_EXHAUSTED duration=624.7s score=0.375 iterations=1
