2026-07-24 20:47:52 [DEBUG] coder_eval.utils: Resolved @uipath plugin-tools dir=/usr/lib/node_modules/@uipath from `uip` at /usr/lib/node_modules/@uipath/cli/dist/index.js
2026-07-24 20:47:52 [INFO] coder_eval.orchestrator: API routing: aws_bedrock
2026-07-24 20:47:52 [DEBUG] coder_eval.criteria: Discovered 14 criterion checkers
2026-07-24 20:47:52 [DEBUG] coder_eval.criteria: Validated 14 criterion checkers
2026-07-24 20:47:52 [DEBUG] coder_eval.utils: Resolved @uipath plugin-tools dir=/usr/lib/node_modules/@uipath from `uip` at /usr/lib/node_modules/@uipath/cli/dist/index.js
2026-07-24 20:47:52 [INFO] coder_eval.orchestrator: Running pre-run command: python3 $SKILLS_REPO_PATH/tests/tasks/uipath-maestro-flow/e2e/jira_lifecycle/seed_jira.py
2026-07-24 20:47:53 [INFO] coder_eval.orchestrator: [pre_run stdout] OK: wrote 3 seed issues (2 High / 1 other), tag=efe17307
2026-07-24 20:47:53 [DEBUG] coder_eval.orchestrator: Sending prompt: Create a new Flow project called "JiraLifecycle" with a manual trigger.

Read `seed.json` in the cur...
2026-07-24 20:47:53 [DEBUG] coder_eval.agents.claude_code_agent: [coder] Starting agent query stream...
2026-07-24 21:02:53 [WARNING] coder_eval.agents.claude_code_agent: [coder] Turn timeout reached mid-stream; breaking out of message loop
2026-07-24 21:02:53 [DEBUG] coder_eval.agents.claude_code_agent: [coder] Agent query stream ended
2026-07-24 21:02:53 [DEBUG] coder_eval.orchestrator: [skill-flow-ipe-jira-lifecycle] Drained partial turn record (attempt 1, iteration 1): 23 commands
2026-07-24 21:02:53 [ERROR] coder_eval.errors.executor: [skill-flow-ipe-jira-lifecycle] Agent communication failed (non-retryable): agent_timeout - Agent turn timed out after 900s (iteration 1)
2026-07-24 21:02:53 [ERROR] coder_eval.orchestrator: Evaluation failed: Agent turn timed out after 900s (iteration 1)
Traceback (most recent call last):
  File "/opt/coder_eval/src/coder_eval/orchestrator.py", line 475, in run
    success = await self._evaluation_loop()
              ^^^^^^^^^^^^^^^^^^^^^^^^^^^^^
  File "/opt/coder_eval/src/coder_eval/orchestrator.py", line 1387, in _evaluation_loop
    turn_record = await self._communicate_with_retry(
                  ^^^^^^^^^^^^^^^^^^^^^^^^^^^^^^^^^^^
    ...<3 lines>...
    )
    ^
  File "/opt/coder_eval/src/coder_eval/orchestrator.py", line 1263, in _communicate_with_retry
    turn_record = await execute_with_retry(
                  ^^^^^^^^^^^^^^^^^^^^^^^^^
    ...<8 lines>...
    )
    ^
  File "/opt/coder_eval/src/coder_eval/errors/executor.py", line 71, in execute_with_retry
    return await operation()
           ^^^^^^^^^^^^^^^^^
  File "/opt/coder_eval/src/coder_eval/orchestrator.py", line 1245, in _communicate_attempt
    return await asyncio.wait_for(coro, timeout=outer_timeout)
           ^^^^^^^^^^^^^^^^^^^^^^^^^^^^^^^^^^^^^^^^^^^^^^^^^^^
  File "/usr/local/lib/python3.13/asyncio/tasks.py", line 507, in wait_for
    return await fut
           ^^^^^^^^^
  File "/opt/coder_eval/src/coder_eval/agents/claude_code_agent.py", line 989, in communicate
    raise TurnTimeoutError(timeout, iteration=self._iteration)
coder_eval.errors.timeout.TurnTimeoutError: Agent turn timed out after 900s (iteration 1)
2026-07-24 21:02:53 [DEBUG] coder_eval.utils: Resolved @uipath plugin-tools dir=/usr/lib/node_modules/@uipath from `uip` at /usr/lib/node_modules/@uipath/cli/dist/index.js
2026-07-24 21:02:53 [INFO] coder_eval.orchestrator: Running post-run command: python3 $SKILLS_REPO_PATH/tests/tasks/uipath-maestro-flow/e2e/jira_lifecycle/teardown_jira.py
2026-07-24 21:02:53 [INFO] coder_eval.orchestrator: [post_run stdout] OK: nothing to delete
2026-07-24 21:02:53 [INFO] coder_eval.orchestrator: Running post-run command: find . -maxdepth 5 -type d \( -name node_modules -o -name .npm-prefix -o -name .venv \) -prune -exec rm -rf {} +
2026-07-24 21:02:53 [INFO] coder_eval.orchestrator: Sandbox preserved (in-place): /work/output/artifacts/skill-flow-ipe-jira-lifecycle
2026-07-24 21:02:53 [INFO] coder_eval.orchestrator: Task finished: status=ERROR duration=904.1s score=0.000 iterations=1
