2026-07-24 20:47:39 [DEBUG] coder_eval.utils: Resolved @uipath plugin-tools dir=/usr/lib/node_modules/@uipath from `uip` at /usr/lib/node_modules/@uipath/cli/dist/index.js
2026-07-24 20:47:39 [INFO] coder_eval.orchestrator: API routing: aws_bedrock
2026-07-24 20:47:39 [DEBUG] coder_eval.criteria: Discovered 14 criterion checkers
2026-07-24 20:47:39 [DEBUG] coder_eval.criteria: Validated 14 criterion checkers
2026-07-24 20:47:39 [DEBUG] coder_eval.utils: Resolved @uipath plugin-tools dir=/usr/lib/node_modules/@uipath from `uip` at /usr/lib/node_modules/@uipath/cli/dist/index.js
2026-07-24 20:47:40 [DEBUG] coder_eval.orchestrator: Sending prompt: Create a new Flow project called "SlackPaginationTest" with a manual
trigger. It should send a Slack...
2026-07-24 20:47:40 [DEBUG] coder_eval.agents.claude_code_agent: [coder] Starting agent query stream...
2026-07-24 20:50:54 [DEBUG] coder_eval.agents.claude_code_agent: [coder] session_id changed: None -> ff0f73d8-08db-48c9-9c56-fe1941bf2738
2026-07-24 20:50:54 [DEBUG] coder_eval.agents.claude_code_agent: [coder] Agent query stream ended
2026-07-24 20:50:54 [DEBUG] coder_eval.utils: Resolved @uipath plugin-tools dir=/usr/lib/node_modules/@uipath from `uip` at /usr/lib/node_modules/@uipath/cli/dist/index.js
2026-07-24 20:50:54 [DEBUG] coder_eval.orchestrator: Agent response received (3975 chars)
2026-07-24 20:50:54 [DEBUG] coder_eval.orchestrator: Checking success criteria
2026-07-24 20:50:54 [DEBUG] coder_eval.evaluation.checker: Criterion 'command_executed' score: 1.00
2026-07-24 20:50:54 [DEBUG] coder_eval.evaluation.checker: Criterion 'command_executed' score: 1.00
2026-07-24 20:50:54 [DEBUG] coder_eval.evaluation.checker: Criterion 'command_executed' score: 1.00
2026-07-24 20:50:54 [DEBUG] coder_eval.evaluation.checker: Criterion 'file_exists' score: 1.00
2026-07-24 20:50:54 [DEBUG] coder_eval.evaluation.checker: Criterion 'file_contains' score: 1.00
2026-07-24 20:50:54 [INFO] coder_eval.orchestrator: Success criteria: 5/5 passed, weighted score: 1.000
2026-07-24 20:50:54 [DEBUG] coder_eval.utils: Resolved @uipath plugin-tools dir=/usr/lib/node_modules/@uipath from `uip` at /usr/lib/node_modules/@uipath/cli/dist/index.js
2026-07-24 20:50:54 [INFO] coder_eval.orchestrator: Running post-run command: find . -maxdepth 5 -type d \( -name node_modules -o -name .npm-prefix -o -name .venv \) -prune -exec rm -rf {} +
2026-07-24 20:50:54 [INFO] coder_eval.orchestrator: Sandbox preserved (in-place): /work/output/artifacts/skill-flow-paginated-reference-lookup
2026-07-24 20:50:54 [INFO] coder_eval.orchestrator: Task finished: status=SUCCESS duration=198.9s score=1.000 iterations=1
