2026-07-22 04:53:40 [DEBUG] coder_eval.utils: Resolved @uipath plugin-tools dir=/usr/lib/node_modules/@uipath from `uip` at /usr/lib/node_modules/@uipath/cli/dist/index.js
2026-07-22 04:53:40 [INFO] coder_eval.orchestrator: API routing: aws_bedrock
2026-07-22 04:53:40 [DEBUG] coder_eval.criteria: Discovered 14 criterion checkers
2026-07-22 04:53:40 [DEBUG] coder_eval.criteria: Validated 14 criterion checkers
2026-07-22 04:53:40 [DEBUG] coder_eval.utils: Resolved @uipath plugin-tools dir=/usr/lib/node_modules/@uipath from `uip` at /usr/lib/node_modules/@uipath/cli/dist/index.js
2026-07-22 04:53:41 [DEBUG] coder_eval.orchestrator: Sending prompt: Load and follow the uipath-maestro-bpmn skill.

Author a single Maestro BPMN file `SubflowDemo.bpmn`...
2026-07-22 04:53:41 [DEBUG] coder_eval.agents.claude_code_agent: [coder] Starting agent query stream...
2026-07-22 04:56:05 [WARNING] coder_eval.agents.claude_code_agent: [coder] Tool use blocked: Bash (id=toolu_bdrk_019K8QS7Wf5gXheMYHJ8nW6S) - permission denied. Error: Exit code 1
WARNING: Running pip as the 'root' user can result in broken permissions and conflicting behaviour with the system package manager, possibly rendering your system unusable. It is recommend
2026-07-22 04:56:37 [DEBUG] coder_eval.agents.claude_code_agent: [coder] session_id changed: None -> a7a87891-c06a-4f1f-ac51-26e245c5aeb9
2026-07-22 04:56:37 [DEBUG] coder_eval.agents.claude_code_agent: [coder] Agent query stream ended
2026-07-22 04:56:37 [DEBUG] coder_eval.utils: Resolved @uipath plugin-tools dir=/usr/lib/node_modules/@uipath from `uip` at /usr/lib/node_modules/@uipath/cli/dist/index.js
2026-07-22 04:56:37 [DEBUG] coder_eval.orchestrator: Agent response received (3033 chars)
2026-07-22 04:56:37 [DEBUG] coder_eval.orchestrator: Checking success criteria
2026-07-22 04:56:37 [DEBUG] coder_eval.evaluation.checker: Criterion 'file_exists' score: 1.00
2026-07-22 04:56:37 [DEBUG] coder_eval.evaluation.checker: Criterion 'file_contains' score: 1.00
2026-07-22 04:56:37 [DEBUG] coder_eval.criteria.run_command: Running command for criterion 'BPMN encapsulates logic in a subProcess (nested start/activity/end) or callActivity, with a shape and resolvable flows': python3 $TASK_DIR/check_subprocess.py
2026-07-22 04:56:37 [DEBUG] coder_eval.sandbox: Command 'python3 $TASK_DIR/check_subprocess.py' exited with code 0
2026-07-22 04:56:37 [DEBUG] coder_eval.sandbox: STDOUT:
---
OK: SubflowDemo.bpmn encapsulates logic in a subProcess with a diagram shape
---
2026-07-22 04:56:37 [DEBUG] coder_eval.evaluation.checker: Criterion 'run_command' score: 1.00
2026-07-22 04:56:37 [DEBUG] coder_eval.evaluation.judge_context: judge_context: include_reference=True but reference not set
2026-07-22 04:56:43 [DEBUG] coder_eval.evaluation.checker: Criterion 'llm_judge' score: 1.00
2026-07-22 04:56:43 [INFO] coder_eval.orchestrator: Success criteria: 4/4 passed, weighted score: 1.000
2026-07-22 04:56:43 [DEBUG] coder_eval.utils: Resolved @uipath plugin-tools dir=/usr/lib/node_modules/@uipath from `uip` at /usr/lib/node_modules/@uipath/cli/dist/index.js
2026-07-22 04:56:43 [INFO] coder_eval.orchestrator: Running post-run command: find . -maxdepth 5 -type d \( -name node_modules -o -name .npm-prefix -o -name .venv \) -prune -exec rm -rf {} +
2026-07-22 04:56:43 [INFO] coder_eval.orchestrator: Sandbox preserved (in-place): /work/output/artifacts/skill-bpmn-subprocess
2026-07-22 04:56:43 [INFO] coder_eval.orchestrator: Task finished: status=SUCCESS duration=184.3s score=1.000 iterations=1
2026-07-22 04:56:43 [DEBUG] coder_eval.evaluation.judge_persistence: spilled 1 judge transcript(s) to /work/output
