2026-07-23 23:57:53 [DEBUG] coder_eval.utils: Resolved @uipath plugin-tools dir=/usr/lib/node_modules/@uipath from `uip` at /usr/lib/node_modules/@uipath/cli/dist/index.js
2026-07-23 23:57:53 [INFO] coder_eval.orchestrator: API routing: aws_bedrock
2026-07-23 23:57:53 [DEBUG] coder_eval.criteria: Discovered 14 criterion checkers
2026-07-23 23:57:53 [DEBUG] coder_eval.criteria: Validated 14 criterion checkers
2026-07-23 23:57:53 [DEBUG] coder_eval.utils: Resolved @uipath plugin-tools dir=/usr/lib/node_modules/@uipath from `uip` at /usr/lib/node_modules/@uipath/cli/dist/index.js
2026-07-23 23:57:53 [DEBUG] coder_eval.orchestrator: Sending prompt: Create a flow called "MultiCityWeather". Loop over Seattle, Phoenix, and New York — for each city, f...
2026-07-23 23:57:54 [DEBUG] coder_eval.agents.claude_code_agent: [coder] Starting agent query stream...
2026-07-24 00:06:19 [DEBUG] coder_eval.agents.claude_code_agent: [coder] session_id changed: None -> 68af5592-98bd-4709-a806-c09865ca0bdd
2026-07-24 00:06:19 [DEBUG] coder_eval.agents.claude_code_agent: [coder] Agent query stream ended
2026-07-24 00:06:19 [DEBUG] coder_eval.utils: Resolved @uipath plugin-tools dir=/usr/lib/node_modules/@uipath from `uip` at /usr/lib/node_modules/@uipath/cli/dist/index.js
2026-07-24 00:06:19 [DEBUG] coder_eval.orchestrator: Agent response received (5782 chars)
2026-07-24 00:06:19 [DEBUG] coder_eval.orchestrator: Checking success criteria
2026-07-24 00:06:19 [DEBUG] coder_eval.criteria.run_command: Running command for criterion 'uip maestro flow validate passes': uip maestro flow validate MultiCityWeather/MultiCityWeather/MultiCityWeather.flow
2026-07-24 00:06:27 [DEBUG] coder_eval.sandbox: Command 'uip maestro flow validate MultiCityWeather/MultiCityWeather/MultiCityWeather.flow' exited with code 0
2026-07-24 00:06:27 [DEBUG] coder_eval.sandbox: STDOUT:
---
{
  "Result": "Success",
  "Code": "FlowValidate",
  "Data": {
    "File": "/work/output/artifacts/skill-flow-multi-city-weather/MultiCityWeather/MultiCityWeather/MultiCityWeather.flow",
    "Status": "Valid"
  }
}
---
2026-07-24 00:06:27 [DEBUG] coder_eval.sandbox: STDERR:
---
[ManifestClient] fetchDynamicNodes ok: total=206 agent context nodes=2 external agent nodes=6 orchestrator nodes=159 IXP nodes=39
---
2026-07-24 00:06:27 [DEBUG] coder_eval.evaluation.checker: Criterion 'run_command' score: 1.00
2026-07-24 00:06:27 [DEBUG] coder_eval.criteria.run_command: Running command for criterion 'Flow debug runs: loop + HTTP + script all execute, output contains all 3 cities': python3 $TASK_DIR/check_multi_city_weather.py
2026-07-24 00:07:02 [DEBUG] coder_eval.sandbox: Command 'python3 $TASK_DIR/check_multi_city_weather.py' exited with code 0
2026-07-24 00:07:02 [DEBUG] coder_eval.sandbox: STDOUT:
---
OK: loop + weather-API node + script all executed, all 3 cities with verdicts present
---
2026-07-24 00:07:02 [DEBUG] coder_eval.evaluation.checker: Criterion 'run_command' score: 1.00
2026-07-24 00:07:02 [INFO] coder_eval.orchestrator: Success criteria: 2/2 passed, weighted score: 1.000
2026-07-24 00:07:02 [DEBUG] coder_eval.utils: Resolved @uipath plugin-tools dir=/usr/lib/node_modules/@uipath from `uip` at /usr/lib/node_modules/@uipath/cli/dist/index.js
2026-07-24 00:07:02 [INFO] coder_eval.orchestrator: Running post-run command: python3 $SKILLS_REPO_PATH/tests/tasks/uipath-maestro-flow/_shared/cleanup_solutions.py
2026-07-24 00:07:03 [WARNING] coder_eval.orchestrator: [post_run stderr] cleanup_solutions: deleted a67eeccc-b13d-44d5-38ca-08dee8fa7d3e (from MultiCityWeather/MultiCityWeather.uipx)
2026-07-24 00:07:03 [WARNING] coder_eval.orchestrator: [post_run stderr] cleanup_solutions: summary policy=always deleted=1 preserved=0 skipped=0 not_uploaded=0 failed=0
2026-07-24 00:07:03 [INFO] coder_eval.orchestrator: Running post-run command: find . -maxdepth 5 -type d \( -name node_modules -o -name .npm-prefix -o -name .venv \) -prune -exec rm -rf {} +
2026-07-24 00:07:03 [INFO] coder_eval.orchestrator: Sandbox preserved (in-place): /work/output/artifacts/skill-flow-multi-city-weather
2026-07-24 00:07:03 [INFO] coder_eval.orchestrator: Task finished: status=SUCCESS duration=559.2s score=1.000 iterations=1
