2026-07-24 19:49:46.540 +00:00 [Information] [UiPath.Studio.Helm] Helm 26.0.199-alpha.24372+Branch.develop.Sha.05660bd2185c0821fdfb3327f4ca46f1101af69e, PID=413
2026-07-24 19:49:46.546 +00:00 [Information] [UiPath.Studio.Helm] Startup: OS=Debian GNU/Linux 13 (trixie), OSArch=X64, ProcArch=X64, Config=Release, LogLevel=Warning (from --log-level), RobotDir=(none), NoDap=False
2026-07-24 19:49:46.723 +00:00 [Warning] [UiPath.Studio.Helm] [Trace:UiPath.Studio.Helm] Robot is not running and --robot-dir was not specified. Start UiPath Assistant or pass --robot-dir to Helm.
2026-07-24 19:49:46.725 +00:00 [Error] [UiPath.Studio.Helm] [Trace:UiPath.Studio.Helm] Robot installation directory not found; falling back to the app's own directory: /home/azureuser/.cache/uipath/helm/1.199.0-dev.20260722.4/
2026-07-24 19:49:46.773 +00:00 [Error] [UiPath.Studio.Helm] [Trace:UiPath.Studio.Helm] '/tmp/UiPathUserServices_root' pipe not found. Make sure the service host is started.
2026-07-24 19:50:26.791 +00:00 [Warning] [UiPath.Studio.Helm] Failed to resolve connection settings
  Exception: System.TimeoutException: GetResourceUrl timed out.
 ---> System.OperationCanceledException: The operation was canceled.
   at System.Threading.CancellationToken.ThrowOperationCanceledException()
   at System.Threading.CancellationToken.ThrowIfCancellationRequested()
   at System.IO.Pipes.NamedPipeClientStream.ConnectInternal(Int32 timeout, CancellationToken cancellationToken, Int32 startTime)
   at System.Threading.ExecutionContext.RunFromThreadPoolDispatchLoop(Thread threadPoolThread, ExecutionContext executionContext, ContextCallback callback, Object state)
--- End of stack trace from previous location ---
   at System.Threading.ExecutionContext.RunFromThreadPoolDispatchLoop(Thread threadPoolThread, ExecutionContext executionContext, ContextCallback callback, Object state)
   at System.Threading.Tasks.Task.ExecuteWithThreadLocal(Task& currentTaskSlot, Thread threadPoolThread)
--- End of stack trace from previous location ---
   at UiPath.Ipc.Transport.NamedPipe.NamedPipeClientState.Connect(IpcClient client, CancellationToken ct)
   at UiPath.Ipc.ServiceClientProper.Connect(CancellationToken ct)
   at UiPath.Ipc.ServiceClientProper.EnsureConnection(CancellationToken ct)
   at UiPath.Ipc.ServiceClient.<>c__DisplayClass17_0`1.<<Invoke>g__Invoke|0>d.MoveNext()
   --- End of inner exception stack trace ---
   at UiPath.Ipc.TimeoutHelper.ThrowTimeout(Exception exception, String message)
   at UiPath.Ipc.ServiceClient.<>c__DisplayClass17_0`1.<<Invoke>g__Invoke|0>d.MoveNext()
--- End of stack trace from previous location ---
   at UiPath.Studio.Helm.Activities.HelmAccessProvider.GetResourceUrl(String scope, CancellationToken cancellationToken)
   at UiPath.Studio.Helm.Cloud.HelmConnectionSettingsService.GetFreshSettings(CancellationToken cancellationToken)
2026-07-24 19:50:28.455 +00:00 [Error] [UiPath.Studio.Helm] [Trace:UiPath.Studio.Helm] UiPath.Ipc.ServerConnection 12036987 IInteropProjectService OpenProject 1. # UiPath.Studio.Helm.Project.HelmProjectLoadException: Not a UiPath project at '/work/output/artifacts/skill-flow-devcon-billing-invoice-lookup': project.json is missing. Pass a directory containing a UiPath project.
 ---> System.IO.FileNotFoundException: Could not find file '/work/output/artifacts/skill-flow-devcon-billing-invoice-lookup/project.json'.
File name: '/work/output/artifacts/skill-flow-devcon-billing-invoice-lookup/project.json'
   at Interop.ThrowExceptionForIoErrno(ErrorInfo errorInfo, String path, Boolean isDirError)
   at Microsoft.Win32.SafeHandles.SafeFileHandle.Open(String path, OpenFlags flags, Int32 mode, Boolean failForSymlink, Boolean& wasSymlink, Func`4 createOpenException)
   at Microsoft.Win32.SafeHandles.SafeFileHandle.Open(String fullPath, FileMode mode, FileAccess access, FileShare share, FileOptions options, Int64 preallocationSize, UnixFileMode openPermissions, Int64& fileLength, UnixFileMode& filePermissions, Boolean failForSymlink, Boolean& wasSymlink, Func`4 createOpenException)
   at System.IO.Strategies.OSFileStreamStrategy..ctor(String path, FileMode mode, FileAccess access, FileShare share, FileOptions options, Int64 preallocationSize, Nullable`1 unixCreateMode)
   at System.IO.StreamReader.ValidateArgsAndOpenPath(String path, Encoding encoding, Int32 bufferSize)
   at System.IO.File.ReadAllText(String path, Encoding encoding)
   at UiPath.Project.WorkflowProjectRepository.OpenProjectFromPath(String projectPath)
   at UiPath.WorkflowCompiler.WorkflowCompilerExecutorFactory.CreateExecutor(IExecutorCommand command)
   at UiPath.Studio.Helm.Project.HelmProjectSession.CreateExecutorContext(IServiceLocator serviceLocator, String projectDir)
   at UiPath.Studio.Helm.Project.HelmProjectSession.LoadAsync(String projectDir, CancellationToken ct)
   at UiPath.Studio.Helm.Interop.HelmProjectService.OpenProject(String projectDir)
   --- End of inner exception stack trace ---
   at UiPath.Studio.Helm.Interop.HelmProjectService.OpenProject(String projectDir)
   at UiPath.Studio.Helm.Hosting.HelmCallScopeProxy`1.AwaitAndDisposeGeneric[TResult](Task task, IDisposable scope)
   at UiPath.Studio.Helm.Entitlements.HelmEntitlementProxy`1.WrapGenericAsync[TResult](MethodInfo method, Object[] args)
   at UiPath.Ipc.Server.<>c__DisplayClass19_1.<<HandleRequest>g__MethodCall|3>d.MoveNext()
--- End of stack trace from previous location ---
   at UiPath.Ipc.Server.<>c__DisplayClass19_0.<<HandleRequest>g__InvokeMethod|0>d.MoveNext()
--- End of stack trace from previous location ---
   at System.Runtime.CompilerServices.PoolingAsyncValueTaskMethodBuilder`1.StateMachineBox`1.System.Threading.Tasks.Sources.IValueTaskSource<TResult>.GetResult(Int16 token)
   at UiPath.Ipc.Server.HandleRequest(Method method, Route route, Request request, CancellationToken cancellationToken)
   at System.Runtime.CompilerServices.PoolingAsyncValueTaskMethodBuilder`1.StateMachineBox`1.System.Threading.Tasks.Sources.IValueTaskSource<TResult>.GetResult(Int16 token)
   at UiPath.Ipc.Server.OnRequestReceived(Request request)
