2026-07-23 23:57:54 [DEBUG] coder_eval.utils: Resolved @uipath plugin-tools dir=/usr/lib/node_modules/@uipath from `uip` at /usr/lib/node_modules/@uipath/cli/dist/index.js
2026-07-23 23:57:54 [INFO] coder_eval.orchestrator: API routing: aws_bedrock
2026-07-23 23:57:54 [DEBUG] coder_eval.criteria: Discovered 14 criterion checkers
2026-07-23 23:57:54 [DEBUG] coder_eval.criteria: Validated 14 criterion checkers
2026-07-23 23:57:54 [DEBUG] coder_eval.utils: Resolved @uipath plugin-tools dir=/usr/lib/node_modules/@uipath from `uip` at /usr/lib/node_modules/@uipath/cli/dist/index.js
2026-07-23 23:57:55 [DEBUG] coder_eval.orchestrator: Sending prompt: Create a UiPath Flow project named "ParallelSync" that runs two branches in
parallel and synchronize...
2026-07-23 23:57:55 [DEBUG] coder_eval.agents.claude_code_agent: [coder] Starting agent query stream...
2026-07-24 00:00:16 [DEBUG] coder_eval.agents.claude_code_agent: [coder] session_id changed: None -> 805ba5a3-b313-4819-b6ba-ac45bcc48ea5
2026-07-24 00:00:16 [DEBUG] coder_eval.agents.claude_code_agent: [coder] Agent query stream ended
2026-07-24 00:00:16 [DEBUG] coder_eval.utils: Resolved @uipath plugin-tools dir=/usr/lib/node_modules/@uipath from `uip` at /usr/lib/node_modules/@uipath/cli/dist/index.js
2026-07-24 00:00:16 [DEBUG] coder_eval.orchestrator: Agent response received (3283 chars)
2026-07-24 00:00:16 [DEBUG] coder_eval.orchestrator: Checking success criteria
2026-07-24 00:00:16 [DEBUG] coder_eval.criteria.run_command: Running command for criterion 'uip maestro flow validate passes on the flow file': uip maestro flow validate ParallelSync/ParallelSync/ParallelSync.flow
2026-07-24 00:00:21 [DEBUG] coder_eval.sandbox: Command 'uip maestro flow validate ParallelSync/ParallelSync/ParallelSync.flow' exited with code 0
2026-07-24 00:00:21 [DEBUG] coder_eval.sandbox: STDOUT:
---
{
  "Result": "Success",
  "Code": "FlowValidate",
  "Data": {
    "File": "/work/output/artifacts/skill-flow-merge-parallel-sync/ParallelSync/ParallelSync/ParallelSync.flow",
    "Status": "Valid"
  }
}
---
2026-07-24 00:00:21 [DEBUG] coder_eval.sandbox: STDERR:
---
[ManifestClient] fetchDynamicNodes ok: total=206 agent context nodes=2 external agent nodes=6 orchestrator nodes=159 IXP nodes=39
---
2026-07-24 00:00:21 [DEBUG] coder_eval.evaluation.checker: Criterion 'run_command' score: 1.00
2026-07-24 00:00:21 [DEBUG] coder_eval.criteria.run_command: Running command for criterion 'Exactly one core.logic.merge with >=2 distinct branches converging, a fork upstream, and a downstream continuation': python3 $TASK_DIR/check_merge_parallel_sync_flow.py
2026-07-24 00:00:21 [DEBUG] coder_eval.sandbox: Command 'python3 $TASK_DIR/check_merge_parallel_sync_flow.py' exited with code 0
2026-07-24 00:00:21 [DEBUG] coder_eval.sandbox: STDOUT:
---
OK: exactly one core.logic.merge ('merge'); 2 distinct branches converge on it (['branchA', 'branchB']); fork present; merge continues downstream; definition carries bpmn:ParallelGateway
---
2026-07-24 00:00:21 [DEBUG] coder_eval.evaluation.checker: Criterion 'run_command' score: 1.00
2026-07-24 00:00:21 [INFO] coder_eval.orchestrator: Success criteria: 2/2 passed, weighted score: 1.000
2026-07-24 00:00:21 [DEBUG] coder_eval.utils: Resolved @uipath plugin-tools dir=/usr/lib/node_modules/@uipath from `uip` at /usr/lib/node_modules/@uipath/cli/dist/index.js
2026-07-24 00:00:21 [INFO] coder_eval.orchestrator: Running post-run command: find . -maxdepth 5 -type d \( -name node_modules -o -name .npm-prefix -o -name .venv \) -prune -exec rm -rf {} +
2026-07-24 00:00:21 [INFO] coder_eval.orchestrator: Sandbox preserved (in-place): /work/output/artifacts/skill-flow-merge-parallel-sync
2026-07-24 00:00:21 [INFO] coder_eval.orchestrator: Task finished: status=SUCCESS duration=156.5s score=1.000 iterations=1
