2026-07-23 20:49:12 [DEBUG] coder_eval.utils: Resolved @uipath plugin-tools dir=/usr/lib/node_modules/@uipath from `uip` at /usr/lib/node_modules/@uipath/cli/dist/index.js
2026-07-23 20:49:12 [INFO] coder_eval.orchestrator: API routing: aws_bedrock
2026-07-23 20:49:12 [DEBUG] coder_eval.criteria: Discovered 14 criterion checkers
2026-07-23 20:49:12 [DEBUG] coder_eval.criteria: Validated 14 criterion checkers
2026-07-23 20:49:12 [DEBUG] coder_eval.utils: Resolved @uipath plugin-tools dir=/usr/lib/node_modules/@uipath from `uip` at /usr/lib/node_modules/@uipath/cli/dist/index.js
2026-07-23 20:49:12 [INFO] coder_eval.orchestrator: Running pre-run command: python3 $SKILLS_REPO_PATH/tests/tasks/uipath-maestro-flow/e2e/jira_lifecycle/seed_jira.py
2026-07-23 20:49:12 [INFO] coder_eval.orchestrator: [pre_run stdout] OK: wrote 3 seed issues (2 High / 1 other), tag=52e33bee
2026-07-23 20:49:12 [DEBUG] coder_eval.orchestrator: Sending prompt: Create a new Flow project called "JiraLifecycle" with a manual trigger.

Read `seed.json` in the cur...
2026-07-23 20:49:13 [DEBUG] coder_eval.agents.claude_code_agent: [coder] Starting agent query stream...
2026-07-23 20:57:27 [DEBUG] coder_eval.agents.claude_code_agent: [coder] session_id changed: None -> 923d9920-8bd1-4322-917d-a13c8fc4158a
2026-07-23 20:57:27 [DEBUG] coder_eval.agents.claude_code_agent: [coder] Agent query stream ended
2026-07-23 20:57:27 [DEBUG] coder_eval.utils: Resolved @uipath plugin-tools dir=/usr/lib/node_modules/@uipath from `uip` at /usr/lib/node_modules/@uipath/cli/dist/index.js
2026-07-23 20:57:27 [DEBUG] coder_eval.orchestrator: Agent response received (4487 chars)
2026-07-23 20:57:27 [DEBUG] coder_eval.orchestrator: Checking success criteria
2026-07-23 20:57:27 [DEBUG] coder_eval.evaluation.checker: Criterion 'command_executed' score: 1.00
2026-07-23 20:57:27 [DEBUG] coder_eval.criteria.run_command: Running command for criterion 'JiraLifecycle checks: valid flow with a loop + switch over the Jira connector, debug creates every seeded issue, and each carries the comment its priority branch should have posted': python3 $TASK_DIR/check_jira_lifecycle.py
2026-07-23 20:58:10 [DEBUG] coder_eval.sandbox: Command 'python3 $TASK_DIR/check_jira_lifecycle.py' exited with code 0
2026-07-23 20:58:10 [DEBUG] coder_eval.sandbox: STDOUT:
---
OK: flow references uipath-atlassian-jira
OK: flow contains a loop node and a switch/decision node
OK: flow debug completed
OK: candidate keys from debug: ['CE-123', 'CE-124', 'CE-125']
OK: all 3 issues created and each carries its correct branch comment
PASS: all JiraLifecycle checks passed
---
2026-07-23 20:58:10 [DEBUG] coder_eval.evaluation.checker: Criterion 'run_command' score: 1.00
2026-07-23 20:58:10 [INFO] coder_eval.orchestrator: Success criteria: 2/2 passed, weighted score: 1.000
2026-07-23 20:58:10 [DEBUG] coder_eval.utils: Resolved @uipath plugin-tools dir=/usr/lib/node_modules/@uipath from `uip` at /usr/lib/node_modules/@uipath/cli/dist/index.js
2026-07-23 20:58:10 [INFO] coder_eval.orchestrator: Running post-run command: python3 $SKILLS_REPO_PATH/tests/tasks/uipath-maestro-flow/e2e/jira_lifecycle/teardown_jira.py
2026-07-23 20:58:14 [INFO] coder_eval.orchestrator: [post_run stdout] OK: deleted CE-123
2026-07-23 20:58:15 [INFO] coder_eval.orchestrator: [post_run stdout] OK: deleted CE-124
2026-07-23 20:58:16 [INFO] coder_eval.orchestrator: [post_run stdout] OK: deleted CE-125
2026-07-23 20:58:16 [INFO] coder_eval.orchestrator: Running post-run command: find . -maxdepth 5 -type d \( -name node_modules -o -name .npm-prefix -o -name .venv \) -prune -exec rm -rf {} +
2026-07-23 20:58:16 [INFO] coder_eval.orchestrator: Sandbox preserved (in-place): /work/output/artifacts/skill-flow-ipe-jira-lifecycle
2026-07-23 20:58:16 [INFO] coder_eval.orchestrator: Task finished: status=SUCCESS duration=546.4s score=1.000 iterations=1
