2026-07-22 05:12:27 [DEBUG] coder_eval.utils: Resolved @uipath plugin-tools dir=/usr/lib/node_modules/@uipath from `uip` at /usr/lib/node_modules/@uipath/cli/dist/index.js
2026-07-22 05:12:27 [INFO] coder_eval.orchestrator: API routing: aws_bedrock
2026-07-22 05:12:27 [DEBUG] coder_eval.criteria: Discovered 14 criterion checkers
2026-07-22 05:12:27 [DEBUG] coder_eval.criteria: Validated 14 criterion checkers
2026-07-22 05:12:27 [DEBUG] coder_eval.utils: Resolved @uipath plugin-tools dir=/usr/lib/node_modules/@uipath from `uip` at /usr/lib/node_modules/@uipath/cli/dist/index.js
2026-07-22 05:12:27 [DEBUG] coder_eval.orchestrator: Sending prompt: Create a UiPath Maestro BPMN Process Orchestration project at:
  ScriptNormalizer/ScriptNormalizer

...
2026-07-22 05:12:27 [DEBUG] coder_eval.agents.claude_code_agent: [coder] Starting agent query stream...
2026-07-22 05:14:57 [DEBUG] coder_eval.agents.claude_code_agent: [coder] session_id changed: None -> 657f6fd5-9203-49be-bf29-2bc995d90a68
2026-07-22 05:14:57 [DEBUG] coder_eval.agents.claude_code_agent: [coder] Agent query stream ended
2026-07-22 05:14:57 [DEBUG] coder_eval.utils: Resolved @uipath plugin-tools dir=/usr/lib/node_modules/@uipath from `uip` at /usr/lib/node_modules/@uipath/cli/dist/index.js
2026-07-22 05:14:57 [DEBUG] coder_eval.orchestrator: Agent response received (4310 chars)
2026-07-22 05:14:57 [DEBUG] coder_eval.orchestrator: Checking success criteria
2026-07-22 05:14:57 [DEBUG] coder_eval.evaluation.checker: Criterion 'file_exists' score: 1.00
2026-07-22 05:14:57 [DEBUG] coder_eval.criteria.run_command: Running command for criterion 'Script task uses JavaScript/v3 Jint-safe source and package lifecycle files': python3 $TASK_DIR/check_script_jint_lifecycle.py
2026-07-22 05:14:57 [DEBUG] coder_eval.sandbox: Command 'python3 $TASK_DIR/check_script_jint_lifecycle.py' exited with code 0
2026-07-22 05:14:57 [DEBUG] coder_eval.sandbox: STDOUT:
---
OK: scriptTask uses JavaScript/v3 Jint-safe source and package lifecycle files
---
2026-07-22 05:14:57 [DEBUG] coder_eval.evaluation.checker: Criterion 'run_command' score: 1.00
2026-07-22 05:14:57 [INFO] coder_eval.orchestrator: Success criteria: 2/2 passed, weighted score: 1.000
2026-07-22 05:14:57 [DEBUG] coder_eval.utils: Resolved @uipath plugin-tools dir=/usr/lib/node_modules/@uipath from `uip` at /usr/lib/node_modules/@uipath/cli/dist/index.js
2026-07-22 05:14:57 [INFO] coder_eval.orchestrator: Running post-run command: find . -maxdepth 5 -type d \( -name node_modules -o -name .npm-prefix -o -name .venv \) -prune -exec rm -rf {} +
2026-07-22 05:14:57 [INFO] coder_eval.orchestrator: Sandbox preserved (in-place): /work/output/artifacts/skill-bpmn-script-jint-lifecycle
2026-07-22 05:14:57 [INFO] coder_eval.orchestrator: Task finished: status=SUCCESS duration=151.5s score=1.000 iterations=1
