2026-07-24 20:09:23 [DEBUG] coder_eval.utils: Resolved @uipath plugin-tools dir=/usr/lib/node_modules/@uipath from `uip` at /usr/lib/node_modules/@uipath/cli/dist/index.js
2026-07-24 20:09:23 [INFO] coder_eval.orchestrator: API routing: aws_bedrock
2026-07-24 20:09:23 [DEBUG] coder_eval.criteria: Discovered 14 criterion checkers
2026-07-24 20:09:23 [DEBUG] coder_eval.criteria: Validated 14 criterion checkers
2026-07-24 20:09:23 [DEBUG] coder_eval.utils: Resolved @uipath plugin-tools dir=/usr/lib/node_modules/@uipath from `uip` at /usr/lib/node_modules/@uipath/cli/dist/index.js
2026-07-24 20:09:23 [DEBUG] coder_eval.orchestrator: Sending prompt: You are working on an existing UiPath Flow named "ContractReview".

Step 1 — Build the base flow:
Cr...
2026-07-24 20:09:24 [DEBUG] coder_eval.agents.claude_code_agent: [coder] Starting agent query stream...
2026-07-24 20:15:46 [DEBUG] coder_eval.agents.claude_code_agent: [coder] session_id changed: None -> 12a4ee43-afab-42c5-a837-0e7bbe213e76
2026-07-24 20:15:46 [DEBUG] coder_eval.agents.claude_code_agent: [coder] Agent query stream ended
2026-07-24 20:15:46 [DEBUG] coder_eval.utils: Resolved @uipath plugin-tools dir=/usr/lib/node_modules/@uipath from `uip` at /usr/lib/node_modules/@uipath/cli/dist/index.js
2026-07-24 20:15:46 [DEBUG] coder_eval.orchestrator: Agent response received (7002 chars)
2026-07-24 20:15:46 [DEBUG] coder_eval.orchestrator: Checking success criteria
2026-07-24 20:15:46 [DEBUG] coder_eval.criteria.run_command: Running command for criterion 'uip maestro flow validate passes after brownfield insert': uip maestro flow validate ContractReview/ContractReview/ContractReview.flow --output json
2026-07-24 20:15:50 [DEBUG] coder_eval.sandbox: Command 'uip maestro flow validate ContractReview/ContractReview/ContractReview.flow --output json' exited with code 0
2026-07-24 20:15:50 [DEBUG] coder_eval.sandbox: STDOUT:
---
{
  "Result": "Success",
  "Code": "FlowValidate",
  "Data": {
    "File": "/work/output/artifacts/skill-flow-hitl-quality-brownfield-insert/ContractReview/ContractReview/ContractReview.flow",
    "Status": "Valid"
  }
}
---
2026-07-24 20:15:50 [DEBUG] coder_eval.sandbox: STDERR:
---
[ManifestClient] fetchDynamicNodes ok: total=207 agent context nodes=2 external agent nodes=6 orchestrator nodes=158 IXP nodes=41
---
2026-07-24 20:15:50 [DEBUG] coder_eval.evaluation.checker: Criterion 'run_command' score: 1.00
2026-07-24 20:15:50 [DEBUG] coder_eval.evaluation.checker: Criterion 'file_contains' score: 1.00
2026-07-24 20:15:50 [DEBUG] coder_eval.evaluation.checker: Criterion 'file_contains' score: 1.00
2026-07-24 20:15:50 [DEBUG] coder_eval.evaluation.checker: Criterion 'file_contains' score: 1.00
2026-07-24 20:15:50 [DEBUG] coder_eval.evaluation.checker: Criterion 'file_contains' score: 1.00
2026-07-24 20:15:50 [INFO] coder_eval.orchestrator: Success criteria: 5/5 passed, weighted score: 1.000
2026-07-24 20:15:50 [WARNING] coder_eval.orchestrator: Visible turns (54) exceeded expected_turns (34) at iteration 1 for task skill-flow-hitl-quality-brownfield-insert. Run continues — max_turns remains the hard cap.
2026-07-24 20:15:50 [DEBUG] coder_eval.utils: Resolved @uipath plugin-tools dir=/usr/lib/node_modules/@uipath from `uip` at /usr/lib/node_modules/@uipath/cli/dist/index.js
2026-07-24 20:15:50 [INFO] coder_eval.orchestrator: Running post-run command: find . -maxdepth 5 -type d \( -name node_modules -o -name .npm-prefix -o -name .venv \) -prune -exec rm -rf {} +
2026-07-24 20:15:50 [INFO] coder_eval.orchestrator: Sandbox preserved (in-place): /work/output/artifacts/skill-flow-hitl-quality-brownfield-insert
2026-07-24 20:15:50 [INFO] coder_eval.orchestrator: Task finished: status=SUCCESS duration=391.7s score=1.000 iterations=1
