2026-07-22 04:57:51 [DEBUG] coder_eval.utils: Resolved @uipath plugin-tools dir=/usr/lib/node_modules/@uipath from `uip` at /usr/lib/node_modules/@uipath/cli/dist/index.js
2026-07-22 04:57:51 [INFO] coder_eval.orchestrator: API routing: aws_bedrock
2026-07-22 04:57:51 [DEBUG] coder_eval.criteria: Discovered 14 criterion checkers
2026-07-22 04:57:51 [DEBUG] coder_eval.criteria: Validated 14 criterion checkers
2026-07-22 04:57:51 [DEBUG] coder_eval.utils: Resolved @uipath plugin-tools dir=/usr/lib/node_modules/@uipath from `uip` at /usr/lib/node_modules/@uipath/cli/dist/index.js
2026-07-22 04:57:51 [DEBUG] coder_eval.orchestrator: Sending prompt: Load and follow the uipath-maestro-bpmn skill, and apply its public-safety
rules (references/public-...
2026-07-22 04:57:51 [DEBUG] coder_eval.agents.claude_code_agent: [coder] Starting agent query stream...
2026-07-22 04:58:25 [DEBUG] coder_eval.agents.claude_code_agent: [coder] session_id changed: None -> 85d90dfe-c17e-4798-8461-f5588dce25a5
2026-07-22 04:58:25 [DEBUG] coder_eval.agents.claude_code_agent: [coder] Agent query stream ended
2026-07-22 04:58:25 [DEBUG] coder_eval.utils: Resolved @uipath plugin-tools dir=/usr/lib/node_modules/@uipath from `uip` at /usr/lib/node_modules/@uipath/cli/dist/index.js
2026-07-22 04:58:25 [DEBUG] coder_eval.orchestrator: Agent response received (2242 chars)
2026-07-22 04:58:25 [DEBUG] coder_eval.orchestrator: Checking success criteria
2026-07-22 04:58:25 [DEBUG] coder_eval.evaluation.checker: Criterion 'file_exists' score: 1.00
2026-07-22 04:58:25 [DEBUG] coder_eval.evaluation.checker: Criterion 'file_contains' score: 1.00
2026-07-22 04:58:25 [DEBUG] coder_eval.evaluation.checker: Criterion 'file_contains' score: 1.00
2026-07-22 04:58:25 [DEBUG] coder_eval.criteria.run_command: Running command for criterion 'No seeded private data remains, no real tenant host, placeholders adopted, graph intact': python3 $TASK_DIR/check_sanitize.py
2026-07-22 04:58:25 [DEBUG] coder_eval.sandbox: Command 'python3 $TASK_DIR/check_sanitize.py' exited with code 0
2026-07-22 04:58:25 [DEBUG] coder_eval.sandbox: STDOUT:
---
OK: CustomerExport.bpmn sanitized — no seeded private data remains and the graph is intact
---
2026-07-22 04:58:25 [DEBUG] coder_eval.evaluation.checker: Criterion 'run_command' score: 1.00
2026-07-22 04:58:25 [INFO] coder_eval.orchestrator: Success criteria: 4/4 passed, weighted score: 1.000
2026-07-22 04:58:25 [DEBUG] coder_eval.utils: Resolved @uipath plugin-tools dir=/usr/lib/node_modules/@uipath from `uip` at /usr/lib/node_modules/@uipath/cli/dist/index.js
2026-07-22 04:58:25 [INFO] coder_eval.orchestrator: Running post-run command: find . -maxdepth 5 -type d \( -name node_modules -o -name .npm-prefix -o -name .venv \) -prune -exec rm -rf {} +
2026-07-22 04:58:25 [INFO] coder_eval.orchestrator: Sandbox preserved (in-place): /work/output/artifacts/skill-bpmn-safety-sanitize
2026-07-22 04:58:25 [INFO] coder_eval.orchestrator: Task finished: status=SUCCESS duration=35.5s score=1.000 iterations=1
