2026-07-22 04:33:41 [DEBUG] coder_eval.utils: Resolved @uipath plugin-tools dir=/usr/lib/node_modules/@uipath from `uip` at /usr/lib/node_modules/@uipath/cli/dist/index.js
2026-07-22 04:33:41 [INFO] coder_eval.orchestrator: API routing: aws_bedrock
2026-07-22 04:33:41 [DEBUG] coder_eval.criteria: Discovered 14 criterion checkers
2026-07-22 04:33:41 [DEBUG] coder_eval.criteria: Validated 14 criterion checkers
2026-07-22 04:33:41 [DEBUG] coder_eval.utils: Resolved @uipath plugin-tools dir=/usr/lib/node_modules/@uipath from `uip` at /usr/lib/node_modules/@uipath/cli/dist/index.js
2026-07-22 04:33:41 [DEBUG] coder_eval.orchestrator: Sending prompt: Create a local BPMN project named "ExpenseApprovalBpmn" with this process:

1. Manual start.
2. HITL...
2026-07-22 04:33:41 [DEBUG] coder_eval.agents.claude_code_agent: [coder] Starting agent query stream...
2026-07-22 04:36:39 [DEBUG] coder_eval.agents.claude_code_agent: [coder] session_id changed: None -> 210e3ced-7fa6-4252-aefd-65a1e04c729f
2026-07-22 04:36:39 [DEBUG] coder_eval.agents.claude_code_agent: [coder] Agent query stream ended
2026-07-22 04:36:39 [DEBUG] coder_eval.utils: Resolved @uipath plugin-tools dir=/usr/lib/node_modules/@uipath from `uip` at /usr/lib/node_modules/@uipath/cli/dist/index.js
2026-07-22 04:36:39 [DEBUG] coder_eval.orchestrator: Agent response received (4485 chars)
2026-07-22 04:36:39 [DEBUG] coder_eval.orchestrator: Checking success criteria
2026-07-22 04:36:39 [DEBUG] coder_eval.evaluation.checker: Criterion 'file_exists' score: 1.00
2026-07-22 04:36:39 [DEBUG] coder_eval.evaluation.checker: Criterion 'file_contains' score: 1.00
2026-07-22 04:36:39 [DEBUG] coder_eval.criteria.run_command: Running command for criterion 'A downstream gateway condition references the HITL output variable': python3 $TASK_DIR/check_quality_result_downstream.py
2026-07-22 04:36:40 [DEBUG] coder_eval.sandbox: Command 'python3 $TASK_DIR/check_quality_result_downstream.py' exited with code 0
2026-07-22 04:36:40 [DEBUG] coder_eval.sandbox: STDOUT:
---
OK: ExpenseApprovalBpmn/ExpenseApprovalBpmn.bpmn routes downstream on the HITL decision variable(s) ['Var_ReviewResult']
---
2026-07-22 04:36:40 [DEBUG] coder_eval.evaluation.checker: Criterion 'run_command' score: 1.00
2026-07-22 04:36:40 [INFO] coder_eval.orchestrator: Success criteria: 3/3 passed, weighted score: 1.000
2026-07-22 04:36:40 [DEBUG] coder_eval.utils: Resolved @uipath plugin-tools dir=/usr/lib/node_modules/@uipath from `uip` at /usr/lib/node_modules/@uipath/cli/dist/index.js
2026-07-22 04:36:40 [INFO] coder_eval.orchestrator: Running post-run command: find . -maxdepth 5 -type d \( -name node_modules -o -name .npm-prefix -o -name .venv \) -prune -exec rm -rf {} +
2026-07-22 04:36:40 [INFO] coder_eval.orchestrator: Sandbox preserved (in-place): /work/output/artifacts/skill-bpmn-hitl-result-downstream
2026-07-22 04:36:40 [INFO] coder_eval.orchestrator: Task finished: status=SUCCESS duration=180.2s score=1.000 iterations=1
