2026-07-24 20:05:08 [DEBUG] coder_eval.utils: Resolved @uipath plugin-tools dir=/usr/lib/node_modules/@uipath from `uip` at /usr/lib/node_modules/@uipath/cli/dist/index.js
2026-07-24 20:05:08 [INFO] coder_eval.orchestrator: API routing: aws_bedrock
2026-07-24 20:05:08 [DEBUG] coder_eval.criteria: Discovered 14 criterion checkers
2026-07-24 20:05:08 [DEBUG] coder_eval.criteria: Validated 14 criterion checkers
2026-07-24 20:05:08 [DEBUG] coder_eval.utils: Resolved @uipath plugin-tools dir=/usr/lib/node_modules/@uipath from `uip` at /usr/lib/node_modules/@uipath/cli/dist/index.js
2026-07-24 20:05:08 [DEBUG] coder_eval.orchestrator: Sending prompt: I want to build a UiPath Flow that makes an HTTP request and processes the
response with a script. B...
2026-07-24 20:05:09 [DEBUG] coder_eval.agents.claude_code_agent: [coder] Starting agent query stream...
2026-07-24 20:06:34 [DEBUG] coder_eval.agents.claude_code_agent: [coder] session_id changed: None -> acd6ca52-f80e-44f4-b53a-97fccc1a00d6
2026-07-24 20:06:34 [DEBUG] coder_eval.agents.claude_code_agent: [coder] Agent query stream ended
2026-07-24 20:06:34 [DEBUG] coder_eval.utils: Resolved @uipath plugin-tools dir=/usr/lib/node_modules/@uipath from `uip` at /usr/lib/node_modules/@uipath/cli/dist/index.js
2026-07-24 20:06:34 [DEBUG] coder_eval.orchestrator: Agent response received (8879 chars)
2026-07-24 20:06:34 [DEBUG] coder_eval.orchestrator: Checking success criteria
2026-07-24 20:06:34 [DEBUG] coder_eval.evaluation.checker: Criterion 'command_executed' score: 1.00
2026-07-24 20:06:34 [DEBUG] coder_eval.evaluation.checker: Criterion 'command_executed' score: 1.00
2026-07-24 20:06:34 [DEBUG] coder_eval.evaluation.checker: Criterion 'command_executed' score: 1.00
2026-07-24 20:06:34 [DEBUG] coder_eval.evaluation.checker: Criterion 'command_executed' score: 1.00
2026-07-24 20:06:34 [INFO] coder_eval.orchestrator: Success criteria: 4/4 passed, weighted score: 1.000
2026-07-24 20:06:34 [WARNING] coder_eval.orchestrator: Visible turns (16) exceeded expected_turns (9) at iteration 1 for task skill-flow-registry-discovery. Run continues — max_turns remains the hard cap.
2026-07-24 20:06:34 [DEBUG] coder_eval.utils: Resolved @uipath plugin-tools dir=/usr/lib/node_modules/@uipath from `uip` at /usr/lib/node_modules/@uipath/cli/dist/index.js
2026-07-24 20:06:34 [INFO] coder_eval.orchestrator: Running post-run command: find . -maxdepth 5 -type d \( -name node_modules -o -name .npm-prefix -o -name .venv \) -prune -exec rm -rf {} +
2026-07-24 20:06:34 [INFO] coder_eval.orchestrator: Sandbox preserved (in-place): /work/output/artifacts/skill-flow-registry-discovery
2026-07-24 20:06:34 [INFO] coder_eval.orchestrator: Task finished: status=SUCCESS duration=88.4s score=1.000 iterations=1
