2026-07-24 20:26:53 [DEBUG] coder_eval.utils: Resolved @uipath plugin-tools dir=/usr/lib/node_modules/@uipath from `uip` at /usr/lib/node_modules/@uipath/cli/dist/index.js
2026-07-24 20:26:53 [INFO] coder_eval.orchestrator: API routing: aws_bedrock
2026-07-24 20:26:54 [DEBUG] coder_eval.criteria: Discovered 14 criterion checkers
2026-07-24 20:26:54 [DEBUG] coder_eval.criteria: Validated 14 criterion checkers
2026-07-24 20:26:54 [DEBUG] coder_eval.utils: Resolved @uipath plugin-tools dir=/usr/lib/node_modules/@uipath from `uip` at /usr/lib/node_modules/@uipath/cli/dist/index.js
2026-07-24 20:26:54 [DEBUG] coder_eval.orchestrator: Sending prompt: Build a UiPath Flow project named "InvoiceRouter" that processes vendor
invoices:

1. Manual trigger...
2026-07-24 20:26:54 [DEBUG] coder_eval.agents.claude_code_agent: [coder] Starting agent query stream...
2026-07-24 20:35:29 [DEBUG] coder_eval.agents.claude_code_agent: [coder] session_id changed: None -> a5f3a725-9ce8-49e9-b4ff-948479bc711a
2026-07-24 20:35:29 [DEBUG] coder_eval.agents.claude_code_agent: [coder] Agent query stream ended
2026-07-24 20:35:29 [DEBUG] coder_eval.utils: Resolved @uipath plugin-tools dir=/usr/lib/node_modules/@uipath from `uip` at /usr/lib/node_modules/@uipath/cli/dist/index.js
2026-07-24 20:35:29 [DEBUG] coder_eval.orchestrator: Agent response received (7181 chars)
2026-07-24 20:35:29 [DEBUG] coder_eval.orchestrator: Checking success criteria
2026-07-24 20:35:29 [DEBUG] coder_eval.evaluation.checker: Criterion 'skill_triggered' score: 1.00
2026-07-24 20:35:29 [DEBUG] coder_eval.evaluation.checker: Criterion 'command_executed' score: 1.00
2026-07-24 20:35:29 [DEBUG] coder_eval.criteria.run_command: Running command for criterion 'uip maestro flow validate passes on InvoiceRouter.flow': uip maestro flow validate InvoiceRouter/InvoiceRouter/InvoiceRouter.flow --output json
2026-07-24 20:35:34 [DEBUG] coder_eval.sandbox: Command 'uip maestro flow validate InvoiceRouter/InvoiceRouter/InvoiceRouter.flow --output json' exited with code 0
2026-07-24 20:35:34 [DEBUG] coder_eval.sandbox: STDOUT:
---
{
  "Result": "Success",
  "Code": "FlowValidate",
  "Data": {
    "File": "/work/output/artifacts/skill-flow-ixp-integration-handle-routing/InvoiceRouter/InvoiceRouter/InvoiceRouter.flow",
    "Status": "Valid"
  }
}
---
2026-07-24 20:35:34 [DEBUG] coder_eval.sandbox: STDERR:
---
[ManifestClient] fetchDynamicNodes ok: total=207 agent context nodes=2 external agent nodes=6 orchestrator nodes=158 IXP nodes=41
---
2026-07-24 20:35:34 [DEBUG] coder_eval.evaluation.checker: Criterion 'run_command' score: 1.00
2026-07-24 20:35:34 [DEBUG] coder_eval.criteria.run_command: Running command for criterion 'Generated flow contains an IxP extraction node or core.logic.mock fallback': grep -rqE "\"type\"[[:space:]]*:[[:space:]]*\"(uipath\.ixp|core\.logic\.mock)" --include="*.flow" .
2026-07-24 20:35:34 [DEBUG] coder_eval.sandbox: Command 'grep -rqE "\"type\"[[:space:]]*:[[:space:]]*\"(uipath\.ixp|core\.logic\.mock)" --include="*.flow" .' exited with code 0
2026-07-24 20:35:34 [DEBUG] coder_eval.evaluation.checker: Criterion 'run_command' score: 1.00
2026-07-24 20:35:34 [DEBUG] coder_eval.evaluation.checker: Criterion 'file_contains' score: 1.00
2026-07-24 20:35:34 [DEBUG] coder_eval.evaluation.checker: Criterion 'file_contains' score: 1.00
2026-07-24 20:35:34 [DEBUG] coder_eval.evaluation.checker: Criterion 'file_contains' score: 1.00
2026-07-24 20:35:34 [DEBUG] coder_eval.evaluation.checker: Criterion 'file_contains' score: 1.00
2026-07-24 20:35:34 [INFO] coder_eval.orchestrator: Success criteria: 8/8 passed, weighted score: 1.000
2026-07-24 20:35:34 [DEBUG] coder_eval.utils: Resolved @uipath plugin-tools dir=/usr/lib/node_modules/@uipath from `uip` at /usr/lib/node_modules/@uipath/cli/dist/index.js
2026-07-24 20:35:34 [INFO] coder_eval.orchestrator: Running post-run command: find . -maxdepth 5 -type d \( -name node_modules -o -name .npm-prefix -o -name .venv \) -prune -exec rm -rf {} +
2026-07-24 20:35:34 [INFO] coder_eval.orchestrator: Sandbox preserved (in-place): /work/output/artifacts/skill-flow-ixp-integration-handle-routing
2026-07-24 20:35:34 [INFO] coder_eval.orchestrator: Task finished: status=SUCCESS duration=523.5s score=1.000 iterations=1
