2026-07-23 20:46:38 [DEBUG] coder_eval.utils: Resolved @uipath plugin-tools dir=/usr/lib/node_modules/@uipath from `uip` at /usr/lib/node_modules/@uipath/cli/dist/index.js
2026-07-23 20:46:38 [INFO] coder_eval.orchestrator: API routing: aws_bedrock
2026-07-23 20:46:38 [DEBUG] coder_eval.criteria: Discovered 14 criterion checkers
2026-07-23 20:46:38 [DEBUG] coder_eval.criteria: Validated 14 criterion checkers
2026-07-23 20:46:38 [DEBUG] coder_eval.utils: Resolved @uipath plugin-tools dir=/usr/lib/node_modules/@uipath from `uip` at /usr/lib/node_modules/@uipath/cli/dist/index.js
2026-07-23 20:46:38 [DEBUG] coder_eval.orchestrator: Sending prompt: Create a UiPath Flow named "OutlookWaitForEmail".

Keep the flow's manual start trigger. After it, a...
2026-07-23 20:46:38 [DEBUG] coder_eval.agents.claude_code_agent: [coder] Starting agent query stream...
2026-07-23 20:50:32 [DEBUG] coder_eval.agents.claude_code_agent: [coder] session_id changed: None -> 98fc7a75-f487-4dfe-936f-f67546bbcf26
2026-07-23 20:50:32 [DEBUG] coder_eval.agents.claude_code_agent: [coder] Agent query stream ended
2026-07-23 20:50:32 [DEBUG] coder_eval.utils: Resolved @uipath plugin-tools dir=/usr/lib/node_modules/@uipath from `uip` at /usr/lib/node_modules/@uipath/cli/dist/index.js
2026-07-23 20:50:32 [DEBUG] coder_eval.orchestrator: Agent response received (4441 chars)
2026-07-23 20:50:32 [DEBUG] coder_eval.orchestrator: Checking success criteria
2026-07-23 20:50:32 [DEBUG] coder_eval.criteria.run_command: Running command for criterion 'uip maestro flow validate passes on the flow file': uip maestro flow validate OutlookWaitForEmail/OutlookWaitForEmail/OutlookWaitForEmail.flow
2026-07-23 20:50:37 [DEBUG] coder_eval.sandbox: Command 'uip maestro flow validate OutlookWaitForEmail/OutlookWaitForEmail/OutlookWaitForEmail.flow' exited with code 0
2026-07-23 20:50:37 [DEBUG] coder_eval.sandbox: STDOUT:
---
{
  "Result": "Success",
  "Code": "FlowValidate",
  "Data": {
    "File": "/work/output/artifacts/skill-flow-outlook-waitfor-email/OutlookWaitForEmail/OutlookWaitForEmail/OutlookWaitForEmail.flow",
    "Status": "Valid"
  }
}
---
2026-07-23 20:50:37 [DEBUG] coder_eval.sandbox: STDERR:
---
[ManifestClient] fetchDynamicNodes ok: total=206 agent context nodes=2 external agent nodes=6 orchestrator nodes=159 IXP nodes=39
---
2026-07-23 20:50:37 [DEBUG] coder_eval.evaluation.checker: Criterion 'run_command' score: 1.00
2026-07-23 20:50:37 [DEBUG] coder_eval.criteria.run_command: Running command for criterion 'Mid-flow Outlook email-received node filters subject contains 'TestWaitFor'': python3 $TASK_DIR/check_outlook_waitfor_email.py
2026-07-23 20:50:37 [DEBUG] coder_eval.sandbox: Command 'python3 $TASK_DIR/check_outlook_waitfor_email.py' exited with code 0
2026-07-23 20:50:37 [DEBUG] coder_eval.sandbox: STDOUT:
---
OK: start trigger preserved; mid-flow Outlook email-received node filters subject Contains 'TestWaitFor' via the filter tree
---
2026-07-23 20:50:37 [DEBUG] coder_eval.evaluation.checker: Criterion 'run_command' score: 1.00
2026-07-23 20:50:37 [INFO] coder_eval.orchestrator: Success criteria: 2/2 passed, weighted score: 1.000
2026-07-23 20:50:37 [DEBUG] coder_eval.utils: Resolved @uipath plugin-tools dir=/usr/lib/node_modules/@uipath from `uip` at /usr/lib/node_modules/@uipath/cli/dist/index.js
2026-07-23 20:50:37 [INFO] coder_eval.orchestrator: Running post-run command: python3 $SKILLS_REPO_PATH/tests/tasks/uipath-maestro-flow/_shared/cleanup_solutions.py
2026-07-23 20:50:38 [WARNING] coder_eval.orchestrator: [post_run stderr] cleanup_solutions: solution 35e84b9b-757a-4964-8c4d-5bb298d8043e not uploaded (from OutlookWaitForEmail/OutlookWaitForEmail.uipx); nothing to clean up
2026-07-23 20:50:38 [WARNING] coder_eval.orchestrator: [post_run stderr] cleanup_solutions: summary policy=always deleted=0 preserved=0 skipped=0 not_uploaded=1 failed=0
2026-07-23 20:50:38 [INFO] coder_eval.orchestrator: Running post-run command: find . -maxdepth 5 -type d \( -name node_modules -o -name .npm-prefix -o -name .venv \) -prune -exec rm -rf {} +
2026-07-23 20:50:38 [INFO] coder_eval.orchestrator: Sandbox preserved (in-place): /work/output/artifacts/skill-flow-outlook-waitfor-email
2026-07-23 20:50:38 [INFO] coder_eval.orchestrator: Task finished: status=SUCCESS duration=243.6s score=1.000 iterations=1
