2026-07-24 18:38:13 [DEBUG] coder_eval.utils: Resolved @uipath plugin-tools dir=/usr/lib/node_modules/@uipath from `uip` at /usr/lib/node_modules/@uipath/cli/dist/index.js
2026-07-24 18:38:13 [INFO] coder_eval.orchestrator: API routing: aws_bedrock
2026-07-24 18:38:13 [DEBUG] coder_eval.criteria: Discovered 14 criterion checkers
2026-07-24 18:38:13 [DEBUG] coder_eval.criteria: Validated 14 criterion checkers
2026-07-24 18:38:13 [DEBUG] coder_eval.utils: Resolved @uipath plugin-tools dir=/usr/lib/node_modules/@uipath from `uip` at /usr/lib/node_modules/@uipath/cli/dist/index.js
2026-07-24 18:38:14 [DEBUG] coder_eval.orchestrator: Sending prompt: Add a script node called "convertToCelsius" between getWeather and formatSummary that converts the t...
2026-07-24 18:38:14 [DEBUG] coder_eval.agents.claude_code_agent: [coder] Starting agent query stream...
2026-07-24 18:39:28 [DEBUG] coder_eval.agents.claude_code_agent: [coder] session_id changed: None -> 627af513-4225-4cbe-9daa-c9ff49e2309a
2026-07-24 18:39:28 [DEBUG] coder_eval.agents.claude_code_agent: [coder] Agent query stream ended
2026-07-24 18:39:28 [DEBUG] coder_eval.utils: Resolved @uipath plugin-tools dir=/usr/lib/node_modules/@uipath from `uip` at /usr/lib/node_modules/@uipath/cli/dist/index.js
2026-07-24 18:39:28 [DEBUG] coder_eval.orchestrator: Agent response received (3684 chars)
2026-07-24 18:39:28 [DEBUG] coder_eval.orchestrator: Checking success criteria
2026-07-24 18:39:28 [DEBUG] coder_eval.criteria.run_command: Running command for criterion 'uip maestro flow validate passes on the flow file': uip maestro flow validate BellevueWeather/BellevueWeather/BellevueWeather.flow
2026-07-24 18:39:33 [DEBUG] coder_eval.sandbox: Command 'uip maestro flow validate BellevueWeather/BellevueWeather/BellevueWeather.flow' exited with code 0
2026-07-24 18:39:33 [DEBUG] coder_eval.sandbox: STDOUT:
---
{
  "Result": "Success",
  "Code": "FlowValidate",
  "Data": {
    "File": "/work/output/artifacts/skill-flow-add-node/BellevueWeather/BellevueWeather/BellevueWeather.flow",
    "Status": "Valid"
  }
}
---
2026-07-24 18:39:33 [DEBUG] coder_eval.sandbox: STDERR:
---
[ManifestClient] fetchDynamicNodes ok: total=207 agent context nodes=2 external agent nodes=6 orchestrator nodes=158 IXP nodes=41
---
2026-07-24 18:39:33 [DEBUG] coder_eval.evaluation.checker: Criterion 'run_command' score: 1.00
2026-07-24 18:39:33 [DEBUG] coder_eval.criteria.run_command: Running command for criterion 'Flow debug runs and output contains Celsius conversion': python3 $TASK_DIR/check_add_node.py
2026-07-24 18:40:16 [DEBUG] coder_eval.sandbox: Command 'python3 $TASK_DIR/check_add_node.py' exited with code 0
2026-07-24 18:40:16 [DEBUG] coder_eval.sandbox: STDOUT:
---
OK: convertToCelsius node present, wired correctly, debug output valid
---
2026-07-24 18:40:16 [DEBUG] coder_eval.evaluation.checker: Criterion 'run_command' score: 1.00
2026-07-24 18:40:16 [INFO] coder_eval.orchestrator: Success criteria: 2/2 passed, weighted score: 1.000
2026-07-24 18:40:17 [DEBUG] coder_eval.utils: Resolved @uipath plugin-tools dir=/usr/lib/node_modules/@uipath from `uip` at /usr/lib/node_modules/@uipath/cli/dist/index.js
2026-07-24 18:40:17 [INFO] coder_eval.orchestrator: Running post-run command: python3 $SKILLS_REPO_PATH/tests/tasks/uipath-maestro-flow/_shared/cleanup_solutions.py
2026-07-24 18:40:19 [WARNING] coder_eval.orchestrator: [post_run stderr] cleanup_solutions: deleted 626c443a-b5e0-47c1-4702-08dee9b1ed35 (from BellevueWeather/BellevueWeather.uipx)
2026-07-24 18:40:19 [WARNING] coder_eval.orchestrator: [post_run stderr] cleanup_solutions: summary policy=always deleted=1 preserved=0 skipped=0 not_uploaded=0 failed=0
2026-07-24 18:40:19 [INFO] coder_eval.orchestrator: Running post-run command: find . -maxdepth 5 -type d \( -name node_modules -o -name .npm-prefix -o -name .venv \) -prune -exec rm -rf {} +
2026-07-24 18:40:19 [INFO] coder_eval.orchestrator: Sandbox preserved (in-place): /work/output/artifacts/skill-flow-add-node
2026-07-24 18:40:19 [INFO] coder_eval.orchestrator: Task finished: status=SUCCESS duration=128.0s score=1.000 iterations=1
