2026-07-24 18:18:18 [DEBUG] coder_eval.utils: Resolved @uipath plugin-tools dir=/usr/lib/node_modules/@uipath from `uip` at /usr/lib/node_modules/@uipath/cli/dist/index.js
2026-07-24 18:18:18 [INFO] coder_eval.orchestrator: API routing: aws_bedrock
2026-07-24 18:18:18 [DEBUG] coder_eval.criteria: Discovered 14 criterion checkers
2026-07-24 18:18:18 [DEBUG] coder_eval.criteria: Validated 14 criterion checkers
2026-07-24 18:18:18 [DEBUG] coder_eval.utils: Resolved @uipath plugin-tools dir=/usr/lib/node_modules/@uipath from `uip` at /usr/lib/node_modules/@uipath/cli/dist/index.js
2026-07-24 18:18:18 [DEBUG] coder_eval.orchestrator: Sending prompt: Create a UiPath Flow project named "SubflowDemo" that takes a string input
called "text" and reverse...
2026-07-24 18:18:18 [DEBUG] coder_eval.agents.claude_code_agent: [coder] Starting agent query stream...
2026-07-24 18:22:33 [DEBUG] coder_eval.agents.claude_code_agent: [coder] session_id changed: None -> ab14709a-0024-478c-b41b-b0f552c164f9
2026-07-24 18:22:33 [DEBUG] coder_eval.agents.claude_code_agent: [coder] Agent query stream ended
2026-07-24 18:22:33 [DEBUG] coder_eval.utils: Resolved @uipath plugin-tools dir=/usr/lib/node_modules/@uipath from `uip` at /usr/lib/node_modules/@uipath/cli/dist/index.js
2026-07-24 18:22:33 [DEBUG] coder_eval.orchestrator: Agent response received (4080 chars)
2026-07-24 18:22:33 [DEBUG] coder_eval.orchestrator: Checking success criteria
2026-07-24 18:22:33 [DEBUG] coder_eval.criteria.run_command: Running command for criterion 'uip maestro flow validate passes on the flow file': uip maestro flow validate SubflowDemo/SubflowDemo/SubflowDemo.flow
2026-07-24 18:22:38 [DEBUG] coder_eval.sandbox: Command 'uip maestro flow validate SubflowDemo/SubflowDemo/SubflowDemo.flow' exited with code 0
2026-07-24 18:22:38 [DEBUG] coder_eval.sandbox: STDOUT:
---
{
  "Result": "Success",
  "Code": "FlowValidate",
  "Data": {
    "File": "/work/output/artifacts/skill-flow-subflow/SubflowDemo/SubflowDemo/SubflowDemo.flow",
    "Status": "Valid"
  }
}
---
2026-07-24 18:22:38 [DEBUG] coder_eval.sandbox: STDERR:
---
[ManifestClient] fetchDynamicNodes ok: total=207 agent context nodes=2 external agent nodes=6 orchestrator nodes=158 IXP nodes=41
---
2026-07-24 18:22:38 [DEBUG] coder_eval.evaluation.checker: Criterion 'run_command' score: 1.00
2026-07-24 18:22:38 [DEBUG] coder_eval.criteria.run_command: Running command for criterion 'Flow has correct subflow structure and debug reverses 'hello' to 'olleh'': python3 $TASK_DIR/check_subflow_flow.py
2026-07-24 18:22:53 [DEBUG] coder_eval.sandbox: Command 'python3 $TASK_DIR/check_subflow_flow.py' exited with code 0
2026-07-24 18:22:53 [DEBUG] coder_eval.sandbox: STDOUT:
---
OK: Subflow 'reverseSubflow' structure valid (3 nodes, 1 in, 1 out)
OK: Subflow node present; 'hello' reversed to 'olleh'
---
2026-07-24 18:22:53 [DEBUG] coder_eval.evaluation.checker: Criterion 'run_command' score: 1.00
2026-07-24 18:22:53 [INFO] coder_eval.orchestrator: Success criteria: 2/2 passed, weighted score: 1.000
2026-07-24 18:22:53 [DEBUG] coder_eval.utils: Resolved @uipath plugin-tools dir=/usr/lib/node_modules/@uipath from `uip` at /usr/lib/node_modules/@uipath/cli/dist/index.js
2026-07-24 18:22:53 [INFO] coder_eval.orchestrator: Running post-run command: python3 $SKILLS_REPO_PATH/tests/tasks/uipath-maestro-flow/_shared/cleanup_solutions.py
2026-07-24 18:22:55 [WARNING] coder_eval.orchestrator: [post_run stderr] cleanup_solutions: deleted 5c118289-4d55-40df-dcf3-08dee9aa0ab7 (from SubflowDemo/SubflowDemo.uipx)
2026-07-24 18:22:55 [WARNING] coder_eval.orchestrator: [post_run stderr] cleanup_solutions: summary policy=always deleted=1 preserved=0 skipped=0 not_uploaded=0 failed=0
2026-07-24 18:22:56 [INFO] coder_eval.orchestrator: Running post-run command: find . -maxdepth 5 -type d \( -name node_modules -o -name .npm-prefix -o -name .venv \) -prune -exec rm -rf {} +
2026-07-24 18:22:56 [INFO] coder_eval.orchestrator: Sandbox preserved (in-place): /work/output/artifacts/skill-flow-subflow
2026-07-24 18:22:56 [INFO] coder_eval.orchestrator: Task finished: status=SUCCESS duration=280.4s score=1.000 iterations=1
