2026-07-28 06:09:44 [DEBUG] coder_eval.utils: Resolved @uipath plugin-tools dir=/usr/lib/node_modules/@uipath from `uip` at /usr/lib/node_modules/@uipath/cli/dist/index.js
2026-07-28 06:09:44 [INFO] coder_eval.orchestrator: API routing: aws_bedrock
2026-07-28 06:09:44 [DEBUG] coder_eval.criteria: Discovered 14 criterion checkers
2026-07-28 06:09:44 [DEBUG] coder_eval.criteria: Validated 14 criterion checkers
2026-07-28 06:09:44 [DEBUG] coder_eval.utils: Resolved @uipath plugin-tools dir=/usr/lib/node_modules/@uipath from `uip` at /usr/lib/node_modules/@uipath/cli/dist/index.js
2026-07-28 06:09:44 [DEBUG] coder_eval.orchestrator: Sending prompt: Create a UiPath Maestro BPMN Process Orchestration project at:
  BusinessRuleDecision/BusinessRuleDe...
2026-07-28 06:09:44 [DEBUG] coder_eval.agents.claude_code_agent: [coder] Starting agent query stream...
2026-07-28 06:15:45 [DEBUG] coder_eval.agents.claude_code_agent: [coder] session_id changed: None -> 0fb34455-3378-4bcf-916e-be4c2a5c656a
2026-07-28 06:15:45 [DEBUG] coder_eval.agents.claude_code_agent: [coder] Agent query stream ended
2026-07-28 06:15:45 [DEBUG] coder_eval.utils: Resolved @uipath plugin-tools dir=/usr/lib/node_modules/@uipath from `uip` at /usr/lib/node_modules/@uipath/cli/dist/index.js
2026-07-28 06:15:45 [DEBUG] coder_eval.orchestrator: Agent response received (5742 chars)
2026-07-28 06:15:45 [DEBUG] coder_eval.orchestrator: Checking success criteria
2026-07-28 06:15:45 [DEBUG] coder_eval.evaluation.checker: Criterion 'file_exists' score: 1.00
2026-07-28 06:15:45 [DEBUG] coder_eval.criteria.run_command: Running command for criterion 'Business rule task uses bpmn:businessRuleTask with Orchestrator.BusinessRules': python3 $TASK_DIR/check_business_rule_task.py
2026-07-28 06:15:45 [DEBUG] coder_eval.sandbox: Command 'python3 $TASK_DIR/check_business_rule_task.py' exited with code 0
2026-07-28 06:15:45 [DEBUG] coder_eval.sandbox: STDOUT:
---
OK: businessRuleTask wrapper and package lifecycle are present
---
2026-07-28 06:15:45 [DEBUG] coder_eval.evaluation.checker: Criterion 'run_command' score: 1.00
2026-07-28 06:15:45 [INFO] coder_eval.orchestrator: Success criteria: 2/2 passed, weighted score: 1.000
2026-07-28 06:15:45 [WARNING] coder_eval.orchestrator: Visible turns (36) exceeded expected_turns (28) at iteration 1 for task skill-bpmn-business-rule-task. Run continues — max_turns remains the hard cap.
2026-07-28 06:15:45 [DEBUG] coder_eval.utils: Resolved @uipath plugin-tools dir=/usr/lib/node_modules/@uipath from `uip` at /usr/lib/node_modules/@uipath/cli/dist/index.js
2026-07-28 06:15:45 [INFO] coder_eval.orchestrator: Running post-run command: find . -maxdepth 5 -type d \( -name node_modules -o -name .npm-prefix -o -name .venv \) -prune -exec rm -rf {} +
2026-07-28 06:15:45 [INFO] coder_eval.orchestrator: Sandbox preserved (in-place): /work/output/artifacts/skill-bpmn-business-rule-task
2026-07-28 06:15:45 [INFO] coder_eval.orchestrator: Task finished: status=SUCCESS duration=362.6s score=1.000 iterations=1
