2026-07-24 18:16:20 [DEBUG] coder_eval.utils: Resolved @uipath plugin-tools dir=/usr/lib/node_modules/@uipath from `uip` at /usr/lib/node_modules/@uipath/cli/dist/index.js
2026-07-24 18:16:20 [INFO] coder_eval.orchestrator: API routing: aws_bedrock
2026-07-24 18:16:20 [DEBUG] coder_eval.criteria: Discovered 14 criterion checkers
2026-07-24 18:16:20 [DEBUG] coder_eval.criteria: Validated 14 criterion checkers
2026-07-24 18:16:20 [DEBUG] coder_eval.utils: Resolved @uipath plugin-tools dir=/usr/lib/node_modules/@uipath from `uip` at /usr/lib/node_modules/@uipath/cli/dist/index.js
2026-07-24 18:16:20 [INFO] coder_eval.orchestrator: Running pre-run command: python3 $SKILLS_REPO_PATH/tests/tasks/uipath-maestro-flow/e2e/jira_search_triage/seed_jira.py
2026-07-24 18:16:28 [INFO] coder_eval.orchestrator: [pre_run stdout] OK: seeded 2 issues ['CE-174', 'CE-175'] (tag=0de63380) for JQL search
2026-07-24 18:16:28 [DEBUG] coder_eval.orchestrator: Sending prompt: Create a new Flow project called "JiraSearchTriage" with a manual trigger.

Read `seed.json` in the ...
2026-07-24 18:16:28 [DEBUG] coder_eval.agents.claude_code_agent: [coder] Starting agent query stream...
2026-07-24 18:22:30 [DEBUG] coder_eval.agents.claude_code_agent: [coder] session_id changed: None -> 832040cd-b950-40cc-b5b9-5cabfe64e155
2026-07-24 18:22:30 [DEBUG] coder_eval.agents.claude_code_agent: [coder] Agent query stream ended
2026-07-24 18:22:30 [DEBUG] coder_eval.utils: Resolved @uipath plugin-tools dir=/usr/lib/node_modules/@uipath from `uip` at /usr/lib/node_modules/@uipath/cli/dist/index.js
2026-07-24 18:22:30 [DEBUG] coder_eval.orchestrator: Agent response received (5514 chars)
2026-07-24 18:22:30 [DEBUG] coder_eval.orchestrator: Checking success criteria
2026-07-24 18:22:30 [DEBUG] coder_eval.evaluation.checker: Criterion 'command_executed' score: 1.00
2026-07-24 18:22:30 [DEBUG] coder_eval.criteria.run_command: Running command for criterion 'JiraSearchTriage checks: valid flow with a JQL search feeding a loop of Add-Comment, debug completes, and both seeded issues carry the triage comment': python3 $TASK_DIR/check_jira_search_triage.py
2026-07-24 18:22:46 [DEBUG] coder_eval.sandbox: Command 'python3 $TASK_DIR/check_jira_search_triage.py' exited with code 1
2026-07-24 18:22:46 [DEBUG] coder_eval.sandbox: STDOUT:
---
OK: flow references uipath-atlassian-jira
OK: flow references a JQL search op and a loop node
---
2026-07-24 18:22:46 [DEBUG] coder_eval.sandbox: STDERR:
---
FAIL: flow debug exit 1
stdout: {
  "Result": "Failure",
  "Code": "FlowDebug",
  "Message": "Debug session Faulted. [400008] Failed to evaluate the input collection variable for the marker element (element loop1)",
  "Instructions": "Incident(s):\n  - [400008] Failed to evaluate the input collection variable for the marker element (element loop1)\nRun 'uip maestro flow debug-instance incidents 3d14a9c2-8105-416a-a123-8d1651e9e0c2' for the full backend payload (incidentId, errorDetails, AI summary). traceId=3d14a9c28105416aa1238d1651e9e0c2.",
  "Context": {
    "ErrorCode": "400008",
    "TraceId": "3d14a9c28105416aa1238d1651e9e0c2"
  },
  "Data": {
    "jobKey": "3d14a9c2-8105-416a-a123-8d1651e9e0c2",
    "instanceId": "3d14a9c2-8105-416a-a123-8d1651e9e0c2",
    "runId": "019f955d-6f8a-7595-97ab-073a853ef08c",
    "folderKey": "410fae2d-89b3-4cd1-a991-7359bda90c0b",
    "finalStatus": "Faulted",
    "solutionId": "2e2b4aa9-93b8-4047-c9df-08dee9aa01c9",
    "studioWebUrl": "https://alpha.uipath.com/codereval/studio_/designer/a77d58e7-04f2-4f47-8a29-25e65c770da3?solutionId=2e2b4aa9-93b8-4047-c9df-08dee9aa01c9",
    "elementExecutions": [
      {
        "elementId": "start",
        "elementType": "StartEvent",
        "status": "Completed",
        "startedAt": "2026-07-24T18:22:40.1848416Z",
        "completedAt": "2026-07-24T18:22:40.3892166Z"
      },
      {
        "elementId": "searchIssuesByJql1",
        "elementType": "SendTask",
        "status": "Completed",
        "startedAt": "2026-07-24T18:22:40.7730149Z",
        "completedAt": "2026-07-24T18:22:42.5535144Z"
      },
      {
        "elementId": "loop1",
        "elementType": "SubProcess",
        "status": "Failed",
        "startedAt": "2026-07-24T18:22:43.0865301Z"
      }
    ],
    "variables": {
      "elements": [
        {
          "elementId": "start",
          "elementRunId": "60c64b5e-6fe5-4d13-97f7-6b049edf16bb",
          "isMarker": false,
          "inputs": {},
          "inputDefinitions": {},
          "outputs": {}
        },
        {
          "elementId": "searchIssuesByJql1",
          "elementRunId": "15ad9668-8a28-498e-823e-d2ff7f62450d",
          "isMarker": false,
          "inputs": {
            "queryParameters": {
              "jql": "project = CE AND summary ~ \"0de63380\""
            }
          },
          "inputDefinitions": {},
          "outputs": {
            "response": [
              {
                "self": "https://api.atlassian.com/ex/jira/f2c10d6a-7a1c-4934-a500-dcd95b517cdf/rest/api/2/issue/251428",
                "expand": "renderedFields,names,schema,operations,editmeta,changelog,versionedRepresentations",
                "id": "251428",
                "fields": {
                  "aggregateprogress": {
                    "progress": 0,
                    "total": 0
                  },
                  "comment": {
                    "maxResults": 0,
                    "self": "https://api.atlassian.com/ex/jira/f2c10d6a-7a1c-4934-a500-dcd95b517cdf/rest/api/2/issue/251428/comment",
                    "startAt": 0,
                    "total": 0
                  },
                  "created": "2026-07-24T18:16:27.565+00:00",
                  "creator": {
                    "accountId": "712020:b53bf3dc-8817-419e-99e1-5670aeb7ffe6",
                    "accountType": "atlassian",
                    "active": true,
                    "avatarUrls": {
                      "16x16": "https://secure.gravatar.com/avatar/3d0aa8b78ffd977d742893bc3016b084?d=https%3A%2F%2Favatar-management--avatars.us-west-2.prod.public.atl-paas.net%2Finitials%2FI-5.png",
                      "24x24": "https://secure.gravatar.com/avatar/3d0aa8b78ffd977d742893bc3016b084?d=https%3A%2F%2Favatar-management--avatars.us-west-2.prod.public.atl-paas.net%2Finitials%2FI-5.png",
                      "32x32": "https://secure.gravatar.com/avatar/3d0aa8b78ffd977d742893bc3016b084?d=https%3A%2F%2Favatar-management--avatars.us-west-2.prod.public.atl-paas.net%2Finitials%2FI-5.png",
                      "48x48": "https://secure.gravatar.com/avatar/3d0aa8b78ffd977d742893bc3016b084?d=https%3A%2F%2Favatar-management--avatars.us-west-2.prod.public.atl-paas.net%2Finitials%2FI-5.png"
                    },
                    "displayName": "is-sandboxes-test@uipath.com",
                    "emailAddress": "is-sandboxes-test@uipath.com",
                    "self": "https://api.atlassian.com/ex/jira/f2c10d6a-7a1c-4934-a500-dcd95b517cdf/rest/api/2/user?accountId=712020%3Ab53bf3dc-8817-419e-99e1-5670aeb7ffe6",
                    "timeZone": "UTC"
                  },
                  "issuetype": {
                    "avatarId": 10318,
                    "description": "A small, distinct piece of work.",
                    "entityId": "fe539ac2-a4c7-4e7e-a548-04817d49a0d7",
                    "hierarchyLevel": 0,
                    "iconUrl": "https://api.atlassian.com/ex/jira/f2c10d6a-7a1c-4934-a500-dcd95b517cdf/rest/api/2/universal_avatar/view/type/issuetype/avatar/10318?size=medium",
                    "id": "11457",
                    "name": "Task",
                    "self": "https://api.atlassian.com/ex/jira/f2c10d6a-7a1c-4934-a500-dcd95b517cdf/rest/api/2/issuetype/11457",
                    "subtask": false
                  },
                  "priority": {
                    "iconUrl": "https://uipath-sandbox-380.atlassian.net/images/icons/priorities/medium_new.svg",
                    "id": "3",
                    "name": "Medium",
                    "self": "https://api.atlassian.com/ex/jira/f2c10d6a-7a1c-4934-a500-dcd95b517cdf/rest/api/2/priority/3"
                  },
                  "progress": {
                    "progress": 0,
                    "total": 0
                  },
                  "project": {
                    "avatarUrls": {
                      "16x16": "https://api.atlassian.com/ex/jira/f2c10d6a-7a1c-4934-a500-dcd95b517cdf/rest/api/2/universal_avatar/view/type/project/avatar/10402?size=xsmall",
                      "24x24": "https://api.atlassian.com/ex/jira/f2c10d6a-7a1c-4934-a500-dcd95b517cdf/rest/api/2/universal_avatar/view/type/project/avatar/10402?size=small",
                      "32x32": "https://api.atlassian.com/ex/jira/f2c10d6a-7a1c-4934-a500-dcd95b517cdf/rest/api/2/universal_avatar/view/type/project/avatar/10402?size=medium",
                      "48x48": "https://api.atlassian.com/ex/jira/f2c10d6a-7a1c-4934-a500-dcd95b517cdf/rest/api/2/universal_avatar/view/type/project/avatar/10402"
                    },
                    "id": "11814",
                    "key": "CE",
                    "name": "Coder Eval",
                    "projectTypeKey": "business",
                    "self": "https://api.atlassian.com/ex/jira/f2c10d6a-7a1c-4934-a500-dcd95b517cdf/rest/api/2/project/11814",
                    "simplified": true
                  },
                  "rank_Customfield10019": "0|i12ddb:",
                  "reporter": {
                    "accountId": "712020:b53bf3dc-8817-419e-99e1-5670aeb7ffe6",
                    "accountType": "atlassian",
                    "active": true,
                    "avatarUrls": {
                      "16x16": "https://secure.gravatar.com/avatar/3d0aa8b78ffd977d742893bc3016b084?d=https%3A%2F%2Favatar-management--avatars.us-west-2.prod.public.atl-paas.net%2Finitials%2FI-5.png",
                      "24x24": "https://secure.gravatar.com/avatar/3d0aa8b78ffd977d742893bc3016b084?d=https%3A%2F%2Favatar-management--avatars.us-west-2.prod.public.atl-paas.net%2Finitials%2FI-5.png",
                      "32x32": "https://secure.gravatar.com/avatar/3d0aa8b78ffd977d742893bc3016b084?d=https%3A%2F%2Favatar-management--avatars.us-west-2.prod.public.atl-paas.net%2Finitials%2FI-5.png",
                      "48x48": "https://secure.gravatar.com/avatar/3d0aa8b78ffd977d742893bc3016b084?d=https%3A%2F%2Favatar-management--avatars.us-west-2.prod.public.atl-paas.net%2Finitials%2FI-5.png"
                    },
                    "displayName": "is-sandboxes-test@uipath.com",
                    "emailAddress": "is-sandboxes-test@uipath.com",
                    "self": "https://api.atlassian.com/ex/jira/f2c10d6a-7a1c-4934-a500-dcd95b517cdf/rest/api/2/user?accountId=712020%3Ab53bf3dc-8817-419e-99e1-5670aeb7ffe6",
                    "timeZone": "UTC"
                  },
                  "status": {
                    "description": "",
                    "iconUrl": "https://uipath-sandbox-380.atlassian.net/images/icons/statuses/generic.png",
                    "id": "11450",
                    "name": "To Do",
                    "self": "https://api.atlassian.com/ex/jira/f2c10d6a-7a1c-4934-a500-dcd95b517cdf/rest/api/2/status/11450",
                    "statusCategory": {
                      "colorName": "blue-gray",
                      "id": 2,
                      "key": "new",
                      "name": "To Do",
                      "self": "https://api.atlassian.com/ex/jira/f2c10d6a-7a1c-4934-a500-dcd95b517cdf/rest/api/2/statuscategory/2"
                    }
                  },
                  "statusCategory": {
                    "colorName": "blue-gray",
                    "id": 2,
                    "key": "new",
                    "name": "To Do",
                    "self": "https://api.atlassian.com/ex/jira/f2c10d6a-7a1c-4934-a500-dcd95b517cdf/rest/api/2/statuscategory/2"
                  },
                  "statuscategorychangedate": "2026-07-24T18:16:27.767+00:00",
                  "summary": "coder-eval jira search-triage 0de63380 #2",
                  "updated": "2026-07-24T18:16:27.611+00:00",
                  "votes": {
                    "hasVoted": false,
                    "self": "https://api.atlassian.com/ex/jira/f2c10d6a-7a1c-4934-a500-dcd95b517cdf/rest/api/2/issue/CE-175/votes",
                    "votes": 0
                  },
                  "watches": {
                    "isWatching": true,
                    "self": "https://api.atlassian.com/ex/jira/f2c10d6a-7a1c-4934-a500-dcd95b517cdf/rest/api/2/issue/CE-175/watchers",
                    "watchCount": 1
                  },
                  "worklog": {
                    "maxResults": 20,
                    "startAt": 0,
                    "total": 0
                  },
                  "workratio": -1
                },
                "key": "CE-175"
              },
              {
                "self": "https://api.atlassian.com/ex/jira/f2c10d6a-7a1c-4934-a500-dcd95b517cdf/rest/api/2/issue/251427",
                "expand": "renderedFields,names,schema,operations,editmeta,changelog,versionedRepresentations",
                "id": "251427",
                "fields": {
                  "aggregateprogress": {
                    "progress": 0,
                    "total": 0
                  },
                  "comment": {
                    "maxResults": 0,
                    "self": "https://api.atlassian.com/ex/jira/f2c10d6a-7a1c-4934-a500-dcd95b517cdf/rest/api/2/issue/251427/comment",
                    "startAt": 0,
                    "total": 0
                  },
                  "created": "2026-07-24T18:16:25.261+00:00",
                  "creator": {
                    "accountId": "712020:b53bf3dc-8817-419e-99e1-5670aeb7ffe6",
                    "accountType": "atlassian",
                    "active": true,
                    "avatarUrls": {
                      "16x16": "https://secure.gravatar.com/avatar/3d0aa8b78ffd977d742893bc3016b084?d=https%3A%2F%2Favatar-management--avatars.us-west-2.prod.public.atl-paas.net%2Finitials%2FI-5.png",
                      "24x24": "https://secure.gravatar.com/avatar/3d0aa8b78ffd977d742893bc3016b084?d=https%3A%2F%2Favatar-management--avatars.us-west-2.prod.public.atl-paas.net%2Finitials%2FI-5.png",
                      "32x32": "https://secure.gravatar.com/avatar/3d0aa8b78ffd977d742893bc3016b084?d=https%3A%2F%2Favatar-management--avatars.us-west-2.prod.public.atl-paas.net%2Finitials%2FI-5.png",
                      "48x48": "https://secure.gravatar.com/avatar/3d0aa8b78ffd977d742893bc3016b084?d=https%3A%2F%2Favatar-management--avatars.us-west-2.prod.public.atl-paas.net%2Finitials%2FI-5.png"
                    },
                    "displayName": "is-sandboxes-test@uipath.com",
                    "emailAddress": "is-sandboxes-test@uipath.com",
                    "self": "https://api.atlassian.com/ex/jira/f2c10d6a-7a1c-4934-a500-dcd95b517cdf/rest/api/2/user?accountId=712020%3Ab53bf3dc-8817-419e-99e1-5670aeb7ffe6",
                    "timeZone": "UTC"
                  },
                  "issuetype": {
                    "avatarId": 10318,
                    "description": "A small, distinct piece of work.",
                    "entityId": "fe539ac2-a4c7-4e7e-a548-04817d49a0d7",
                    "hierarchyLevel": 0,
                    "iconUrl": "https://api.atlassian.com/ex/jira/f2c10d6a-7a1c-4934-a500-dcd95b517cdf/rest/api/2/universal_avatar/view/type/issuetype/avatar/10318?size=medium",
                    "id": "11457",
                    "name": "Task",
                    "self": "https://api.atlassian.com/ex/jira/f2c10d6a-7a1c-4934-a500-dcd95b517cdf/rest/api/2/issuetype/11457",
                    "subtask": false
                  },
                  "priority": {
                    "iconUrl": "https://uipath-sandbox-380.atlassian.net/images/icons/priorities/medium_new.svg",
                    "id": "3",
                    "name": "Medium",
                    "self": "https://api.atlassian.com/ex/jira/f2c10d6a-7a1c-4934-a500-dcd95b517cdf/rest/api/2/priority/3"
                  },
                  "progress": {
                    "progress": 0,
                    "total": 0
                  },
                  "project": {
                    "avatarUrls": {
                      "16x16": "https://api.atlassian.com/ex/jira/f2c10d6a-7a1c-4934-a500-dcd95b517cdf/rest/api/2/universal_avatar/view/type/project/avatar/10402?size=xsmall",
                      "24x24": "https://api.atlassian.com/ex/jira/f2c10d6a-7a1c-4934-a500-dcd95b517cdf/rest/api/2/universal_avatar/view/type/project/avatar/10402?size=small",
                      "32x32": "https://api.atlassian.com/ex/jira/f2c10d6a-7a1c-4934-a500-dcd95b517cdf/rest/api/2/universal_avatar/view/type/project/avatar/10402?size=medium",
                      "48x48": "https://api.atlassian.com/ex/jira/f2c10d6a-7a1c-4934-a500-dcd95b517cdf/rest/api/2/universal_avatar/view/type/project/avatar/10402"
                    },
                    "id": "11814",
                    "key": "CE",
                    "name": "Coder Eval",
                    "projectTypeKey": "business",
                    "self": "https://api.atlassian.com/ex/jira/f2c10d6a-7a1c-4934-a500-dcd95b517cdf/rest/api/2/project/11814",
                    "simplified": true
                  },
                  "rank_Customfield10019": "0|i12dd3:",
                  "reporter": {
                    "accountId": "712020:b53bf3dc-8817-419e-99e1-5670aeb7ffe6",
                    "accountType": "atlassian",
                    "active": true,
                    "avatarUrls": {
                      "16x16": "https://secure.gravatar.com/avatar/3d0aa8b78ffd977d742893bc3016b084?d=https%3A%2F%2Favatar-management--avatars.us-west-2.prod.public.atl-paas.net%2Finitials%2FI-5.png",
                      "24x24": "https://secure.gravatar.com/avatar/3d0aa8b78ffd977d742893bc3016b084?d=https%3A%2F%2Favatar-management--avatars.us-west-2.prod.public.atl-paas.net%2Finitials%2FI-5.png",
                      "32x32": "https://secure.gravatar.com/avatar/3d0aa8b78ffd977d742893bc3016b084?d=https%3A%2F%2Favatar-management--avatars.us-west-2.prod.public.atl-paas.net%2Finitials%2FI-5.png",
                      "48x48": "https://secure.gravatar.com/avatar/3d0aa8b78ffd977d742893bc3016b084?d=https%3A%2F%2Favatar-management--avatars.us-west-2.prod.public.atl-paas.net%2Finitials%2FI-5.png"
                    },
                    "displayName": "is-sandboxes-test@uipath.com",
                    "emailAddress": "is-sandboxes-test@uipath.com",
                    "self": "https://api.atlassian.com/ex/jira/f2c10d6a-7a1c-4934-a500-dcd95b517cdf/rest/api/2/user?accountId=712020%3Ab53bf3dc-8817-419e-99e1-5670aeb7ffe6",
                    "timeZone": "UTC"
                  },
                  "status": {
                    "description": "",
                    "iconUrl": "https://uipath-sandbox-380.atlassian.net/images/icons/statuses/generic.png",
                    "id": "11450",
                    "name": "To Do",
                    "self": "https://api.atlassian.com/ex/jira/f2c10d6a-7a1c-4934-a500-dcd95b517cdf/rest/api/2/status/11450",
                    "statusCategory": {
                      "colorName": "blue-gray",
                      "id": 2,
                      "key": "new",
                      "name": "To Do",
                      "self": "https://api.atlassian.com/ex/jira/f2c10d6a-7a1c-4934-a500-dcd95b517cdf/rest/api/2/statuscategory/2"
                    }
                  },
                  "statusCategory": {
                    "colorName": "blue-gray",
                    "id": 2,
                    "key": "new",
                    "name": "To Do",
                    "self": "https://api.atlassian.com/ex/jira/f2c10d6a-7a1c-4934-a500-dcd95b517cdf/rest/api/2/statuscategory/2"
                  },
                  "statuscategorychangedate": "2026-07-24T18:16:25.575+00:00",
                  "summary": "coder-eval jira search-triage 0de63380 #1",
                  "updated": "2026-07-24T18:16:25.325+00:00",
                  "votes": {
                    "hasVoted": false,
                    "self": "https://api.atlassian.com/ex/jira/f2c10d6a-7a1c-4934-a500-dcd95b517cdf/rest/api/2/issue/CE-174/votes",
                    "votes": 0
                  },
                  "watches": {
                    "isWatching": true,
                    "self": "https://api.atlassian.com/ex/jira/f2c10d6a-7a1c-4934-a500-dcd95b517cdf/rest/api/2/issue/CE-174/watchers",
                    "watchCount": 1
                  },
                  "worklog": {
                    "maxResults": 20,
                    "startAt": 0,
                    "total": 0
                  },
                  "workratio": -1
                },
                "key": "CE-174"
              }
            ]
          }
        }
      ],
      "globals": {
        "loop1.output": null,
        "searchIssuesByJql1.output": [
          {
            "self": "https://api.atlassian.com/ex/jira/f2c10d6a-7a1c-4934-a500-dcd95b517cdf/rest/api/2/issue/251428",
            "expand": "renderedFields,names,schema,operations,editmeta,changelog,versionedRepresentations",
            "id": "251428",
            "fields": {
              "project": {
                "avatarUrls": {
                  "16x16": "https://api.atlassian.com/ex/jira/f2c10d6a-7a1c-4934-a500-dcd95b517cdf/rest/api/2/universal_avatar/view/type/project/avatar/10402?size=xsmall",
                  "24x24": "https://api.atlassian.com/ex/jira/f2c10d6a-7a1c-4934-a500-dcd95b517cdf/rest/api/2/universal_avatar/view/type/project/avatar/10402?size=small",
                  "32x32": "https://api.atlassian.com/ex/jira/f2c10d6a-7a1c-4934-a500-dcd95b517cdf/rest/api/2/universal_avatar/view/type/project/avatar/10402?size=medium",
                  "48x48": "https://api.atlassian.com/ex/jira/f2c10d6a-7a1c-4934-a500-dcd95b517cdf/rest/api/2/universal_avatar/view/type/project/avatar/10402"
                },
                "id": "11814",
                "key": "CE",
                "name": "Coder Eval",
                "projectTypeKey": "business",
                "self": "https://api.atlassian.com/ex/jira/f2c10d6a-7a1c-4934-a500-dcd95b517cdf/rest/api/2/project/11814",
                "simplified": true
              },
              "rank_Customfield10019": "0|i12ddb:",
              "creator": {
                "accountId": "712020:b53bf3dc-8817-419e-99e1-5670aeb7ffe6",
                "accountType": "atlassian",
                "active": true,
                "avatarUrls": {
                  "16x16": "https://secure.gravatar.com/avatar/3d0aa8b78ffd977d742893bc3016b084?d=https%3A%2F%2Favatar-management--avatars.us-west-2.prod.public.atl-paas.net%2Finitials%2FI-5.png",
                  "24x24": "https://secure.gravatar.com/avatar/3d0aa8b78ffd977d742893bc3016b084?d=https%3A%2F%2Favatar-management--avatars.us-west-2.prod.public.atl-paas.net%2Finitials%2FI-5.png",
                  "32x32": "https://secure.gravatar.com/avatar/3d0aa8b78ffd977d742893bc3016b084?d=https%3A%2F%2Favatar-management--avatars.us-west-2.prod.public.atl-paas.net%2Finitials%2FI-5.png",
                  "48x48": "https://secure.gravatar.com/avatar/3d0aa8b78ffd977d742893bc3016b084?d=https%3A%2F%2Favatar-management--avatars.us-west-2.prod.public.atl-paas.net%2Finitials%2FI-5.png"
                },
                "displayName": "is-sandboxes-test@uipath.com",
                "emailAddress": "is-sandboxes-test@uipath.com",
                "self": "https://api.atlassian.com/ex/jira/f2c10d6a-7a1c-4934-a500-dcd95b517cdf/rest/api/2/user?accountId=712020%3Ab53bf3dc-8817-419e-99e1-5670aeb7ffe6",
                "timeZone": "UTC"
              },
              "status": {
                "description": "",
                "iconUrl": "https://uipath-sandbox-380.atlassian.net/images/icons/statuses/generic.png",
                "id": "11450",
                "name": "To Do",
                "self": "https://api.atlassian.com/ex/jira/f2c10d6a-7a1c-4934-a500-dcd95b517cdf/rest/api/2/status/11450",
                "statusCategory": {
                  "colorName": "blue-gray",
                  "id": 2,
                  "key": "new",
                  "name": "To Do",
                  "self": "https://api.atlassian.com/ex/jira/f2c10d6a-7a1c-4934-a500-dcd95b517cdf/rest/api/2/statuscategory/2"
                }
              },
              "workratio": -1,
              "created": "2026-07-24T18:16:27.565+00:00",
              "reporter": {
                "accountId": "712020:b53bf3dc-8817-419e-99e1-5670aeb7ffe6",
                "accountType": "atlassian",
                "active": true,
                "avatarUrls": {
                  "16x16": "https://secure.gravatar.com/avatar/3d0aa8b78ffd977d742893bc3016b084?d=https%3A%2F%2Favatar-management--avatars.us-west-2.prod.public.atl-paas.net%2Finitials%2FI-5.png",
                  "24x24": "https://secure.gravatar.com/avatar/3d0aa8b78ffd977d742893bc3016b084?d=https%3A%2F%2Favatar-management--avatars.us-west-2.prod.public.atl-paas.net%2Finitials%2FI-5.png",
                  "32x32": "https://secure.gravatar.com/avatar/3d0aa8b78ffd977d742893bc3016b084?d=https%3A%2F%2Favatar-management--avatars.us-west-2.prod.public.atl-paas.net%2Finitials%2FI-5.png",
                  "48x48": "https://secure.gravatar.com/avatar/3d0aa8b78ffd977d742893bc3016b084?d=https%3A%2F%2Favatar-management--avatars.us-west-2.prod.public.atl-paas.net%2Finitials%2FI-5.png"
                },
                "displayName": "is-sandboxes-test@uipath.com",
                "emailAddress": "is-sandboxes-test@uipath.com",
                "self": "https://api.atlassian.com/ex/jira/f2c10d6a-7a1c-4934-a500-dcd95b517cdf/rest/api/2/user?accountId=712020%3Ab53bf3dc-8817-419e-99e1-5670aeb7ffe6",
                "timeZone": "UTC"
              },
              "watches": {
                "isWatching": true,
                "self": "https://api.atlassian.com/ex/jira/f2c10d6a-7a1c-4934-a500-dcd95b517cdf/rest/api/2/issue/CE-175/watchers",
                "watchCount": 1
              },
              "updated": "2026-07-24T18:16:27.611+00:00",
              "aggregateprogress": {
                "progress": 0,
                "total": 0
              },
              "progress": {
                "progress": 0,
                "total": 0
              },
              "statusCategory": {
                "colorName": "blue-gray",
                "id": 2,
                "key": "new",
                "name": "To Do",
                "self": "https://api.atlassian.com/ex/jira/f2c10d6a-7a1c-4934-a500-dcd95b517cdf/rest/api/2/statuscategory/2"
              },
              "statuscategorychangedate": "2026-07-24T18:16:27.767+00:00",
              "issuetype": {
                "avatarId": 10318,
                "description": "A small, distinct piece of work.",
                "entityId": "fe539ac2-a4c7-4e7e-a548-04817d49a0d7",
                "hierarchyLevel": 0,
                "iconUrl": "https://api.atlassian.com/ex/jira/f2c10d6a-7a1c-4934-a500-dcd95b517cdf/rest/api/2/universal_avatar/view/type/issuetype/avatar/10318?size=medium",
                "id": "11457",
                "name": "Task",
                "self": "https://api.atlassian.com/ex/jira/f2c10d6a-7a1c-4934-a500-dcd95b517cdf/rest/api/2/issuetype/11457",
                "subtask": false
              },
              "summary": "coder-eval jira search-triage 0de63380 #2",
              "worklog": {
                "maxResults": 20,
                "startAt": 0,
                "total": 0
              },
              "votes": {
                "hasVoted": false,
                "self": "https://api.atlassian.com/ex/jira/f2c10d6a-7a1c-4934-a500-dcd95b517cdf/rest/api/2/issue/CE-175/votes",
                "votes": 0
              },
              "priority": {
                "iconUrl": "https://uipath-sandbox-380.atlassian.net/images/icons/priorities/medium_new.svg",
                "id": "3",
                "name": "Medium",
                "self": "https://api.atlassian.com/ex/jira/f2c10d6a-7a1c-4934-a500-dcd95b517cdf/rest/api/2/priority/3"
              },
              "comment": {
                "maxResults": 0,
                "self": "https://api.atlassian.com/ex/jira/f2c10d6a-7a1c-4934-a500-dcd95b517cdf/rest/api/2/issue/251428/comment",
                "startAt": 0,
                "total": 0
              }
            },
            "key": "CE-175"
          },
          {
            "self": "https://api.atlassian.com/ex/jira/f2c10d6a-7a1c-4934-a500-dcd95b517cdf/rest/api/2/issue/251427",
            "expand": "renderedFields,names,schema,operations,editmeta,changelog,versionedRepresentations",
            "id": "251427",
            "fields": {
              "project": {
                "avatarUrls": {
                  "16x16": "https://api.atlassian.com/ex/jira/f2c10d6a-7a1c-4934-a500-dcd95b517cdf/rest/api/2/universal_avatar/view/type/project/avatar/10402?size=xsmall",
                  "24x24": "https://api.atlassian.com/ex/jira/f2c10d6a-7a1c-4934-a500-dcd95b517cdf/rest/api/2/universal_avatar/view/type/project/avatar/10402?size=small",
                  "32x32": "https://api.atlassian.com/ex/jira/f2c10d6a-7a1c-4934-a500-dcd95b517cdf/rest/api/2/universal_avatar/view/type/project/avatar/10402?size=medium",
                  "48x48": "https://api.atlassian.com/ex/jira/f2c10d6a-7a1c-4934-a500-dcd95b517cdf/rest/api/2/universal_avatar/view/type/project/avatar/10402"
                },
                "id": "11814",
                "key": "CE",
                "name": "Coder Eval",
                "projectTypeKey": "business",
                "self": "https://api.atlassian.com/ex/jira/f2c10d6a-7a1c-4934-a500-dcd95b517cdf/rest/api/2/project/11814",
                "simplified": true
              },
              "rank_Customfield10019": "0|i12dd3:",
              "creator": {
                "accountId": "712020:b53bf3dc-8817-419e-99e1-5670aeb7ffe6",
                "accountType": "atlassian",
                "active": true,
                "avatarUrls": {
                  "16x16": "https://secure.gravatar.com/avatar/3d0aa8b78ffd977d742893bc3016b084?d=https%3A%2F%2Favatar-management--avatars.us-west-2.prod.public.atl-paas.net%2Finitials%2FI-5.png",
                  "24x24": "https://secure.gravatar.com/avatar/3d0aa8b78ffd977d742893bc3016b084?d=https%3A%2F%2Favatar-management--avatars.us-west-2.prod.public.atl-paas.net%2Finitials%2FI-5.png",
                  "32x32": "https://secure.gravatar.com/avatar/3d0aa8b78ffd977d742893bc3016b084?d=https%3A%2F%2Favatar-management--avatars.us-west-2.prod.public.atl-paas.net%2Finitials%2FI-5.png",
                  "48x48": "https://secure.gravatar.com/avatar/3d0aa8b78ffd977d742893bc3016b084?d=https%3A%2F%2Favatar-management--avatars.us-west-2.prod.public.atl-paas.net%2Finitials%2FI-5.png"
                },
                "displayName": "is-sandboxes-test@uipath.com",
                "emailAddress": "is-sandboxes-test@uipath.com",
                "self": "https://api.atlassian.com/ex/jira/f2c10d6a-7a1c-4934-a500-dcd95b517cdf/rest/api/2/user?accountId=712020%3Ab53bf3dc-8817-419e-99e1-5670aeb7ffe6",
                "timeZone": "UTC"
              },
              "status": {
                "description": "",
                "iconUrl": "https://uipath-sandbox-380.atlassian.net/images/icons/statuses/generic.png",
                "id": "11450",
                "name": "To Do",
                "self": "https://api.atlassian.com/ex/jira/f2c10d6a-7a1c-4934-a500-dcd95b517cdf/rest/api/2/status/11450",
                "statusCategory": {
                  "colorName": "blue-gray",
                  "id": 2,
                  "key": "new",
                  "name": "To Do",
                  "self": "https://api.atlassian.com/ex/jira/f2c10d6a-7a1c-4934-a500-dcd95b517cdf/rest/api/2/statuscategory/2"
                }
              },
              "workratio": -1,
              "created": "2026-07-24T18:16:25.261+00:00",
              "reporter": {
                "accountId": "712020:b53bf3dc-8817-419e-99e1-5670aeb7ffe6",
                "accountType": "atlassian",
                "active": true,
                "avatarUrls": {
                  "16x16": "https://secure.gravatar.com/avatar/3d0aa8b78ffd977d742893bc3016b084?d=https%3A%2F%2Favatar-management--avatars.us-west-2.prod.public.atl-paas.net%2Finitials%2FI-5.png",
                  "24x24": "https://secure.gravatar.com/avatar/3d0aa8b78ffd977d742893bc3016b084?d=https%3A%2F%2Favatar-management--avatars.us-west-2.prod.public.atl-paas.net%2Finitials%2FI-5.png",
                  "32x32": "https://secure.gravatar.com/avatar/3d0aa8b78ffd977d742893bc3016b084?d=https%3A%2F%2Favatar-management--avatars.us-west-2.prod.public.atl-paas.net%2Finitials%2FI-5.png",
                  "48x48": "https://secure.gravatar.com/avatar/3d0aa8b78ffd977d742893bc3016b084?d=https%3A%2F%2Favatar-management--avatars.us-west-2.prod.public.atl-paas.net%2Finitials%2FI-5.png"
                },
                "displayName": "is-sandboxes-test@uipath.com",
                "emailAddress": "is-sandboxes-test@uipath.com",
                "self": "https://api.atlassian.com/ex/jira/f2c10d6a-7a1c-4934-a500-dcd95b517cdf/rest/api/2/user?accountId=712020%3Ab53bf3dc-8817-419e-99e1-5670aeb7ffe6",
                "timeZone": "UTC"
              },
              "watches": {
                "isWatching": true,
                "self": "https://api.atlassian.com/ex/jira/f2c10d6a-7a1c-4934-a500-dcd95b517cdf/rest/api/2/issue/CE-174/watchers",
                "watchCount": 1
              },
              "updated": "2026-07-24T18:16:25.325+00:00",
              "aggregateprogress": {
                "progress": 0,
                "total": 0
              },
              "progress": {
                "progress": 0,
                "total": 0
              },
              "statusCategory": {
                "colorName": "blue-gray",
                "id": 2,
                "key": "new",
                "name": "To Do",
                "self": "https://api.atlassian.com/ex/jira/f2c10d6a-7a1c-4934-a500-dcd95b517cdf/rest/api/2/statuscategory/2"
              },
              "statuscategorychangedate": "2026-07-24T18:16:25.575+00:00",
              "issuetype": {
                "avatarId": 10318,
                "description": "A small, distinct piece of work.",
                "entityId": "fe539ac2-a4c7-4e7e-a548-04817d49a0d7",
                "hierarchyLevel": 0,
                "iconUrl": "https://api.atlassian.com/ex/jira/f2c10d6a-7a1c-4934-a500-dcd95b517cdf/rest/api/2/universal_avatar/view/type/issuetype/avatar/10318?size=medium",
                "id": "11457",
                "name": "Task",
                "self": "https://api.atlassian.com/ex/jira/f2c10d6a-7a1c-4934-a500-dcd95b517cdf/rest/api/2/issuetype/11457",
                "subtask": false
              },
              "summary": "coder-eval jira search-triage 0de63380 #1",
              "worklog": {
                "maxResults": 20,
                "startAt": 0,
                "total": 0
              },
              "votes": {
                "hasVoted": false,
                "self": "https://api.atlassian.com/ex/jira/f2c10d6a-7a1c-4934-a500-dcd95b517cdf/rest/api/2/issue/CE-174/votes",
                "votes": 0
              },
              "priority": {
                "iconUrl": "https://uipath-sandbox-380.atlassian.net/images/icons/priorities/medium_new.svg",
                "id": "3",
                "name": "Medium",
                "self": "https://api.atlassian.com/ex/jira/f2c10d6a-7a1c-4934-a500-dcd95b517cdf/rest/api/2/priority/3"
              },
              "comment": {
                "maxResults": 0,
                "self": "https://api.atlassian.com/ex/jira/f2c10d6a-7a1c-4934-a500-dcd95b517cdf/rest/api/2/issue/251427/comment",
                "startAt": 0,
                "total": 0
              }
            },
            "key": "CE-174"
          }
        ],
        "addComment1.output": null
      },
      "instanceId": "3d14a9c2-8105-416a-a123-8d1651e9e0c2",
      "workflowId": "3d14a9c2-8105-416a-a123-8d1651e9e0c2/BpmnGenericWorkflow",
      "parentElementId": null,
      "globalDefinitions": {
        "loop1.output": {
          "name": "output",
          "type": "array"
        },
        "searchIssuesByJql1.output": {
          "name": "output",
          "type": "jsonSchema"
        },
        "addComment1.output": {
          "name": "output",
          "type": "jsonSchema"
        }
      }
    },
    "incidents": [
      {
        "id": "fa9cd066-361a-4a2e-89eb-878a5cbc3d7e",
        "tenantId": "69d43765-6ede-4575-88b7-9db601a2c056",
        "organizationId": "311c6049-4966-4ef2-a6f3-8ceccaf38d54",
        "instanceId": "3d14a9c2-8105-416a-a123-8d1651e9e0c2",
        "runId": "019f955d-78f0-753f-b1c8-90caf78bf23c",
        "elementId": "loop1",
        "elementRunId": "793c5973-5110-49ae-bfa1-498251dbc119",
        "folderKey": "410fae2d-89b3-4cd1-a991-7359bda90c0b",
        "processKey": null,
        "packageVersion": "",
        "incidentId": "793c5973-5110-49ae-bfa1-498251dbc119",
        "incidentStatus": "Open",
        "incidentType": "User",
        "errorCode": "400008",
        "errorMessage": "Failed to evaluate the input collection variable for the marker element",
        "errorTimeUtc": "2026-07-24T18:22:43.5371817Z",
        "errorDetails": "Failed to evaluate the input collection variable for the marker element",
        "comment": null,
        "userUpdated": null,
        "debugMode": "Default",
        "incidentUpdateTimeUtc": null,
        "traceId": "3d14a9c28105416aa1238d1651e9e0c2",
        "dependentFaultCode": null,
        "incidentSeverity": "Error",
        "aiSummary": null,
        "aiRecommendations": null,
        "processType": null,
        "sourceElementId": null
      }
    ]
  },
  "ErrorCode": "unknown_error",
  "Retry": "RetryWillNotFix"
}

stderr:
---
2026-07-24 18:22:46 [DEBUG] coder_eval.evaluation.checker: Criterion 'run_command' score: 0.00
2026-07-24 18:22:46 [INFO] coder_eval.evaluation.checker: Criterion 'run_command' FAILED (score=0.00, threshold=1.00): Command: python3 $TASK_DIR/check_jira_search_triage.py
2026-07-24 18:22:46 [INFO] coder_eval.orchestrator: Success criteria: 1/2 passed, weighted score: 0.286
2026-07-24 18:22:46 [DEBUG] coder_eval.utils: Resolved @uipath plugin-tools dir=/usr/lib/node_modules/@uipath from `uip` at /usr/lib/node_modules/@uipath/cli/dist/index.js
2026-07-24 18:22:46 [INFO] coder_eval.orchestrator: Running post-run command: python3 $SKILLS_REPO_PATH/tests/tasks/uipath-maestro-flow/e2e/jira_search_triage/teardown_jira.py
2026-07-24 18:22:51 [INFO] coder_eval.orchestrator: [post_run stdout] OK: deleted CE-174
2026-07-24 18:22:52 [INFO] coder_eval.orchestrator: [post_run stdout] OK: deleted CE-175
2026-07-24 18:22:52 [INFO] coder_eval.orchestrator: Running post-run command: find . -maxdepth 5 -type d \( -name node_modules -o -name .npm-prefix -o -name .venv \) -prune -exec rm -rf {} +
2026-07-24 18:22:53 [INFO] coder_eval.orchestrator: Sandbox preserved (in-place): /work/output/artifacts/skill-flow-ipe-jira-search-triage
2026-07-24 18:22:53 [INFO] coder_eval.orchestrator: Task finished: status=FAILURE duration=396.5s score=0.286 iterations=1
