2026-07-24 20:40:25 [DEBUG] coder_eval.utils: Resolved @uipath plugin-tools dir=/usr/lib/node_modules/@uipath from `uip` at /usr/lib/node_modules/@uipath/cli/dist/index.js
2026-07-24 20:40:25 [INFO] coder_eval.orchestrator: API routing: aws_bedrock
2026-07-24 20:40:25 [DEBUG] coder_eval.criteria: Discovered 14 criterion checkers
2026-07-24 20:40:25 [DEBUG] coder_eval.criteria: Validated 14 criterion checkers
2026-07-24 20:40:25 [DEBUG] coder_eval.utils: Resolved @uipath plugin-tools dir=/usr/lib/node_modules/@uipath from `uip` at /usr/lib/node_modules/@uipath/cli/dist/index.js
2026-07-24 20:40:25 [DEBUG] coder_eval.orchestrator: Sending prompt: You are authoring a UiPath Flow that is triggered by an Outlook email with subject containing "good ...
2026-07-24 20:40:25 [DEBUG] coder_eval.agents.claude_code_agent: [coder] Starting agent query stream...
2026-07-24 20:45:48 [DEBUG] coder_eval.agents.claude_code_agent: [coder] session_id changed: None -> 45d48d3e-a11b-49fd-ba5b-c96a4ce161e5
2026-07-24 20:45:48 [DEBUG] coder_eval.agents.claude_code_agent: [coder] Agent query stream ended
2026-07-24 20:45:48 [DEBUG] coder_eval.utils: Resolved @uipath plugin-tools dir=/usr/lib/node_modules/@uipath from `uip` at /usr/lib/node_modules/@uipath/cli/dist/index.js
2026-07-24 20:45:48 [DEBUG] coder_eval.orchestrator: Agent response received (4125 chars)
2026-07-24 20:45:48 [DEBUG] coder_eval.orchestrator: Checking success criteria
2026-07-24 20:45:48 [DEBUG] coder_eval.criteria.run_command: Running command for criterion 'trigger_detail.json (found anywhere under the solution) carries a structured filter tree on `subject` Contains, with no top-level filterExpression': python3 $TASK_DIR/check_trigger_filter.py
2026-07-24 20:45:48 [DEBUG] coder_eval.sandbox: Command 'python3 $TASK_DIR/check_trigger_filter.py' exited with code 1
2026-07-24 20:45:48 [DEBUG] coder_eval.sandbox: STDERR:
---
FAIL: trigger_detail.json has no `filter` object
---
2026-07-24 20:45:48 [DEBUG] coder_eval.evaluation.checker: Criterion 'run_command' score: 0.00
2026-07-24 20:45:48 [INFO] coder_eval.evaluation.checker: Criterion 'run_command' FAILED (score=0.00, threshold=1.00): Command: python3 $TASK_DIR/check_trigger_filter.py
2026-07-24 20:45:48 [INFO] coder_eval.orchestrator: Success criteria: 0/1 passed, weighted score: 0.000
2026-07-24 20:45:48 [WARNING] coder_eval.orchestrator: Visible turns (36) exceeded expected_turns (7) at iteration 1 for task skill-flow-trigger-with-filter. Run continues — max_turns remains the hard cap.
2026-07-24 20:45:48 [DEBUG] coder_eval.utils: Resolved @uipath plugin-tools dir=/usr/lib/node_modules/@uipath from `uip` at /usr/lib/node_modules/@uipath/cli/dist/index.js
2026-07-24 20:45:48 [INFO] coder_eval.orchestrator: Running post-run command: find . -maxdepth 5 -type d \( -name node_modules -o -name .npm-prefix -o -name .venv \) -prune -exec rm -rf {} +
2026-07-24 20:45:48 [INFO] coder_eval.orchestrator: Sandbox preserved (in-place): /work/output/artifacts/skill-flow-trigger-with-filter
2026-07-24 20:45:48 [INFO] coder_eval.orchestrator: Task finished: status=FAILURE duration=325.3s score=0.000 iterations=1
