2026-08-14 21:55:49 [DEBUG] coder_eval.utils: Resolved @uipath plugin-tools dir=/usr/lib/node_modules/@uipath from `uip` at /usr/lib/node_modules/@uipath/cli/dist/index.js
2026-08-14 21:55:49 [INFO] coder_eval.orchestrator: API routing: aws_bedrock
2026-08-14 21:55:49 [DEBUG] coder_eval.criteria: Discovered 14 criterion checkers
2026-08-14 21:55:49 [DEBUG] coder_eval.criteria: Validated 14 criterion checkers
2026-08-14 21:55:49 [DEBUG] coder_eval.utils: Resolved @uipath plugin-tools dir=/usr/lib/node_modules/@uipath from `uip` at /usr/lib/node_modules/@uipath/cli/dist/index.js
2026-08-14 21:55:49 [DEBUG] coder_eval.orchestrator: Sending prompt: Create a local BPMN project named "ContractVariantsBpmn".
Use synthetic placeholder resource names o...
2026-08-14 21:55:49 [DEBUG] coder_eval.agents.claude_code_agent: [coder] Starting agent query stream...
2026-08-14 22:35:18 [DEBUG] coder_eval.agents.claude_code_agent: [coder] is_error ResultMessage; not advancing session_id (kept None)
2026-08-14 22:35:18 [DEBUG] coder_eval.agents.claude_code_agent: [coder] Generic Exception is error_max_turns; treating as clean turn
2026-08-14 22:35:18 [WARNING] coder_eval.agents.claude_code_agent: [coder] Agent exhausted max_turns (90); turn ended without completing
2026-08-14 22:35:18 [DEBUG] coder_eval.utils: Resolved @uipath plugin-tools dir=/usr/lib/node_modules/@uipath from `uip` at /usr/lib/node_modules/@uipath/cli/dist/index.js
2026-08-14 22:35:18 [DEBUG] coder_eval.orchestrator: Agent response received (3411 chars)
2026-08-14 22:35:18 [DEBUG] coder_eval.orchestrator: Checking success criteria
2026-08-14 22:35:18 [DEBUG] coder_eval.criteria.run_command: Running command for criterion 'Contract variant wrappers use the documented BPMN element types': python3 $TASK_DIR/check_contract_variant_wrappers.py
2026-08-14 22:35:18 [DEBUG] coder_eval.sandbox: Command 'python3 $TASK_DIR/check_contract_variant_wrappers.py' exited with code 1
2026-08-14 22:35:18 [DEBUG] coder_eval.sandbox: STDERR:
---
FAIL: missing bpmn:serviceTask with Orchestrator.StartAgentJob uipath:activity shell
---
2026-08-14 22:35:18 [DEBUG] coder_eval.evaluation.checker: Criterion 'run_command' score: 0.00
2026-08-14 22:35:18 [INFO] coder_eval.evaluation.checker: Criterion 'run_command' FAILED (score=0.00, threshold=1.00): Command: python3 $TASK_DIR/check_contract_variant_wrappers.py
2026-08-14 22:35:18 [INFO] coder_eval.orchestrator: Success criteria: 0/1 passed, weighted score: 0.000
2026-08-14 22:35:18 [WARNING] coder_eval.orchestrator: Agent exhausted max_turns (90) without passing criteria.
2026-08-14 22:35:18 [WARNING] coder_eval.orchestrator: Visible turns (93) exceeded expected_turns (20) at iteration 1 for task skill-bpmn-contract-variant-wrappers. Run continues — max_turns remains the hard cap.
2026-08-14 22:35:18 [DEBUG] coder_eval.utils: Resolved @uipath plugin-tools dir=/usr/lib/node_modules/@uipath from `uip` at /usr/lib/node_modules/@uipath/cli/dist/index.js
2026-08-14 22:35:18 [INFO] coder_eval.orchestrator: Running post-run command: find . -maxdepth 5 -type d \( -name node_modules -o -name .npm-prefix -o -name .venv \) -prune -exec rm -rf {} +
2026-08-14 22:35:18 [INFO] coder_eval.orchestrator: Sandbox preserved (in-place): /work/output/artifacts/skill-bpmn-contract-variant-wrappers
2026-08-14 22:35:18 [INFO] coder_eval.orchestrator: Task finished: status=MAX_TURNS_EXHAUSTED duration=2370.9s score=0.000 iterations=1
