2026-07-22 04:56:47 [DEBUG] coder_eval.utils: Resolved @uipath plugin-tools dir=/usr/lib/node_modules/@uipath from `uip` at /usr/lib/node_modules/@uipath/cli/dist/index.js
2026-07-22 04:56:47 [INFO] coder_eval.orchestrator: API routing: aws_bedrock
2026-07-22 04:56:47 [DEBUG] coder_eval.criteria: Discovered 14 criterion checkers
2026-07-22 04:56:47 [DEBUG] coder_eval.criteria: Validated 14 criterion checkers
2026-07-22 04:56:47 [DEBUG] coder_eval.utils: Resolved @uipath plugin-tools dir=/usr/lib/node_modules/@uipath from `uip` at /usr/lib/node_modules/@uipath/cli/dist/index.js
2026-07-22 04:56:47 [DEBUG] coder_eval.orchestrator: Sending prompt: Load and follow the uipath-maestro-bpmn skill.

Author a local Maestro BPMN project named "MultiCity...
2026-07-22 04:56:47 [DEBUG] coder_eval.agents.claude_code_agent: [coder] Starting agent query stream...
2026-07-22 05:04:06 [DEBUG] coder_eval.agents.claude_code_agent: [coder] session_id changed: None -> 6b2a7a6c-c2db-4d1e-939d-2d3a272056a9
2026-07-22 05:04:06 [DEBUG] coder_eval.agents.claude_code_agent: [coder] Agent query stream ended
2026-07-22 05:04:06 [DEBUG] coder_eval.utils: Resolved @uipath plugin-tools dir=/usr/lib/node_modules/@uipath from `uip` at /usr/lib/node_modules/@uipath/cli/dist/index.js
2026-07-22 05:04:06 [DEBUG] coder_eval.orchestrator: Agent response received (4992 chars)
2026-07-22 05:04:06 [DEBUG] coder_eval.orchestrator: Checking success criteria
2026-07-22 05:04:06 [DEBUG] coder_eval.evaluation.checker: Criterion 'file_exists' score: 1.00
2026-07-22 05:04:06 [DEBUG] coder_eval.evaluation.checker: Criterion 'file_contains' score: 1.00
2026-07-22 05:04:06 [DEBUG] coder_eval.criteria.run_command: Running command for criterion 'BPMN has a parallel multi-instance marker with a bound cities collection and valid DI': python3 $TASK_DIR/check_multi_city_weather.py
2026-07-22 05:04:06 [DEBUG] coder_eval.sandbox: Command 'python3 $TASK_DIR/check_multi_city_weather.py' exited with code 0
2026-07-22 05:04:06 [DEBUG] coder_eval.sandbox: STDOUT:
---
OK: MultiCityWeatherBpmn/MultiCityWeatherBpmn.bpmn classifies cities through a parallel multi-instance script task
---
2026-07-22 05:04:06 [DEBUG] coder_eval.evaluation.checker: Criterion 'run_command' score: 1.00
2026-07-22 05:04:06 [INFO] coder_eval.orchestrator: Success criteria: 3/3 passed, weighted score: 1.000
2026-07-22 05:04:06 [DEBUG] coder_eval.utils: Resolved @uipath plugin-tools dir=/usr/lib/node_modules/@uipath from `uip` at /usr/lib/node_modules/@uipath/cli/dist/index.js
2026-07-22 05:04:06 [INFO] coder_eval.orchestrator: Running post-run command: find . -maxdepth 5 -type d \( -name node_modules -o -name .npm-prefix -o -name .venv \) -prune -exec rm -rf {} +
2026-07-22 05:04:06 [INFO] coder_eval.orchestrator: Sandbox preserved (in-place): /work/output/artifacts/skill-bpmn-multi-city-weather
2026-07-22 05:04:06 [INFO] coder_eval.orchestrator: Task finished: status=SUCCESS duration=440.5s score=1.000 iterations=1
