2026-07-24 19:46:05 [DEBUG] coder_eval.utils: Resolved @uipath plugin-tools dir=/usr/lib/node_modules/@uipath from `uip` at /usr/lib/node_modules/@uipath/cli/dist/index.js
2026-07-24 19:46:05 [INFO] coder_eval.orchestrator: API routing: aws_bedrock
2026-07-24 19:46:05 [DEBUG] coder_eval.criteria: Discovered 14 criterion checkers
2026-07-24 19:46:05 [DEBUG] coder_eval.criteria: Validated 14 criterion checkers
2026-07-24 19:46:05 [DEBUG] coder_eval.utils: Resolved @uipath plugin-tools dir=/usr/lib/node_modules/@uipath from `uip` at /usr/lib/node_modules/@uipath/cli/dist/index.js
2026-07-24 19:46:05 [DEBUG] coder_eval.orchestrator: Sending prompt: Create a UiPath Flow named "WebhookSelfTest" with a manual trigger.

The start trigger must fan out ...
2026-07-24 19:46:05 [DEBUG] coder_eval.agents.claude_code_agent: [coder] Starting agent query stream...
2026-07-24 19:50:57 [DEBUG] coder_eval.agents.claude_code_agent: [coder] session_id changed: None -> fbc3e83c-7298-427c-8ac5-c2cd6960a10d
2026-07-24 19:50:57 [DEBUG] coder_eval.agents.claude_code_agent: [coder] Agent query stream ended
2026-07-24 19:50:57 [DEBUG] coder_eval.utils: Resolved @uipath plugin-tools dir=/usr/lib/node_modules/@uipath from `uip` at /usr/lib/node_modules/@uipath/cli/dist/index.js
2026-07-24 19:50:57 [DEBUG] coder_eval.orchestrator: Agent response received (4625 chars)
2026-07-24 19:50:57 [DEBUG] coder_eval.orchestrator: Checking success criteria
2026-07-24 19:50:57 [DEBUG] coder_eval.evaluation.checker: Criterion 'command_executed' score: 1.00
2026-07-24 19:50:57 [DEBUG] coder_eval.evaluation.checker: Criterion 'command_executed' score: 1.00
2026-07-24 19:50:57 [DEBUG] coder_eval.evaluation.checker: Criterion 'command_executed' score: 1.00
2026-07-24 19:50:57 [DEBUG] coder_eval.evaluation.checker: Criterion 'command_executed' score: 1.00
2026-07-24 19:50:57 [DEBUG] coder_eval.criteria.run_command: Running command for criterion 'Two-branch structure: wait-for-event + manual-GET-to-webhook-URL (no headers/query), both reaching End': python3 $TASK_DIR/check_webhook_waitfor_parallel.py
2026-07-24 19:50:57 [DEBUG] coder_eval.sandbox: Command 'python3 $TASK_DIR/check_webhook_waitfor_parallel.py' exited with code 0
2026-07-24 19:50:57 [DEBUG] coder_eval.sandbox: STDOUT:
---
OK: start trigger 'start' fans out into 2 branches
OK: HTTP Webhook wait-for-event node present
OK: manual GET HTTP node to webhook URL, no headers / no query
OK: both branches terminate at an End node
OK: all WebhookSelfTest checks passed
---
2026-07-24 19:50:57 [DEBUG] coder_eval.evaluation.checker: Criterion 'run_command' score: 1.00
2026-07-24 19:50:57 [INFO] coder_eval.orchestrator: Success criteria: 5/5 passed, weighted score: 1.000
2026-07-24 19:50:57 [DEBUG] coder_eval.utils: Resolved @uipath plugin-tools dir=/usr/lib/node_modules/@uipath from `uip` at /usr/lib/node_modules/@uipath/cli/dist/index.js
2026-07-24 19:50:57 [INFO] coder_eval.orchestrator: Running post-run command: find . -maxdepth 5 -type d \( -name node_modules -o -name .npm-prefix -o -name .venv \) -prune -exec rm -rf {} +
2026-07-24 19:50:57 [INFO] coder_eval.orchestrator: Sandbox preserved (in-place): /work/output/artifacts/skill-flow-webhook-waitfor-parallel
2026-07-24 19:50:57 [INFO] coder_eval.orchestrator: Task finished: status=SUCCESS duration=295.0s score=1.000 iterations=1
