2026-07-24 20:00:20 [DEBUG] coder_eval.utils: Resolved @uipath plugin-tools dir=/usr/lib/node_modules/@uipath from `uip` at /usr/lib/node_modules/@uipath/cli/dist/index.js
2026-07-24 20:00:20 [INFO] coder_eval.orchestrator: API routing: aws_bedrock
2026-07-24 20:00:20 [DEBUG] coder_eval.criteria: Discovered 14 criterion checkers
2026-07-24 20:00:20 [DEBUG] coder_eval.criteria: Validated 14 criterion checkers
2026-07-24 20:00:20 [DEBUG] coder_eval.utils: Resolved @uipath plugin-tools dir=/usr/lib/node_modules/@uipath from `uip` at /usr/lib/node_modules/@uipath/cli/dist/index.js
2026-07-24 20:00:21 [DEBUG] coder_eval.orchestrator: Sending prompt: Create a new Flow project called "GenerateSchemaTest" with a manual trigger
that runs the Atlassian ...
2026-07-24 20:00:21 [DEBUG] coder_eval.agents.claude_code_agent: [coder] Starting agent query stream...
2026-07-24 20:05:06 [DEBUG] coder_eval.agents.claude_code_agent: [coder] session_id changed: None -> e019dc2e-3a7b-4a11-ab3e-c4a5a2a53dee
2026-07-24 20:05:06 [DEBUG] coder_eval.agents.claude_code_agent: [coder] Agent query stream ended
2026-07-24 20:05:06 [DEBUG] coder_eval.utils: Resolved @uipath plugin-tools dir=/usr/lib/node_modules/@uipath from `uip` at /usr/lib/node_modules/@uipath/cli/dist/index.js
2026-07-24 20:05:06 [DEBUG] coder_eval.orchestrator: Agent response received (6804 chars)
2026-07-24 20:05:06 [DEBUG] coder_eval.orchestrator: Checking success criteria
2026-07-24 20:05:06 [DEBUG] coder_eval.criteria.run_command: Running command for criterion 'Flow is valid JSON with Jira Create Issue node, customFieldsRequestDetails has both parent-field tuples under GenerateSchema, and bodyParameters carries a non-empty fields.summary': python3 $TASK_DIR/check_generate_schema.py
2026-07-24 20:05:06 [DEBUG] coder_eval.sandbox: Command 'python3 $TASK_DIR/check_generate_schema.py' exited with code 0
2026-07-24 20:05:06 [DEBUG] coder_eval.sandbox: STDOUT:
---
OK: 3 nodes, 2 edges; Jira Create Issue node present; customFieldsRequestDetails has both parent-field tuples; fields.summary='Created from GenerateSchemaTest Flow'
---
2026-07-24 20:05:06 [DEBUG] coder_eval.evaluation.checker: Criterion 'run_command' score: 1.00
2026-07-24 20:05:06 [DEBUG] coder_eval.evaluation.checker: Criterion 'command_executed' score: 1.00
2026-07-24 20:05:06 [DEBUG] coder_eval.evaluation.checker: Criterion 'command_executed' score: 1.00
2026-07-24 20:05:06 [INFO] coder_eval.orchestrator: Success criteria: 3/3 passed, weighted score: 1.000
2026-07-24 20:05:06 [DEBUG] coder_eval.utils: Resolved @uipath plugin-tools dir=/usr/lib/node_modules/@uipath from `uip` at /usr/lib/node_modules/@uipath/cli/dist/index.js
2026-07-24 20:05:06 [INFO] coder_eval.orchestrator: Running post-run command: find . -maxdepth 5 -type d \( -name node_modules -o -name .npm-prefix -o -name .venv \) -prune -exec rm -rf {} +
2026-07-24 20:05:06 [INFO] coder_eval.orchestrator: Sandbox preserved (in-place): /work/output/artifacts/skill-flow-ipe-generate-schema
2026-07-24 20:05:06 [INFO] coder_eval.orchestrator: Task finished: status=SUCCESS duration=287.4s score=1.000 iterations=1
