2026-07-22 04:30:22 [DEBUG] coder_eval.utils: Resolved @uipath plugin-tools dir=/usr/lib/node_modules/@uipath from `uip` at /usr/lib/node_modules/@uipath/cli/dist/index.js
2026-07-22 04:30:22 [INFO] coder_eval.orchestrator: API routing: aws_bedrock
2026-07-22 04:30:22 [DEBUG] coder_eval.criteria: Discovered 14 criterion checkers
2026-07-22 04:30:22 [DEBUG] coder_eval.criteria: Validated 14 criterion checkers
2026-07-22 04:30:22 [DEBUG] coder_eval.utils: Resolved @uipath plugin-tools dir=/usr/lib/node_modules/@uipath from `uip` at /usr/lib/node_modules/@uipath/cli/dist/index.js
2026-07-22 04:30:22 [DEBUG] coder_eval.orchestrator: Sending prompt: Load and follow the uipath-maestro-bpmn skill.

Author a single Maestro BPMN file `ScriptTaskMapDemo...
2026-07-22 04:30:22 [DEBUG] coder_eval.agents.claude_code_agent: [coder] Starting agent query stream...
2026-07-22 04:32:53 [DEBUG] coder_eval.agents.claude_code_agent: [coder] session_id changed: None -> 5c2c9802-3fd7-4572-8394-137b00f103d1
2026-07-22 04:32:53 [DEBUG] coder_eval.agents.claude_code_agent: [coder] Agent query stream ended
2026-07-22 04:32:53 [DEBUG] coder_eval.utils: Resolved @uipath plugin-tools dir=/usr/lib/node_modules/@uipath from `uip` at /usr/lib/node_modules/@uipath/cli/dist/index.js
2026-07-22 04:32:53 [DEBUG] coder_eval.orchestrator: Agent response received (3826 chars)
2026-07-22 04:32:53 [DEBUG] coder_eval.orchestrator: Checking success criteria
2026-07-22 04:32:53 [DEBUG] coder_eval.evaluation.checker: Criterion 'file_exists' score: 1.00
2026-07-22 04:32:53 [DEBUG] coder_eval.evaluation.checker: Criterion 'file_contains' score: 1.00
2026-07-22 04:32:53 [DEBUG] coder_eval.criteria.run_command: Running command for criterion 'BPMN has a Jint-safe scriptTask (v3, mapped I/O) implementing a map/uppercase operation, with full DI': python3 $TASK_DIR/check_script_task_map.py
2026-07-22 04:32:53 [DEBUG] coder_eval.sandbox: Command 'python3 $TASK_DIR/check_script_task_map.py' exited with code 0
2026-07-22 04:32:53 [DEBUG] coder_eval.sandbox: STDOUT:
---
OK: ScriptTaskMapDemo.bpmn has a Jint-safe scriptTask performing a map/uppercase operation
---
2026-07-22 04:32:53 [DEBUG] coder_eval.evaluation.checker: Criterion 'run_command' score: 1.00
2026-07-22 04:32:53 [INFO] coder_eval.orchestrator: Success criteria: 3/3 passed, weighted score: 1.000
2026-07-22 04:32:53 [DEBUG] coder_eval.utils: Resolved @uipath plugin-tools dir=/usr/lib/node_modules/@uipath from `uip` at /usr/lib/node_modules/@uipath/cli/dist/index.js
2026-07-22 04:32:53 [INFO] coder_eval.orchestrator: Running post-run command: find . -maxdepth 5 -type d \( -name node_modules -o -name .npm-prefix -o -name .venv \) -prune -exec rm -rf {} +
2026-07-22 04:32:53 [INFO] coder_eval.orchestrator: Sandbox preserved (in-place): /work/output/artifacts/skill-bpmn-script-task-map
2026-07-22 04:32:53 [INFO] coder_eval.orchestrator: Task finished: status=SUCCESS duration=152.7s score=1.000 iterations=1
