2026-07-24 20:10:03 [DEBUG] coder_eval.utils: Resolved @uipath plugin-tools dir=/usr/lib/node_modules/@uipath from `uip` at /usr/lib/node_modules/@uipath/cli/dist/index.js
2026-07-24 20:10:03 [INFO] coder_eval.orchestrator: API routing: aws_bedrock
2026-07-24 20:10:03 [DEBUG] coder_eval.criteria: Discovered 14 criterion checkers
2026-07-24 20:10:03 [DEBUG] coder_eval.criteria: Validated 14 criterion checkers
2026-07-24 20:10:03 [DEBUG] coder_eval.utils: Resolved @uipath plugin-tools dir=/usr/lib/node_modules/@uipath from `uip` at /usr/lib/node_modules/@uipath/cli/dist/index.js
2026-07-24 20:10:04 [DEBUG] coder_eval.orchestrator: Sending prompt: Build a UiPath Flow that monitors a SharePoint folder for new vendor PDF
invoices, extracts the stru...
2026-07-24 20:10:04 [DEBUG] coder_eval.agents.claude_code_agent: [coder] Starting agent query stream...
2026-07-24 20:20:54 [DEBUG] coder_eval.agents.claude_code_agent: [coder] session_id changed: None -> e9ec67f1-8ec4-49c0-94ea-83d0730cbc20
2026-07-24 20:20:54 [DEBUG] coder_eval.agents.claude_code_agent: [coder] Agent query stream ended
2026-07-24 20:20:54 [DEBUG] coder_eval.utils: Resolved @uipath plugin-tools dir=/usr/lib/node_modules/@uipath from `uip` at /usr/lib/node_modules/@uipath/cli/dist/index.js
2026-07-24 20:20:54 [DEBUG] coder_eval.orchestrator: Agent response received (9601 chars)
2026-07-24 20:20:54 [DEBUG] coder_eval.orchestrator: Checking success criteria
2026-07-24 20:20:54 [DEBUG] coder_eval.evaluation.checker: Criterion 'skill_triggered' score: 1.00
2026-07-24 20:20:54 [DEBUG] coder_eval.evaluation.checker: Criterion 'command_executed' score: 1.00
2026-07-24 20:20:54 [DEBUG] coder_eval.evaluation.checker: Criterion 'command_executed' score: 1.00
2026-07-24 20:20:54 [DEBUG] coder_eval.criteria.run_command: Running command for criterion 'uip maestro flow validate passes on the generated flow file': f=$(find . -name "*.flow" -print -quit); [ -n "$f" ] && uip maestro flow validate "$f" --output json
2026-07-24 20:20:58 [DEBUG] coder_eval.sandbox: Command 'f=$(find . -name "*.flow" -print -quit); [ -n "$f" ] && uip maestro flow validate "$f" --output json' exited with code 1
2026-07-24 20:20:58 [DEBUG] coder_eval.sandbox: STDOUT:
---
{
  "Result": "Failure",
  "Message": "Validation failed for /work/output/artifacts/skill-flow-ixp-e2e-invoice-extraction-greenfield/VendorInvoiceFlow/VendorInvoiceFlow/VendorInvoiceFlow.flow",
  "Instructions": "Found 2 error(s):\n  - [error] [nodes[extractInvoiceFields1].outputs.output] outputs.output must be present on the instance. Without it, downstream $vars.extractInvoiceFields1.output references will not resolve at runtime.\n  - [error] [nodes[extractInvoiceFields1].outputs.error] outputs.error must be present on the instance. Without it, downstream $vars.extractInvoiceFields1.error references will not resolve at runtime.\n  - [warning] [nodes[postInvoiceToSap1].inputs.detail] Node \"POST Invoice to SAP\" mentions the \"sap\" connector keyword but uses the generic Managed HTTP type `core.action.http.v2` with no connection binding. The runtime will issue a raw HTTP call to an undefined endpoint. Either bind a real Integration Service connection with `uip maestro flow node configure <file> <node-id> --detail '{\"authentication\":\"connector\",\"targetConnector\":\"sap\",\"connectionId\":\"<uuid>\",\"folderKey\":\"<uuid>\",\"method\":\"GET\",\"url\":\"<path>\"}'`, or configure manual-mode HTTP with `--detail '{\"authentication\":\"manual\",\"method\":\"GET\",\"url\":\"https://…\"}'`. If this node is intentionally a raw HTTP call, rename it so the label doesn't imply a connector binding. Pass `--strict-bindings` to fail validation on this.",
  "ErrorCode": "unknown_error",
  "Retry": "RetryWillNotFix"
}
---
2026-07-24 20:20:58 [DEBUG] coder_eval.sandbox: STDERR:
---
[ManifestClient] fetchDynamicNodes ok: total=208 agent context nodes=2 external agent nodes=6 orchestrator nodes=158 IXP nodes=42
---
2026-07-24 20:20:58 [DEBUG] coder_eval.evaluation.checker: Criterion 'run_command' score: 0.00
2026-07-24 20:20:58 [INFO] coder_eval.evaluation.checker: Criterion 'run_command' FAILED (score=0.00, threshold=1.00): Command: f=$(find . -name "*.flow" -print -quit); [ -n "$f" ] && uip maestro flow validate "$f" --output json
2026-07-24 20:20:58 [DEBUG] coder_eval.criteria.run_command: Running command for criterion 'Generated flow contains an IxP extraction node or core.logic.mock fallback': grep -rqE "\"type\"[[:space:]]*:[[:space:]]*\"(uipath\.ixp|core\.logic\.mock)" --include="*.flow" .
2026-07-24 20:20:58 [DEBUG] coder_eval.sandbox: Command 'grep -rqE "\"type\"[[:space:]]*:[[:space:]]*\"(uipath\.ixp|core\.logic\.mock)" --include="*.flow" .' exited with code 0
2026-07-24 20:20:58 [DEBUG] coder_eval.evaluation.checker: Criterion 'run_command' score: 1.00
2026-07-24 20:20:58 [DEBUG] coder_eval.criteria.run_command: Running command for criterion 'Generated flow contains a SharePoint trigger or connector node': grep -rqiE "sharepoint" --include="*.flow" .
2026-07-24 20:20:58 [DEBUG] coder_eval.sandbox: Command 'grep -rqiE "sharepoint" --include="*.flow" .' exited with code 0
2026-07-24 20:20:58 [DEBUG] coder_eval.evaluation.checker: Criterion 'run_command' score: 1.00
2026-07-24 20:20:58 [DEBUG] coder_eval.criteria.run_command: Running command for criterion 'Generated flow contains an HTTP action node (core.action.http)': grep -rqE "core\.action\.http|\"type\"[[:space:]]*:[[:space:]]*\"[^\"]*http[^\"]*\"" --include="*.flow" .
2026-07-24 20:20:58 [DEBUG] coder_eval.sandbox: Command 'grep -rqE "core\.action\.http|\"type\"[[:space:]]*:[[:space:]]*\"[^\"]*http[^\"]*\"" --include="*.flow" .' exited with code 0
2026-07-24 20:20:58 [DEBUG] coder_eval.evaluation.checker: Criterion 'run_command' score: 1.00
2026-07-24 20:20:58 [DEBUG] coder_eval.criteria.run_command: Running command for criterion 'Generated flow references the IxP extraction output via $vars (downstream consumption)': grep -rqF '$vars.' --include="*.flow" .
2026-07-24 20:20:58 [DEBUG] coder_eval.sandbox: Command 'grep -rqF '$vars.' --include="*.flow" .' exited with code 0
2026-07-24 20:20:58 [DEBUG] coder_eval.evaluation.checker: Criterion 'run_command' score: 1.00
2026-07-24 20:20:58 [INFO] coder_eval.orchestrator: Success criteria: 7/8 passed, weighted score: 0.812
2026-07-24 20:20:58 [DEBUG] coder_eval.utils: Resolved @uipath plugin-tools dir=/usr/lib/node_modules/@uipath from `uip` at /usr/lib/node_modules/@uipath/cli/dist/index.js
2026-07-24 20:20:58 [INFO] coder_eval.orchestrator: Running post-run command: find . -maxdepth 5 -type d \( -name node_modules -o -name .npm-prefix -o -name .venv \) -prune -exec rm -rf {} +
2026-07-24 20:20:58 [INFO] coder_eval.orchestrator: Sandbox preserved (in-place): /work/output/artifacts/skill-flow-ixp-e2e-invoice-extraction-greenfield
2026-07-24 20:20:58 [INFO] coder_eval.orchestrator: Task finished: status=FAILURE duration=659.0s score=0.812 iterations=1
