2026-07-22 04:28:26 [DEBUG] coder_eval.utils: Resolved @uipath plugin-tools dir=/usr/lib/node_modules/@uipath from `uip` at /usr/lib/node_modules/@uipath/cli/dist/index.js
2026-07-22 04:28:26 [INFO] coder_eval.orchestrator: API routing: aws_bedrock
2026-07-22 04:28:26 [DEBUG] coder_eval.criteria: Discovered 14 criterion checkers
2026-07-22 04:28:26 [DEBUG] coder_eval.criteria: Validated 14 criterion checkers
2026-07-22 04:28:26 [DEBUG] coder_eval.utils: Resolved @uipath plugin-tools dir=/usr/lib/node_modules/@uipath from `uip` at /usr/lib/node_modules/@uipath/cli/dist/index.js
2026-07-22 04:28:26 [DEBUG] coder_eval.orchestrator: Sending prompt: Create a local BPMN project named "VendorPOReviewBpmn" for purchase-order
review:

- Manual start.
-...
2026-07-22 04:28:26 [DEBUG] coder_eval.agents.claude_code_agent: [coder] Starting agent query stream...
2026-07-22 04:33:54 [DEBUG] coder_eval.agents.claude_code_agent: [coder] session_id changed: None -> e3a89acd-f7cb-4616-b13f-33ce09dde7ba
2026-07-22 04:33:54 [DEBUG] coder_eval.agents.claude_code_agent: [coder] Agent query stream ended
2026-07-22 04:33:54 [DEBUG] coder_eval.utils: Resolved @uipath plugin-tools dir=/usr/lib/node_modules/@uipath from `uip` at /usr/lib/node_modules/@uipath/cli/dist/index.js
2026-07-22 04:33:54 [DEBUG] coder_eval.orchestrator: Agent response received (8497 chars)
2026-07-22 04:33:54 [DEBUG] coder_eval.orchestrator: Checking success criteria
2026-07-22 04:33:54 [DEBUG] coder_eval.evaluation.checker: Criterion 'file_exists' score: 1.00
2026-07-22 04:33:54 [DEBUG] coder_eval.evaluation.checker: Criterion 'file_contains' score: 1.00
2026-07-22 04:33:54 [DEBUG] coder_eval.criteria.run_command: Running command for criterion 'HITL has context inputs and typed, declared output mappings': python3 $TASK_DIR/check_quality_schema_design.py
2026-07-22 04:33:55 [DEBUG] coder_eval.sandbox: Command 'python3 $TASK_DIR/check_quality_schema_design.py' exited with code 0
2026-07-22 04:33:55 [DEBUG] coder_eval.sandbox: STDOUT:
---
OK: VendorPOReviewBpmn/VendorPOReviewBpmn.bpmn HITL presents context and captures typed, declared reviewer outputs
---
2026-07-22 04:33:55 [DEBUG] coder_eval.evaluation.checker: Criterion 'run_command' score: 1.00
2026-07-22 04:33:55 [INFO] coder_eval.orchestrator: Success criteria: 3/3 passed, weighted score: 1.000
2026-07-22 04:33:55 [DEBUG] coder_eval.utils: Resolved @uipath plugin-tools dir=/usr/lib/node_modules/@uipath from `uip` at /usr/lib/node_modules/@uipath/cli/dist/index.js
2026-07-22 04:33:55 [INFO] coder_eval.orchestrator: Running post-run command: find . -maxdepth 5 -type d \( -name node_modules -o -name .npm-prefix -o -name .venv \) -prune -exec rm -rf {} +
2026-07-22 04:33:55 [INFO] coder_eval.orchestrator: Sandbox preserved (in-place): /work/output/artifacts/skill-bpmn-hitl-schema-design
2026-07-22 04:33:55 [INFO] coder_eval.orchestrator: Task finished: status=SUCCESS duration=330.4s score=1.000 iterations=1
