2026-07-28 06:05:39 [DEBUG] coder_eval.utils: Resolved @uipath plugin-tools dir=/usr/lib/node_modules/@uipath from `uip` at /usr/lib/node_modules/@uipath/cli/dist/index.js
2026-07-28 06:05:39 [INFO] coder_eval.orchestrator: API routing: aws_bedrock
2026-07-28 06:05:39 [DEBUG] coder_eval.criteria: Discovered 14 criterion checkers
2026-07-28 06:05:39 [DEBUG] coder_eval.criteria: Validated 14 criterion checkers
2026-07-28 06:05:39 [DEBUG] coder_eval.utils: Resolved @uipath plugin-tools dir=/usr/lib/node_modules/@uipath from `uip` at /usr/lib/node_modules/@uipath/cli/dist/index.js
2026-07-28 06:05:40 [DEBUG] coder_eval.orchestrator: Sending prompt: Create a local BPMN draft project named "SlackDigestBoundaryBpmn".
The intended process is:
manual s...
2026-07-28 06:05:40 [DEBUG] coder_eval.agents.claude_code_agent: [coder] Starting agent query stream...
2026-07-28 06:14:13 [DEBUG] coder_eval.agents.claude_code_agent: [coder] session_id changed: None -> daf70098-e4e2-4740-b096-a29bb7246c9b
2026-07-28 06:14:13 [DEBUG] coder_eval.agents.claude_code_agent: [coder] Agent query stream ended
2026-07-28 06:14:13 [DEBUG] coder_eval.utils: Resolved @uipath plugin-tools dir=/usr/lib/node_modules/@uipath from `uip` at /usr/lib/node_modules/@uipath/cli/dist/index.js
2026-07-28 06:14:13 [DEBUG] coder_eval.orchestrator: Agent response received (4859 chars)
2026-07-28 06:14:13 [DEBUG] coder_eval.orchestrator: Checking success criteria
2026-07-28 06:14:13 [DEBUG] coder_eval.evaluation.checker: Criterion 'file_exists' score: 0.00
2026-07-28 06:14:13 [INFO] coder_eval.evaluation.checker: Criterion 'file_exists' FAILED (score=0.00, threshold=1.00): File 'SlackDigestBoundaryBpmn/SlackDigestBoundaryBpmn.bpmn' does not exist
2026-07-28 06:14:13 [DEBUG] coder_eval.criteria.run_command: Running command for criterion 'Integration Service draft stays inside the CLI-owned boundary': python3 $TASK_DIR/check_integration_service_boundary.py
2026-07-28 06:14:13 [DEBUG] coder_eval.sandbox: Command 'python3 $TASK_DIR/check_integration_service_boundary.py' exited with code 1
2026-07-28 06:14:13 [DEBUG] coder_eval.sandbox: STDERR:
---
FAIL: missing draft Integration Service uipath:activity shell
---
2026-07-28 06:14:13 [DEBUG] coder_eval.evaluation.checker: Criterion 'run_command' score: 0.00
2026-07-28 06:14:13 [INFO] coder_eval.evaluation.checker: Criterion 'run_command' FAILED (score=0.00, threshold=1.00): Command: python3 $TASK_DIR/check_integration_service_boundary.py
2026-07-28 06:14:13 [INFO] coder_eval.orchestrator: Success criteria: 0/2 passed, weighted score: 0.000
2026-07-28 06:14:13 [DEBUG] coder_eval.utils: Resolved @uipath plugin-tools dir=/usr/lib/node_modules/@uipath from `uip` at /usr/lib/node_modules/@uipath/cli/dist/index.js
2026-07-28 06:14:13 [INFO] coder_eval.orchestrator: Running post-run command: find . -maxdepth 5 -type d \( -name node_modules -o -name .npm-prefix -o -name .venv \) -prune -exec rm -rf {} +
2026-07-28 06:14:13 [INFO] coder_eval.orchestrator: Sandbox preserved (in-place): /work/output/artifacts/skill-bpmn-integration-service-boundary
2026-07-28 06:14:13 [INFO] coder_eval.orchestrator: Task finished: status=FAILURE duration=524.0s score=0.000 iterations=1
