2026-07-23 20:51:40 [DEBUG] coder_eval.utils: Resolved @uipath plugin-tools dir=/usr/lib/node_modules/@uipath from `uip` at /usr/lib/node_modules/@uipath/cli/dist/index.js
2026-07-23 20:51:40 [INFO] coder_eval.orchestrator: API routing: aws_bedrock
2026-07-23 20:51:40 [DEBUG] coder_eval.criteria: Discovered 14 criterion checkers
2026-07-23 20:51:40 [DEBUG] coder_eval.criteria: Validated 14 criterion checkers
2026-07-23 20:51:40 [DEBUG] coder_eval.utils: Resolved @uipath plugin-tools dir=/usr/lib/node_modules/@uipath from `uip` at /usr/lib/node_modules/@uipath/cli/dist/index.js
2026-07-23 20:51:40 [DEBUG] coder_eval.orchestrator: Sending prompt: Move getWeather and formatSummary into a subflow called "fetchAndFormat". The subflow should output ...
2026-07-23 20:51:40 [DEBUG] coder_eval.agents.claude_code_agent: [coder] Starting agent query stream...
2026-07-23 21:02:41 [DEBUG] coder_eval.agents.claude_code_agent: [coder] is_error ResultMessage; not advancing session_id (kept None)
2026-07-23 21:02:41 [DEBUG] coder_eval.agents.claude_code_agent: [coder] Generic Exception is error_max_turns; treating as clean turn
2026-07-23 21:02:41 [WARNING] coder_eval.agents.claude_code_agent: [coder] Agent exhausted max_turns (40); turn ended without completing
2026-07-23 21:02:41 [DEBUG] coder_eval.utils: Resolved @uipath plugin-tools dir=/usr/lib/node_modules/@uipath from `uip` at /usr/lib/node_modules/@uipath/cli/dist/index.js
2026-07-23 21:02:41 [DEBUG] coder_eval.orchestrator: Agent response received (7410 chars)
2026-07-23 21:02:41 [DEBUG] coder_eval.orchestrator: Checking success criteria
2026-07-23 21:02:41 [DEBUG] coder_eval.criteria.run_command: Running command for criterion 'uip maestro flow validate passes on the flow file': uip maestro flow validate BellevueWeather/BellevueWeather/BellevueWeather.flow
2026-07-23 21:02:43 [DEBUG] coder_eval.sandbox: Command 'uip maestro flow validate BellevueWeather/BellevueWeather/BellevueWeather.flow' exited with code 1
2026-07-23 21:02:43 [DEBUG] coder_eval.sandbox: STDOUT:
---
{
  "Result": "Failure",
  "Message": "Validation failed for /work/output/artifacts/skill-flow-group-to-subflow/BellevueWeather/BellevueWeather/BellevueWeather.flow",
  "Instructions": "Found 1 error(s):\n  - [error] [(root)] JSON parse error: Unexpected non-whitespace character after JSON at position 11420 (line 457 column 6)",
  "ErrorCode": "unknown_error",
  "Retry": "RetryWillNotFix"
}
---
2026-07-23 21:02:43 [DEBUG] coder_eval.evaluation.checker: Criterion 'run_command' score: 0.00
2026-07-23 21:02:43 [INFO] coder_eval.evaluation.checker: Criterion 'run_command' FAILED (score=0.00, threshold=1.00): (empty)
2026-07-23 21:02:43 [DEBUG] coder_eval.criteria.run_command: Running command for criterion 'Flow debug runs with subflow, output contains branch message': python3 $TASK_DIR/check_group_to_subflow.py
2026-07-23 21:02:43 [DEBUG] coder_eval.sandbox: Command 'python3 $TASK_DIR/check_group_to_subflow.py' exited with code 1
2026-07-23 21:02:43 [DEBUG] coder_eval.sandbox: STDERR:
---
FAIL: no 'fetchAndFormat' node of type 'core.subflow' in main flow
---
2026-07-23 21:02:43 [DEBUG] coder_eval.evaluation.checker: Criterion 'run_command' score: 0.00
2026-07-23 21:02:43 [INFO] coder_eval.evaluation.checker: Criterion 'run_command' FAILED (score=0.00, threshold=1.00): Command: python3 $TASK_DIR/check_group_to_subflow.py
2026-07-23 21:02:43 [INFO] coder_eval.orchestrator: Success criteria: 0/2 passed, weighted score: 0.000
2026-07-23 21:02:43 [WARNING] coder_eval.orchestrator: Agent exhausted max_turns (40) without passing criteria.
2026-07-23 21:02:43 [WARNING] coder_eval.orchestrator: Visible turns (46) exceeded expected_turns (13) at iteration 1 for task skill-flow-group-to-subflow. Run continues — max_turns remains the hard cap.
2026-07-23 21:02:43 [DEBUG] coder_eval.utils: Resolved @uipath plugin-tools dir=/usr/lib/node_modules/@uipath from `uip` at /usr/lib/node_modules/@uipath/cli/dist/index.js
2026-07-23 21:02:43 [INFO] coder_eval.orchestrator: Running post-run command: python3 $SKILLS_REPO_PATH/tests/tasks/uipath-maestro-flow/_shared/cleanup_solutions.py
2026-07-23 21:02:44 [WARNING] coder_eval.orchestrator: [post_run stderr] cleanup_solutions: solution d214b451-1bc8-420f-a0df-08de9b243934 not uploaded (from BellevueWeather/BellevueWeather.uipx); nothing to clean up
2026-07-23 21:02:44 [WARNING] coder_eval.orchestrator: [post_run stderr] cleanup_solutions: summary policy=always deleted=0 preserved=0 skipped=0 not_uploaded=1 failed=0
2026-07-23 21:02:44 [INFO] coder_eval.orchestrator: Running post-run command: find . -maxdepth 5 -type d \( -name node_modules -o -name .npm-prefix -o -name .venv \) -prune -exec rm -rf {} +
2026-07-23 21:02:44 [INFO] coder_eval.orchestrator: Sandbox preserved (in-place): /work/output/artifacts/skill-flow-group-to-subflow
2026-07-23 21:02:44 [INFO] coder_eval.orchestrator: Task finished: status=MAX_TURNS_EXHAUSTED duration=666.1s score=0.000 iterations=1
