2026-07-24 20:52:42 [DEBUG] coder_eval.utils: Resolved @uipath plugin-tools dir=/usr/lib/node_modules/@uipath from `uip` at /usr/lib/node_modules/@uipath/cli/dist/index.js
2026-07-24 20:52:42 [INFO] coder_eval.orchestrator: API routing: aws_bedrock
2026-07-24 20:52:42 [DEBUG] coder_eval.criteria: Discovered 14 criterion checkers
2026-07-24 20:52:42 [DEBUG] coder_eval.criteria: Validated 14 criterion checkers
2026-07-24 20:52:42 [DEBUG] coder_eval.utils: Resolved @uipath plugin-tools dir=/usr/lib/node_modules/@uipath from `uip` at /usr/lib/node_modules/@uipath/cli/dist/index.js
2026-07-24 20:52:42 [DEBUG] coder_eval.orchestrator: Sending prompt: Update the flow to ensure if temperature is greater than 60F returns a summary with a message field ...
2026-07-24 20:52:42 [DEBUG] coder_eval.agents.claude_code_agent: [coder] Starting agent query stream...
2026-07-24 20:53:12 [DEBUG] coder_eval.agents.claude_code_agent: [coder] session_id changed: None -> 34fb8dea-7c51-4950-a5c2-b9a6bcbdeb37
2026-07-24 20:53:12 [DEBUG] coder_eval.agents.claude_code_agent: [coder] Agent query stream ended
2026-07-24 20:53:12 [DEBUG] coder_eval.utils: Resolved @uipath plugin-tools dir=/usr/lib/node_modules/@uipath from `uip` at /usr/lib/node_modules/@uipath/cli/dist/index.js
2026-07-24 20:53:12 [DEBUG] coder_eval.orchestrator: Agent response received (2460 chars)
2026-07-24 20:53:12 [DEBUG] coder_eval.orchestrator: Checking success criteria
2026-07-24 20:53:12 [DEBUG] coder_eval.criteria.run_command: Running command for criterion 'uip maestro flow validate passes on the flow file': uip maestro flow validate BellevueWeather/BellevueWeather/BellevueWeather.flow
2026-07-24 20:53:19 [DEBUG] coder_eval.sandbox: Command 'uip maestro flow validate BellevueWeather/BellevueWeather/BellevueWeather.flow' exited with code 0
2026-07-24 20:53:19 [DEBUG] coder_eval.sandbox: STDOUT:
---
{
  "Result": "Success",
  "Code": "FlowValidate",
  "Data": {
    "File": "/work/output/artifacts/skill-flow-update-node/BellevueWeather/BellevueWeather/BellevueWeather.flow",
    "Status": "Valid"
  }
}
---
2026-07-24 20:53:19 [DEBUG] coder_eval.sandbox: STDERR:
---
[ManifestClient] fetchDynamicNodes ok: total=207 agent context nodes=2 external agent nodes=6 orchestrator nodes=158 IXP nodes=41
---
2026-07-24 20:53:19 [DEBUG] coder_eval.evaluation.checker: Criterion 'run_command' score: 1.00
2026-07-24 20:53:19 [DEBUG] coder_eval.criteria.run_command: Running command for criterion 'Flow debug runs and output contains 'amazing day' or 'go home'': python3 $TASK_DIR/check_update_node.py
2026-07-24 20:53:37 [DEBUG] coder_eval.sandbox: Command 'python3 $TASK_DIR/check_update_node.py' exited with code 0
2026-07-24 20:53:37 [DEBUG] coder_eval.sandbox: STDOUT:
---
OK: HTTP node present; output contains a weather branch message
---
2026-07-24 20:53:37 [DEBUG] coder_eval.evaluation.checker: Criterion 'run_command' score: 1.00
2026-07-24 20:53:37 [INFO] coder_eval.orchestrator: Success criteria: 2/2 passed, weighted score: 1.000
2026-07-24 20:53:37 [DEBUG] coder_eval.utils: Resolved @uipath plugin-tools dir=/usr/lib/node_modules/@uipath from `uip` at /usr/lib/node_modules/@uipath/cli/dist/index.js
2026-07-24 20:53:37 [INFO] coder_eval.orchestrator: Running post-run command: python3 $SKILLS_REPO_PATH/tests/tasks/uipath-maestro-flow/_shared/cleanup_solutions.py
2026-07-24 20:53:39 [WARNING] coder_eval.orchestrator: [post_run stderr] cleanup_solutions: deleted 2a250aff-4931-4b71-75f4-08dee9b21193 (from BellevueWeather/BellevueWeather.uipx)
2026-07-24 20:53:39 [WARNING] coder_eval.orchestrator: [post_run stderr] cleanup_solutions: summary policy=always deleted=1 preserved=0 skipped=0 not_uploaded=0 failed=0
2026-07-24 20:53:39 [INFO] coder_eval.orchestrator: Running post-run command: find . -maxdepth 5 -type d \( -name node_modules -o -name .npm-prefix -o -name .venv \) -prune -exec rm -rf {} +
2026-07-24 20:53:39 [INFO] coder_eval.orchestrator: Sandbox preserved (in-place): /work/output/artifacts/skill-flow-update-node
2026-07-24 20:53:39 [INFO] coder_eval.orchestrator: Task finished: status=SUCCESS duration=60.2s score=1.000 iterations=1
