2026-07-24 19:48:38 [DEBUG] coder_eval.utils: Resolved @uipath plugin-tools dir=/usr/lib/node_modules/@uipath from `uip` at /usr/lib/node_modules/@uipath/cli/dist/index.js
2026-07-24 19:48:38 [INFO] coder_eval.orchestrator: API routing: aws_bedrock
2026-07-24 19:48:38 [DEBUG] coder_eval.criteria: Discovered 14 criterion checkers
2026-07-24 19:48:38 [DEBUG] coder_eval.criteria: Validated 14 criterion checkers
2026-07-24 19:48:38 [DEBUG] coder_eval.utils: Resolved @uipath plugin-tools dir=/usr/lib/node_modules/@uipath from `uip` at /usr/lib/node_modules/@uipath/cli/dist/index.js
2026-07-24 19:48:38 [DEBUG] coder_eval.orchestrator: Sending prompt: Create a new Flow project called "SpotifyProfileTest" with a manual trigger
that gets the current us...
2026-07-24 19:48:38 [DEBUG] coder_eval.agents.claude_code_agent: [coder] Starting agent query stream...
2026-07-24 19:51:37 [DEBUG] coder_eval.agents.claude_code_agent: [coder] session_id changed: None -> 19bb4434-0bd5-470b-97b5-9df2fa5820e1
2026-07-24 19:51:37 [DEBUG] coder_eval.agents.claude_code_agent: [coder] Agent query stream ended
2026-07-24 19:51:37 [DEBUG] coder_eval.utils: Resolved @uipath plugin-tools dir=/usr/lib/node_modules/@uipath from `uip` at /usr/lib/node_modules/@uipath/cli/dist/index.js
2026-07-24 19:51:37 [DEBUG] coder_eval.orchestrator: Agent response received (3334 chars)
2026-07-24 19:51:37 [DEBUG] coder_eval.orchestrator: Checking success criteria
2026-07-24 19:51:37 [DEBUG] coder_eval.evaluation.checker: Criterion 'command_executed' score: 1.00
2026-07-24 19:51:37 [DEBUG] coder_eval.criteria.run_command: Running command for criterion 'Profile fetch uses a managed HTTP node with the uipath-uipath-http connector key (non-catalog fallback) and targets the /me endpoint': python3 $TASK_DIR/check_non_catalog_http_fallback.py check_fallback
2026-07-24 19:51:38 [DEBUG] coder_eval.sandbox: Command 'python3 $TASK_DIR/check_non_catalog_http_fallback.py check_fallback' exited with code 0
2026-07-24 19:51:38 [DEBUG] coder_eval.sandbox: STDOUT:
---
OK: 3 nodes, 2 edges
OK: 1 managed-HTTP node(s) bound to 'uipath-uipath-http' with a connection present
OK: fallback node targets Spotify's '/me' endpoint
OK: all Spotify HTTP-fallback structural checks passed
---
2026-07-24 19:51:38 [DEBUG] coder_eval.evaluation.checker: Criterion 'run_command' score: 1.00
2026-07-24 19:51:38 [INFO] coder_eval.orchestrator: Success criteria: 2/2 passed, weighted score: 1.000
2026-07-24 19:51:38 [DEBUG] coder_eval.utils: Resolved @uipath plugin-tools dir=/usr/lib/node_modules/@uipath from `uip` at /usr/lib/node_modules/@uipath/cli/dist/index.js
2026-07-24 19:51:38 [INFO] coder_eval.orchestrator: Running post-run command: find . -maxdepth 5 -type d \( -name node_modules -o -name .npm-prefix -o -name .venv \) -prune -exec rm -rf {} +
2026-07-24 19:51:38 [INFO] coder_eval.orchestrator: Sandbox preserved (in-place): /work/output/artifacts/skill-flow-non-catalog-http-fallback
2026-07-24 19:51:38 [INFO] coder_eval.orchestrator: Task finished: status=SUCCESS duration=182.2s score=1.000 iterations=1
