2026-07-24 17:02:51 [DEBUG] coder_eval.utils: Resolved @uipath plugin-tools dir=/usr/lib/node_modules/@uipath from `uip` at /usr/lib/node_modules/@uipath/cli/dist/index.js
2026-07-24 17:02:51 [INFO] coder_eval.orchestrator: API routing: aws_bedrock
2026-07-24 17:02:51 [DEBUG] coder_eval.criteria: Discovered 14 criterion checkers
2026-07-24 17:02:51 [DEBUG] coder_eval.criteria: Validated 14 criterion checkers
2026-07-24 17:02:51 [DEBUG] coder_eval.utils: Resolved @uipath plugin-tools dir=/usr/lib/node_modules/@uipath from `uip` at /usr/lib/node_modules/@uipath/cli/dist/index.js
2026-07-24 17:02:52 [DEBUG] coder_eval.orchestrator: Sending prompt: Build a Maestro Flow "BillingResolutionWriter" (in a solution of the same
name) whose single work no...
2026-07-24 17:02:52 [DEBUG] coder_eval.agents.claude_code_agent: [coder] Starting agent query stream...
2026-07-24 17:06:57 [DEBUG] coder_eval.agents.claude_code_agent: [coder] session_id changed: None -> 808de9d1-2f21-44a9-ab92-3752536aeeaa
2026-07-24 17:06:57 [DEBUG] coder_eval.agents.claude_code_agent: [coder] Agent query stream ended
2026-07-24 17:06:57 [DEBUG] coder_eval.utils: Resolved @uipath plugin-tools dir=/usr/lib/node_modules/@uipath from `uip` at /usr/lib/node_modules/@uipath/cli/dist/index.js
2026-07-24 17:06:57 [DEBUG] coder_eval.orchestrator: Agent response received (4447 chars)
2026-07-24 17:06:57 [DEBUG] coder_eval.orchestrator: Checking success criteria
2026-07-24 17:06:57 [DEBUG] coder_eval.criteria.run_command: Running command for criterion 'uip maestro flow validate passes on the flow file': uip maestro flow validate BillingResolutionWriter/BillingResolutionWriter/BillingResolutionWriter.flow
2026-07-24 17:07:04 [DEBUG] coder_eval.sandbox: Command 'uip maestro flow validate BillingResolutionWriter/BillingResolutionWriter/BillingResolutionWriter.flow' exited with code 0
2026-07-24 17:07:04 [DEBUG] coder_eval.sandbox: STDOUT:
---
{
  "Result": "Success",
  "Code": "FlowValidate",
  "Data": {
    "File": "/work/output/artifacts/skill-flow-devcon-billing-resolution-writer/BillingResolutionWriter/BillingResolutionWriter/BillingResolutionWriter.flow",
    "Status": "Valid"
  }
}
---
2026-07-24 17:07:04 [DEBUG] coder_eval.sandbox: STDERR:
---
[ManifestClient] fetchDynamicNodes ok: total=206 agent context nodes=2 external agent nodes=6 orchestrator nodes=158 IXP nodes=40
---
2026-07-24 17:07:04 [DEBUG] coder_eval.evaluation.checker: Criterion 'run_command' score: 1.00
2026-07-24 17:07:04 [DEBUG] coder_eval.criteria.run_command: Running command for criterion 'Check debugs the flow: an inline uipath.agent.autonomous node is present, the flow completes, and the drafted email cites invoice MCS-2026-04872': python3 $TASK_DIR/check_billing_resolution_writer.py
2026-07-24 17:07:31 [DEBUG] coder_eval.sandbox: Command 'python3 $TASK_DIR/check_billing_resolution_writer.py' exited with code 0
2026-07-24 17:07:31 [DEBUG] coder_eval.sandbox: STDOUT:
---
OK: flow contains an inline uipath.agent.autonomous node
OK: emailBody drafted, cites invoice MCS-2026-04872 and the approved credit
---
2026-07-24 17:07:31 [DEBUG] coder_eval.evaluation.checker: Criterion 'run_command' score: 1.00
2026-07-24 17:07:31 [INFO] coder_eval.orchestrator: Success criteria: 2/2 passed, weighted score: 1.000
2026-07-24 17:07:31 [DEBUG] coder_eval.utils: Resolved @uipath plugin-tools dir=/usr/lib/node_modules/@uipath from `uip` at /usr/lib/node_modules/@uipath/cli/dist/index.js
2026-07-24 17:07:31 [INFO] coder_eval.orchestrator: Running post-run command: python3 $SKILLS_REPO_PATH/tests/tasks/uipath-maestro-flow/_shared/cleanup_solutions.py
2026-07-24 17:07:34 [WARNING] coder_eval.orchestrator: [post_run stderr] cleanup_solutions: deleted 6a52e012-8218-4a3e-1433-08dee9a2709e (from BillingResolutionWriter/BillingResolutionWriter.uipx)
2026-07-24 17:07:34 [WARNING] coder_eval.orchestrator: [post_run stderr] cleanup_solutions: summary policy=always deleted=1 preserved=0 skipped=0 not_uploaded=0 failed=0
2026-07-24 17:07:34 [INFO] coder_eval.orchestrator: Running post-run command: find . -maxdepth 5 -type d \( -name node_modules -o -name .npm-prefix -o -name .venv \) -prune -exec rm -rf {} +
2026-07-24 17:07:34 [INFO] coder_eval.orchestrator: Sandbox preserved (in-place): /work/output/artifacts/skill-flow-devcon-billing-resolution-writer
2026-07-24 17:07:34 [INFO] coder_eval.orchestrator: Task finished: status=SUCCESS duration=291.7s score=1.000 iterations=1
