2026-07-28 06:05:34 [DEBUG] coder_eval.utils: Resolved @uipath plugin-tools dir=/usr/lib/node_modules/@uipath from `uip` at /usr/lib/node_modules/@uipath/cli/dist/index.js
2026-07-28 06:05:34 [INFO] coder_eval.orchestrator: API routing: aws_bedrock
2026-07-28 06:05:34 [DEBUG] coder_eval.criteria: Discovered 14 criterion checkers
2026-07-28 06:05:34 [DEBUG] coder_eval.criteria: Validated 14 criterion checkers
2026-07-28 06:05:34 [DEBUG] coder_eval.utils: Resolved @uipath plugin-tools dir=/usr/lib/node_modules/@uipath from `uip` at /usr/lib/node_modules/@uipath/cli/dist/index.js
2026-07-28 06:05:35 [DEBUG] coder_eval.orchestrator: Sending prompt: A local Maestro BPMN project already exists at `./OrderApproval`. Debug it
and report what the run p...
2026-07-28 06:05:35 [DEBUG] coder_eval.agents.claude_code_agent: [coder] Starting agent query stream...
2026-07-28 06:06:33 [DEBUG] coder_eval.agents.claude_code_agent: [coder] session_id changed: None -> 2317cc51-fa3b-4344-9b07-fa15f087ac96
2026-07-28 06:06:33 [DEBUG] coder_eval.agents.claude_code_agent: [coder] Agent query stream ended
2026-07-28 06:06:33 [DEBUG] coder_eval.utils: `uip` at /work/output/artifacts/skill-bpmn-debug-workflow-mocked/mocks/uip is not inside a recognizable node_modules/@uipath tree
2026-07-28 06:06:33 [DEBUG] coder_eval.orchestrator: Agent response received (2394 chars)
2026-07-28 06:06:33 [DEBUG] coder_eval.orchestrator: Checking success criteria
2026-07-28 06:06:33 [DEBUG] coder_eval.evaluation.checker: Criterion 'command_executed' score: 1.00
2026-07-28 06:06:33 [DEBUG] coder_eval.evaluation.checker: Criterion 'command_executed' score: 1.00
2026-07-28 06:06:33 [DEBUG] coder_eval.evaluation.checker: Criterion 'file_contains' score: 1.00
2026-07-28 06:06:33 [DEBUG] coder_eval.evaluation.checker: Criterion 'command_executed' score: 1.00
2026-07-28 06:06:33 [INFO] coder_eval.orchestrator: Success criteria: 4/4 passed, weighted score: 1.000
2026-07-28 06:06:33 [WARNING] coder_eval.orchestrator: Visible turns (18) exceeded expected_turns (14) at iteration 1 for task skill-bpmn-debug-workflow-mocked. Run continues — max_turns remains the hard cap.
2026-07-28 06:06:33 [DEBUG] coder_eval.utils: `uip` at /work/output/artifacts/skill-bpmn-debug-workflow-mocked/mocks/uip is not inside a recognizable node_modules/@uipath tree
2026-07-28 06:06:33 [INFO] coder_eval.orchestrator: Running post-run command: find . -maxdepth 5 -type d \( -name node_modules -o -name .npm-prefix -o -name .venv \) -prune -exec rm -rf {} +
2026-07-28 06:06:33 [INFO] coder_eval.orchestrator: Sandbox preserved (in-place): /work/output/artifacts/skill-bpmn-debug-workflow-mocked
2026-07-28 06:06:33 [INFO] coder_eval.orchestrator: Task finished: status=SUCCESS duration=67.3s score=1.000 iterations=1
