2026-07-24 19:37:20 [DEBUG] coder_eval.utils: Resolved @uipath plugin-tools dir=/usr/lib/node_modules/@uipath from `uip` at /usr/lib/node_modules/@uipath/cli/dist/index.js
2026-07-24 19:37:20 [INFO] coder_eval.orchestrator: API routing: aws_bedrock
2026-07-24 19:37:20 [DEBUG] coder_eval.criteria: Discovered 14 criterion checkers
2026-07-24 19:37:20 [DEBUG] coder_eval.criteria: Validated 14 criterion checkers
2026-07-24 19:37:20 [DEBUG] coder_eval.utils: Resolved @uipath plugin-tools dir=/usr/lib/node_modules/@uipath from `uip` at /usr/lib/node_modules/@uipath/cli/dist/index.js
2026-07-24 19:37:20 [DEBUG] coder_eval.orchestrator: Sending prompt: Create a UiPath Flow project named "NameToAge" that invokes the name-to-age
API workflow with the na...
2026-07-24 19:37:20 [DEBUG] coder_eval.agents.claude_code_agent: [coder] Starting agent query stream...
2026-07-24 19:41:40 [DEBUG] coder_eval.agents.claude_code_agent: [coder] session_id changed: None -> 8bf60e2b-8ebd-4c24-897d-6d5be2fb15af
2026-07-24 19:41:40 [DEBUG] coder_eval.agents.claude_code_agent: [coder] Agent query stream ended
2026-07-24 19:41:41 [DEBUG] coder_eval.utils: Resolved @uipath plugin-tools dir=/usr/lib/node_modules/@uipath from `uip` at /usr/lib/node_modules/@uipath/cli/dist/index.js
2026-07-24 19:41:41 [DEBUG] coder_eval.orchestrator: Agent response received (3541 chars)
2026-07-24 19:41:41 [DEBUG] coder_eval.orchestrator: Checking success criteria
2026-07-24 19:41:41 [DEBUG] coder_eval.criteria.run_command: Running command for criterion 'uip maestro flow validate passes on the flow file': uip maestro flow validate NameToAge/NameToAge/NameToAge.flow
2026-07-24 19:41:46 [DEBUG] coder_eval.sandbox: Command 'uip maestro flow validate NameToAge/NameToAge/NameToAge.flow' exited with code 0
2026-07-24 19:41:46 [DEBUG] coder_eval.sandbox: STDOUT:
---
{
  "Result": "Success",
  "Code": "FlowValidate",
  "Data": {
    "File": "/work/output/artifacts/skill-flow-api-workflow/NameToAge/NameToAge/NameToAge.flow",
    "Status": "Valid"
  }
}
---
2026-07-24 19:41:46 [DEBUG] coder_eval.sandbox: STDERR:
---
[ManifestClient] fetchDynamicNodes ok: total=207 agent context nodes=2 external agent nodes=6 orchestrator nodes=158 IXP nodes=41
---
2026-07-24 19:41:46 [DEBUG] coder_eval.evaluation.checker: Criterion 'run_command' score: 1.00
2026-07-24 19:41:46 [DEBUG] coder_eval.criteria.run_command: Running command for criterion 'Flow has an API workflow node and debug returns an age': python3 $TASK_DIR/check_api_workflow_flow.py
2026-07-24 19:42:03 [DEBUG] coder_eval.sandbox: Command 'python3 $TASK_DIR/check_api_workflow_flow.py' exited with code 1
2026-07-24 19:42:03 [DEBUG] coder_eval.sandbox: STDERR:
---
=== FLOW_DEBUG_RAW_CAPTURE BEGIN (No integer in [40, 60] found in outputs) ===
SUMMARY: {"finalStatus": "Completed", "globals": {"age": null, "callNameToAge.error": null, "callNameToAge.output": {}}, "globalVariables": null, "elementOutputs": [{"id": "start", "outputs": {}}, {"id": "callNameToAge", "outputs": {}}, {"id": "end", "outputs": {}}], "elementExecutions": [{"id": "start", "type": "StartEvent", "status": "Completed"}, {"id": "callNameToAge", "type": "ServiceTask", "status": "Completed"}, {"id": "end", "type": "EndEvent", "status": "Completed"}], "incidents": null}
RAW: {
  "Result": "Success",
  "Code": "FlowDebug",
  "Data": {
    "jobKey": "648d3501-6421-4e81-b4c4-61688b4a02ea",
    "instanceId": "648d3501-6421-4e81-b4c4-61688b4a02ea",
    "runId": "019f95a6-0492-7ece-8df1-04de8c1f0b6c",
    "folderKey": "410fae2d-89b3-4cd1-a991-7359bda90c0b",
    "finalStatus": "Completed",
    "solutionId": "ca859ed3-bb60-492a-4777-08dee9b1ed35",
    "studioWebUrl": "https://alpha.uipath.com/codereval/studio_/designer/dce174d0-e8d7-4d93-abaa-090dd91053af?solutionId=ca859ed3-bb60-492a-4777-08dee9b1ed35",
    "elementExecutions": [
      {
        "elementId": "start",
        "elementType": "StartEvent",
        "status": "Completed",
        "startedAt": "2026-07-24T19:41:56.5454847Z",
        "completedAt": "2026-07-24T19:41:56.7303005Z"
      },
      {
        "elementId": "callNameToAge",
        "elementType": "ServiceTask",
        "status": "Completed",
        "startedAt": "2026-07-24T19:41:57.2691376Z",
        "completedAt": "2026-07-24T19:42:00.1388963Z"
      },
      {
        "elementId": "end",
        "elementType": "EndEvent",
        "status": "Completed",
        "startedAt": "2026-07-24T19:42:00.4446636Z",
        "completedAt": "2026-07-24T19:42:00.840712Z"
      }
    ],
    "variables": {
      "elements": [
        {
          "elementId": "start",
          "elementRunId": "93564e03-505c-4008-a8a0-22b2d5f46187",
          "isMarker": false,
          "inputs": {},
          "inputDefinitions": {},
          "outputs": {}
        },
        {
          "elementId": "callNameToAge",
          "elementRunId": "2c6174c9-23eb-4a81-80cb-b5a288379a14",
          "isMarker": false,
          "inputs": {
            "JobArguments": {
              "name": "tomasz"
            }
          },
          "inputDefinitions": {},
          "outputs": {}
        },
        {
          "elementId": "end",
          "elementRunId": "c9954809-2c9e-46a6-a956-8290a01fbcc5",
          "isMarker": false,
          "inputs": {},
          "inputDefinitions": {},
          "outputs": {}
        }
      ],
      "globals": {
        "age": null,
        "callNameToAge.error": null,
        "callNameToAge.output": {}
      },
      "instanceId": "648d3501-6421-4e81-b4c4-61688b4a02ea",
      "workflowId": "648d3501-6421-4e81-b4c4-61688b4a02ea/BpmnGenericWorkflow",
      "parentElementId": null,
      "globalDefinitions": {
        "age": {
          "name": "age",
          "type": "number"
        },
        "callNameToAge.error": {
          "name": "error",
          "type": "object"
        },
        "callNameToAge.output": {
          "name": "output",
          "type": "jsonSchema"
        }
      }
    }
  },
  "Instructions": "Debug completed with status: Completed"
}
=== FLOW_DEBUG_RAW_CAPTURE END ===
FAIL: No integer in [40, 60] found in outputs
Outputs: [null, null]
---
2026-07-24 19:42:03 [DEBUG] coder_eval.evaluation.checker: Criterion 'run_command' score: 0.00
2026-07-24 19:42:03 [INFO] coder_eval.evaluation.checker: Criterion 'run_command' FAILED (score=0.00, threshold=1.00): Command: python3 $TASK_DIR/check_api_workflow_flow.py
2026-07-24 19:42:03 [INFO] coder_eval.orchestrator: Success criteria: 1/2 passed, weighted score: 0.375
2026-07-24 19:42:03 [DEBUG] coder_eval.utils: Resolved @uipath plugin-tools dir=/usr/lib/node_modules/@uipath from `uip` at /usr/lib/node_modules/@uipath/cli/dist/index.js
2026-07-24 19:42:03 [INFO] coder_eval.orchestrator: Running post-run command: find . -maxdepth 5 -type d \( -name node_modules -o -name .npm-prefix -o -name .venv \) -prune -exec rm -rf {} +
2026-07-24 19:42:03 [INFO] coder_eval.orchestrator: Sandbox preserved (in-place): /work/output/artifacts/skill-flow-api-workflow
2026-07-24 19:42:03 [INFO] coder_eval.orchestrator: Task finished: status=FAILURE duration=285.4s score=0.375 iterations=1
