2026-07-22 05:13:44 [DEBUG] coder_eval.utils: Resolved @uipath plugin-tools dir=/usr/lib/node_modules/@uipath from `uip` at /usr/lib/node_modules/@uipath/cli/dist/index.js
2026-07-22 05:13:44 [INFO] coder_eval.orchestrator: API routing: aws_bedrock
2026-07-22 05:13:44 [DEBUG] coder_eval.criteria: Discovered 14 criterion checkers
2026-07-22 05:13:44 [DEBUG] coder_eval.criteria: Validated 14 criterion checkers
2026-07-22 05:13:44 [DEBUG] coder_eval.utils: Resolved @uipath plugin-tools dir=/usr/lib/node_modules/@uipath from `uip` at /usr/lib/node_modules/@uipath/cli/dist/index.js
2026-07-22 05:13:44 [DEBUG] coder_eval.orchestrator: Sending prompt: A UiPath Maestro BPMN job faulted, but the job summary lists no faulting
element and no incident was...
2026-07-22 05:13:44 [DEBUG] coder_eval.agents.claude_code_agent: [coder] Starting agent query stream...
2026-07-22 05:14:28 [DEBUG] coder_eval.agents.claude_code_agent: [coder] session_id changed: None -> 02a64f3d-c699-4bb9-b235-2718e18034ae
2026-07-22 05:14:28 [DEBUG] coder_eval.agents.claude_code_agent: [coder] Agent query stream ended
2026-07-22 05:14:28 [DEBUG] coder_eval.utils: `uip` at /work/output/artifacts/skill-bpmn-diagnose-job-traces/mocks/uip is not inside a recognizable node_modules/@uipath tree
2026-07-22 05:14:28 [DEBUG] coder_eval.orchestrator: Agent response received (3139 chars)
2026-07-22 05:14:28 [DEBUG] coder_eval.orchestrator: Checking success criteria
2026-07-22 05:14:28 [DEBUG] coder_eval.evaluation.checker: Criterion 'command_executed' score: 1.00
2026-07-22 05:14:28 [DEBUG] coder_eval.evaluation.checker: Criterion 'command_executed' score: 1.00
2026-07-22 05:14:28 [DEBUG] coder_eval.evaluation.checker: Criterion 'file_contains' score: 1.00
2026-07-22 05:14:28 [INFO] coder_eval.orchestrator: Success criteria: 3/3 passed, weighted score: 1.000
2026-07-22 05:14:28 [DEBUG] coder_eval.utils: `uip` at /work/output/artifacts/skill-bpmn-diagnose-job-traces/mocks/uip is not inside a recognizable node_modules/@uipath tree
2026-07-22 05:14:28 [INFO] coder_eval.orchestrator: Running post-run command: find . -maxdepth 5 -type d \( -name node_modules -o -name .npm-prefix -o -name .venv \) -prune -exec rm -rf {} +
2026-07-22 05:14:28 [INFO] coder_eval.orchestrator: Sandbox preserved (in-place): /work/output/artifacts/skill-bpmn-diagnose-job-traces
2026-07-22 05:14:28 [INFO] coder_eval.orchestrator: Task finished: status=SUCCESS duration=46.1s score=1.000 iterations=1
