2026-07-24 18:14:13 [DEBUG] coder_eval.utils: Resolved @uipath plugin-tools dir=/usr/lib/node_modules/@uipath from `uip` at /usr/lib/node_modules/@uipath/cli/dist/index.js
2026-07-24 18:14:13 [INFO] coder_eval.orchestrator: API routing: aws_bedrock
2026-07-24 18:14:13 [DEBUG] coder_eval.criteria: Discovered 14 criterion checkers
2026-07-24 18:14:13 [DEBUG] coder_eval.criteria: Validated 14 criterion checkers
2026-07-24 18:14:13 [DEBUG] coder_eval.utils: Resolved @uipath plugin-tools dir=/usr/lib/node_modules/@uipath from `uip` at /usr/lib/node_modules/@uipath/cli/dist/index.js
2026-07-24 18:14:13 [DEBUG] coder_eval.orchestrator: Sending prompt: I want to build a UiPath Flow that makes an HTTP request and processes the
response with a script. B...
2026-07-24 18:14:13 [DEBUG] coder_eval.agents.claude_code_agent: [coder] Starting agent query stream...
2026-07-24 18:15:44 [DEBUG] coder_eval.agents.claude_code_agent: [coder] session_id changed: None -> cb8f770d-5870-407d-aba4-59dce5627e51
2026-07-24 18:15:44 [DEBUG] coder_eval.agents.claude_code_agent: [coder] Agent query stream ended
2026-07-24 18:15:44 [DEBUG] coder_eval.utils: Resolved @uipath plugin-tools dir=/usr/lib/node_modules/@uipath from `uip` at /usr/lib/node_modules/@uipath/cli/dist/index.js
2026-07-24 18:15:44 [DEBUG] coder_eval.orchestrator: Agent response received (9387 chars)
2026-07-24 18:15:44 [DEBUG] coder_eval.orchestrator: Checking success criteria
2026-07-24 18:15:44 [DEBUG] coder_eval.evaluation.checker: Criterion 'command_executed' score: 0.00
2026-07-24 18:15:44 [INFO] coder_eval.evaluation.checker: Criterion 'command_executed' FAILED (score=0.00, threshold=1.00): Matched 0/1 required commands (filters: tool_name=Bash, pattern=/uip\s+(maestro\s+)?flow\s+registry\s+pull/)
2026-07-24 18:15:44 [DEBUG] coder_eval.evaluation.checker: Criterion 'command_executed' score: 1.00
2026-07-24 18:15:44 [DEBUG] coder_eval.evaluation.checker: Criterion 'command_executed' score: 1.00
2026-07-24 18:15:44 [DEBUG] coder_eval.evaluation.checker: Criterion 'command_executed' score: 1.00
2026-07-24 18:15:44 [INFO] coder_eval.orchestrator: Success criteria: 3/4 passed, weighted score: 0.818
2026-07-24 18:15:44 [WARNING] coder_eval.orchestrator: Visible turns (10) exceeded expected_turns (9) at iteration 1 for task skill-flow-registry-discovery. Run continues — max_turns remains the hard cap.
2026-07-24 18:15:44 [DEBUG] coder_eval.utils: Resolved @uipath plugin-tools dir=/usr/lib/node_modules/@uipath from `uip` at /usr/lib/node_modules/@uipath/cli/dist/index.js
2026-07-24 18:15:44 [INFO] coder_eval.orchestrator: Running post-run command: find . -maxdepth 5 -type d \( -name node_modules -o -name .npm-prefix -o -name .venv \) -prune -exec rm -rf {} +
2026-07-24 18:15:44 [INFO] coder_eval.orchestrator: Sandbox preserved (in-place): /work/output/artifacts/skill-flow-registry-discovery
2026-07-24 18:15:44 [INFO] coder_eval.orchestrator: Task finished: status=FAILURE duration=92.9s score=0.818 iterations=1
