2026-07-23 20:46:54 [DEBUG] coder_eval.utils: Resolved @uipath plugin-tools dir=/usr/lib/node_modules/@uipath from `uip` at /usr/lib/node_modules/@uipath/cli/dist/index.js
2026-07-23 20:46:54 [INFO] coder_eval.orchestrator: API routing: aws_bedrock
2026-07-23 20:46:54 [DEBUG] coder_eval.criteria: Discovered 14 criterion checkers
2026-07-23 20:46:54 [DEBUG] coder_eval.criteria: Validated 14 criterion checkers
2026-07-23 20:46:54 [DEBUG] coder_eval.utils: Resolved @uipath plugin-tools dir=/usr/lib/node_modules/@uipath from `uip` at /usr/lib/node_modules/@uipath/cli/dist/index.js
2026-07-23 20:46:54 [DEBUG] coder_eval.orchestrator: Sending prompt: I want to build a UiPath Flow that makes an HTTP request and processes the
response with a script. B...
2026-07-23 20:46:55 [DEBUG] coder_eval.agents.claude_code_agent: [coder] Starting agent query stream...
2026-07-23 20:48:47 [DEBUG] coder_eval.agents.claude_code_agent: [coder] session_id changed: None -> 4a5ffb8b-e82c-4ba2-8472-b556bea12fb6
2026-07-23 20:48:47 [DEBUG] coder_eval.agents.claude_code_agent: [coder] Agent query stream ended
2026-07-23 20:48:47 [DEBUG] coder_eval.utils: Resolved @uipath plugin-tools dir=/usr/lib/node_modules/@uipath from `uip` at /usr/lib/node_modules/@uipath/cli/dist/index.js
2026-07-23 20:48:47 [DEBUG] coder_eval.orchestrator: Agent response received (6787 chars)
2026-07-23 20:48:47 [DEBUG] coder_eval.orchestrator: Checking success criteria
2026-07-23 20:48:47 [DEBUG] coder_eval.evaluation.checker: Criterion 'command_executed' score: 1.00
2026-07-23 20:48:47 [DEBUG] coder_eval.evaluation.checker: Criterion 'command_executed' score: 1.00
2026-07-23 20:48:47 [DEBUG] coder_eval.evaluation.checker: Criterion 'command_executed' score: 1.00
2026-07-23 20:48:47 [DEBUG] coder_eval.evaluation.checker: Criterion 'command_executed' score: 1.00
2026-07-23 20:48:47 [INFO] coder_eval.orchestrator: Success criteria: 4/4 passed, weighted score: 1.000
2026-07-23 20:48:47 [WARNING] coder_eval.orchestrator: Visible turns (20) exceeded expected_turns (9) at iteration 1 for task skill-flow-registry-discovery. Run continues — max_turns remains the hard cap.
2026-07-23 20:48:47 [DEBUG] coder_eval.utils: Resolved @uipath plugin-tools dir=/usr/lib/node_modules/@uipath from `uip` at /usr/lib/node_modules/@uipath/cli/dist/index.js
2026-07-23 20:48:47 [INFO] coder_eval.orchestrator: Running post-run command: find . -maxdepth 5 -type d \( -name node_modules -o -name .npm-prefix -o -name .venv \) -prune -exec rm -rf {} +
2026-07-23 20:48:47 [INFO] coder_eval.orchestrator: Sandbox preserved (in-place): /work/output/artifacts/skill-flow-registry-discovery
2026-07-23 20:48:47 [INFO] coder_eval.orchestrator: Task finished: status=SUCCESS duration=116.4s score=1.000 iterations=1
