2026-07-23 20:52:29 [DEBUG] coder_eval.utils: Resolved @uipath plugin-tools dir=/usr/lib/node_modules/@uipath from `uip` at /usr/lib/node_modules/@uipath/cli/dist/index.js
2026-07-23 20:52:29 [INFO] coder_eval.orchestrator: API routing: aws_bedrock
2026-07-23 20:52:29 [DEBUG] coder_eval.criteria: Discovered 14 criterion checkers
2026-07-23 20:52:29 [DEBUG] coder_eval.criteria: Validated 14 criterion checkers
2026-07-23 20:52:29 [DEBUG] coder_eval.utils: Resolved @uipath plugin-tools dir=/usr/lib/node_modules/@uipath from `uip` at /usr/lib/node_modules/@uipath/cli/dist/index.js
2026-07-23 20:52:29 [INFO] coder_eval.orchestrator: Running pre-run command: python3 $SKILLS_REPO_PATH/tests/tasks/uipath-maestro-flow/e2e/jira_search_triage/seed_jira.py
2026-07-23 20:52:36 [INFO] coder_eval.orchestrator: [pre_run stdout] OK: seeded 2 issues ['CE-121', 'CE-122'] (tag=9d904948) for JQL search
2026-07-23 20:52:36 [DEBUG] coder_eval.orchestrator: Sending prompt: Create a new Flow project called "JiraSearchTriage" with a manual trigger.

Read `seed.json` in the ...
2026-07-23 20:52:36 [DEBUG] coder_eval.agents.claude_code_agent: [coder] Starting agent query stream...
2026-07-23 20:59:25 [DEBUG] coder_eval.agents.claude_code_agent: [coder] session_id changed: None -> ce92ea56-5b35-439a-836d-ca66f2e7bb25
2026-07-23 20:59:25 [DEBUG] coder_eval.agents.claude_code_agent: [coder] Agent query stream ended
2026-07-23 20:59:25 [DEBUG] coder_eval.utils: Resolved @uipath plugin-tools dir=/usr/lib/node_modules/@uipath from `uip` at /usr/lib/node_modules/@uipath/cli/dist/index.js
2026-07-23 20:59:25 [DEBUG] coder_eval.orchestrator: Agent response received (5397 chars)
2026-07-23 20:59:25 [DEBUG] coder_eval.orchestrator: Checking success criteria
2026-07-23 20:59:25 [DEBUG] coder_eval.evaluation.checker: Criterion 'command_executed' score: 1.00
2026-07-23 20:59:25 [DEBUG] coder_eval.criteria.run_command: Running command for criterion 'JiraSearchTriage checks: valid flow with a JQL search feeding a loop of Add-Comment, debug completes, and both seeded issues carry the triage comment': python3 $TASK_DIR/check_jira_search_triage.py
2026-07-23 20:59:48 [DEBUG] coder_eval.sandbox: Command 'python3 $TASK_DIR/check_jira_search_triage.py' exited with code 1
2026-07-23 20:59:48 [DEBUG] coder_eval.sandbox: STDOUT:
---
OK: flow references uipath-atlassian-jira
OK: flow references a JQL search op and a loop node
---
2026-07-23 20:59:48 [DEBUG] coder_eval.sandbox: STDERR:
---
FAIL: flow debug exit 1
stdout: {
  "Result": "Failure",
  "Code": "FlowDebug",
  "Message": "Debug session Faulted. [400008] Failed to evaluate the input collection variable for the marker element (element loop1)",
  "Instructions": "Incident(s):\n  - [400008] Failed to evaluate the input collection variable for the marker element (element loop1)\nRun 'uip maestro flow debug-instance incidents b5345814-7f4f-4e27-9c50-133ad06502a2' for the full backend payload (incidentId, errorDetails, AI summary). traceId=b53458147f4f4e279c50133ad06502a2.",
  "Context": {
    "ErrorCode": "400008",
    "TraceId": "b53458147f4f4e279c50133ad06502a2"
  },
  "Data": {
    "jobKey": "b5345814-7f4f-4e27-9c50-133ad06502a2",
    "instanceId": "b5345814-7f4f-4e27-9c50-133ad06502a2",
    "runId": "019f90c6-cb54-7cbf-abe3-e7211986a437",
    "folderKey": "410fae2d-89b3-4cd1-a991-7359bda90c0b",
    "finalStatus": "Faulted",
    "solutionId": "3bc7da22-4713-4a72-3731-08dee8fa7d3e",
    "studioWebUrl": "https://alpha.uipath.com/codereval/studio_/designer/edd53e9c-fe63-4451-85ab-34f7ee148e8e?solutionId=3bc7da22-4713-4a72-3731-08dee8fa7d3e",
    "elementExecutions": [
      {
        "elementId": "start",
        "elementType": "StartEvent",
        "status": "Completed",
        "startedAt": "2026-07-23T20:59:42.7210252Z",
        "completedAt": "2026-07-23T20:59:43.0673948Z"
      },
      {
        "elementId": "searchIssuesByJql1",
        "elementType": "SendTask",
        "status": "Completed",
        "startedAt": "2026-07-23T20:59:43.3102407Z",
        "completedAt": "2026-07-23T20:59:44.5354204Z"
      },
      {
        "elementId": "loop1",
        "elementType": "SubProcess",
        "status": "Failed",
        "startedAt": "2026-07-23T20:59:45.087791Z"
      }
    ],
    "variables": {
      "elements": [
        {
          "elementId": "start",
          "elementRunId": "37bf10a6-92ce-4b1c-ba0a-332ee709eb6c",
          "isMarker": false,
          "inputs": {},
          "inputDefinitions": {},
          "outputs": {}
        },
        {
          "elementId": "searchIssuesByJql1",
          "elementRunId": "a2c52e0a-25a1-49dd-a1ba-52f22cd364b0",
          "isMarker": false,
          "inputs": {
            "queryParameters": {
              "jql": "project = CE AND summary ~ \"9d904948\""
            }
          },
          "inputDefinitions": {},
          "outputs": {
            "response": [
              {
                "self": "https://api.atlassian.com/ex/jira/f2c10d6a-7a1c-4934-a500-dcd95b517cdf/rest/api/2/issue/251267",
                "expand": "renderedFields,names,schema,operations,editmeta,changelog,versionedRepresentations",
                "id": "251267",
                "fields": {
                  "aggregateprogress": {
                    "progress": 0,
                    "total": 0
                  },
                  "comment": {
                    "maxResults": 0,
                    "self": "https://api.atlassian.com/ex/jira/f2c10d6a-7a1c-4934-a500-dcd95b517cdf/rest/api/2/issue/251267/comment",
                    "startAt": 0,
                    "total": 0
                  },
                  "created": "2026-07-23T20:52:36.119+00:00",
                  "creator": {
                    "accountId": "712020:b53bf3dc-8817-419e-99e1-5670aeb7ffe6",
                    "accountType": "atlassian",
                    "active": true,
                    "avatarUrls": {
                      "16x16": "https://secure.gravatar.com/avatar/3d0aa8b78ffd977d742893bc3016b084?d=https%3A%2F%2Favatar-management--avatars.us-west-2.prod.public.atl-paas.net%2Finitials%2FI-5.png",
                      "24x24": "https://secure.gravatar.com/avatar/3d0aa8b78ffd977d742893bc3016b084?d=https%3A%2F%2Favatar-management--avatars.us-west-2.prod.public.atl-paas.net%2Finitials%2FI-5.png",
                      "32x32": "https://secure.gravatar.com/avatar/3d0aa8b78ffd977d742893bc3016b084?d=https%3A%2F%2Favatar-management--avatars.us-west-2.prod.public.atl-paas.net%2Finitials%2FI-5.png",
                      "48x48": "https://secure.gravatar.com/avatar/3d0aa8b78ffd977d742893bc3016b084?d=https%3A%2F%2Favatar-management--avatars.us-west-2.prod.public.atl-paas.net%2Finitials%2FI-5.png"
                    },
                    "displayName": "is-sandboxes-test@uipath.com",
                    "emailAddress": "is-sandboxes-test@uipath.com",
                    "self": "https://api.atlassian.com/ex/jira/f2c10d6a-7a1c-4934-a500-dcd95b517cdf/rest/api/2/user?accountId=712020%3Ab53bf3dc-8817-419e-99e1-5670aeb7ffe6",
                    "timeZone": "UTC"
                  },
                  "issuetype": {
                    "avatarId": 10318,
                    "description": "A small, distinct piece of work.",
                    "entityId": "fe539ac2-a4c7-4e7e-a548-04817d49a0d7",
                    "hierarchyLevel": 0,
                    "iconUrl": "https://api.atlassian.com/ex/jira/f2c10d6a-7a1c-4934-a500-dcd95b517cdf/rest/api/2/universal_avatar/view/type/issuetype/avatar/10318?size=medium",
                    "id": "11457",
                    "name": "Task",
                    "self": "https://api.atlassian.com/ex/jira/f2c10d6a-7a1c-4934-a500-dcd95b517cdf/rest/api/2/issuetype/11457",
                    "subtask": false
                  },
                  "priority": {
                    "iconUrl": "https://uipath-sandbox-380.atlassian.net/images/icons/priorities/medium_new.svg",
                    "id": "3",
                    "name": "Medium",
                    "self": "https://api.atlassian.com/ex/jira/f2c10d6a-7a1c-4934-a500-dcd95b517cdf/rest/api/2/priority/3"
                  },
                  "progress": {
                    "progress": 0,
                    "total": 0
                  },
                  "project": {
                    "avatarUrls": {
                      "16x16": "https://api.atlassian.com/ex/jira/f2c10d6a-7a1c-4934-a500-dcd95b517cdf/rest/api/2/universal_avatar/view/type/project/avatar/10402?size=xsmall",
                      "24x24": "https://api.atlassian.com/ex/jira/f2c10d6a-7a1c-4934-a500-dcd95b517cdf/rest/api/2/universal_avatar/view/type/project/avatar/10402?size=small",
                      "32x32": "https://api.atlassian.com/ex/jira/f2c10d6a-7a1c-4934-a500-dcd95b517cdf/rest/api/2/universal_avatar/view/type/project/avatar/10402?size=medium",
                      "48x48": "https://api.atlassian.com/ex/jira/f2c10d6a-7a1c-4934-a500-dcd95b517cdf/rest/api/2/universal_avatar/view/type/project/avatar/10402"
                    },
                    "id": "11814",
                    "key": "CE",
                    "name": "Coder Eval",
                    "projectTypeKey": "business",
                    "self": "https://api.atlassian.com/ex/jira/f2c10d6a-7a1c-4934-a500-dcd95b517cdf/rest/api/2/project/11814",
                    "simplified": true
                  },
                  "rank_Customfield10019": "0|i12crr:",
                  "reporter": {
                    "accountId": "712020:b53bf3dc-8817-419e-99e1-5670aeb7ffe6",
                    "accountType": "atlassian",
                    "active": true,
                    "avatarUrls": {
                      "16x16": "https://secure.gravatar.com/avatar/3d0aa8b78ffd977d742893bc3016b084?d=https%3A%2F%2Favatar-management--avatars.us-west-2.prod.public.atl-paas.net%2Finitials%2FI-5.png",
                      "24x24": "https://secure.gravatar.com/avatar/3d0aa8b78ffd977d742893bc3016b084?d=https%3A%2F%2Favatar-management--avatars.us-west-2.prod.public.atl-paas.net%2Finitials%2FI-5.png",
                      "32x32": "https://secure.gravatar.com/avatar/3d0aa8b78ffd977d742893bc3016b084?d=https%3A%2F%2Favatar-management--avatars.us-west-2.prod.public.atl-paas.net%2Finitials%2FI-5.png",
                      "48x48": "https://secure.gravatar.com/avatar/3d0aa8b78ffd977d742893bc3016b084?d=https%3A%2F%2Favatar-management--avatars.us-west-2.prod.public.atl-paas.net%2Finitials%2FI-5.png"
                    },
                    "displayName": "is-sandboxes-test@uipath.com",
                    "emailAddress": "is-sandboxes-test@uipath.com",
                    "self": "https://api.atlassian.com/ex/jira/f2c10d6a-7a1c-4934-a500-dcd95b517cdf/rest/api/2/user?accountId=712020%3Ab53bf3dc-8817-419e-99e1-5670aeb7ffe6",
                    "timeZone": "UTC"
                  },
                  "status": {
                    "description": "",
                    "iconUrl": "https://uipath-sandbox-380.atlassian.net/images/icons/statuses/generic.png",
                    "id": "11450",
                    "name": "To Do",
                    "self": "https://api.atlassian.com/ex/jira/f2c10d6a-7a1c-4934-a500-dcd95b517cdf/rest/api/2/status/11450",
                    "statusCategory": {
                      "colorName": "blue-gray",
                      "id": 2,
                      "key": "new",
                      "name": "To Do",
                      "self": "https://api.atlassian.com/ex/jira/f2c10d6a-7a1c-4934-a500-dcd95b517cdf/rest/api/2/statuscategory/2"
                    }
                  },
                  "statusCategory": {
                    "colorName": "blue-gray",
                    "id": 2,
                    "key": "new",
                    "name": "To Do",
                    "self": "https://api.atlassian.com/ex/jira/f2c10d6a-7a1c-4934-a500-dcd95b517cdf/rest/api/2/statuscategory/2"
                  },
                  "statuscategorychangedate": "2026-07-23T20:52:36.353+00:00",
                  "summary": "coder-eval jira search-triage 9d904948 #2",
                  "updated": "2026-07-23T20:52:36.183+00:00",
                  "votes": {
                    "hasVoted": false,
                    "self": "https://api.atlassian.com/ex/jira/f2c10d6a-7a1c-4934-a500-dcd95b517cdf/rest/api/2/issue/CE-122/votes",
                    "votes": 0
                  },
                  "watches": {
                    "isWatching": true,
                    "self": "https://api.atlassian.com/ex/jira/f2c10d6a-7a1c-4934-a500-dcd95b517cdf/rest/api/2/issue/CE-122/watchers",
                    "watchCount": 1
                  },
                  "worklog": {
                    "maxResults": 20,
                    "startAt": 0,
                    "total": 0
                  },
                  "workratio": -1
                },
                "key": "CE-122"
              },
              {
                "self": "https://api.atlassian.com/ex/jira/f2c10d6a-7a1c-4934-a500-dcd95b517cdf/rest/api/2/issue/251266",
                "expand": "renderedFields,names,schema,operations,editmeta,changelog,versionedRepresentations",
                "id": "251266",
                "fields": {
                  "aggregateprogress": {
                    "progress": 0,
                    "total": 0
                  },
                  "comment": {
                    "maxResults": 0,
                    "self": "https://api.atlassian.com/ex/jira/f2c10d6a-7a1c-4934-a500-dcd95b517cdf/rest/api/2/issue/251266/comment",
                    "startAt": 0,
                    "total": 0
                  },
                  "created": "2026-07-23T20:52:34.106+00:00",
                  "creator": {
                    "accountId": "712020:b53bf3dc-8817-419e-99e1-5670aeb7ffe6",
                    "accountType": "atlassian",
                    "active": true,
                    "avatarUrls": {
                      "16x16": "https://secure.gravatar.com/avatar/3d0aa8b78ffd977d742893bc3016b084?d=https%3A%2F%2Favatar-management--avatars.us-west-2.prod.public.atl-paas.net%2Finitials%2FI-5.png",
                      "24x24": "https://secure.gravatar.com/avatar/3d0aa8b78ffd977d742893bc3016b084?d=https%3A%2F%2Favatar-management--avatars.us-west-2.prod.public.atl-paas.net%2Finitials%2FI-5.png",
                      "32x32": "https://secure.gravatar.com/avatar/3d0aa8b78ffd977d742893bc3016b084?d=https%3A%2F%2Favatar-management--avatars.us-west-2.prod.public.atl-paas.net%2Finitials%2FI-5.png",
                      "48x48": "https://secure.gravatar.com/avatar/3d0aa8b78ffd977d742893bc3016b084?d=https%3A%2F%2Favatar-management--avatars.us-west-2.prod.public.atl-paas.net%2Finitials%2FI-5.png"
                    },
                    "displayName": "is-sandboxes-test@uipath.com",
                    "emailAddress": "is-sandboxes-test@uipath.com",
                    "self": "https://api.atlassian.com/ex/jira/f2c10d6a-7a1c-4934-a500-dcd95b517cdf/rest/api/2/user?accountId=712020%3Ab53bf3dc-8817-419e-99e1-5670aeb7ffe6",
                    "timeZone": "UTC"
                  },
                  "issuetype": {
                    "avatarId": 10318,
                    "description": "A small, distinct piece of work.",
                    "entityId": "fe539ac2-a4c7-4e7e-a548-04817d49a0d7",
                    "hierarchyLevel": 0,
                    "iconUrl": "https://api.atlassian.com/ex/jira/f2c10d6a-7a1c-4934-a500-dcd95b517cdf/rest/api/2/universal_avatar/view/type/issuetype/avatar/10318?size=medium",
                    "id": "11457",
                    "name": "Task",
                    "self": "https://api.atlassian.com/ex/jira/f2c10d6a-7a1c-4934-a500-dcd95b517cdf/rest/api/2/issuetype/11457",
                    "subtask": false
                  },
                  "priority": {
                    "iconUrl": "https://uipath-sandbox-380.atlassian.net/images/icons/priorities/medium_new.svg",
                    "id": "3",
                    "name": "Medium",
                    "self": "https://api.atlassian.com/ex/jira/f2c10d6a-7a1c-4934-a500-dcd95b517cdf/rest/api/2/priority/3"
                  },
                  "progress": {
                    "progress": 0,
                    "total": 0
                  },
                  "project": {
                    "avatarUrls": {
                      "16x16": "https://api.atlassian.com/ex/jira/f2c10d6a-7a1c-4934-a500-dcd95b517cdf/rest/api/2/universal_avatar/view/type/project/avatar/10402?size=xsmall",
                      "24x24": "https://api.atlassian.com/ex/jira/f2c10d6a-7a1c-4934-a500-dcd95b517cdf/rest/api/2/universal_avatar/view/type/project/avatar/10402?size=small",
                      "32x32": "https://api.atlassian.com/ex/jira/f2c10d6a-7a1c-4934-a500-dcd95b517cdf/rest/api/2/universal_avatar/view/type/project/avatar/10402?size=medium",
                      "48x48": "https://api.atlassian.com/ex/jira/f2c10d6a-7a1c-4934-a500-dcd95b517cdf/rest/api/2/universal_avatar/view/type/project/avatar/10402"
                    },
                    "id": "11814",
                    "key": "CE",
                    "name": "Coder Eval",
                    "projectTypeKey": "business",
                    "self": "https://api.atlassian.com/ex/jira/f2c10d6a-7a1c-4934-a500-dcd95b517cdf/rest/api/2/project/11814",
                    "simplified": true
                  },
                  "rank_Customfield10019": "0|i12crj:",
                  "reporter": {
                    "accountId": "712020:b53bf3dc-8817-419e-99e1-5670aeb7ffe6",
                    "accountType": "atlassian",
                    "active": true,
                    "avatarUrls": {
                      "16x16": "https://secure.gravatar.com/avatar/3d0aa8b78ffd977d742893bc3016b084?d=https%3A%2F%2Favatar-management--avatars.us-west-2.prod.public.atl-paas.net%2Finitials%2FI-5.png",
                      "24x24": "https://secure.gravatar.com/avatar/3d0aa8b78ffd977d742893bc3016b084?d=https%3A%2F%2Favatar-management--avatars.us-west-2.prod.public.atl-paas.net%2Finitials%2FI-5.png",
                      "32x32": "https://secure.gravatar.com/avatar/3d0aa8b78ffd977d742893bc3016b084?d=https%3A%2F%2Favatar-management--avatars.us-west-2.prod.public.atl-paas.net%2Finitials%2FI-5.png",
                      "48x48": "https://secure.gravatar.com/avatar/3d0aa8b78ffd977d742893bc3016b084?d=https%3A%2F%2Favatar-management--avatars.us-west-2.prod.public.atl-paas.net%2Finitials%2FI-5.png"
                    },
                    "displayName": "is-sandboxes-test@uipath.com",
                    "emailAddress": "is-sandboxes-test@uipath.com",
                    "self": "https://api.atlassian.com/ex/jira/f2c10d6a-7a1c-4934-a500-dcd95b517cdf/rest/api/2/user?accountId=712020%3Ab53bf3dc-8817-419e-99e1-5670aeb7ffe6",
                    "timeZone": "UTC"
                  },
                  "status": {
                    "description": "",
                    "iconUrl": "https://uipath-sandbox-380.atlassian.net/images/icons/statuses/generic.png",
                    "id": "11450",
                    "name": "To Do",
                    "self": "https://api.atlassian.com/ex/jira/f2c10d6a-7a1c-4934-a500-dcd95b517cdf/rest/api/2/status/11450",
                    "statusCategory": {
                      "colorName": "blue-gray",
                      "id": 2,
                      "key": "new",
                      "name": "To Do",
                      "self": "https://api.atlassian.com/ex/jira/f2c10d6a-7a1c-4934-a500-dcd95b517cdf/rest/api/2/statuscategory/2"
                    }
                  },
                  "statusCategory": {
                    "colorName": "blue-gray",
                    "id": 2,
                    "key": "new",
                    "name": "To Do",
                    "self": "https://api.atlassian.com/ex/jira/f2c10d6a-7a1c-4934-a500-dcd95b517cdf/rest/api/2/statuscategory/2"
                  },
                  "statuscategorychangedate": "2026-07-23T20:52:34.394+00:00",
                  "summary": "coder-eval jira search-triage 9d904948 #1",
                  "updated": "2026-07-23T20:52:34.193+00:00",
                  "votes": {
                    "hasVoted": false,
                    "self": "https://api.atlassian.com/ex/jira/f2c10d6a-7a1c-4934-a500-dcd95b517cdf/rest/api/2/issue/CE-121/votes",
                    "votes": 0
                  },
                  "watches": {
                    "isWatching": true,
                    "self": "https://api.atlassian.com/ex/jira/f2c10d6a-7a1c-4934-a500-dcd95b517cdf/rest/api/2/issue/CE-121/watchers",
                    "watchCount": 1
                  },
                  "worklog": {
                    "maxResults": 20,
                    "startAt": 0,
                    "total": 0
                  },
                  "workratio": -1
                },
                "key": "CE-121"
              }
            ]
          }
        }
      ],
      "globals": {
        "searchIssuesByJql1.output": [
          {
            "self": "https://api.atlassian.com/ex/jira/f2c10d6a-7a1c-4934-a500-dcd95b517cdf/rest/api/2/issue/251267",
            "expand": "renderedFields,names,schema,operations,editmeta,changelog,versionedRepresentations",
            "id": "251267",
            "fields": {
              "project": {
                "avatarUrls": {
                  "16x16": "https://api.atlassian.com/ex/jira/f2c10d6a-7a1c-4934-a500-dcd95b517cdf/rest/api/2/universal_avatar/view/type/project/avatar/10402?size=xsmall",
                  "24x24": "https://api.atlassian.com/ex/jira/f2c10d6a-7a1c-4934-a500-dcd95b517cdf/rest/api/2/universal_avatar/view/type/project/avatar/10402?size=small",
                  "32x32": "https://api.atlassian.com/ex/jira/f2c10d6a-7a1c-4934-a500-dcd95b517cdf/rest/api/2/universal_avatar/view/type/project/avatar/10402?size=medium",
                  "48x48": "https://api.atlassian.com/ex/jira/f2c10d6a-7a1c-4934-a500-dcd95b517cdf/rest/api/2/universal_avatar/view/type/project/avatar/10402"
                },
                "id": "11814",
                "key": "CE",
                "name": "Coder Eval",
                "projectTypeKey": "business",
                "self": "https://api.atlassian.com/ex/jira/f2c10d6a-7a1c-4934-a500-dcd95b517cdf/rest/api/2/project/11814",
                "simplified": true
              },
              "rank_Customfield10019": "0|i12crr:",
              "creator": {
                "accountId": "712020:b53bf3dc-8817-419e-99e1-5670aeb7ffe6",
                "accountType": "atlassian",
                "active": true,
                "avatarUrls": {
                  "16x16": "https://secure.gravatar.com/avatar/3d0aa8b78ffd977d742893bc3016b084?d=https%3A%2F%2Favatar-management--avatars.us-west-2.prod.public.atl-paas.net%2Finitials%2FI-5.png",
                  "24x24": "https://secure.gravatar.com/avatar/3d0aa8b78ffd977d742893bc3016b084?d=https%3A%2F%2Favatar-management--avatars.us-west-2.prod.public.atl-paas.net%2Finitials%2FI-5.png",
                  "32x32": "https://secure.gravatar.com/avatar/3d0aa8b78ffd977d742893bc3016b084?d=https%3A%2F%2Favatar-management--avatars.us-west-2.prod.public.atl-paas.net%2Finitials%2FI-5.png",
                  "48x48": "https://secure.gravatar.com/avatar/3d0aa8b78ffd977d742893bc3016b084?d=https%3A%2F%2Favatar-management--avatars.us-west-2.prod.public.atl-paas.net%2Finitials%2FI-5.png"
                },
                "displayName": "is-sandboxes-test@uipath.com",
                "emailAddress": "is-sandboxes-test@uipath.com",
                "self": "https://api.atlassian.com/ex/jira/f2c10d6a-7a1c-4934-a500-dcd95b517cdf/rest/api/2/user?accountId=712020%3Ab53bf3dc-8817-419e-99e1-5670aeb7ffe6",
                "timeZone": "UTC"
              },
              "status": {
                "description": "",
                "iconUrl": "https://uipath-sandbox-380.atlassian.net/images/icons/statuses/generic.png",
                "id": "11450",
                "name": "To Do",
                "self": "https://api.atlassian.com/ex/jira/f2c10d6a-7a1c-4934-a500-dcd95b517cdf/rest/api/2/status/11450",
                "statusCategory": {
                  "colorName": "blue-gray",
                  "id": 2,
                  "key": "new",
                  "name": "To Do",
                  "self": "https://api.atlassian.com/ex/jira/f2c10d6a-7a1c-4934-a500-dcd95b517cdf/rest/api/2/statuscategory/2"
                }
              },
              "workratio": -1,
              "created": "2026-07-23T20:52:36.119+00:00",
              "reporter": {
                "accountId": "712020:b53bf3dc-8817-419e-99e1-5670aeb7ffe6",
                "accountType": "atlassian",
                "active": true,
                "avatarUrls": {
                  "16x16": "https://secure.gravatar.com/avatar/3d0aa8b78ffd977d742893bc3016b084?d=https%3A%2F%2Favatar-management--avatars.us-west-2.prod.public.atl-paas.net%2Finitials%2FI-5.png",
                  "24x24": "https://secure.gravatar.com/avatar/3d0aa8b78ffd977d742893bc3016b084?d=https%3A%2F%2Favatar-management--avatars.us-west-2.prod.public.atl-paas.net%2Finitials%2FI-5.png",
                  "32x32": "https://secure.gravatar.com/avatar/3d0aa8b78ffd977d742893bc3016b084?d=https%3A%2F%2Favatar-management--avatars.us-west-2.prod.public.atl-paas.net%2Finitials%2FI-5.png",
                  "48x48": "https://secure.gravatar.com/avatar/3d0aa8b78ffd977d742893bc3016b084?d=https%3A%2F%2Favatar-management--avatars.us-west-2.prod.public.atl-paas.net%2Finitials%2FI-5.png"
                },
                "displayName": "is-sandboxes-test@uipath.com",
                "emailAddress": "is-sandboxes-test@uipath.com",
                "self": "https://api.atlassian.com/ex/jira/f2c10d6a-7a1c-4934-a500-dcd95b517cdf/rest/api/2/user?accountId=712020%3Ab53bf3dc-8817-419e-99e1-5670aeb7ffe6",
                "timeZone": "UTC"
              },
              "watches": {
                "isWatching": true,
                "self": "https://api.atlassian.com/ex/jira/f2c10d6a-7a1c-4934-a500-dcd95b517cdf/rest/api/2/issue/CE-122/watchers",
                "watchCount": 1
              },
              "updated": "2026-07-23T20:52:36.183+00:00",
              "aggregateprogress": {
                "progress": 0,
                "total": 0
              },
              "progress": {
                "progress": 0,
                "total": 0
              },
              "statusCategory": {
                "colorName": "blue-gray",
                "id": 2,
                "key": "new",
                "name": "To Do",
                "self": "https://api.atlassian.com/ex/jira/f2c10d6a-7a1c-4934-a500-dcd95b517cdf/rest/api/2/statuscategory/2"
              },
              "statuscategorychangedate": "2026-07-23T20:52:36.353+00:00",
              "issuetype": {
                "avatarId": 10318,
                "description": "A small, distinct piece of work.",
                "entityId": "fe539ac2-a4c7-4e7e-a548-04817d49a0d7",
                "hierarchyLevel": 0,
                "iconUrl": "https://api.atlassian.com/ex/jira/f2c10d6a-7a1c-4934-a500-dcd95b517cdf/rest/api/2/universal_avatar/view/type/issuetype/avatar/10318?size=medium",
                "id": "11457",
                "name": "Task",
                "self": "https://api.atlassian.com/ex/jira/f2c10d6a-7a1c-4934-a500-dcd95b517cdf/rest/api/2/issuetype/11457",
                "subtask": false
              },
              "summary": "coder-eval jira search-triage 9d904948 #2",
              "worklog": {
                "maxResults": 20,
                "startAt": 0,
                "total": 0
              },
              "votes": {
                "hasVoted": false,
                "self": "https://api.atlassian.com/ex/jira/f2c10d6a-7a1c-4934-a500-dcd95b517cdf/rest/api/2/issue/CE-122/votes",
                "votes": 0
              },
              "priority": {
                "iconUrl": "https://uipath-sandbox-380.atlassian.net/images/icons/priorities/medium_new.svg",
                "id": "3",
                "name": "Medium",
                "self": "https://api.atlassian.com/ex/jira/f2c10d6a-7a1c-4934-a500-dcd95b517cdf/rest/api/2/priority/3"
              },
              "comment": {
                "maxResults": 0,
                "self": "https://api.atlassian.com/ex/jira/f2c10d6a-7a1c-4934-a500-dcd95b517cdf/rest/api/2/issue/251267/comment",
                "startAt": 0,
                "total": 0
              }
            },
            "key": "CE-122"
          },
          {
            "self": "https://api.atlassian.com/ex/jira/f2c10d6a-7a1c-4934-a500-dcd95b517cdf/rest/api/2/issue/251266",
            "expand": "renderedFields,names,schema,operations,editmeta,changelog,versionedRepresentations",
            "id": "251266",
            "fields": {
              "project": {
                "avatarUrls": {
                  "16x16": "https://api.atlassian.com/ex/jira/f2c10d6a-7a1c-4934-a500-dcd95b517cdf/rest/api/2/universal_avatar/view/type/project/avatar/10402?size=xsmall",
                  "24x24": "https://api.atlassian.com/ex/jira/f2c10d6a-7a1c-4934-a500-dcd95b517cdf/rest/api/2/universal_avatar/view/type/project/avatar/10402?size=small",
                  "32x32": "https://api.atlassian.com/ex/jira/f2c10d6a-7a1c-4934-a500-dcd95b517cdf/rest/api/2/universal_avatar/view/type/project/avatar/10402?size=medium",
                  "48x48": "https://api.atlassian.com/ex/jira/f2c10d6a-7a1c-4934-a500-dcd95b517cdf/rest/api/2/universal_avatar/view/type/project/avatar/10402"
                },
                "id": "11814",
                "key": "CE",
                "name": "Coder Eval",
                "projectTypeKey": "business",
                "self": "https://api.atlassian.com/ex/jira/f2c10d6a-7a1c-4934-a500-dcd95b517cdf/rest/api/2/project/11814",
                "simplified": true
              },
              "rank_Customfield10019": "0|i12crj:",
              "creator": {
                "accountId": "712020:b53bf3dc-8817-419e-99e1-5670aeb7ffe6",
                "accountType": "atlassian",
                "active": true,
                "avatarUrls": {
                  "16x16": "https://secure.gravatar.com/avatar/3d0aa8b78ffd977d742893bc3016b084?d=https%3A%2F%2Favatar-management--avatars.us-west-2.prod.public.atl-paas.net%2Finitials%2FI-5.png",
                  "24x24": "https://secure.gravatar.com/avatar/3d0aa8b78ffd977d742893bc3016b084?d=https%3A%2F%2Favatar-management--avatars.us-west-2.prod.public.atl-paas.net%2Finitials%2FI-5.png",
                  "32x32": "https://secure.gravatar.com/avatar/3d0aa8b78ffd977d742893bc3016b084?d=https%3A%2F%2Favatar-management--avatars.us-west-2.prod.public.atl-paas.net%2Finitials%2FI-5.png",
                  "48x48": "https://secure.gravatar.com/avatar/3d0aa8b78ffd977d742893bc3016b084?d=https%3A%2F%2Favatar-management--avatars.us-west-2.prod.public.atl-paas.net%2Finitials%2FI-5.png"
                },
                "displayName": "is-sandboxes-test@uipath.com",
                "emailAddress": "is-sandboxes-test@uipath.com",
                "self": "https://api.atlassian.com/ex/jira/f2c10d6a-7a1c-4934-a500-dcd95b517cdf/rest/api/2/user?accountId=712020%3Ab53bf3dc-8817-419e-99e1-5670aeb7ffe6",
                "timeZone": "UTC"
              },
              "status": {
                "description": "",
                "iconUrl": "https://uipath-sandbox-380.atlassian.net/images/icons/statuses/generic.png",
                "id": "11450",
                "name": "To Do",
                "self": "https://api.atlassian.com/ex/jira/f2c10d6a-7a1c-4934-a500-dcd95b517cdf/rest/api/2/status/11450",
                "statusCategory": {
                  "colorName": "blue-gray",
                  "id": 2,
                  "key": "new",
                  "name": "To Do",
                  "self": "https://api.atlassian.com/ex/jira/f2c10d6a-7a1c-4934-a500-dcd95b517cdf/rest/api/2/statuscategory/2"
                }
              },
              "workratio": -1,
              "created": "2026-07-23T20:52:34.106+00:00",
              "reporter": {
                "accountId": "712020:b53bf3dc-8817-419e-99e1-5670aeb7ffe6",
                "accountType": "atlassian",
                "active": true,
                "avatarUrls": {
                  "16x16": "https://secure.gravatar.com/avatar/3d0aa8b78ffd977d742893bc3016b084?d=https%3A%2F%2Favatar-management--avatars.us-west-2.prod.public.atl-paas.net%2Finitials%2FI-5.png",
                  "24x24": "https://secure.gravatar.com/avatar/3d0aa8b78ffd977d742893bc3016b084?d=https%3A%2F%2Favatar-management--avatars.us-west-2.prod.public.atl-paas.net%2Finitials%2FI-5.png",
                  "32x32": "https://secure.gravatar.com/avatar/3d0aa8b78ffd977d742893bc3016b084?d=https%3A%2F%2Favatar-management--avatars.us-west-2.prod.public.atl-paas.net%2Finitials%2FI-5.png",
                  "48x48": "https://secure.gravatar.com/avatar/3d0aa8b78ffd977d742893bc3016b084?d=https%3A%2F%2Favatar-management--avatars.us-west-2.prod.public.atl-paas.net%2Finitials%2FI-5.png"
                },
                "displayName": "is-sandboxes-test@uipath.com",
                "emailAddress": "is-sandboxes-test@uipath.com",
                "self": "https://api.atlassian.com/ex/jira/f2c10d6a-7a1c-4934-a500-dcd95b517cdf/rest/api/2/user?accountId=712020%3Ab53bf3dc-8817-419e-99e1-5670aeb7ffe6",
                "timeZone": "UTC"
              },
              "watches": {
                "isWatching": true,
                "self": "https://api.atlassian.com/ex/jira/f2c10d6a-7a1c-4934-a500-dcd95b517cdf/rest/api/2/issue/CE-121/watchers",
                "watchCount": 1
              },
              "updated": "2026-07-23T20:52:34.193+00:00",
              "aggregateprogress": {
                "progress": 0,
                "total": 0
              },
              "progress": {
                "progress": 0,
                "total": 0
              },
              "statusCategory": {
                "colorName": "blue-gray",
                "id": 2,
                "key": "new",
                "name": "To Do",
                "self": "https://api.atlassian.com/ex/jira/f2c10d6a-7a1c-4934-a500-dcd95b517cdf/rest/api/2/statuscategory/2"
              },
              "statuscategorychangedate": "2026-07-23T20:52:34.394+00:00",
              "issuetype": {
                "avatarId": 10318,
                "description": "A small, distinct piece of work.",
                "entityId": "fe539ac2-a4c7-4e7e-a548-04817d49a0d7",
                "hierarchyLevel": 0,
                "iconUrl": "https://api.atlassian.com/ex/jira/f2c10d6a-7a1c-4934-a500-dcd95b517cdf/rest/api/2/universal_avatar/view/type/issuetype/avatar/10318?size=medium",
                "id": "11457",
                "name": "Task",
                "self": "https://api.atlassian.com/ex/jira/f2c10d6a-7a1c-4934-a500-dcd95b517cdf/rest/api/2/issuetype/11457",
                "subtask": false
              },
              "summary": "coder-eval jira search-triage 9d904948 #1",
              "worklog": {
                "maxResults": 20,
                "startAt": 0,
                "total": 0
              },
              "votes": {
                "hasVoted": false,
                "self": "https://api.atlassian.com/ex/jira/f2c10d6a-7a1c-4934-a500-dcd95b517cdf/rest/api/2/issue/CE-121/votes",
                "votes": 0
              },
              "priority": {
                "iconUrl": "https://uipath-sandbox-380.atlassian.net/images/icons/priorities/medium_new.svg",
                "id": "3",
                "name": "Medium",
                "self": "https://api.atlassian.com/ex/jira/f2c10d6a-7a1c-4934-a500-dcd95b517cdf/rest/api/2/priority/3"
              },
              "comment": {
                "maxResults": 0,
                "self": "https://api.atlassian.com/ex/jira/f2c10d6a-7a1c-4934-a500-dcd95b517cdf/rest/api/2/issue/251266/comment",
                "startAt": 0,
                "total": 0
              }
            },
            "key": "CE-121"
          }
        ],
        "loop1.output": null
      },
      "instanceId": "b5345814-7f4f-4e27-9c50-133ad06502a2",
      "workflowId": "b5345814-7f4f-4e27-9c50-133ad06502a2/BpmnGenericWorkflow",
      "parentElementId": null,
      "globalDefinitions": {
        "searchIssuesByJql1.output": {
          "name": "output",
          "type": "jsonSchema"
        },
        "loop1.output": {
          "name": "output",
          "type": "array"
        }
      }
    },
    "incidents": [
      {
        "id": "f42843f1-ebfc-4d73-a1bd-c6ca17c7f680",
        "tenantId": "69d43765-6ede-4575-88b7-9db601a2c056",
        "organizationId": "311c6049-4966-4ef2-a6f3-8ceccaf38d54",
        "instanceId": "b5345814-7f4f-4e27-9c50-133ad06502a2",
        "runId": "019f90c6-d660-7b2b-9c2a-a2eb57ac624f",
        "elementId": "loop1",
        "elementRunId": "d1fb8cd4-43bc-4954-8d2d-910376c59f40",
        "folderKey": "410fae2d-89b3-4cd1-a991-7359bda90c0b",
        "processKey": null,
        "packageVersion": "",
        "incidentId": "d1fb8cd4-43bc-4954-8d2d-910376c59f40",
        "incidentStatus": "Open",
        "incidentType": "User",
        "errorCode": "400008",
        "errorMessage": "Failed to evaluate the input collection variable for the marker element",
        "errorTimeUtc": "2026-07-23T20:59:45.3588784Z",
        "errorDetails": "Failed to evaluate the input collection variable for the marker element",
        "comment": null,
        "userUpdated": null,
        "debugMode": "Default",
        "incidentUpdateTimeUtc": null,
        "traceId": "b53458147f4f4e279c50133ad06502a2",
        "dependentFaultCode": null,
        "incidentSeverity": "Error",
        "aiSummary": null,
        "aiRecommendations": null,
        "processType": null,
        "sourceElementId": null
      }
    ]
  },
  "ErrorCode": "unknown_error",
  "Retry": "RetryWillNotFix"
}

stderr:
---
2026-07-23 20:59:48 [DEBUG] coder_eval.evaluation.checker: Criterion 'run_command' score: 0.00
2026-07-23 20:59:48 [INFO] coder_eval.evaluation.checker: Criterion 'run_command' FAILED (score=0.00, threshold=1.00): Command: python3 $TASK_DIR/check_jira_search_triage.py
2026-07-23 20:59:48 [INFO] coder_eval.orchestrator: Success criteria: 1/2 passed, weighted score: 0.286
2026-07-23 20:59:48 [DEBUG] coder_eval.utils: Resolved @uipath plugin-tools dir=/usr/lib/node_modules/@uipath from `uip` at /usr/lib/node_modules/@uipath/cli/dist/index.js
2026-07-23 20:59:48 [INFO] coder_eval.orchestrator: Running post-run command: python3 $SKILLS_REPO_PATH/tests/tasks/uipath-maestro-flow/e2e/jira_search_triage/teardown_jira.py
2026-07-23 20:59:52 [INFO] coder_eval.orchestrator: [post_run stdout] OK: deleted CE-121
2026-07-23 20:59:52 [INFO] coder_eval.orchestrator: [post_run stdout] OK: deleted CE-122
2026-07-23 20:59:52 [INFO] coder_eval.orchestrator: Running post-run command: find . -maxdepth 5 -type d \( -name node_modules -o -name .npm-prefix -o -name .venv \) -prune -exec rm -rf {} +
2026-07-23 20:59:52 [INFO] coder_eval.orchestrator: Sandbox preserved (in-place): /work/output/artifacts/skill-flow-ipe-jira-search-triage
2026-07-23 20:59:52 [INFO] coder_eval.orchestrator: Task finished: status=FAILURE duration=446.7s score=0.286 iterations=1
