2026-07-28 06:05:39 [DEBUG] coder_eval.utils: Resolved @uipath plugin-tools dir=/usr/lib/node_modules/@uipath from `uip` at /usr/lib/node_modules/@uipath/cli/dist/index.js
2026-07-28 06:05:39 [INFO] coder_eval.orchestrator: API routing: aws_bedrock
2026-07-28 06:05:39 [DEBUG] coder_eval.criteria: Discovered 14 criterion checkers
2026-07-28 06:05:39 [DEBUG] coder_eval.criteria: Validated 14 criterion checkers
2026-07-28 06:05:39 [DEBUG] coder_eval.utils: Resolved @uipath plugin-tools dir=/usr/lib/node_modules/@uipath from `uip` at /usr/lib/node_modules/@uipath/cli/dist/index.js
2026-07-28 06:05:39 [DEBUG] coder_eval.orchestrator: Sending prompt: Load and follow the uipath-maestro-bpmn skill.

Author a minimal Maestro BPMN project named "Product...
2026-07-28 06:05:39 [DEBUG] coder_eval.agents.claude_code_agent: [coder] Starting agent query stream...
2026-07-28 06:36:30 [DEBUG] coder_eval.agents.claude_code_agent: [coder] session_id changed: None -> e41a049d-4bb4-48d1-ad16-0b8301a17d4a
2026-07-28 06:36:30 [DEBUG] coder_eval.agents.claude_code_agent: [coder] Agent query stream ended
2026-07-28 06:36:30 [DEBUG] coder_eval.utils: Resolved @uipath plugin-tools dir=/usr/lib/node_modules/@uipath from `uip` at /usr/lib/node_modules/@uipath/cli/dist/index.js
2026-07-28 06:36:30 [DEBUG] coder_eval.orchestrator: Agent response received (38052 chars)
2026-07-28 06:36:30 [DEBUG] coder_eval.orchestrator: Checking success criteria
2026-07-28 06:36:30 [DEBUG] coder_eval.evaluation.checker: Criterion 'command_executed' score: 1.00
2026-07-28 06:36:30 [DEBUG] coder_eval.evaluation.checker: Criterion 'command_executed' score: 1.00
2026-07-28 06:36:30 [DEBUG] coder_eval.criteria.run_command: Running command for criterion 'Live debug reached finalStatus Completed and the runtime product variable is 42 (read from variables-all, computed by a script task, not hardcoded)': python3 $TASK_DIR/check_live_debug.py
2026-07-28 06:36:47 [DEBUG] coder_eval.sandbox: Command 'python3 $TASK_DIR/check_live_debug.py' exited with code 1
2026-07-28 06:36:47 [DEBUG] coder_eval.sandbox: STDOUT:
---
OK: product is computed by a script task (return + output mapping)
OK: debug session reached finalStatus Completed
---
2026-07-28 06:36:47 [DEBUG] coder_eval.sandbox: STDERR:
---
note: no product value in saved evidence — the debug command output has no variable values; attempting live recovery via debug-instance variables-all
FAIL: runtime `product` variable is not 42: not in saved evidence, and live recovery via `debug-instance variables-all` failed (save the variables-all output to debug-evidence/ — the debug command output does NOT contain variable values)
---
2026-07-28 06:36:47 [DEBUG] coder_eval.evaluation.checker: Criterion 'run_command' score: 0.00
2026-07-28 06:36:47 [INFO] coder_eval.evaluation.checker: Criterion 'run_command' FAILED (score=0.00, threshold=1.00): Command: python3 $TASK_DIR/check_live_debug.py
2026-07-28 06:36:47 [INFO] coder_eval.orchestrator: Success criteria: 2/3 passed, weighted score: 0.333
2026-07-28 06:36:47 [WARNING] coder_eval.orchestrator: Visible turns (91) exceeded expected_turns (30) at iteration 1 for task skill-bpmn-e2e-live-debug. Run continues — max_turns remains the hard cap.
2026-07-28 06:36:47 [DEBUG] coder_eval.utils: Resolved @uipath plugin-tools dir=/usr/lib/node_modules/@uipath from `uip` at /usr/lib/node_modules/@uipath/cli/dist/index.js
2026-07-28 06:36:47 [INFO] coder_eval.orchestrator: Running post-run command: find . -maxdepth 5 -type d \( -name node_modules -o -name .npm-prefix -o -name .venv \) -prune -exec rm -rf {} +
2026-07-28 06:36:47 [INFO] coder_eval.orchestrator: Sandbox preserved (in-place): /work/output/artifacts/skill-bpmn-e2e-live-debug
2026-07-28 06:36:47 [INFO] coder_eval.orchestrator: Task finished: status=FAILURE duration=1877.9s score=0.333 iterations=1
