2026-07-24 18:32:22 [DEBUG] coder_eval.utils: Resolved @uipath plugin-tools dir=/usr/lib/node_modules/@uipath from `uip` at /usr/lib/node_modules/@uipath/cli/dist/index.js
2026-07-24 18:32:22 [INFO] coder_eval.orchestrator: API routing: aws_bedrock
2026-07-24 18:32:22 [DEBUG] coder_eval.criteria: Discovered 14 criterion checkers
2026-07-24 18:32:22 [DEBUG] coder_eval.criteria: Validated 14 criterion checkers
2026-07-24 18:32:22 [DEBUG] coder_eval.utils: Resolved @uipath plugin-tools dir=/usr/lib/node_modules/@uipath from `uip` at /usr/lib/node_modules/@uipath/cli/dist/index.js
2026-07-24 18:32:22 [DEBUG] coder_eval.orchestrator: Sending prompt: Create a flow called "SlackWeatherPipeline". Read the #office-bellevue Slack channel description — i...
2026-07-24 18:32:22 [DEBUG] coder_eval.agents.claude_code_agent: [coder] Starting agent query stream...
2026-07-24 18:50:38 [DEBUG] coder_eval.agents.claude_code_agent: [coder] session_id changed: None -> 3a2c676a-5ece-4fbf-a2e8-f9d5b11d4c32
2026-07-24 18:50:38 [DEBUG] coder_eval.agents.claude_code_agent: [coder] Agent query stream ended
2026-07-24 18:50:38 [WARNING] coder_eval.agents.claude_code_agent: [coder] Agent exhausted max_turns (40); turn ended without completing
2026-07-24 18:50:38 [DEBUG] coder_eval.utils: Resolved @uipath plugin-tools dir=/usr/lib/node_modules/@uipath from `uip` at /usr/lib/node_modules/@uipath/cli/dist/index.js
2026-07-24 18:50:38 [DEBUG] coder_eval.orchestrator: Agent response received (7158 chars)
2026-07-24 18:50:38 [DEBUG] coder_eval.orchestrator: Checking success criteria
2026-07-24 18:50:38 [DEBUG] coder_eval.criteria.run_command: Running command for criterion 'uip maestro flow validate passes': uip maestro flow validate SlackWeatherPipeline/SlackWeatherPipeline/SlackWeatherPipeline.flow
2026-07-24 18:50:41 [DEBUG] coder_eval.sandbox: Command 'uip maestro flow validate SlackWeatherPipeline/SlackWeatherPipeline/SlackWeatherPipeline.flow' exited with code 0
2026-07-24 18:50:41 [DEBUG] coder_eval.sandbox: STDOUT:
---
{
  "Result": "Success",
  "Code": "FlowValidate",
  "Data": {
    "File": "/work/output/artifacts/skill-flow-slack-weather-pipeline/SlackWeatherPipeline/SlackWeatherPipeline/SlackWeatherPipeline.flow",
    "Status": "Valid"
  }
}
---
2026-07-24 18:50:41 [DEBUG] coder_eval.sandbox: STDERR:
---
[ManifestClient] fetchDynamicNodes ok: total=207 agent context nodes=2 external agent nodes=6 orchestrator nodes=158 IXP nodes=41
---
2026-07-24 18:50:41 [DEBUG] coder_eval.evaluation.checker: Criterion 'run_command' score: 1.00
2026-07-24 18:50:41 [DEBUG] coder_eval.criteria.run_command: Running command for criterion 'Flow debug runs end-to-end and emits the verdict as an output value: Slack + HTTP + decision all execute, a run-produced output value contains the verdict text': python3 $TASK_DIR/check_slack_weather_pipeline.py
2026-07-24 18:50:58 [DEBUG] coder_eval.sandbox: Command 'python3 $TASK_DIR/check_slack_weather_pipeline.py' exited with code 1
2026-07-24 18:50:58 [DEBUG] coder_eval.sandbox: STDERR:
---
FAIL: flow debug exit 1
stdout: {
  "Result": "Failure",
  "Code": "FlowDebug",
  "Message": "Debug session Faulted. [300501] Error invoking script task (element parseCity)",
  "Instructions": "Incident(s):\n  - [300501] Error invoking script task (element parseCity)\nRun 'uip maestro flow debug-instance incidents a3d24d30-04e2-4a28-ad91-13c9de399074' for the full backend payload (incidentId, errorDetails, AI summary). traceId=a3d24d3004e24a28ad9113c9de399074.",
  "Context": {
    "ErrorCode": "300501",
    "TraceId": "a3d24d3004e24a28ad9113c9de399074"
  },
  "Data": {
    "jobKey": "a3d24d30-04e2-4a28-ad91-13c9de399074",
    "instanceId": "a3d24d30-04e2-4a28-ad91-13c9de399074",
    "runId": "019f9577-4114-74c9-b03e-3e17cfc37891",
    "folderKey": "410fae2d-89b3-4cd1-a991-7359bda90c0b",
    "finalStatus": "Faulted",
    "solutionId": "c56e8c1b-fb8b-448a-4724-08dee9b1ed35",
    "studioWebUrl": "https://alpha.uipath.com/codereval/studio_/designer/c3a443c3-c097-4aae-b351-f9b99bd1837d?solutionId=c56e8c1b-fb8b-448a-4724-08dee9b1ed35",
    "elementExecutions": [
      {
        "elementId": "start",
        "elementType": "StartEvent",
        "status": "Completed",
        "startedAt": "2026-07-24T18:50:53.0125303Z",
        "completedAt": "2026-07-24T18:50:53.1328949Z"
      },
      {
        "elementId": "getOfficeBellevueChannelInfo1",
        "elementType": "SendTask",
        "status": "Completed",
        "startedAt": "2026-07-24T18:50:53.4026492Z",
        "completedAt": "2026-07-24T18:50:54.4206648Z"
      },
      {
        "elementId": "parseCity",
        "elementType": "ScriptTask",
        "status": "Failed",
        "startedAt": "2026-07-24T18:50:54.9223224Z"
      }
    ],
    "variables": {
      "elements": [
        {
          "elementId": "start",
          "elementRunId": "4bb8bcd1-29c1-4a88-885b-f8fb1b83bc83",
          "isMarker": false,
          "inputs": {},
          "inputDefinitions": {},
          "outputs": {}
        },
        {
          "elementId": "getOfficeBellevueChannelInfo1",
          "elementRunId": "93ef83a1-e33b-4b5e-8464-0763f6426c65",
          "isMarker": false,
          "inputs": {
            "pathParameters": {
              "conversationsInfoId": "C0B50H7DE2F"
            }
          },
          "inputDefinitions": {},
          "outputs": {
            "response": {
              "is_private": false,
              "purpose": {
                "last_set": 1779320357,
                "creator": "U02EBQA5AD9",
                "value": "700 Bellevue Way NE, Suite 2000, Bellevue, WA 98004"
              },
              "is_pending_ext_shared": false,
              "context_team_id": "T01G1P7CKR8",
              "is_channel": true,
              "is_shared": false,
              "id": "C0B50H7DE2F",
              "last_read": "1784732015.335589",
              "creator": "U02EBQA5AD9",
              "is_im": false,
              "is_member": true,
              "is_mpim": false,
              "created": 1779320356,
              "name_normalized": "office-bellevue",
              "is_ext_shared": false,
              "is_group": false,
              "unlinked": 0,
              "is_archived": false,
              "is_general": false,
              "name": "office-bellevue",
              "topic": {
                "last_set": 0,
                "creator": "",
                "value": ""
              },
              "shared_team_ids": [
                "T01G1P7CKR8"
              ],
              "is_org_shared": false,
              "updated": 1779320357510
            }
          }
        },
        {
          "elementId": "parseCity",
          "elementRunId": "e86bf8bc-19a0-491e-87b5-37ef5a38e92a",
          "isMarker": false,
          "inputs": {
            "args": {
              "vars": {
                "buildVerdictCold.output": null,
                "parseCity.output": null,
                "parseCity.error": null,
                "start.output": null,
                "verdict": null,
                "endCold.verdict": null,
                "checkTemp.matchedCase": null,
                "getCurrentWeather1.output": null,
                "checkTemp.matchedCaseId": null,
                "buildVerdictCold.error": null,
                "getCurrentWeather1.error": null,
                "endWarm.verdict": null,
                "getOfficeBellevueChannelInfo1.error": null,
                "buildVerdictWarm.output": null,
                "getOfficeBellevueChannelInfo1.output": {
                  "is_private": false,
                  "purpose": {
                    "last_set": 1779320357,
                    "creator": "U02EBQA5AD9",
                    "value": "700 Bellevue Way NE, Suite 2000, Bellevue, WA 98004"
                  },
                  "is_pending_ext_shared": false,
                  "context_team_id": "T01G1P7CKR8",
                  "is_channel": true,
                  "is_shared": false,
                  "id": "C0B50H7DE2F",
                  "last_read": "1784732015.335589",
                  "creator": "U02EBQA5AD9",
                  "is_im": false,
                  "is_member": true,
                  "is_mpim": false,
                  "created": 1779320356,
                  "name_normalized": "office-bellevue",
                  "is_ext_shared": false,
                  "is_group": false,
                  "unlinked": 0,
                  "is_archived": false,
                  "is_general": false,
                  "name": "office-bellevue",
                  "topic": {
                    "last_set": 0,
                    "creator": "",
                    "value": ""
                  },
                  "shared_team_ids": [
                    "T01G1P7CKR8"
                  ],
                  "is_org_shared": false,
                  "updated": 1779320357510
                },
                "buildVerdictWarm.error": null
              },
              "metadata": {
                "ElementCount": {
                  "start": 1
                },
                "ExternalId": "48468528",
                "InstanceId": "a3d24d30-04e2-4a28-ad91-13c9de399074",
                "FolderKey": "410fae2d-89b3-4cd1-a991-7359bda90c0b",
                "ProcessKey": null
              }
            }
          },
          "inputDefinitions": {},
          "outputs": {}
        }
      ],
      "globals": {
        "parseCity.output": null,
        "parseCity.error": {
          "code": "400",
          "message": "Error invoking script task",
          "detail": "Cannot read property 'channel' of undefined",
          "category": "User",
          "status": 400,
          "response": null,
          "element": "Parse City from Address"
        },
        "buildVerdictCold.error": null,
        "verdict": null,
        "buildVerdictCold.output": null,
        "buildVerdictWarm.output": null,
        "buildVerdictWarm.error": null,
        "getOfficeBellevueChannelInfo1.output": {
          "is_private": false,
          "purpose": {
            "last_set": 1779320357,
            "creator": "U02EBQA5AD9",
            "value": "700 Bellevue Way NE, Suite 2000, Bellevue, WA 98004"
          },
          "is_pending_ext_shared": false,
          "context_team_id": "T01G1P7CKR8",
          "is_channel": true,
          "is_shared": false,
          "id": "C0B50H7DE2F",
          "last_read": "1784732015.335589",
          "creator": "U02EBQA5AD9",
          "is_im": false,
          "is_member": true,
          "is_mpim": false,
          "created": 1779320356,
          "name_normalized": "office-bellevue",
          "is_ext_shared": false,
          "is_group": false,
          "unlinked": 0,
          "is_archived": false,
          "is_general": false,
          "name": "office-bellevue",
          "topic": {
            "last_set": 0,
            "creator": "",
            "value": ""
          },
          "shared_team_ids": [
            "T01G1P7CKR8"
          ],
          "is_org_shared": false,
          "updated": 1779320357510
        },
        "getCurrentWeather1.output": null
      },
      "instanceId": "a3d24d30-04e2-4a28-ad91-13c9de399074",
      "workflowId": "a3d24d30-04e2-4a28-ad91-13c9de399074/BpmnGenericWorkflow",
      "parentElementId": null,
      "globalDefinitions": {
        "parseCity.output": {
          "name": "output",
          "type": "object"
        },
        "parseCity.error": {
          "name": "error",
          "type": "object"
        },
        "buildVerdictCold.error": {
          "name": "error",
          "type": "object"
        },
        "verdict": {
          "name": "verdict",
          "type": "string"
        },
        "buildVerdictCold.output": {
          "name": "output",
          "type": "object"
        },
        "buildVerdictWarm.output": {
          "name": "output",
          "type": "object"
        },
        "buildVerdictWarm.error": {
          "name": "error",
          "type": "object"
        },
        "getOfficeBellevueChannelInfo1.output": {
          "name": "output",
          "type": "jsonSchema"
        },
        "getCurrentWeather1.output": {
          "name": "output",
          "type": "jsonSchema"
        }
      }
    },
    "incidents": [
      {
        "id": "8aecfb6f-3a9c-4ce7-aba4-93a816cafb01",
        "tenantId": "69d43765-6ede-4575-88b7-9db601a2c056",
        "organizationId": "311c6049-4966-4ef2-a6f3-8ceccaf38d54",
        "instanceId": "a3d24d30-04e2-4a28-ad91-13c9de399074",
        "runId": "019f9577-49b7-70ac-9fc7-18fe63e2d0fa",
        "elementId": "parseCity",
        "elementRunId": "e86bf8bc-19a0-491e-87b5-37ef5a38e92a",
        "folderKey": "410fae2d-89b3-4cd1-a991-7359bda90c0b",
        "processKey": null,
        "packageVersion": "",
        "incidentId": "e86bf8bc-19a0-491e-87b5-37ef5a38e92a",
        "incidentStatus": "Open",
        "incidentType": "User",
        "errorCode": "300501",
        "errorMessage": "Error invoking script task",
        "errorTimeUtc": "2026-07-24T18:50:55.495893Z",
        "errorDetails": "Cannot read property 'channel' of undefined",
        "comment": null,
        "userUpdated": null,
        "debugMode": "Default",
        "incidentUpdateTimeUtc": null,
        "traceId": "a3d24d3004e24a28ad9113c9de399074",
        "dependentFaultCode": null,
        "incidentSeverity": "Error",
        "aiSummary": null,
        "aiRecommendations": null,
        "processType": null,
        "sourceElementId": null
      }
    ]
  },
  "ErrorCode": "unknown_error",
  "Retry": "RetryWillNotFix"
}

stderr: [flow-schema] Unresolved context binding placeholder "<bindings.FolderKey>" (node resourceKey=849e85d8-1aa9-4d52-8bbd-20041c8f05d8, resource=connection)
---
2026-07-24 18:50:58 [DEBUG] coder_eval.evaluation.checker: Criterion 'run_command' score: 0.00
2026-07-24 18:50:58 [INFO] coder_eval.evaluation.checker: Criterion 'run_command' FAILED (score=0.00, threshold=1.00): Command: python3 $TASK_DIR/check_slack_weather_pipeline.py
2026-07-24 18:50:58 [INFO] coder_eval.orchestrator: Success criteria: 1/2 passed, weighted score: 0.375
2026-07-24 18:50:58 [WARNING] coder_eval.orchestrator: Agent exhausted max_turns (40) without passing criteria.
2026-07-24 18:50:58 [DEBUG] coder_eval.utils: Resolved @uipath plugin-tools dir=/usr/lib/node_modules/@uipath from `uip` at /usr/lib/node_modules/@uipath/cli/dist/index.js
2026-07-24 18:50:58 [INFO] coder_eval.orchestrator: Running post-run command: python3 $SKILLS_REPO_PATH/tests/tasks/uipath-maestro-flow/_shared/cleanup_solutions.py
2026-07-24 18:51:00 [WARNING] coder_eval.orchestrator: [post_run stderr] cleanup_solutions: deleted c56e8c1b-fb8b-448a-4724-08dee9b1ed35 (from SlackWeatherPipeline/SlackWeatherPipeline.uipx)
2026-07-24 18:51:00 [WARNING] coder_eval.orchestrator: [post_run stderr] cleanup_solutions: summary policy=always deleted=1 preserved=0 skipped=0 not_uploaded=0 failed=0
2026-07-24 18:51:00 [INFO] coder_eval.orchestrator: Running post-run command: find . -maxdepth 5 -type d \( -name node_modules -o -name .npm-prefix -o -name .venv \) -prune -exec rm -rf {} +
2026-07-24 18:51:00 [INFO] coder_eval.orchestrator: Sandbox preserved (in-place): /work/output/artifacts/skill-flow-slack-weather-pipeline
2026-07-24 18:51:00 [INFO] coder_eval.orchestrator: Task finished: status=MAX_TURNS_EXHAUSTED duration=1119.9s score=0.375 iterations=1
