2026-07-22 05:08:26 [DEBUG] coder_eval.utils: Resolved @uipath plugin-tools dir=/home/azureuser/.npm-global/lib/node_modules/@uipath from `uip` at /home/azureuser/.npm-global/lib/node_modules/@uipath/cli/dist/index.js
2026-07-22 05:08:26 [INFO] coder_eval.orchestrator: API routing: aws_bedrock
2026-07-22 05:08:26 [DEBUG] coder_eval.criteria: Criteria already discovered, skipping
2026-07-22 05:08:26 [DEBUG] coder_eval.criteria: Validated 14 criterion checkers
2026-07-22 05:08:26 [DEBUG] coder_eval.utils: Resolved @uipath plugin-tools dir=/home/azureuser/.npm-global/lib/node_modules/@uipath from `uip` at /home/azureuser/.npm-global/lib/node_modules/@uipath/cli/dist/index.js
2026-07-22 05:08:26 [DEBUG] coder_eval.orchestrator: Sending prompt: I want to author a UiPath Maestro BPMN process that starts an RPA job and
waits for an internal mess...
2026-07-22 05:08:26 [DEBUG] coder_eval.agents.claude_code_agent: [coder] Starting agent query stream...
2026-07-22 05:09:14 [DEBUG] coder_eval.agents.claude_code_agent: [coder] session_id changed: None -> d0d2adaf-5e96-45a5-8356-17bbf54d3b7f
2026-07-22 05:09:14 [DEBUG] coder_eval.agents.claude_code_agent: [coder] Agent query stream ended
2026-07-22 05:09:14 [DEBUG] coder_eval.utils: Resolved @uipath plugin-tools dir=/home/azureuser/.npm-global/lib/node_modules/@uipath from `uip` at /home/azureuser/.npm-global/lib/node_modules/@uipath/cli/dist/index.js
2026-07-22 05:09:14 [DEBUG] coder_eval.orchestrator: Agent response received (3058 chars)
2026-07-22 05:09:14 [DEBUG] coder_eval.orchestrator: Checking success criteria
2026-07-22 05:09:14 [DEBUG] coder_eval.evaluation.checker: Criterion 'command_executed' score: 1.00
2026-07-22 05:09:14 [DEBUG] coder_eval.evaluation.checker: Criterion 'command_executed' score: 1.00
2026-07-22 05:09:14 [DEBUG] coder_eval.evaluation.checker: Criterion 'command_executed' score: 1.00
2026-07-22 05:09:14 [DEBUG] coder_eval.criteria.run_command: Running command for criterion 'Raw registry evidence covers the RPA-job and receive-message types': python3 $TASK_DIR/check_registry_discovery.py
2026-07-22 05:09:14 [DEBUG] coder_eval.sandbox: Command 'python3 $TASK_DIR/check_registry_discovery.py' exited with code 0
2026-07-22 05:09:14 [DEBUG] coder_eval.sandbox: STDOUT:
---
OK: registry-evidence covers Orchestrator.StartJob, Maestro.ReceiveMessageEvent across 4 raw output files
---
2026-07-22 05:09:14 [DEBUG] coder_eval.evaluation.checker: Criterion 'run_command' score: 1.00
2026-07-22 05:09:14 [INFO] coder_eval.orchestrator: Success criteria: 4/4 passed, weighted score: 1.000
2026-07-22 05:09:14 [DEBUG] coder_eval.utils: Resolved @uipath plugin-tools dir=/home/azureuser/.npm-global/lib/node_modules/@uipath from `uip` at /home/azureuser/.npm-global/lib/node_modules/@uipath/cli/dist/index.js
2026-07-22 05:09:14 [INFO] coder_eval.orchestrator: Running post-run command: find . -maxdepth 5 -type d \( -name node_modules -o -name .npm-prefix -o -name .venv \) -prune -exec rm -rf {} +
2026-07-22 05:09:14 [INFO] coder_eval.orchestrator: Sandbox preserved to: runs/maestro-bpmn-optimized-report-repeat-5-70/default/skill-bpmn-smoke-registry-discovery/04/artifacts/skill-bpmn-smoke-registry-discovery
2026-07-22 05:09:14 [INFO] coder_eval.orchestrator: Task finished: status=SUCCESS duration=48.4s score=1.000 iterations=1
