2026-07-24 17:19:44 [DEBUG] coder_eval.utils: Resolved @uipath plugin-tools dir=/usr/lib/node_modules/@uipath from `uip` at /usr/lib/node_modules/@uipath/cli/dist/index.js
2026-07-24 17:19:44 [INFO] coder_eval.orchestrator: API routing: aws_bedrock
2026-07-24 17:19:44 [DEBUG] coder_eval.criteria: Discovered 14 criterion checkers
2026-07-24 17:19:44 [DEBUG] coder_eval.criteria: Validated 14 criterion checkers
2026-07-24 17:19:44 [DEBUG] coder_eval.utils: Resolved @uipath plugin-tools dir=/usr/lib/node_modules/@uipath from `uip` at /usr/lib/node_modules/@uipath/cli/dist/index.js
2026-07-24 17:19:44 [DEBUG] coder_eval.orchestrator: Sending prompt: I want to automate our expense approval workflow. Here's the rough idea:

Employees submit expense r...
2026-07-24 17:19:44 [DEBUG] coder_eval.agents.claude_code_agent: [coder] Starting agent query stream...
2026-07-24 17:24:59 [DEBUG] coder_eval.agents.claude_code_agent: [coder] session_id changed: None -> aebd1615-8acc-4401-981d-b6777c195a63
2026-07-24 17:24:59 [DEBUG] coder_eval.agents.claude_code_agent: [coder] Agent query stream ended
2026-07-24 17:24:59 [DEBUG] coder_eval.utils: Resolved @uipath plugin-tools dir=/usr/lib/node_modules/@uipath from `uip` at /usr/lib/node_modules/@uipath/cli/dist/index.js
2026-07-24 17:24:59 [DEBUG] coder_eval.orchestrator: Agent response received (4615 chars)
2026-07-24 17:24:59 [DEBUG] coder_eval.orchestrator: Checking success criteria
2026-07-24 17:24:59 [DEBUG] coder_eval.evaluation.checker: Criterion 'command_executed' score: 1.00
2026-07-24 17:24:59 [DEBUG] coder_eval.evaluation.checker: Criterion 'command_executed' score: 1.00
2026-07-24 17:24:59 [DEBUG] coder_eval.criteria.run_command: Running command for criterion 'Flow file exists at correct double-nested path': test -f ExpenseApproval/ExpenseApproval/ExpenseApproval.flow
2026-07-24 17:24:59 [DEBUG] coder_eval.sandbox: Command 'test -f ExpenseApproval/ExpenseApproval/ExpenseApproval.flow' exited with code 0
2026-07-24 17:24:59 [DEBUG] coder_eval.evaluation.checker: Criterion 'run_command' score: 1.00
2026-07-24 17:24:59 [DEBUG] coder_eval.criteria.run_command: Running command for criterion 'Flow has semantically correct inline HITL schema, decision capture, completed wiring, and .output access paths': python3 $TASK_DIR/check_devcon_expense_approval.py
2026-07-24 17:25:00 [DEBUG] coder_eval.sandbox: Command 'python3 $TASK_DIR/check_devcon_expense_approval.py' exited with code 0
2026-07-24 17:25:00 [DEBUG] coder_eval.sandbox: STDOUT:
---
OK: HITL node managerReview1 uses v1.0 schema, captures approval + reason, wires completed, and uses .output paths
---
2026-07-24 17:25:00 [DEBUG] coder_eval.evaluation.checker: Criterion 'run_command' score: 1.00
2026-07-24 17:25:00 [DEBUG] coder_eval.evaluation.checker: Criterion 'command_executed' score: 1.00
2026-07-24 17:25:00 [DEBUG] coder_eval.criteria.run_command: Running command for criterion 'Flow validates successfully': uip maestro flow validate ExpenseApproval/ExpenseApproval/ExpenseApproval.flow --output json
2026-07-24 17:25:08 [DEBUG] coder_eval.sandbox: Command 'uip maestro flow validate ExpenseApproval/ExpenseApproval/ExpenseApproval.flow --output json' exited with code 0
2026-07-24 17:25:08 [DEBUG] coder_eval.sandbox: STDOUT:
---
{
  "Result": "Success",
  "Code": "FlowValidate",
  "Data": {
    "File": "/work/output/artifacts/skill-flow-e2e-devcon-expense-approval/ExpenseApproval/ExpenseApproval/ExpenseApproval.flow",
    "Status": "Valid"
  }
}
---
2026-07-24 17:25:08 [DEBUG] coder_eval.sandbox: STDERR:
---
[ManifestClient] fetchDynamicNodes ok: total=206 agent context nodes=2 external agent nodes=6 orchestrator nodes=158 IXP nodes=40
---
2026-07-24 17:25:08 [DEBUG] coder_eval.evaluation.checker: Criterion 'run_command' score: 1.00
2026-07-24 17:25:08 [INFO] coder_eval.orchestrator: Success criteria: 6/6 passed, weighted score: 1.000
2026-07-24 17:25:08 [DEBUG] coder_eval.utils: Resolved @uipath plugin-tools dir=/usr/lib/node_modules/@uipath from `uip` at /usr/lib/node_modules/@uipath/cli/dist/index.js
2026-07-24 17:25:08 [INFO] coder_eval.orchestrator: Running post-run command: find . -maxdepth 5 -type d \( -name node_modules -o -name .npm-prefix -o -name .venv \) -prune -exec rm -rf {} +
2026-07-24 17:25:09 [INFO] coder_eval.orchestrator: Sandbox preserved (in-place): /work/output/artifacts/skill-flow-e2e-devcon-expense-approval
2026-07-24 17:25:09 [INFO] coder_eval.orchestrator: Task finished: status=SUCCESS duration=327.3s score=1.000 iterations=1
