2026-07-24 19:51:02 [DEBUG] coder_eval.utils: Resolved @uipath plugin-tools dir=/usr/lib/node_modules/@uipath from `uip` at /usr/lib/node_modules/@uipath/cli/dist/index.js
2026-07-24 19:51:02 [INFO] coder_eval.orchestrator: API routing: aws_bedrock
2026-07-24 19:51:02 [DEBUG] coder_eval.criteria: Discovered 14 criterion checkers
2026-07-24 19:51:02 [DEBUG] coder_eval.criteria: Validated 14 criterion checkers
2026-07-24 19:51:02 [DEBUG] coder_eval.utils: Resolved @uipath plugin-tools dir=/usr/lib/node_modules/@uipath from `uip` at /usr/lib/node_modules/@uipath/cli/dist/index.js
2026-07-24 19:51:02 [INFO] coder_eval.orchestrator: Running pre-run command: python3 $SKILLS_REPO_PATH/tests/tasks/uipath-maestro-flow/e2e/jira_search_triage/seed_jira.py
2026-07-24 19:51:11 [INFO] coder_eval.orchestrator: [pre_run stdout] OK: seeded 2 issues ['CE-189', 'CE-190'] (tag=275546cc) for JQL search
2026-07-24 19:51:11 [DEBUG] coder_eval.orchestrator: Sending prompt: Create a new Flow project called "JiraSearchTriage" with a manual trigger.

Read `seed.json` in the ...
2026-07-24 19:51:11 [DEBUG] coder_eval.agents.claude_code_agent: [coder] Starting agent query stream...
2026-07-24 19:58:21 [DEBUG] coder_eval.agents.claude_code_agent: [coder] session_id changed: None -> 56c216ae-e164-42f3-aaa3-f911c6537242
2026-07-24 19:58:21 [DEBUG] coder_eval.agents.claude_code_agent: [coder] Agent query stream ended
2026-07-24 19:58:21 [DEBUG] coder_eval.utils: Resolved @uipath plugin-tools dir=/usr/lib/node_modules/@uipath from `uip` at /usr/lib/node_modules/@uipath/cli/dist/index.js
2026-07-24 19:58:21 [DEBUG] coder_eval.orchestrator: Agent response received (4045 chars)
2026-07-24 19:58:21 [DEBUG] coder_eval.orchestrator: Checking success criteria
2026-07-24 19:58:21 [DEBUG] coder_eval.evaluation.checker: Criterion 'command_executed' score: 1.00
2026-07-24 19:58:21 [DEBUG] coder_eval.criteria.run_command: Running command for criterion 'JiraSearchTriage checks: valid flow with a JQL search feeding a loop of Add-Comment, debug completes, and both seeded issues carry the triage comment': python3 $TASK_DIR/check_jira_search_triage.py
2026-07-24 19:58:40 [DEBUG] coder_eval.sandbox: Command 'python3 $TASK_DIR/check_jira_search_triage.py' exited with code 1
2026-07-24 19:58:40 [DEBUG] coder_eval.sandbox: STDOUT:
---
OK: flow references uipath-atlassian-jira
OK: flow references a JQL search op and a loop node
---
2026-07-24 19:58:40 [DEBUG] coder_eval.sandbox: STDERR:
---
FAIL: flow debug exit 1
stdout: {
  "Result": "Failure",
  "Code": "FlowDebug",
  "Message": "Debug session Faulted. [400008] Failed to evaluate the input collection variable for the marker element (element loop1)",
  "Instructions": "Incident(s):\n  - [400008] Failed to evaluate the input collection variable for the marker element (element loop1)\nRun 'uip maestro flow debug-instance incidents fda910c8-ac6c-4c15-a268-47666d42b9ff' for the full backend payload (incidentId, errorDetails, AI summary). traceId=fda910c8ac6c4c15a26847666d42b9ff.",
  "Context": {
    "ErrorCode": "400008",
    "TraceId": "fda910c8ac6c4c15a26847666d42b9ff"
  },
  "Data": {
    "jobKey": "fda910c8-ac6c-4c15-a268-47666d42b9ff",
    "instanceId": "fda910c8-ac6c-4c15-a268-47666d42b9ff",
    "runId": "019f95b5-38f1-748f-8128-b65cc17a8e2d",
    "folderKey": "410fae2d-89b3-4cd1-a991-7359bda90c0b",
    "finalStatus": "Faulted",
    "solutionId": "49e5fcc3-599c-40ab-7546-08dee9b21193",
    "studioWebUrl": "https://alpha.uipath.com/codereval/studio_/designer/25e8d02e-156a-4fd7-8537-dd80606ceba2?solutionId=49e5fcc3-599c-40ab-7546-08dee9b21193",
    "elementExecutions": [
      {
        "elementId": "start",
        "elementType": "StartEvent",
        "status": "Completed",
        "startedAt": "2026-07-24T19:58:33.8998759Z",
        "completedAt": "2026-07-24T19:58:34.2517208Z"
      },
      {
        "elementId": "searchIssuesByJql1",
        "elementType": "SendTask",
        "status": "Completed",
        "startedAt": "2026-07-24T19:58:34.5019779Z",
        "completedAt": "2026-07-24T19:58:36.480821Z"
      },
      {
        "elementId": "loop1",
        "elementType": "SubProcess",
        "status": "Failed",
        "startedAt": "2026-07-24T19:58:36.8574405Z"
      }
    ],
    "variables": {
      "elements": [
        {
          "elementId": "start",
          "elementRunId": "0a56fb83-42c7-41ad-a30c-eb321e92b58f",
          "isMarker": false,
          "inputs": {},
          "inputDefinitions": {},
          "outputs": {}
        },
        {
          "elementId": "searchIssuesByJql1",
          "elementRunId": "da62d3e7-6383-4e2f-8258-c7d9b374c9ed",
          "isMarker": false,
          "inputs": {
            "queryParameters": {
              "jql": "project = CE AND summary ~ \"275546cc\""
            }
          },
          "inputDefinitions": {},
          "outputs": {
            "response": [
              {
                "self": "https://api.atlassian.com/ex/jira/f2c10d6a-7a1c-4934-a500-dcd95b517cdf/rest/api/2/issue/251443",
                "expand": "renderedFields,names,schema,operations,editmeta,changelog,versionedRepresentations",
                "id": "251443",
                "fields": {
                  "aggregateprogress": {
                    "progress": 0,
                    "total": 0
                  },
                  "comment": {
                    "maxResults": 0,
                    "self": "https://api.atlassian.com/ex/jira/f2c10d6a-7a1c-4934-a500-dcd95b517cdf/rest/api/2/issue/251443/comment",
                    "startAt": 0,
                    "total": 0
                  },
                  "created": "2026-07-24T19:51:10.671+00:00",
                  "creator": {
                    "accountId": "712020:b53bf3dc-8817-419e-99e1-5670aeb7ffe6",
                    "accountType": "atlassian",
                    "active": true,
                    "avatarUrls": {
                      "16x16": "https://secure.gravatar.com/avatar/3d0aa8b78ffd977d742893bc3016b084?d=https%3A%2F%2Favatar-management--avatars.us-west-2.prod.public.atl-paas.net%2Finitials%2FI-5.png",
                      "24x24": "https://secure.gravatar.com/avatar/3d0aa8b78ffd977d742893bc3016b084?d=https%3A%2F%2Favatar-management--avatars.us-west-2.prod.public.atl-paas.net%2Finitials%2FI-5.png",
                      "32x32": "https://secure.gravatar.com/avatar/3d0aa8b78ffd977d742893bc3016b084?d=https%3A%2F%2Favatar-management--avatars.us-west-2.prod.public.atl-paas.net%2Finitials%2FI-5.png",
                      "48x48": "https://secure.gravatar.com/avatar/3d0aa8b78ffd977d742893bc3016b084?d=https%3A%2F%2Favatar-management--avatars.us-west-2.prod.public.atl-paas.net%2Finitials%2FI-5.png"
                    },
                    "displayName": "is-sandboxes-test@uipath.com",
                    "emailAddress": "is-sandboxes-test@uipath.com",
                    "self": "https://api.atlassian.com/ex/jira/f2c10d6a-7a1c-4934-a500-dcd95b517cdf/rest/api/2/user?accountId=712020%3Ab53bf3dc-8817-419e-99e1-5670aeb7ffe6",
                    "timeZone": "UTC"
                  },
                  "issuetype": {
                    "avatarId": 10318,
                    "description": "A small, distinct piece of work.",
                    "entityId": "fe539ac2-a4c7-4e7e-a548-04817d49a0d7",
                    "hierarchyLevel": 0,
                    "iconUrl": "https://api.atlassian.com/ex/jira/f2c10d6a-7a1c-4934-a500-dcd95b517cdf/rest/api/2/universal_avatar/view/type/issuetype/avatar/10318?size=medium",
                    "id": "11457",
                    "name": "Task",
                    "self": "https://api.atlassian.com/ex/jira/f2c10d6a-7a1c-4934-a500-dcd95b517cdf/rest/api/2/issuetype/11457",
                    "subtask": false
                  },
                  "priority": {
                    "iconUrl": "https://uipath-sandbox-380.atlassian.net/images/icons/priorities/medium_new.svg",
                    "id": "3",
                    "name": "Medium",
                    "self": "https://api.atlassian.com/ex/jira/f2c10d6a-7a1c-4934-a500-dcd95b517cdf/rest/api/2/priority/3"
                  },
                  "progress": {
                    "progress": 0,
                    "total": 0
                  },
                  "project": {
                    "avatarUrls": {
                      "16x16": "https://api.atlassian.com/ex/jira/f2c10d6a-7a1c-4934-a500-dcd95b517cdf/rest/api/2/universal_avatar/view/type/project/avatar/10402?size=xsmall",
                      "24x24": "https://api.atlassian.com/ex/jira/f2c10d6a-7a1c-4934-a500-dcd95b517cdf/rest/api/2/universal_avatar/view/type/project/avatar/10402?size=small",
                      "32x32": "https://api.atlassian.com/ex/jira/f2c10d6a-7a1c-4934-a500-dcd95b517cdf/rest/api/2/universal_avatar/view/type/project/avatar/10402?size=medium",
                      "48x48": "https://api.atlassian.com/ex/jira/f2c10d6a-7a1c-4934-a500-dcd95b517cdf/rest/api/2/universal_avatar/view/type/project/avatar/10402"
                    },
                    "id": "11814",
                    "key": "CE",
                    "name": "Coder Eval",
                    "projectTypeKey": "business",
                    "self": "https://api.atlassian.com/ex/jira/f2c10d6a-7a1c-4934-a500-dcd95b517cdf/rest/api/2/project/11814",
                    "simplified": true
                  },
                  "rank_Customfield10019": "0|i12dgn:",
                  "reporter": {
                    "accountId": "712020:b53bf3dc-8817-419e-99e1-5670aeb7ffe6",
                    "accountType": "atlassian",
                    "active": true,
                    "avatarUrls": {
                      "16x16": "https://secure.gravatar.com/avatar/3d0aa8b78ffd977d742893bc3016b084?d=https%3A%2F%2Favatar-management--avatars.us-west-2.prod.public.atl-paas.net%2Finitials%2FI-5.png",
                      "24x24": "https://secure.gravatar.com/avatar/3d0aa8b78ffd977d742893bc3016b084?d=https%3A%2F%2Favatar-management--avatars.us-west-2.prod.public.atl-paas.net%2Finitials%2FI-5.png",
                      "32x32": "https://secure.gravatar.com/avatar/3d0aa8b78ffd977d742893bc3016b084?d=https%3A%2F%2Favatar-management--avatars.us-west-2.prod.public.atl-paas.net%2Finitials%2FI-5.png",
                      "48x48": "https://secure.gravatar.com/avatar/3d0aa8b78ffd977d742893bc3016b084?d=https%3A%2F%2Favatar-management--avatars.us-west-2.prod.public.atl-paas.net%2Finitials%2FI-5.png"
                    },
                    "displayName": "is-sandboxes-test@uipath.com",
                    "emailAddress": "is-sandboxes-test@uipath.com",
                    "self": "https://api.atlassian.com/ex/jira/f2c10d6a-7a1c-4934-a500-dcd95b517cdf/rest/api/2/user?accountId=712020%3Ab53bf3dc-8817-419e-99e1-5670aeb7ffe6",
                    "timeZone": "UTC"
                  },
                  "status": {
                    "description": "",
                    "iconUrl": "https://uipath-sandbox-380.atlassian.net/images/icons/statuses/generic.png",
                    "id": "11450",
                    "name": "To Do",
                    "self": "https://api.atlassian.com/ex/jira/f2c10d6a-7a1c-4934-a500-dcd95b517cdf/rest/api/2/status/11450",
                    "statusCategory": {
                      "colorName": "blue-gray",
                      "id": 2,
                      "key": "new",
                      "name": "To Do",
                      "self": "https://api.atlassian.com/ex/jira/f2c10d6a-7a1c-4934-a500-dcd95b517cdf/rest/api/2/statuscategory/2"
                    }
                  },
                  "statusCategory": {
                    "colorName": "blue-gray",
                    "id": 2,
                    "key": "new",
                    "name": "To Do",
                    "self": "https://api.atlassian.com/ex/jira/f2c10d6a-7a1c-4934-a500-dcd95b517cdf/rest/api/2/statuscategory/2"
                  },
                  "statuscategorychangedate": "2026-07-24T19:51:10.945+00:00",
                  "summary": "coder-eval jira search-triage 275546cc #2",
                  "updated": "2026-07-24T19:51:10.739+00:00",
                  "votes": {
                    "hasVoted": false,
                    "self": "https://api.atlassian.com/ex/jira/f2c10d6a-7a1c-4934-a500-dcd95b517cdf/rest/api/2/issue/CE-190/votes",
                    "votes": 0
                  },
                  "watches": {
                    "isWatching": true,
                    "self": "https://api.atlassian.com/ex/jira/f2c10d6a-7a1c-4934-a500-dcd95b517cdf/rest/api/2/issue/CE-190/watchers",
                    "watchCount": 1
                  },
                  "worklog": {
                    "maxResults": 20,
                    "startAt": 0,
                    "total": 0
                  },
                  "workratio": -1
                },
                "key": "CE-190"
              },
              {
                "self": "https://api.atlassian.com/ex/jira/f2c10d6a-7a1c-4934-a500-dcd95b517cdf/rest/api/2/issue/251442",
                "expand": "renderedFields,names,schema,operations,editmeta,changelog,versionedRepresentations",
                "id": "251442",
                "fields": {
                  "aggregateprogress": {
                    "progress": 0,
                    "total": 0
                  },
                  "comment": {
                    "maxResults": 0,
                    "self": "https://api.atlassian.com/ex/jira/f2c10d6a-7a1c-4934-a500-dcd95b517cdf/rest/api/2/issue/251442/comment",
                    "startAt": 0,
                    "total": 0
                  },
                  "created": "2026-07-24T19:51:08.259+00:00",
                  "creator": {
                    "accountId": "712020:b53bf3dc-8817-419e-99e1-5670aeb7ffe6",
                    "accountType": "atlassian",
                    "active": true,
                    "avatarUrls": {
                      "16x16": "https://secure.gravatar.com/avatar/3d0aa8b78ffd977d742893bc3016b084?d=https%3A%2F%2Favatar-management--avatars.us-west-2.prod.public.atl-paas.net%2Finitials%2FI-5.png",
                      "24x24": "https://secure.gravatar.com/avatar/3d0aa8b78ffd977d742893bc3016b084?d=https%3A%2F%2Favatar-management--avatars.us-west-2.prod.public.atl-paas.net%2Finitials%2FI-5.png",
                      "32x32": "https://secure.gravatar.com/avatar/3d0aa8b78ffd977d742893bc3016b084?d=https%3A%2F%2Favatar-management--avatars.us-west-2.prod.public.atl-paas.net%2Finitials%2FI-5.png",
                      "48x48": "https://secure.gravatar.com/avatar/3d0aa8b78ffd977d742893bc3016b084?d=https%3A%2F%2Favatar-management--avatars.us-west-2.prod.public.atl-paas.net%2Finitials%2FI-5.png"
                    },
                    "displayName": "is-sandboxes-test@uipath.com",
                    "emailAddress": "is-sandboxes-test@uipath.com",
                    "self": "https://api.atlassian.com/ex/jira/f2c10d6a-7a1c-4934-a500-dcd95b517cdf/rest/api/2/user?accountId=712020%3Ab53bf3dc-8817-419e-99e1-5670aeb7ffe6",
                    "timeZone": "UTC"
                  },
                  "issuetype": {
                    "avatarId": 10318,
                    "description": "A small, distinct piece of work.",
                    "entityId": "fe539ac2-a4c7-4e7e-a548-04817d49a0d7",
                    "hierarchyLevel": 0,
                    "iconUrl": "https://api.atlassian.com/ex/jira/f2c10d6a-7a1c-4934-a500-dcd95b517cdf/rest/api/2/universal_avatar/view/type/issuetype/avatar/10318?size=medium",
                    "id": "11457",
                    "name": "Task",
                    "self": "https://api.atlassian.com/ex/jira/f2c10d6a-7a1c-4934-a500-dcd95b517cdf/rest/api/2/issuetype/11457",
                    "subtask": false
                  },
                  "priority": {
                    "iconUrl": "https://uipath-sandbox-380.atlassian.net/images/icons/priorities/medium_new.svg",
                    "id": "3",
                    "name": "Medium",
                    "self": "https://api.atlassian.com/ex/jira/f2c10d6a-7a1c-4934-a500-dcd95b517cdf/rest/api/2/priority/3"
                  },
                  "progress": {
                    "progress": 0,
                    "total": 0
                  },
                  "project": {
                    "avatarUrls": {
                      "16x16": "https://api.atlassian.com/ex/jira/f2c10d6a-7a1c-4934-a500-dcd95b517cdf/rest/api/2/universal_avatar/view/type/project/avatar/10402?size=xsmall",
                      "24x24": "https://api.atlassian.com/ex/jira/f2c10d6a-7a1c-4934-a500-dcd95b517cdf/rest/api/2/universal_avatar/view/type/project/avatar/10402?size=small",
                      "32x32": "https://api.atlassian.com/ex/jira/f2c10d6a-7a1c-4934-a500-dcd95b517cdf/rest/api/2/universal_avatar/view/type/project/avatar/10402?size=medium",
                      "48x48": "https://api.atlassian.com/ex/jira/f2c10d6a-7a1c-4934-a500-dcd95b517cdf/rest/api/2/universal_avatar/view/type/project/avatar/10402"
                    },
                    "id": "11814",
                    "key": "CE",
                    "name": "Coder Eval",
                    "projectTypeKey": "business",
                    "self": "https://api.atlassian.com/ex/jira/f2c10d6a-7a1c-4934-a500-dcd95b517cdf/rest/api/2/project/11814",
                    "simplified": true
                  },
                  "rank_Customfield10019": "0|i12dgf:",
                  "reporter": {
                    "accountId": "712020:b53bf3dc-8817-419e-99e1-5670aeb7ffe6",
                    "accountType": "atlassian",
                    "active": true,
                    "avatarUrls": {
                      "16x16": "https://secure.gravatar.com/avatar/3d0aa8b78ffd977d742893bc3016b084?d=https%3A%2F%2Favatar-management--avatars.us-west-2.prod.public.atl-paas.net%2Finitials%2FI-5.png",
                      "24x24": "https://secure.gravatar.com/avatar/3d0aa8b78ffd977d742893bc3016b084?d=https%3A%2F%2Favatar-management--avatars.us-west-2.prod.public.atl-paas.net%2Finitials%2FI-5.png",
                      "32x32": "https://secure.gravatar.com/avatar/3d0aa8b78ffd977d742893bc3016b084?d=https%3A%2F%2Favatar-management--avatars.us-west-2.prod.public.atl-paas.net%2Finitials%2FI-5.png",
                      "48x48": "https://secure.gravatar.com/avatar/3d0aa8b78ffd977d742893bc3016b084?d=https%3A%2F%2Favatar-management--avatars.us-west-2.prod.public.atl-paas.net%2Finitials%2FI-5.png"
                    },
                    "displayName": "is-sandboxes-test@uipath.com",
                    "emailAddress": "is-sandboxes-test@uipath.com",
                    "self": "https://api.atlassian.com/ex/jira/f2c10d6a-7a1c-4934-a500-dcd95b517cdf/rest/api/2/user?accountId=712020%3Ab53bf3dc-8817-419e-99e1-5670aeb7ffe6",
                    "timeZone": "UTC"
                  },
                  "status": {
                    "description": "",
                    "iconUrl": "https://uipath-sandbox-380.atlassian.net/images/icons/statuses/generic.png",
                    "id": "11450",
                    "name": "To Do",
                    "self": "https://api.atlassian.com/ex/jira/f2c10d6a-7a1c-4934-a500-dcd95b517cdf/rest/api/2/status/11450",
                    "statusCategory": {
                      "colorName": "blue-gray",
                      "id": 2,
                      "key": "new",
                      "name": "To Do",
                      "self": "https://api.atlassian.com/ex/jira/f2c10d6a-7a1c-4934-a500-dcd95b517cdf/rest/api/2/statuscategory/2"
                    }
                  },
                  "statusCategory": {
                    "colorName": "blue-gray",
                    "id": 2,
                    "key": "new",
                    "name": "To Do",
                    "self": "https://api.atlassian.com/ex/jira/f2c10d6a-7a1c-4934-a500-dcd95b517cdf/rest/api/2/statuscategory/2"
                  },
                  "statuscategorychangedate": "2026-07-24T19:51:08.548+00:00",
                  "summary": "coder-eval jira search-triage 275546cc #1",
                  "updated": "2026-07-24T19:51:08.318+00:00",
                  "votes": {
                    "hasVoted": false,
                    "self": "https://api.atlassian.com/ex/jira/f2c10d6a-7a1c-4934-a500-dcd95b517cdf/rest/api/2/issue/CE-189/votes",
                    "votes": 0
                  },
                  "watches": {
                    "isWatching": true,
                    "self": "https://api.atlassian.com/ex/jira/f2c10d6a-7a1c-4934-a500-dcd95b517cdf/rest/api/2/issue/CE-189/watchers",
                    "watchCount": 1
                  },
                  "worklog": {
                    "maxResults": 20,
                    "startAt": 0,
                    "total": 0
                  },
                  "workratio": -1
                },
                "key": "CE-189"
              }
            ]
          }
        }
      ],
      "globals": {
        "loop1.output": null,
        "searchIssuesByJql1.output": [
          {
            "self": "https://api.atlassian.com/ex/jira/f2c10d6a-7a1c-4934-a500-dcd95b517cdf/rest/api/2/issue/251443",
            "expand": "renderedFields,names,schema,operations,editmeta,changelog,versionedRepresentations",
            "id": "251443",
            "fields": {
              "project": {
                "avatarUrls": {
                  "16x16": "https://api.atlassian.com/ex/jira/f2c10d6a-7a1c-4934-a500-dcd95b517cdf/rest/api/2/universal_avatar/view/type/project/avatar/10402?size=xsmall",
                  "24x24": "https://api.atlassian.com/ex/jira/f2c10d6a-7a1c-4934-a500-dcd95b517cdf/rest/api/2/universal_avatar/view/type/project/avatar/10402?size=small",
                  "32x32": "https://api.atlassian.com/ex/jira/f2c10d6a-7a1c-4934-a500-dcd95b517cdf/rest/api/2/universal_avatar/view/type/project/avatar/10402?size=medium",
                  "48x48": "https://api.atlassian.com/ex/jira/f2c10d6a-7a1c-4934-a500-dcd95b517cdf/rest/api/2/universal_avatar/view/type/project/avatar/10402"
                },
                "id": "11814",
                "key": "CE",
                "name": "Coder Eval",
                "projectTypeKey": "business",
                "self": "https://api.atlassian.com/ex/jira/f2c10d6a-7a1c-4934-a500-dcd95b517cdf/rest/api/2/project/11814",
                "simplified": true
              },
              "rank_Customfield10019": "0|i12dgn:",
              "creator": {
                "accountId": "712020:b53bf3dc-8817-419e-99e1-5670aeb7ffe6",
                "accountType": "atlassian",
                "active": true,
                "avatarUrls": {
                  "16x16": "https://secure.gravatar.com/avatar/3d0aa8b78ffd977d742893bc3016b084?d=https%3A%2F%2Favatar-management--avatars.us-west-2.prod.public.atl-paas.net%2Finitials%2FI-5.png",
                  "24x24": "https://secure.gravatar.com/avatar/3d0aa8b78ffd977d742893bc3016b084?d=https%3A%2F%2Favatar-management--avatars.us-west-2.prod.public.atl-paas.net%2Finitials%2FI-5.png",
                  "32x32": "https://secure.gravatar.com/avatar/3d0aa8b78ffd977d742893bc3016b084?d=https%3A%2F%2Favatar-management--avatars.us-west-2.prod.public.atl-paas.net%2Finitials%2FI-5.png",
                  "48x48": "https://secure.gravatar.com/avatar/3d0aa8b78ffd977d742893bc3016b084?d=https%3A%2F%2Favatar-management--avatars.us-west-2.prod.public.atl-paas.net%2Finitials%2FI-5.png"
                },
                "displayName": "is-sandboxes-test@uipath.com",
                "emailAddress": "is-sandboxes-test@uipath.com",
                "self": "https://api.atlassian.com/ex/jira/f2c10d6a-7a1c-4934-a500-dcd95b517cdf/rest/api/2/user?accountId=712020%3Ab53bf3dc-8817-419e-99e1-5670aeb7ffe6",
                "timeZone": "UTC"
              },
              "status": {
                "description": "",
                "iconUrl": "https://uipath-sandbox-380.atlassian.net/images/icons/statuses/generic.png",
                "id": "11450",
                "name": "To Do",
                "self": "https://api.atlassian.com/ex/jira/f2c10d6a-7a1c-4934-a500-dcd95b517cdf/rest/api/2/status/11450",
                "statusCategory": {
                  "colorName": "blue-gray",
                  "id": 2,
                  "key": "new",
                  "name": "To Do",
                  "self": "https://api.atlassian.com/ex/jira/f2c10d6a-7a1c-4934-a500-dcd95b517cdf/rest/api/2/statuscategory/2"
                }
              },
              "workratio": -1,
              "created": "2026-07-24T19:51:10.671+00:00",
              "reporter": {
                "accountId": "712020:b53bf3dc-8817-419e-99e1-5670aeb7ffe6",
                "accountType": "atlassian",
                "active": true,
                "avatarUrls": {
                  "16x16": "https://secure.gravatar.com/avatar/3d0aa8b78ffd977d742893bc3016b084?d=https%3A%2F%2Favatar-management--avatars.us-west-2.prod.public.atl-paas.net%2Finitials%2FI-5.png",
                  "24x24": "https://secure.gravatar.com/avatar/3d0aa8b78ffd977d742893bc3016b084?d=https%3A%2F%2Favatar-management--avatars.us-west-2.prod.public.atl-paas.net%2Finitials%2FI-5.png",
                  "32x32": "https://secure.gravatar.com/avatar/3d0aa8b78ffd977d742893bc3016b084?d=https%3A%2F%2Favatar-management--avatars.us-west-2.prod.public.atl-paas.net%2Finitials%2FI-5.png",
                  "48x48": "https://secure.gravatar.com/avatar/3d0aa8b78ffd977d742893bc3016b084?d=https%3A%2F%2Favatar-management--avatars.us-west-2.prod.public.atl-paas.net%2Finitials%2FI-5.png"
                },
                "displayName": "is-sandboxes-test@uipath.com",
                "emailAddress": "is-sandboxes-test@uipath.com",
                "self": "https://api.atlassian.com/ex/jira/f2c10d6a-7a1c-4934-a500-dcd95b517cdf/rest/api/2/user?accountId=712020%3Ab53bf3dc-8817-419e-99e1-5670aeb7ffe6",
                "timeZone": "UTC"
              },
              "watches": {
                "isWatching": true,
                "self": "https://api.atlassian.com/ex/jira/f2c10d6a-7a1c-4934-a500-dcd95b517cdf/rest/api/2/issue/CE-190/watchers",
                "watchCount": 1
              },
              "updated": "2026-07-24T19:51:10.739+00:00",
              "aggregateprogress": {
                "progress": 0,
                "total": 0
              },
              "progress": {
                "progress": 0,
                "total": 0
              },
              "statusCategory": {
                "colorName": "blue-gray",
                "id": 2,
                "key": "new",
                "name": "To Do",
                "self": "https://api.atlassian.com/ex/jira/f2c10d6a-7a1c-4934-a500-dcd95b517cdf/rest/api/2/statuscategory/2"
              },
              "statuscategorychangedate": "2026-07-24T19:51:10.945+00:00",
              "issuetype": {
                "avatarId": 10318,
                "description": "A small, distinct piece of work.",
                "entityId": "fe539ac2-a4c7-4e7e-a548-04817d49a0d7",
                "hierarchyLevel": 0,
                "iconUrl": "https://api.atlassian.com/ex/jira/f2c10d6a-7a1c-4934-a500-dcd95b517cdf/rest/api/2/universal_avatar/view/type/issuetype/avatar/10318?size=medium",
                "id": "11457",
                "name": "Task",
                "self": "https://api.atlassian.com/ex/jira/f2c10d6a-7a1c-4934-a500-dcd95b517cdf/rest/api/2/issuetype/11457",
                "subtask": false
              },
              "summary": "coder-eval jira search-triage 275546cc #2",
              "worklog": {
                "maxResults": 20,
                "startAt": 0,
                "total": 0
              },
              "votes": {
                "hasVoted": false,
                "self": "https://api.atlassian.com/ex/jira/f2c10d6a-7a1c-4934-a500-dcd95b517cdf/rest/api/2/issue/CE-190/votes",
                "votes": 0
              },
              "priority": {
                "iconUrl": "https://uipath-sandbox-380.atlassian.net/images/icons/priorities/medium_new.svg",
                "id": "3",
                "name": "Medium",
                "self": "https://api.atlassian.com/ex/jira/f2c10d6a-7a1c-4934-a500-dcd95b517cdf/rest/api/2/priority/3"
              },
              "comment": {
                "maxResults": 0,
                "self": "https://api.atlassian.com/ex/jira/f2c10d6a-7a1c-4934-a500-dcd95b517cdf/rest/api/2/issue/251443/comment",
                "startAt": 0,
                "total": 0
              }
            },
            "key": "CE-190"
          },
          {
            "self": "https://api.atlassian.com/ex/jira/f2c10d6a-7a1c-4934-a500-dcd95b517cdf/rest/api/2/issue/251442",
            "expand": "renderedFields,names,schema,operations,editmeta,changelog,versionedRepresentations",
            "id": "251442",
            "fields": {
              "project": {
                "avatarUrls": {
                  "16x16": "https://api.atlassian.com/ex/jira/f2c10d6a-7a1c-4934-a500-dcd95b517cdf/rest/api/2/universal_avatar/view/type/project/avatar/10402?size=xsmall",
                  "24x24": "https://api.atlassian.com/ex/jira/f2c10d6a-7a1c-4934-a500-dcd95b517cdf/rest/api/2/universal_avatar/view/type/project/avatar/10402?size=small",
                  "32x32": "https://api.atlassian.com/ex/jira/f2c10d6a-7a1c-4934-a500-dcd95b517cdf/rest/api/2/universal_avatar/view/type/project/avatar/10402?size=medium",
                  "48x48": "https://api.atlassian.com/ex/jira/f2c10d6a-7a1c-4934-a500-dcd95b517cdf/rest/api/2/universal_avatar/view/type/project/avatar/10402"
                },
                "id": "11814",
                "key": "CE",
                "name": "Coder Eval",
                "projectTypeKey": "business",
                "self": "https://api.atlassian.com/ex/jira/f2c10d6a-7a1c-4934-a500-dcd95b517cdf/rest/api/2/project/11814",
                "simplified": true
              },
              "rank_Customfield10019": "0|i12dgf:",
              "creator": {
                "accountId": "712020:b53bf3dc-8817-419e-99e1-5670aeb7ffe6",
                "accountType": "atlassian",
                "active": true,
                "avatarUrls": {
                  "16x16": "https://secure.gravatar.com/avatar/3d0aa8b78ffd977d742893bc3016b084?d=https%3A%2F%2Favatar-management--avatars.us-west-2.prod.public.atl-paas.net%2Finitials%2FI-5.png",
                  "24x24": "https://secure.gravatar.com/avatar/3d0aa8b78ffd977d742893bc3016b084?d=https%3A%2F%2Favatar-management--avatars.us-west-2.prod.public.atl-paas.net%2Finitials%2FI-5.png",
                  "32x32": "https://secure.gravatar.com/avatar/3d0aa8b78ffd977d742893bc3016b084?d=https%3A%2F%2Favatar-management--avatars.us-west-2.prod.public.atl-paas.net%2Finitials%2FI-5.png",
                  "48x48": "https://secure.gravatar.com/avatar/3d0aa8b78ffd977d742893bc3016b084?d=https%3A%2F%2Favatar-management--avatars.us-west-2.prod.public.atl-paas.net%2Finitials%2FI-5.png"
                },
                "displayName": "is-sandboxes-test@uipath.com",
                "emailAddress": "is-sandboxes-test@uipath.com",
                "self": "https://api.atlassian.com/ex/jira/f2c10d6a-7a1c-4934-a500-dcd95b517cdf/rest/api/2/user?accountId=712020%3Ab53bf3dc-8817-419e-99e1-5670aeb7ffe6",
                "timeZone": "UTC"
              },
              "status": {
                "description": "",
                "iconUrl": "https://uipath-sandbox-380.atlassian.net/images/icons/statuses/generic.png",
                "id": "11450",
                "name": "To Do",
                "self": "https://api.atlassian.com/ex/jira/f2c10d6a-7a1c-4934-a500-dcd95b517cdf/rest/api/2/status/11450",
                "statusCategory": {
                  "colorName": "blue-gray",
                  "id": 2,
                  "key": "new",
                  "name": "To Do",
                  "self": "https://api.atlassian.com/ex/jira/f2c10d6a-7a1c-4934-a500-dcd95b517cdf/rest/api/2/statuscategory/2"
                }
              },
              "workratio": -1,
              "created": "2026-07-24T19:51:08.259+00:00",
              "reporter": {
                "accountId": "712020:b53bf3dc-8817-419e-99e1-5670aeb7ffe6",
                "accountType": "atlassian",
                "active": true,
                "avatarUrls": {
                  "16x16": "https://secure.gravatar.com/avatar/3d0aa8b78ffd977d742893bc3016b084?d=https%3A%2F%2Favatar-management--avatars.us-west-2.prod.public.atl-paas.net%2Finitials%2FI-5.png",
                  "24x24": "https://secure.gravatar.com/avatar/3d0aa8b78ffd977d742893bc3016b084?d=https%3A%2F%2Favatar-management--avatars.us-west-2.prod.public.atl-paas.net%2Finitials%2FI-5.png",
                  "32x32": "https://secure.gravatar.com/avatar/3d0aa8b78ffd977d742893bc3016b084?d=https%3A%2F%2Favatar-management--avatars.us-west-2.prod.public.atl-paas.net%2Finitials%2FI-5.png",
                  "48x48": "https://secure.gravatar.com/avatar/3d0aa8b78ffd977d742893bc3016b084?d=https%3A%2F%2Favatar-management--avatars.us-west-2.prod.public.atl-paas.net%2Finitials%2FI-5.png"
                },
                "displayName": "is-sandboxes-test@uipath.com",
                "emailAddress": "is-sandboxes-test@uipath.com",
                "self": "https://api.atlassian.com/ex/jira/f2c10d6a-7a1c-4934-a500-dcd95b517cdf/rest/api/2/user?accountId=712020%3Ab53bf3dc-8817-419e-99e1-5670aeb7ffe6",
                "timeZone": "UTC"
              },
              "watches": {
                "isWatching": true,
                "self": "https://api.atlassian.com/ex/jira/f2c10d6a-7a1c-4934-a500-dcd95b517cdf/rest/api/2/issue/CE-189/watchers",
                "watchCount": 1
              },
              "updated": "2026-07-24T19:51:08.318+00:00",
              "aggregateprogress": {
                "progress": 0,
                "total": 0
              },
              "progress": {
                "progress": 0,
                "total": 0
              },
              "statusCategory": {
                "colorName": "blue-gray",
                "id": 2,
                "key": "new",
                "name": "To Do",
                "self": "https://api.atlassian.com/ex/jira/f2c10d6a-7a1c-4934-a500-dcd95b517cdf/rest/api/2/statuscategory/2"
              },
              "statuscategorychangedate": "2026-07-24T19:51:08.548+00:00",
              "issuetype": {
                "avatarId": 10318,
                "description": "A small, distinct piece of work.",
                "entityId": "fe539ac2-a4c7-4e7e-a548-04817d49a0d7",
                "hierarchyLevel": 0,
                "iconUrl": "https://api.atlassian.com/ex/jira/f2c10d6a-7a1c-4934-a500-dcd95b517cdf/rest/api/2/universal_avatar/view/type/issuetype/avatar/10318?size=medium",
                "id": "11457",
                "name": "Task",
                "self": "https://api.atlassian.com/ex/jira/f2c10d6a-7a1c-4934-a500-dcd95b517cdf/rest/api/2/issuetype/11457",
                "subtask": false
              },
              "summary": "coder-eval jira search-triage 275546cc #1",
              "worklog": {
                "maxResults": 20,
                "startAt": 0,
                "total": 0
              },
              "votes": {
                "hasVoted": false,
                "self": "https://api.atlassian.com/ex/jira/f2c10d6a-7a1c-4934-a500-dcd95b517cdf/rest/api/2/issue/CE-189/votes",
                "votes": 0
              },
              "priority": {
                "iconUrl": "https://uipath-sandbox-380.atlassian.net/images/icons/priorities/medium_new.svg",
                "id": "3",
                "name": "Medium",
                "self": "https://api.atlassian.com/ex/jira/f2c10d6a-7a1c-4934-a500-dcd95b517cdf/rest/api/2/priority/3"
              },
              "comment": {
                "maxResults": 0,
                "self": "https://api.atlassian.com/ex/jira/f2c10d6a-7a1c-4934-a500-dcd95b517cdf/rest/api/2/issue/251442/comment",
                "startAt": 0,
                "total": 0
              }
            },
            "key": "CE-189"
          }
        ]
      },
      "instanceId": "fda910c8-ac6c-4c15-a268-47666d42b9ff",
      "workflowId": "fda910c8-ac6c-4c15-a268-47666d42b9ff/BpmnGenericWorkflow",
      "parentElementId": null,
      "globalDefinitions": {
        "loop1.output": {
          "name": "output",
          "type": "array"
        },
        "searchIssuesByJql1.output": {
          "name": "output",
          "type": "jsonSchema"
        }
      }
    },
    "incidents": [
      {
        "id": "735e8e88-1b5e-4be3-ae95-6c8f7d72eca8",
        "tenantId": "69d43765-6ede-4575-88b7-9db601a2c056",
        "organizationId": "311c6049-4966-4ef2-a6f3-8ceccaf38d54",
        "instanceId": "fda910c8-ac6c-4c15-a268-47666d42b9ff",
        "runId": "019f95b5-43df-72b4-b898-b591dda473f5",
        "elementId": "loop1",
        "elementRunId": "3ce5a9a3-bbf2-46d5-b30c-c8b7329b6d46",
        "folderKey": "410fae2d-89b3-4cd1-a991-7359bda90c0b",
        "processKey": null,
        "packageVersion": "",
        "incidentId": "3ce5a9a3-bbf2-46d5-b30c-c8b7329b6d46",
        "incidentStatus": "Open",
        "incidentType": "User",
        "errorCode": "400008",
        "errorMessage": "Failed to evaluate the input collection variable for the marker element",
        "errorTimeUtc": "2026-07-24T19:58:37.0765979Z",
        "errorDetails": "Failed to evaluate the input collection variable for the marker element",
        "comment": null,
        "userUpdated": null,
        "debugMode": "Default",
        "incidentUpdateTimeUtc": null,
        "traceId": "fda910c8ac6c4c15a26847666d42b9ff",
        "dependentFaultCode": null,
        "incidentSeverity": "Error",
        "aiSummary": null,
        "aiRecommendations": null,
        "processType": null,
        "sourceElementId": null
      }
    ]
  },
  "ErrorCode": "unknown_error",
  "Retry": "RetryWillNotFix"
}

stderr:
---
2026-07-24 19:58:40 [DEBUG] coder_eval.evaluation.checker: Criterion 'run_command' score: 0.00
2026-07-24 19:58:40 [INFO] coder_eval.evaluation.checker: Criterion 'run_command' FAILED (score=0.00, threshold=1.00): Command: python3 $TASK_DIR/check_jira_search_triage.py
2026-07-24 19:58:40 [INFO] coder_eval.orchestrator: Success criteria: 1/2 passed, weighted score: 0.286
2026-07-24 19:58:40 [DEBUG] coder_eval.utils: Resolved @uipath plugin-tools dir=/usr/lib/node_modules/@uipath from `uip` at /usr/lib/node_modules/@uipath/cli/dist/index.js
2026-07-24 19:58:40 [INFO] coder_eval.orchestrator: Running post-run command: python3 $SKILLS_REPO_PATH/tests/tasks/uipath-maestro-flow/e2e/jira_search_triage/teardown_jira.py
2026-07-24 19:58:43 [INFO] coder_eval.orchestrator: [post_run stdout] OK: deleted CE-189
2026-07-24 19:58:44 [INFO] coder_eval.orchestrator: [post_run stdout] OK: deleted CE-190
2026-07-24 19:58:44 [INFO] coder_eval.orchestrator: Running post-run command: find . -maxdepth 5 -type d \( -name node_modules -o -name .npm-prefix -o -name .venv \) -prune -exec rm -rf {} +
2026-07-24 19:58:44 [INFO] coder_eval.orchestrator: Sandbox preserved (in-place): /work/output/artifacts/skill-flow-ipe-jira-search-triage
2026-07-24 19:58:44 [INFO] coder_eval.orchestrator: Task finished: status=FAILURE duration=465.9s score=0.286 iterations=1
