2026-07-24 00:01:13 [DEBUG] coder_eval.utils: Resolved @uipath plugin-tools dir=/usr/lib/node_modules/@uipath from `uip` at /usr/lib/node_modules/@uipath/cli/dist/index.js
2026-07-24 00:01:13 [INFO] coder_eval.orchestrator: API routing: aws_bedrock
2026-07-24 00:01:13 [DEBUG] coder_eval.criteria: Discovered 14 criterion checkers
2026-07-24 00:01:13 [DEBUG] coder_eval.criteria: Validated 14 criterion checkers
2026-07-24 00:01:13 [DEBUG] coder_eval.utils: Resolved @uipath plugin-tools dir=/usr/lib/node_modules/@uipath from `uip` at /usr/lib/node_modules/@uipath/cli/dist/index.js
2026-07-24 00:01:13 [DEBUG] coder_eval.orchestrator: Sending prompt: Create a UiPath Flow project named "OpenMeteoWeather".
The process must fetch the CURRENT weather in...
2026-07-24 00:01:13 [DEBUG] coder_eval.agents.claude_code_agent: [coder] Starting agent query stream...
2026-07-24 00:04:50 [DEBUG] coder_eval.agents.claude_code_agent: [coder] session_id changed: None -> b0f22f38-69d4-475e-97f8-ebfb749dd543
2026-07-24 00:04:50 [DEBUG] coder_eval.agents.claude_code_agent: [coder] Agent query stream ended
2026-07-24 00:04:50 [DEBUG] coder_eval.utils: Resolved @uipath plugin-tools dir=/usr/lib/node_modules/@uipath from `uip` at /usr/lib/node_modules/@uipath/cli/dist/index.js
2026-07-24 00:04:50 [DEBUG] coder_eval.orchestrator: Agent response received (3356 chars)
2026-07-24 00:04:50 [DEBUG] coder_eval.orchestrator: Checking success criteria
2026-07-24 00:04:50 [DEBUG] coder_eval.criteria.run_command: Running command for criterion 'uip maestro flow validate passes on the flow file': uip maestro flow validate OpenMeteoWeather/OpenMeteoWeather/OpenMeteoWeather.flow
2026-07-24 00:04:56 [DEBUG] coder_eval.sandbox: Command 'uip maestro flow validate OpenMeteoWeather/OpenMeteoWeather/OpenMeteoWeather.flow' exited with code 0
2026-07-24 00:04:56 [DEBUG] coder_eval.sandbox: STDOUT:
---
{
  "Result": "Success",
  "Code": "FlowValidate",
  "Data": {
    "File": "/work/output/artifacts/skill-flow-openmeteo-weather/OpenMeteoWeather/OpenMeteoWeather/OpenMeteoWeather.flow",
    "Status": "Valid"
  }
}
---
2026-07-24 00:04:56 [DEBUG] coder_eval.sandbox: STDERR:
---
[ManifestClient] fetchDynamicNodes ok: total=206 agent context nodes=2 external agent nodes=6 orchestrator nodes=159 IXP nodes=39
---
2026-07-24 00:04:56 [DEBUG] coder_eval.evaluation.checker: Criterion 'run_command' score: 1.00
2026-07-24 00:04:56 [DEBUG] coder_eval.criteria.run_command: Running command for criterion 'Open-Meteo connector node executes and returns the current temperature': python3 $TASK_DIR/check_openmeteo_weather.py
2026-07-24 00:05:12 [DEBUG] coder_eval.sandbox: Command 'python3 $TASK_DIR/check_openmeteo_weather.py' exited with code 0
2026-07-24 00:05:12 [DEBUG] coder_eval.sandbox: STDOUT:
---
OK: Open-Meteo connector node configured with latitude/longitude (current_weather=True)
OK: connector returned current temperature 25.5 in output 'currentTemperature'
---
2026-07-24 00:05:12 [DEBUG] coder_eval.evaluation.checker: Criterion 'run_command' score: 1.00
2026-07-24 00:05:12 [INFO] coder_eval.orchestrator: Success criteria: 2/2 passed, weighted score: 1.000
2026-07-24 00:05:12 [DEBUG] coder_eval.utils: Resolved @uipath plugin-tools dir=/usr/lib/node_modules/@uipath from `uip` at /usr/lib/node_modules/@uipath/cli/dist/index.js
2026-07-24 00:05:12 [INFO] coder_eval.orchestrator: Running post-run command: python3 $SKILLS_REPO_PATH/tests/tasks/uipath-maestro-flow/_shared/cleanup_solutions.py
2026-07-24 00:05:14 [WARNING] coder_eval.orchestrator: [post_run stderr] cleanup_solutions: deleted d63bd69b-0063-451b-347f-08dee8fa7fa1 (from OpenMeteoWeather/OpenMeteoWeather.uipx)
2026-07-24 00:05:14 [WARNING] coder_eval.orchestrator: [post_run stderr] cleanup_solutions: summary policy=always deleted=1 preserved=0 skipped=0 not_uploaded=0 failed=0
2026-07-24 00:05:14 [INFO] coder_eval.orchestrator: Running post-run command: find . -maxdepth 5 -type d \( -name node_modules -o -name .npm-prefix -o -name .venv \) -prune -exec rm -rf {} +
2026-07-24 00:05:14 [INFO] coder_eval.orchestrator: Sandbox preserved (in-place): /work/output/artifacts/skill-flow-openmeteo-weather
2026-07-24 00:05:14 [INFO] coder_eval.orchestrator: Task finished: status=SUCCESS duration=244.0s score=1.000 iterations=1
