2026-07-24 18:17:35 [DEBUG] coder_eval.utils: Resolved @uipath plugin-tools dir=/usr/lib/node_modules/@uipath from `uip` at /usr/lib/node_modules/@uipath/cli/dist/index.js
2026-07-24 18:17:35 [INFO] coder_eval.orchestrator: API routing: aws_bedrock
2026-07-24 18:17:35 [DEBUG] coder_eval.criteria: Discovered 14 criterion checkers
2026-07-24 18:17:35 [DEBUG] coder_eval.criteria: Validated 14 criterion checkers
2026-07-24 18:17:35 [DEBUG] coder_eval.utils: Resolved @uipath plugin-tools dir=/usr/lib/node_modules/@uipath from `uip` at /usr/lib/node_modules/@uipath/cli/dist/index.js
2026-07-24 18:17:35 [DEBUG] coder_eval.orchestrator: Sending prompt: Create a UiPath Flow project named "ReadingList" that curates a reading list
from a catalog of math ...
2026-07-24 18:17:35 [DEBUG] coder_eval.agents.claude_code_agent: [coder] Starting agent query stream...
2026-07-24 18:22:17 [DEBUG] coder_eval.agents.claude_code_agent: [coder] session_id changed: None -> f8222a1c-8efc-4841-a3ad-850bc6d034c0
2026-07-24 18:22:17 [DEBUG] coder_eval.agents.claude_code_agent: [coder] Agent query stream ended
2026-07-24 18:22:17 [DEBUG] coder_eval.utils: Resolved @uipath plugin-tools dir=/usr/lib/node_modules/@uipath from `uip` at /usr/lib/node_modules/@uipath/cli/dist/index.js
2026-07-24 18:22:17 [DEBUG] coder_eval.orchestrator: Agent response received (4927 chars)
2026-07-24 18:22:17 [DEBUG] coder_eval.orchestrator: Checking success criteria
2026-07-24 18:22:17 [DEBUG] coder_eval.criteria.run_command: Running command for criterion 'uip maestro flow validate passes on the flow file': uip maestro flow validate ReadingList/ReadingList/ReadingList.flow
2026-07-24 18:22:23 [DEBUG] coder_eval.sandbox: Command 'uip maestro flow validate ReadingList/ReadingList/ReadingList.flow' exited with code 0
2026-07-24 18:22:23 [DEBUG] coder_eval.sandbox: STDOUT:
---
{
  "Result": "Success",
  "Code": "FlowValidate",
  "Data": {
    "File": "/work/output/artifacts/skill-flow-reading-list/ReadingList/ReadingList/ReadingList.flow",
    "Status": "Valid"
  }
}
---
2026-07-24 18:22:23 [DEBUG] coder_eval.sandbox: STDERR:
---
[ManifestClient] fetchDynamicNodes ok: total=207 agent context nodes=2 external agent nodes=6 orchestrator nodes=158 IXP nodes=41
---
2026-07-24 18:22:23 [DEBUG] coder_eval.evaluation.checker: Criterion 'run_command' score: 1.00
2026-07-24 18:22:23 [DEBUG] coder_eval.criteria.run_command: Running command for criterion 'Flow debug runs and transform output contains the 3 curated books': python3 $TASK_DIR/check_reading_list.py
2026-07-24 18:22:42 [DEBUG] coder_eval.sandbox: Command 'python3 $TASK_DIR/check_reading_list.py' exited with code 0
2026-07-24 18:22:42 [DEBUG] coder_eval.sandbox: STDOUT:
---
OK: Transform node present; 3 correct books with uppercased titles
---
2026-07-24 18:22:42 [DEBUG] coder_eval.evaluation.checker: Criterion 'run_command' score: 1.00
2026-07-24 18:22:42 [INFO] coder_eval.orchestrator: Success criteria: 2/2 passed, weighted score: 1.000
2026-07-24 18:22:42 [WARNING] coder_eval.orchestrator: Visible turns (21) exceeded expected_turns (20) at iteration 1 for task skill-flow-reading-list. Run continues — max_turns remains the hard cap.
2026-07-24 18:22:42 [DEBUG] coder_eval.utils: Resolved @uipath plugin-tools dir=/usr/lib/node_modules/@uipath from `uip` at /usr/lib/node_modules/@uipath/cli/dist/index.js
2026-07-24 18:22:42 [INFO] coder_eval.orchestrator: Running post-run command: python3 $SKILLS_REPO_PATH/tests/tasks/uipath-maestro-flow/_shared/cleanup_solutions.py
2026-07-24 18:22:43 [WARNING] coder_eval.orchestrator: [post_run stderr] cleanup_solutions: deleted 0f0ba5ab-ca16-407e-c9de-08dee9aa01c9 (from ReadingList/ReadingList.uipx)
2026-07-24 18:22:43 [WARNING] coder_eval.orchestrator: [post_run stderr] cleanup_solutions: summary policy=always deleted=1 preserved=0 skipped=0 not_uploaded=0 failed=0
2026-07-24 18:22:43 [INFO] coder_eval.orchestrator: Running post-run command: find . -maxdepth 5 -type d \( -name node_modules -o -name .npm-prefix -o -name .venv \) -prune -exec rm -rf {} +
2026-07-24 18:22:43 [INFO] coder_eval.orchestrator: Sandbox preserved (in-place): /work/output/artifacts/skill-flow-reading-list
2026-07-24 18:22:43 [INFO] coder_eval.orchestrator: Task finished: status=SUCCESS duration=311.2s score=1.000 iterations=1
