2026-07-22 04:34:39 [DEBUG] coder_eval.utils: Resolved @uipath plugin-tools dir=/usr/lib/node_modules/@uipath from `uip` at /usr/lib/node_modules/@uipath/cli/dist/index.js
2026-07-22 04:34:39 [INFO] coder_eval.orchestrator: API routing: aws_bedrock
2026-07-22 04:34:39 [DEBUG] coder_eval.criteria: Discovered 14 criterion checkers
2026-07-22 04:34:39 [DEBUG] coder_eval.criteria: Validated 14 criterion checkers
2026-07-22 04:34:39 [DEBUG] coder_eval.utils: Resolved @uipath plugin-tools dir=/usr/lib/node_modules/@uipath from `uip` at /usr/lib/node_modules/@uipath/cli/dist/index.js
2026-07-22 04:34:39 [DEBUG] coder_eval.orchestrator: Sending prompt: A UiPath Maestro BPMN process run failed. Diagnose it using the mocked `uip`
CLI responses already a...
2026-07-22 04:34:39 [DEBUG] coder_eval.agents.claude_code_agent: [coder] Starting agent query stream...
2026-07-22 04:35:20 [DEBUG] coder_eval.agents.claude_code_agent: [coder] session_id changed: None -> d281ded4-e66e-4160-9892-d0c0ed974de6
2026-07-22 04:35:20 [DEBUG] coder_eval.agents.claude_code_agent: [coder] Agent query stream ended
2026-07-22 04:35:20 [DEBUG] coder_eval.utils: `uip` at /work/output/artifacts/skill-bpmn-operate-diagnose-minimal-fault-triage/mocks/uip is not inside a recognizable node_modules/@uipath tree
2026-07-22 04:35:20 [DEBUG] coder_eval.orchestrator: Agent response received (2613 chars)
2026-07-22 04:35:20 [DEBUG] coder_eval.orchestrator: Checking success criteria
2026-07-22 04:35:20 [DEBUG] coder_eval.evaluation.checker: Criterion 'command_executed' score: 1.00
2026-07-22 04:35:20 [DEBUG] coder_eval.evaluation.checker: Criterion 'command_executed' score: 1.00
2026-07-22 04:35:20 [DEBUG] coder_eval.evaluation.checker: Criterion 'command_executed' score: 1.00
2026-07-22 04:35:20 [DEBUG] coder_eval.evaluation.checker: Criterion 'command_executed' score: 0.00
2026-07-22 04:35:20 [INFO] coder_eval.evaluation.checker: Criterion 'command_executed' FAILED (score=0.00, threshold=1.00): Matched 0/1 required commands (filters: tool_name=Bash, pattern=/(uip|\$UIP)\s+maestro\s+bpmn\s+instance\s+asset\s+["']?inst-triage-001["']?\s+(-f|--folder-key)\s+["']?folder-public/)
2026-07-22 04:35:20 [DEBUG] coder_eval.evaluation.checker: Criterion 'file_contains' score: 1.00
2026-07-22 04:35:20 [DEBUG] coder_eval.evaluation.judge_context: judge_context: include_reference=True but reference not set
2026-07-22 04:35:26 [DEBUG] coder_eval.evaluation.checker: Criterion 'llm_judge' score: 1.00
2026-07-22 04:35:26 [INFO] coder_eval.orchestrator: Success criteria: 5/6 passed, weighted score: 0.900
2026-07-22 04:35:26 [DEBUG] coder_eval.utils: `uip` at /work/output/artifacts/skill-bpmn-operate-diagnose-minimal-fault-triage/mocks/uip is not inside a recognizable node_modules/@uipath tree
2026-07-22 04:35:26 [INFO] coder_eval.orchestrator: Running post-run command: find . -maxdepth 5 -type d \( -name node_modules -o -name .npm-prefix -o -name .venv \) -prune -exec rm -rf {} +
2026-07-22 04:35:26 [INFO] coder_eval.orchestrator: Sandbox preserved (in-place): /work/output/artifacts/skill-bpmn-operate-diagnose-minimal-fault-triage
2026-07-22 04:35:26 [INFO] coder_eval.orchestrator: Task finished: status=FAILURE duration=48.8s score=0.900 iterations=1
2026-07-22 04:35:26 [DEBUG] coder_eval.evaluation.judge_persistence: spilled 1 judge transcript(s) to /work/output
