2026-07-23 20:53:36 [DEBUG] coder_eval.utils: Resolved @uipath plugin-tools dir=/usr/lib/node_modules/@uipath from `uip` at /usr/lib/node_modules/@uipath/cli/dist/index.js
2026-07-23 20:53:36 [INFO] coder_eval.orchestrator: API routing: aws_bedrock
2026-07-23 20:53:36 [DEBUG] coder_eval.criteria: Discovered 14 criterion checkers
2026-07-23 20:53:36 [DEBUG] coder_eval.criteria: Validated 14 criterion checkers
2026-07-23 20:53:36 [DEBUG] coder_eval.utils: Resolved @uipath plugin-tools dir=/usr/lib/node_modules/@uipath from `uip` at /usr/lib/node_modules/@uipath/cli/dist/index.js
2026-07-23 20:53:36 [DEBUG] coder_eval.orchestrator: Sending prompt: Build a UiPath Flow named "VendorPOReview" for purchase order review:

- A manual trigger starts the...
2026-07-23 20:53:36 [DEBUG] coder_eval.agents.claude_code_agent: [coder] Starting agent query stream...
2026-07-23 20:58:45 [DEBUG] coder_eval.agents.claude_code_agent: [coder] session_id changed: None -> 2ededd16-eec6-4279-bc4b-672cd07b762d
2026-07-23 20:58:45 [DEBUG] coder_eval.agents.claude_code_agent: [coder] Agent query stream ended
2026-07-23 20:58:45 [DEBUG] coder_eval.utils: Resolved @uipath plugin-tools dir=/usr/lib/node_modules/@uipath from `uip` at /usr/lib/node_modules/@uipath/cli/dist/index.js
2026-07-23 20:58:45 [DEBUG] coder_eval.orchestrator: Agent response received (6301 chars)
2026-07-23 20:58:45 [DEBUG] coder_eval.orchestrator: Checking success criteria
2026-07-23 20:58:45 [DEBUG] coder_eval.criteria.run_command: Running command for criterion 'uip flow validate passes': uip maestro flow validate VendorPOReview/VendorPOReview/VendorPOReview.flow --output json
2026-07-23 20:58:49 [DEBUG] coder_eval.sandbox: Command 'uip maestro flow validate VendorPOReview/VendorPOReview/VendorPOReview.flow --output json' exited with code 0
2026-07-23 20:58:49 [DEBUG] coder_eval.sandbox: STDOUT:
---
{
  "Result": "Success",
  "Code": "FlowValidate",
  "Data": {
    "File": "/work/output/artifacts/skill-flow-hitl-quality-schema-design/VendorPOReview/VendorPOReview/VendorPOReview.flow",
    "Status": "Valid"
  }
}
---
2026-07-23 20:58:49 [DEBUG] coder_eval.sandbox: STDERR:
---
[ManifestClient] fetchDynamicNodes ok: total=206 agent context nodes=2 external agent nodes=6 orchestrator nodes=159 IXP nodes=39
---
2026-07-23 20:58:49 [DEBUG] coder_eval.evaluation.checker: Criterion 'run_command' score: 1.00
2026-07-23 20:58:49 [DEBUG] coder_eval.evaluation.checker: Criterion 'file_contains' score: 1.00
2026-07-23 20:58:49 [DEBUG] coder_eval.evaluation.checker: Criterion 'file_contains' score: 1.00
2026-07-23 20:58:49 [DEBUG] coder_eval.evaluation.checker: Criterion 'file_contains' score: 1.00
2026-07-23 20:58:49 [DEBUG] coder_eval.evaluation.checker: Criterion 'file_contains' score: 1.00
2026-07-23 20:58:49 [INFO] coder_eval.orchestrator: Success criteria: 5/5 passed, weighted score: 1.000
2026-07-23 20:58:49 [DEBUG] coder_eval.utils: Resolved @uipath plugin-tools dir=/usr/lib/node_modules/@uipath from `uip` at /usr/lib/node_modules/@uipath/cli/dist/index.js
2026-07-23 20:58:49 [INFO] coder_eval.orchestrator: Running post-run command: find . -maxdepth 5 -type d \( -name node_modules -o -name .npm-prefix -o -name .venv \) -prune -exec rm -rf {} +
2026-07-23 20:58:49 [INFO] coder_eval.orchestrator: Sandbox preserved (in-place): /work/output/artifacts/skill-flow-hitl-quality-schema-design
2026-07-23 20:58:49 [INFO] coder_eval.orchestrator: Task finished: status=SUCCESS duration=314.4s score=1.000 iterations=1
