2026-07-23 20:54:26 [DEBUG] coder_eval.utils: Resolved @uipath plugin-tools dir=/usr/lib/node_modules/@uipath from `uip` at /usr/lib/node_modules/@uipath/cli/dist/index.js
2026-07-23 20:54:26 [INFO] coder_eval.orchestrator: API routing: aws_bedrock
2026-07-23 20:54:26 [DEBUG] coder_eval.criteria: Discovered 14 criterion checkers
2026-07-23 20:54:26 [DEBUG] coder_eval.criteria: Validated 14 criterion checkers
2026-07-23 20:54:26 [DEBUG] coder_eval.utils: Resolved @uipath plugin-tools dir=/usr/lib/node_modules/@uipath from `uip` at /usr/lib/node_modules/@uipath/cli/dist/index.js
2026-07-23 20:54:26 [DEBUG] coder_eval.orchestrator: Sending prompt: Create a UiPath Flow project named "TemperatureChecker" that takes a
temperature in Fahrenheit as in...
2026-07-23 20:54:26 [DEBUG] coder_eval.agents.claude_code_agent: [coder] Starting agent query stream...
2026-07-23 20:57:48 [DEBUG] coder_eval.agents.claude_code_agent: [coder] session_id changed: None -> 7b043563-0e40-4228-97ca-ffaf8416c04d
2026-07-23 20:57:48 [DEBUG] coder_eval.agents.claude_code_agent: [coder] Agent query stream ended
2026-07-23 20:57:48 [DEBUG] coder_eval.utils: Resolved @uipath plugin-tools dir=/usr/lib/node_modules/@uipath from `uip` at /usr/lib/node_modules/@uipath/cli/dist/index.js
2026-07-23 20:57:48 [DEBUG] coder_eval.orchestrator: Agent response received (3919 chars)
2026-07-23 20:57:48 [DEBUG] coder_eval.orchestrator: Checking success criteria
2026-07-23 20:57:48 [DEBUG] coder_eval.criteria.run_command: Running command for criterion 'uip maestro flow validate passes on the flow file': uip maestro flow validate TemperatureChecker/TemperatureChecker/TemperatureChecker.flow
2026-07-23 20:57:52 [DEBUG] coder_eval.sandbox: Command 'uip maestro flow validate TemperatureChecker/TemperatureChecker/TemperatureChecker.flow' exited with code 0
2026-07-23 20:57:52 [DEBUG] coder_eval.sandbox: STDOUT:
---
{
  "Result": "Success",
  "Code": "FlowValidate",
  "Data": {
    "File": "/work/output/artifacts/skill-flow-decision/TemperatureChecker/TemperatureChecker/TemperatureChecker.flow",
    "Status": "Valid"
  }
}
---
2026-07-23 20:57:52 [DEBUG] coder_eval.sandbox: STDERR:
---
[ManifestClient] fetchDynamicNodes ok: total=206 agent context nodes=2 external agent nodes=6 orchestrator nodes=159 IXP nodes=39
---
2026-07-23 20:57:52 [DEBUG] coder_eval.evaluation.checker: Criterion 'run_command' score: 1.00
2026-07-23 20:57:52 [DEBUG] coder_eval.criteria.run_command: Running command for criterion 'Flow contains a Decision node and debug returns correct classification': python3 $TASK_DIR/check_decision_flow.py
2026-07-23 20:58:22 [DEBUG] coder_eval.sandbox: Command 'python3 $TASK_DIR/check_decision_flow.py' exited with code 0
2026-07-23 20:58:22 [DEBUG] coder_eval.sandbox: STDOUT:
---
OK: Decision node present; warm/cool branches verified
---
2026-07-23 20:58:22 [DEBUG] coder_eval.evaluation.checker: Criterion 'run_command' score: 1.00
2026-07-23 20:58:22 [INFO] coder_eval.orchestrator: Success criteria: 2/2 passed, weighted score: 1.000
2026-07-23 20:58:22 [DEBUG] coder_eval.utils: Resolved @uipath plugin-tools dir=/usr/lib/node_modules/@uipath from `uip` at /usr/lib/node_modules/@uipath/cli/dist/index.js
2026-07-23 20:58:22 [INFO] coder_eval.orchestrator: Running post-run command: python3 $SKILLS_REPO_PATH/tests/tasks/uipath-maestro-flow/_shared/cleanup_solutions.py
2026-07-23 20:58:24 [WARNING] coder_eval.orchestrator: [post_run stderr] cleanup_solutions: deleted d2ec8290-25cd-42b5-32cd-08dee8fa7fa1 (from TemperatureChecker/TemperatureChecker.uipx)
2026-07-23 20:58:24 [WARNING] coder_eval.orchestrator: [post_run stderr] cleanup_solutions: summary policy=always deleted=1 preserved=0 skipped=0 not_uploaded=0 failed=0
2026-07-23 20:58:24 [INFO] coder_eval.orchestrator: Running post-run command: find . -maxdepth 5 -type d \( -name node_modules -o -name .npm-prefix -o -name .venv \) -prune -exec rm -rf {} +
2026-07-23 20:58:24 [INFO] coder_eval.orchestrator: Sandbox preserved (in-place): /work/output/artifacts/skill-flow-decision
2026-07-23 20:58:24 [INFO] coder_eval.orchestrator: Task finished: status=SUCCESS duration=240.3s score=1.000 iterations=1
