2026-07-24 17:40:37 [DEBUG] coder_eval.utils: Resolved @uipath plugin-tools dir=/usr/lib/node_modules/@uipath from `uip` at /usr/lib/node_modules/@uipath/cli/dist/index.js
2026-07-24 17:40:37 [INFO] coder_eval.orchestrator: API routing: aws_bedrock
2026-07-24 17:40:38 [DEBUG] coder_eval.criteria: Discovered 14 criterion checkers
2026-07-24 17:40:38 [DEBUG] coder_eval.criteria: Validated 14 criterion checkers
2026-07-24 17:40:38 [DEBUG] coder_eval.utils: Resolved @uipath plugin-tools dir=/usr/lib/node_modules/@uipath from `uip` at /usr/lib/node_modules/@uipath/cli/dist/index.js
2026-07-24 17:40:38 [DEBUG] coder_eval.orchestrator: Sending prompt: Create a UiPath Flow project named "Calculator" that takes two numbers as
input and calculates their...
2026-07-24 17:40:38 [DEBUG] coder_eval.agents.claude_code_agent: [coder] Starting agent query stream...
2026-07-24 17:43:12 [DEBUG] coder_eval.agents.claude_code_agent: [coder] session_id changed: None -> 192dbc42-578b-44ef-9b5a-887597e0b622
2026-07-24 17:43:12 [DEBUG] coder_eval.agents.claude_code_agent: [coder] Agent query stream ended
2026-07-24 17:43:12 [DEBUG] coder_eval.utils: Resolved @uipath plugin-tools dir=/usr/lib/node_modules/@uipath from `uip` at /usr/lib/node_modules/@uipath/cli/dist/index.js
2026-07-24 17:43:12 [DEBUG] coder_eval.orchestrator: Agent response received (3661 chars)
2026-07-24 17:43:12 [DEBUG] coder_eval.orchestrator: Checking success criteria
2026-07-24 17:43:12 [DEBUG] coder_eval.criteria.run_command: Running command for criterion 'uip maestro flow validate passes on the flow file': uip maestro flow validate Calculator/Calculator/Calculator.flow
2026-07-24 17:43:17 [DEBUG] coder_eval.sandbox: Command 'uip maestro flow validate Calculator/Calculator/Calculator.flow' exited with code 0
2026-07-24 17:43:17 [DEBUG] coder_eval.sandbox: STDOUT:
---
{
  "Result": "Success",
  "Code": "FlowValidate",
  "Data": {
    "File": "/work/output/artifacts/skill-flow-calculator/Calculator/Calculator/Calculator.flow",
    "Status": "Valid"
  }
}
---
2026-07-24 17:43:17 [DEBUG] coder_eval.sandbox: STDERR:
---
[ManifestClient] fetchDynamicNodes ok: total=207 agent context nodes=2 external agent nodes=6 orchestrator nodes=158 IXP nodes=41
---
2026-07-24 17:43:17 [DEBUG] coder_eval.evaluation.checker: Criterion 'run_command' score: 1.00
2026-07-24 17:43:17 [DEBUG] coder_eval.criteria.run_command: Running command for criterion 'Flow debug runs and output contains 391 (17 * 23)': python3 $TASK_DIR/check_calculator_flow.py
2026-07-24 17:44:30 [DEBUG] coder_eval.sandbox: Command 'python3 $TASK_DIR/check_calculator_flow.py' exited with code 1
2026-07-24 17:44:30 [DEBUG] coder_eval.sandbox: STDOUT:
---
Injecting inputs: {'numA': 17, 'numB': 23}
---
2026-07-24 17:44:30 [DEBUG] coder_eval.sandbox: STDERR:
---
=== FLOW_DEBUG_RAW_CAPTURE BEGIN (No output equals expected 391) ===
SUMMARY: {"finalStatus": "Completed", "globals": null, "globalVariables": null, "elementOutputs": [], "elementExecutions": [{"id": "start", "type": "StartEvent", "status": "Completed"}, {"id": "calculateProduct", "type": "ScriptTask", "status": "Completed"}, {"id": "end", "type": "EndEvent", "status": "Completed"}], "incidents": null}
RAW: {
  "Result": "Success",
  "Code": "FlowDebug",
  "Data": {
    "jobKey": "0b0638bf-3cd0-493f-9bc0-0ddda76a4f54",
    "instanceId": "0b0638bf-3cd0-493f-9bc0-0ddda76a4f54",
    "runId": "019f9539-8908-7e3f-acd3-2e049bd55fc4",
    "folderKey": "410fae2d-89b3-4cd1-a991-7359bda90c0b",
    "finalStatus": "Completed",
    "solutionId": "c7f09fca-7f65-423f-dc6a-08dee9aa0ab7",
    "studioWebUrl": "https://alpha.uipath.com/codereval/studio_/designer/34c4b11f-ca4f-463f-bb5e-03150d377d91?solutionId=c7f09fca-7f65-423f-dc6a-08dee9aa0ab7",
    "elementExecutions": [
      {
        "elementId": "start",
        "elementType": "StartEvent",
        "status": "Completed",
        "startedAt": "2026-07-24T17:43:27.4801866Z",
        "completedAt": "2026-07-24T17:43:27.9635335Z"
      },
      {
        "elementId": "calculateProduct",
        "elementType": "ScriptTask",
        "status": "Completed",
        "startedAt": "2026-07-24T17:43:28.2454555Z",
        "completedAt": "2026-07-24T17:43:28.6765925Z"
      },
      {
        "elementId": "end",
        "elementType": "EndEvent",
        "status": "Completed",
        "startedAt": "2026-07-24T17:43:29.2197612Z",
        "completedAt": "2026-07-24T17:43:29.7025455Z"
      }
    ]
  },
  "Instructions": "Debug completed with status: Completed"
}
=== FLOW_DEBUG_RAW_CAPTURE END ===
FAIL: No output equals expected 391
Outputs: []
---
2026-07-24 17:44:30 [DEBUG] coder_eval.evaluation.checker: Criterion 'run_command' score: 0.00
2026-07-24 17:44:30 [INFO] coder_eval.evaluation.checker: Criterion 'run_command' FAILED (score=0.00, threshold=1.00): Command: python3 $TASK_DIR/check_calculator_flow.py
2026-07-24 17:44:30 [INFO] coder_eval.orchestrator: Success criteria: 1/2 passed, weighted score: 0.375
2026-07-24 17:44:30 [DEBUG] coder_eval.utils: Resolved @uipath plugin-tools dir=/usr/lib/node_modules/@uipath from `uip` at /usr/lib/node_modules/@uipath/cli/dist/index.js
2026-07-24 17:44:31 [INFO] coder_eval.orchestrator: Running post-run command: python3 $SKILLS_REPO_PATH/tests/tasks/uipath-maestro-flow/_shared/cleanup_solutions.py
2026-07-24 17:44:32 [WARNING] coder_eval.orchestrator: [post_run stderr] cleanup_solutions: deleted c7f09fca-7f65-423f-dc6a-08dee9aa0ab7 (from Calculator/Calculator.uipx)
2026-07-24 17:44:32 [WARNING] coder_eval.orchestrator: [post_run stderr] cleanup_solutions: summary policy=always deleted=1 preserved=0 skipped=0 not_uploaded=0 failed=0
2026-07-24 17:44:32 [INFO] coder_eval.orchestrator: Running post-run command: find . -maxdepth 5 -type d \( -name node_modules -o -name .npm-prefix -o -name .venv \) -prune -exec rm -rf {} +
2026-07-24 17:44:32 [INFO] coder_eval.orchestrator: Sandbox preserved (in-place): /work/output/artifacts/skill-flow-calculator
2026-07-24 17:44:32 [INFO] coder_eval.orchestrator: Task finished: status=FAILURE duration=238.2s score=0.375 iterations=1
