2026-07-24 20:57:55 [DEBUG] coder_eval.utils: Resolved @uipath plugin-tools dir=/usr/lib/node_modules/@uipath from `uip` at /usr/lib/node_modules/@uipath/cli/dist/index.js
2026-07-24 20:57:55 [INFO] coder_eval.orchestrator: API routing: aws_bedrock
2026-07-24 20:57:55 [DEBUG] coder_eval.criteria: Discovered 14 criterion checkers
2026-07-24 20:57:55 [DEBUG] coder_eval.criteria: Validated 14 criterion checkers
2026-07-24 20:57:55 [DEBUG] coder_eval.utils: Resolved @uipath plugin-tools dir=/usr/lib/node_modules/@uipath from `uip` at /usr/lib/node_modules/@uipath/cli/dist/index.js
2026-07-24 20:57:55 [DEBUG] coder_eval.orchestrator: Sending prompt: Create a UiPath Flow project named "DiceRoller" that simulates rolling a six-sided
die and outputs t...
2026-07-24 20:57:55 [DEBUG] coder_eval.agents.claude_code_agent: [coder] Starting agent query stream...
2026-07-24 20:59:56 [DEBUG] coder_eval.agents.claude_code_agent: [coder] session_id changed: None -> f7a01cc8-59d5-4b33-b794-9fd4a1840dd5
2026-07-24 20:59:56 [DEBUG] coder_eval.agents.claude_code_agent: [coder] Agent query stream ended
2026-07-24 20:59:56 [DEBUG] coder_eval.utils: Resolved @uipath plugin-tools dir=/usr/lib/node_modules/@uipath from `uip` at /usr/lib/node_modules/@uipath/cli/dist/index.js
2026-07-24 20:59:56 [DEBUG] coder_eval.orchestrator: Agent response received (3939 chars)
2026-07-24 20:59:56 [DEBUG] coder_eval.orchestrator: Checking success criteria
2026-07-24 20:59:56 [DEBUG] coder_eval.criteria.run_command: Running command for criterion 'uip maestro flow validate passes on the flow file': uip maestro flow validate DiceRoller/DiceRoller/DiceRoller.flow
2026-07-24 21:00:02 [DEBUG] coder_eval.sandbox: Command 'uip maestro flow validate DiceRoller/DiceRoller/DiceRoller.flow' exited with code 0
2026-07-24 21:00:02 [DEBUG] coder_eval.sandbox: STDOUT:
---
{
  "Result": "Success",
  "Code": "FlowValidate",
  "Data": {
    "File": "/work/output/artifacts/skill-flow-dice-roller/DiceRoller/DiceRoller/DiceRoller.flow",
    "Status": "Valid"
  }
}
---
2026-07-24 21:00:02 [DEBUG] coder_eval.sandbox: STDERR:
---
[ManifestClient] fetchDynamicNodes ok: total=207 agent context nodes=2 external agent nodes=6 orchestrator nodes=158 IXP nodes=41
---
2026-07-24 21:00:02 [DEBUG] coder_eval.evaluation.checker: Criterion 'run_command' score: 1.00
2026-07-24 21:00:02 [DEBUG] coder_eval.criteria.run_command: Running command for criterion 'Flow debug runs and a Script node produces a value in [1, 6]': python3 $TASK_DIR/check_dice_runs.py
2026-07-24 21:00:20 [DEBUG] coder_eval.sandbox: Command 'python3 $TASK_DIR/check_dice_runs.py' exited with code 0
2026-07-24 21:00:20 [DEBUG] coder_eval.sandbox: STDOUT:
---
OK: Script node present; dice value = 1
---
2026-07-24 21:00:20 [DEBUG] coder_eval.evaluation.checker: Criterion 'run_command' score: 1.00
2026-07-24 21:00:20 [INFO] coder_eval.orchestrator: Success criteria: 2/2 passed, weighted score: 1.000
2026-07-24 21:00:20 [DEBUG] coder_eval.utils: Resolved @uipath plugin-tools dir=/usr/lib/node_modules/@uipath from `uip` at /usr/lib/node_modules/@uipath/cli/dist/index.js
2026-07-24 21:00:20 [INFO] coder_eval.orchestrator: Running post-run command: python3 $SKILLS_REPO_PATH/tests/tasks/uipath-maestro-flow/_shared/cleanup_solutions.py
2026-07-24 21:00:23 [WARNING] coder_eval.orchestrator: [post_run stderr] cleanup_solutions: deleted bc7494d5-79b0-4fe5-487a-08dee9b1ed35 (from DiceRoller/DiceRoller.uipx)
2026-07-24 21:00:23 [WARNING] coder_eval.orchestrator: [post_run stderr] cleanup_solutions: summary policy=always deleted=1 preserved=0 skipped=0 not_uploaded=0 failed=0
2026-07-24 21:00:23 [INFO] coder_eval.orchestrator: Running post-run command: find . -maxdepth 5 -type d \( -name node_modules -o -name .npm-prefix -o -name .venv \) -prune -exec rm -rf {} +
2026-07-24 21:00:23 [INFO] coder_eval.orchestrator: Sandbox preserved (in-place): /work/output/artifacts/skill-flow-dice-roller
2026-07-24 21:00:23 [INFO] coder_eval.orchestrator: Task finished: status=SUCCESS duration=150.0s score=1.000 iterations=1
