2026-07-28 06:10:29 [DEBUG] coder_eval.utils: Resolved @uipath plugin-tools dir=/usr/lib/node_modules/@uipath from `uip` at /usr/lib/node_modules/@uipath/cli/dist/index.js
2026-07-28 06:10:29 [INFO] coder_eval.orchestrator: API routing: aws_bedrock
2026-07-28 06:10:29 [DEBUG] coder_eval.criteria: Discovered 14 criterion checkers
2026-07-28 06:10:29 [DEBUG] coder_eval.criteria: Validated 14 criterion checkers
2026-07-28 06:10:29 [DEBUG] coder_eval.utils: Resolved @uipath plugin-tools dir=/usr/lib/node_modules/@uipath from `uip` at /usr/lib/node_modules/@uipath/cli/dist/index.js
2026-07-28 06:10:29 [DEBUG] coder_eval.orchestrator: Sending prompt: Load and follow the uipath-maestro-bpmn skill.

Create a local BPMN project named "InvoiceExtraction...
2026-07-28 06:10:29 [DEBUG] coder_eval.agents.claude_code_agent: [coder] Starting agent query stream...
2026-07-28 06:12:42 [DEBUG] coder_eval.agents.claude_code_agent: [coder] session_id changed: None -> f55fbcb3-d2fb-46da-bb66-09b3af5c8ced
2026-07-28 06:12:42 [DEBUG] coder_eval.agents.claude_code_agent: [coder] Agent query stream ended
2026-07-28 06:12:42 [DEBUG] coder_eval.utils: Resolved @uipath plugin-tools dir=/usr/lib/node_modules/@uipath from `uip` at /usr/lib/node_modules/@uipath/cli/dist/index.js
2026-07-28 06:12:42 [DEBUG] coder_eval.orchestrator: Agent response received (6280 chars)
2026-07-28 06:12:42 [DEBUG] coder_eval.orchestrator: Checking success criteria
2026-07-28 06:12:42 [DEBUG] coder_eval.evaluation.checker: Criterion 'file_exists' score: 1.00
2026-07-28 06:12:42 [DEBUG] coder_eval.evaluation.checker: Criterion 'command_executed' score: 1.00
2026-07-28 06:12:42 [DEBUG] coder_eval.criteria.run_command: Running command for criterion 'RPA job serviceTask uses Orchestrator.StartJob with input and a declared output variable': python3 $TASK_DIR/check_rpa_job.py
2026-07-28 06:12:42 [DEBUG] coder_eval.sandbox: Command 'python3 $TASK_DIR/check_rpa_job.py' exited with code 0
2026-07-28 06:12:42 [DEBUG] coder_eval.sandbox: STDOUT:
---
OK: InvoiceExtractionRpa/InvoiceExtractionRpa.bpmn wires Orchestrator.StartJob with bound input and output variable
---
2026-07-28 06:12:42 [DEBUG] coder_eval.evaluation.checker: Criterion 'run_command' score: 1.00
2026-07-28 06:12:42 [INFO] coder_eval.orchestrator: Success criteria: 3/3 passed, weighted score: 1.000
2026-07-28 06:12:42 [DEBUG] coder_eval.utils: Resolved @uipath plugin-tools dir=/usr/lib/node_modules/@uipath from `uip` at /usr/lib/node_modules/@uipath/cli/dist/index.js
2026-07-28 06:12:42 [INFO] coder_eval.orchestrator: Running post-run command: find . -maxdepth 5 -type d \( -name node_modules -o -name .npm-prefix -o -name .venv \) -prune -exec rm -rf {} +
2026-07-28 06:12:42 [INFO] coder_eval.orchestrator: Sandbox preserved (in-place): /work/output/artifacts/skill-bpmn-rpa-job
2026-07-28 06:12:42 [INFO] coder_eval.orchestrator: Task finished: status=SUCCESS duration=134.4s score=1.000 iterations=1
