2026-07-24 00:06:32 [DEBUG] coder_eval.utils: Resolved @uipath plugin-tools dir=/usr/lib/node_modules/@uipath from `uip` at /usr/lib/node_modules/@uipath/cli/dist/index.js
2026-07-24 00:06:32 [INFO] coder_eval.orchestrator: API routing: aws_bedrock
2026-07-24 00:06:33 [DEBUG] coder_eval.criteria: Discovered 14 criterion checkers
2026-07-24 00:06:33 [DEBUG] coder_eval.criteria: Validated 14 criterion checkers
2026-07-24 00:06:33 [DEBUG] coder_eval.utils: Resolved @uipath plugin-tools dir=/usr/lib/node_modules/@uipath from `uip` at /usr/lib/node_modules/@uipath/cli/dist/index.js
2026-07-24 00:06:33 [DEBUG] coder_eval.orchestrator: Sending prompt: Build a UiPath Flow named "VendorApproval" for vendor onboarding:

1. Manual trigger
2. Script node ...
2026-07-24 00:06:33 [DEBUG] coder_eval.agents.claude_code_agent: [coder] Starting agent query stream...
2026-07-24 00:11:29 [DEBUG] coder_eval.agents.claude_code_agent: [coder] session_id changed: None -> 76d65e4a-0a2e-4394-b1fc-6fe373bad11a
2026-07-24 00:11:29 [DEBUG] coder_eval.agents.claude_code_agent: [coder] Agent query stream ended
2026-07-24 00:11:29 [DEBUG] coder_eval.utils: Resolved @uipath plugin-tools dir=/usr/lib/node_modules/@uipath from `uip` at /usr/lib/node_modules/@uipath/cli/dist/index.js
2026-07-24 00:11:29 [DEBUG] coder_eval.orchestrator: Agent response received (6934 chars)
2026-07-24 00:11:29 [DEBUG] coder_eval.orchestrator: Checking success criteria
2026-07-24 00:11:29 [DEBUG] coder_eval.criteria.run_command: Running command for criterion 'uip maestro flow validate passes': uip maestro flow validate VendorApproval/VendorApproval/VendorApproval.flow --output json
2026-07-24 00:11:34 [DEBUG] coder_eval.sandbox: Command 'uip maestro flow validate VendorApproval/VendorApproval/VendorApproval.flow --output json' exited with code 0
2026-07-24 00:11:34 [DEBUG] coder_eval.sandbox: STDOUT:
---
{
  "Result": "Success",
  "Code": "FlowValidate",
  "Data": {
    "File": "/work/output/artifacts/skill-flow-hitl-quality-boolean-decision/VendorApproval/VendorApproval/VendorApproval.flow",
    "Status": "Valid"
  }
}
---
2026-07-24 00:11:34 [DEBUG] coder_eval.sandbox: STDERR:
---
[ManifestClient] fetchDynamicNodes ok: total=206 agent context nodes=2 external agent nodes=6 orchestrator nodes=159 IXP nodes=39
---
2026-07-24 00:11:34 [DEBUG] coder_eval.evaluation.checker: Criterion 'run_command' score: 1.00
2026-07-24 00:11:34 [DEBUG] coder_eval.evaluation.checker: Criterion 'file_contains' score: 1.00
2026-07-24 00:11:34 [DEBUG] coder_eval.evaluation.checker: Criterion 'file_contains' score: 1.00
2026-07-24 00:11:34 [DEBUG] coder_eval.evaluation.checker: Criterion 'file_contains' score: 1.00
2026-07-24 00:11:34 [INFO] coder_eval.orchestrator: Success criteria: 4/4 passed, weighted score: 1.000
2026-07-24 00:11:34 [WARNING] coder_eval.orchestrator: Visible turns (39) exceeded expected_turns (33) at iteration 1 for task skill-flow-hitl-quality-boolean-decision. Run continues — max_turns remains the hard cap.
2026-07-24 00:11:34 [DEBUG] coder_eval.utils: Resolved @uipath plugin-tools dir=/usr/lib/node_modules/@uipath from `uip` at /usr/lib/node_modules/@uipath/cli/dist/index.js
2026-07-24 00:11:34 [INFO] coder_eval.orchestrator: Running post-run command: find . -maxdepth 5 -type d \( -name node_modules -o -name .npm-prefix -o -name .venv \) -prune -exec rm -rf {} +
2026-07-24 00:11:34 [INFO] coder_eval.orchestrator: Sandbox preserved (in-place): /work/output/artifacts/skill-flow-hitl-quality-boolean-decision
2026-07-24 00:11:34 [INFO] coder_eval.orchestrator: Task finished: status=SUCCESS duration=305.0s score=1.000 iterations=1
