2026-07-28 06:05:36 [DEBUG] coder_eval.utils: Resolved @uipath plugin-tools dir=/usr/lib/node_modules/@uipath from `uip` at /usr/lib/node_modules/@uipath/cli/dist/index.js
2026-07-28 06:05:36 [INFO] coder_eval.orchestrator: API routing: aws_bedrock
2026-07-28 06:05:36 [DEBUG] coder_eval.criteria: Discovered 14 criterion checkers
2026-07-28 06:05:36 [DEBUG] coder_eval.criteria: Validated 14 criterion checkers
2026-07-28 06:05:36 [DEBUG] coder_eval.utils: Resolved @uipath plugin-tools dir=/usr/lib/node_modules/@uipath from `uip` at /usr/lib/node_modules/@uipath/cli/dist/index.js
2026-07-28 06:05:37 [DEBUG] coder_eval.orchestrator: Sending prompt: Create a local BPMN project named "EmployeeAccessBpmn" with this flow:
manual start -> HITL approval...
2026-07-28 06:05:37 [DEBUG] coder_eval.agents.claude_code_agent: [coder] Starting agent query stream...
2026-07-28 06:09:22 [DEBUG] coder_eval.agents.claude_code_agent: [coder] session_id changed: None -> 12c8f7e7-a755-4358-b2a3-207503005dd5
2026-07-28 06:09:22 [DEBUG] coder_eval.agents.claude_code_agent: [coder] Agent query stream ended
2026-07-28 06:09:22 [DEBUG] coder_eval.utils: Resolved @uipath plugin-tools dir=/usr/lib/node_modules/@uipath from `uip` at /usr/lib/node_modules/@uipath/cli/dist/index.js
2026-07-28 06:09:22 [DEBUG] coder_eval.orchestrator: Agent response received (4584 chars)
2026-07-28 06:09:22 [DEBUG] coder_eval.orchestrator: Checking success criteria
2026-07-28 06:09:22 [DEBUG] coder_eval.evaluation.checker: Criterion 'file_exists' score: 0.00
2026-07-28 06:09:22 [INFO] coder_eval.evaluation.checker: Criterion 'file_exists' FAILED (score=0.00, threshold=1.00): File 'EmployeeAccessBpmn/EmployeeAccessBpmn.bpmn' does not exist
2026-07-28 06:09:22 [DEBUG] coder_eval.criteria.run_command: Running command for criterion 'HITL and RPA wrappers use the documented BPMN element types': python3 $TASK_DIR/check_hitl_rpa_wrappers.py
2026-07-28 06:09:22 [DEBUG] coder_eval.sandbox: Command 'python3 $TASK_DIR/check_hitl_rpa_wrappers.py' exited with code 1
2026-07-28 06:09:22 [DEBUG] coder_eval.sandbox: STDERR:
---
FAIL: missing bpmn:userTask with Actions.HITL uipath:activity shell
---
2026-07-28 06:09:22 [DEBUG] coder_eval.evaluation.checker: Criterion 'run_command' score: 0.00
2026-07-28 06:09:22 [INFO] coder_eval.evaluation.checker: Criterion 'run_command' FAILED (score=0.00, threshold=1.00): Command: python3 $TASK_DIR/check_hitl_rpa_wrappers.py
2026-07-28 06:09:22 [INFO] coder_eval.orchestrator: Success criteria: 0/2 passed, weighted score: 0.000
2026-07-28 06:09:22 [WARNING] coder_eval.orchestrator: Visible turns (22) exceeded expected_turns (14) at iteration 1 for task skill-bpmn-hitl-rpa-wrappers. Run continues — max_turns remains the hard cap.
2026-07-28 06:09:22 [DEBUG] coder_eval.utils: Resolved @uipath plugin-tools dir=/usr/lib/node_modules/@uipath from `uip` at /usr/lib/node_modules/@uipath/cli/dist/index.js
2026-07-28 06:09:22 [INFO] coder_eval.orchestrator: Running post-run command: find . -maxdepth 5 -type d \( -name node_modules -o -name .npm-prefix -o -name .venv \) -prune -exec rm -rf {} +
2026-07-28 06:09:22 [INFO] coder_eval.orchestrator: Sandbox preserved (in-place): /work/output/artifacts/skill-bpmn-hitl-rpa-wrappers
2026-07-28 06:09:22 [INFO] coder_eval.orchestrator: Task finished: status=FAILURE duration=233.3s score=0.000 iterations=1
