2026-07-28 06:05:38 [DEBUG] coder_eval.utils: Resolved @uipath plugin-tools dir=/usr/lib/node_modules/@uipath from `uip` at /usr/lib/node_modules/@uipath/cli/dist/index.js
2026-07-28 06:05:38 [INFO] coder_eval.orchestrator: API routing: aws_bedrock
2026-07-28 06:05:38 [DEBUG] coder_eval.criteria: Discovered 14 criterion checkers
2026-07-28 06:05:38 [DEBUG] coder_eval.criteria: Validated 14 criterion checkers
2026-07-28 06:05:38 [DEBUG] coder_eval.utils: Resolved @uipath plugin-tools dir=/usr/lib/node_modules/@uipath from `uip` at /usr/lib/node_modules/@uipath/cli/dist/index.js
2026-07-28 06:05:39 [DEBUG] coder_eval.orchestrator: Sending prompt: Load and follow the uipath-maestro-bpmn skill.

Create a local BPMN project named "InboxTriggerBpmn"...
2026-07-28 06:05:39 [DEBUG] coder_eval.agents.claude_code_agent: [coder] Starting agent query stream...
2026-07-28 06:08:39 [DEBUG] coder_eval.agents.claude_code_agent: [coder] session_id changed: None -> 303302e6-a359-47fd-85c9-5c04fa7a7935
2026-07-28 06:08:39 [DEBUG] coder_eval.agents.claude_code_agent: [coder] Agent query stream ended
2026-07-28 06:08:39 [DEBUG] coder_eval.utils: Resolved @uipath plugin-tools dir=/usr/lib/node_modules/@uipath from `uip` at /usr/lib/node_modules/@uipath/cli/dist/index.js
2026-07-28 06:08:39 [DEBUG] coder_eval.orchestrator: Agent response received (4199 chars)
2026-07-28 06:08:39 [DEBUG] coder_eval.orchestrator: Checking success criteria
2026-07-28 06:08:39 [DEBUG] coder_eval.evaluation.checker: Criterion 'file_exists' score: 1.00
2026-07-28 06:08:39 [DEBUG] coder_eval.evaluation.checker: Criterion 'command_executed' score: 1.00
2026-07-28 06:08:39 [DEBUG] coder_eval.criteria.run_command: Running command for criterion 'Connector event-trigger start is a public-safe draft with valid structure': python3 $TASK_DIR/check_event_trigger_start.py
2026-07-28 06:08:39 [DEBUG] coder_eval.sandbox: Command 'python3 $TASK_DIR/check_event_trigger_start.py' exited with code 0
2026-07-28 06:08:39 [DEBUG] coder_eval.sandbox: STDOUT:
---
OK: InboxTriggerBpmn/InboxTriggerBpmn.bpmn starts on a public-safe connector event-trigger draft
---
2026-07-28 06:08:39 [DEBUG] coder_eval.evaluation.checker: Criterion 'run_command' score: 1.00
2026-07-28 06:08:39 [DEBUG] coder_eval.evaluation.judge_context: judge_context: include_reference=True but reference not set
2026-07-28 06:08:47 [DEBUG] coder_eval.evaluation.checker: Criterion 'llm_judge' score: 1.00
2026-07-28 06:08:47 [INFO] coder_eval.orchestrator: Success criteria: 4/4 passed, weighted score: 1.000
2026-07-28 06:08:47 [DEBUG] coder_eval.utils: Resolved @uipath plugin-tools dir=/usr/lib/node_modules/@uipath from `uip` at /usr/lib/node_modules/@uipath/cli/dist/index.js
2026-07-28 06:08:47 [INFO] coder_eval.orchestrator: Running post-run command: find . -maxdepth 5 -type d \( -name node_modules -o -name .npm-prefix -o -name .venv \) -prune -exec rm -rf {} +
2026-07-28 06:08:47 [INFO] coder_eval.orchestrator: Sandbox preserved (in-place): /work/output/artifacts/skill-bpmn-event-trigger-start
2026-07-28 06:08:47 [INFO] coder_eval.orchestrator: Task finished: status=SUCCESS duration=197.8s score=1.000 iterations=1
2026-07-28 06:08:47 [DEBUG] coder_eval.evaluation.judge_persistence: spilled 1 judge transcript(s) to /work/output
