2026-08-18 21:44:34 [DEBUG] coder_eval.utils: Resolved @uipath plugin-tools dir=/usr/lib/node_modules/@uipath from `uip` at /usr/lib/node_modules/@uipath/cli/dist/index.js
2026-08-18 21:44:34 [INFO] coder_eval.orchestrator: API routing: aws_bedrock
2026-08-18 21:44:34 [DEBUG] coder_eval.criteria: Discovered 15 criterion checkers
2026-08-18 21:44:34 [DEBUG] coder_eval.criteria: Validated 15 criterion checkers
2026-08-18 21:44:34 [DEBUG] coder_eval.utils: Resolved @uipath plugin-tools dir=/usr/lib/node_modules/@uipath from `uip` at /usr/lib/node_modules/@uipath/cli/dist/index.js
2026-08-18 21:44:35 [DEBUG] coder_eval.orchestrator: Sending prompt: Build a flow named "BindingsRegression" — Manual Trigger → IS connector
node → End — saved as `Bindi...
2026-08-18 21:44:36 [DEBUG] coder_eval.agents.claude_code_agent: [coder] Starting agent query stream...
2026-08-18 21:51:03 [WARNING] coder_eval.agents.claude_code_agent: [coder] Tool use blocked: Bash (id=toolu_bdrk_01UJQ7m8yGWYmZvXpHYk9JZR) - permission denied. Error: Dangerous rm operation detected: '/work/output/artifacts/skill-flow-bindings-no-duplicates/BindingsRegression'

This command would remove a workspace directory (the working directory, an additional wo
2026-08-18 21:52:36 [DEBUG] coder_eval.agents.claude_code_agent: [coder] session_id changed: None -> 91aba56c-6555-47d0-833d-2ba759006f9c
2026-08-18 21:52:36 [DEBUG] coder_eval.agents.claude_code_agent: [coder] Agent query stream ended
2026-08-18 21:52:36 [WARNING] coder_eval.agents.claude_code_agent: [coder] Agent exhausted max_turns (50); turn ended without completing
2026-08-18 21:52:36 [DEBUG] coder_eval.utils: Resolved @uipath plugin-tools dir=/usr/lib/node_modules/@uipath from `uip` at /usr/lib/node_modules/@uipath/cli/dist/index.js
2026-08-18 21:52:36 [DEBUG] coder_eval.orchestrator: Agent response received (3329 chars)
2026-08-18 21:52:36 [DEBUG] coder_eval.orchestrator: Checking success criteria
2026-08-18 21:52:36 [DEBUG] coder_eval.evaluation.checker: Criterion 'command_executed' score: 1.00
2026-08-18 21:52:36 [DEBUG] coder_eval.criteria.run_command: Running command for criterion 'Flow file exists and is valid JSON with nodes + bindings': python3 $TASK_DIR/check_bindings.py structure '**/BindingsRegression*.flow'
2026-08-18 21:52:36 [DEBUG] coder_eval.sandbox: Command 'python3 $TASK_DIR/check_bindings.py structure '**/BindingsRegression*.flow'' exited with code 0
2026-08-18 21:52:36 [DEBUG] coder_eval.sandbox: STDOUT:
---
OK: BindingsRegression/flow_files/BindingsRegression.flow valid JSON with nodes + bindings
---
2026-08-18 21:52:36 [DEBUG] coder_eval.evaluation.checker: Criterion 'run_command' score: 1.00
2026-08-18 21:52:36 [DEBUG] coder_eval.criteria.run_command: Running command for criterion 'No empty-keyed Connection bindings remain after configure': python3 $TASK_DIR/check_bindings.py no_empty_stubs '**/BindingsRegression*.flow'
2026-08-18 21:52:36 [DEBUG] coder_eval.sandbox: Command 'python3 $TASK_DIR/check_bindings.py no_empty_stubs '**/BindingsRegression*.flow'' exited with code 0
2026-08-18 21:52:36 [DEBUG] coder_eval.sandbox: STDOUT:
---
OK: BindingsRegression/flow_files/BindingsRegression.flow has no empty-keyed Connection bindings
---
2026-08-18 21:52:36 [DEBUG] coder_eval.evaluation.checker: Criterion 'run_command' score: 1.00
2026-08-18 21:52:36 [DEBUG] coder_eval.criteria.run_command: Running command for criterion 'No duplicate (name, propertyAttribute) under Connection resource': python3 $TASK_DIR/check_bindings.py no_duplicates '**/BindingsRegression*.flow'
2026-08-18 21:52:36 [DEBUG] coder_eval.sandbox: Command 'python3 $TASK_DIR/check_bindings.py no_duplicates '**/BindingsRegression*.flow'' exited with code 0
2026-08-18 21:52:36 [DEBUG] coder_eval.sandbox: STDOUT:
---
OK: BindingsRegression/flow_files/BindingsRegression.flow has no duplicate Connection binding (name, propertyAttribute) pairs
---
2026-08-18 21:52:36 [DEBUG] coder_eval.evaluation.checker: Criterion 'run_command' score: 1.00
2026-08-18 21:52:36 [DEBUG] coder_eval.criteria.run_command: Running command for criterion 'ConnectionId binding has non-empty resourceKey matching default': python3 $TASK_DIR/check_bindings.py matched_default '**/BindingsRegression*.flow'
2026-08-18 21:52:36 [DEBUG] coder_eval.sandbox: Command 'python3 $TASK_DIR/check_bindings.py matched_default '**/BindingsRegression*.flow'' exited with code 0
2026-08-18 21:52:36 [DEBUG] coder_eval.sandbox: STDOUT:
---
OK: BindingsRegression/flow_files/BindingsRegression.flow ConnectionId binding has non-empty resourceKey == default
---
2026-08-18 21:52:36 [DEBUG] coder_eval.evaluation.checker: Criterion 'run_command' score: 1.00
2026-08-18 21:52:36 [DEBUG] coder_eval.criteria.run_command: Running command for criterion 'bindings_v2.json (derived artifact), if emitted, also has no empty-keyed Connection rows': python3 $TASK_DIR/check_bindings.py bindings_v2_no_empty_stubs '**/bindings_v2.json'
2026-08-18 21:52:37 [DEBUG] coder_eval.sandbox: Command 'python3 $TASK_DIR/check_bindings.py bindings_v2_no_empty_stubs '**/bindings_v2.json'' exited with code 0
2026-08-18 21:52:37 [DEBUG] coder_eval.sandbox: STDOUT:
---
OK: BindingsRegression/flow_files/bindings_v2.json has no empty-keyed Connection rows
---
2026-08-18 21:52:37 [DEBUG] coder_eval.evaluation.checker: Criterion 'run_command' score: 1.00
2026-08-18 21:52:37 [INFO] coder_eval.orchestrator: Success criteria: 6/6 passed, weighted score: 1.000
2026-08-18 21:52:37 [WARNING] coder_eval.orchestrator: Agent exhausted max_turns (50) without passing criteria.
2026-08-18 21:52:37 [WARNING] coder_eval.orchestrator: Visible turns (52) exceeded expected_turns (51) at iteration 1 for task skill-flow-bindings-no-duplicates. Run continues — max_turns remains the hard cap.
2026-08-18 21:52:37 [DEBUG] coder_eval.utils: Resolved @uipath plugin-tools dir=/usr/lib/node_modules/@uipath from `uip` at /usr/lib/node_modules/@uipath/cli/dist/index.js
2026-08-18 21:52:37 [INFO] coder_eval.orchestrator: Running post-run command: python3 $SKILLS_REPO_PATH/tests/tasks/uipath-maestro-flow/_shared/cleanup_solutions.py
2026-08-18 21:52:37 [WARNING] coder_eval.orchestrator: [post_run stderr] cleanup_solutions: no .uipx files under cwd; nothing to do.
2026-08-18 21:52:37 [INFO] coder_eval.orchestrator: Running post-run command: find . -maxdepth 5 -type d \( -name node_modules -o -name .npm-prefix -o -name .venv \) -prune -exec rm -rf {} +
2026-08-18 21:52:37 [INFO] coder_eval.orchestrator: Sandbox preserved (in-place): /work/output/artifacts/skill-flow-bindings-no-duplicates
2026-08-18 21:52:37 [INFO] coder_eval.orchestrator: Task finished: status=SUCCESS duration=491.8s score=1.000 iterations=1
