2026-07-24 19:44:10 [DEBUG] coder_eval.utils: Resolved @uipath plugin-tools dir=/usr/lib/node_modules/@uipath from `uip` at /usr/lib/node_modules/@uipath/cli/dist/index.js
2026-07-24 19:44:10 [INFO] coder_eval.orchestrator: API routing: aws_bedrock
2026-07-24 19:44:10 [DEBUG] coder_eval.criteria: Discovered 14 criterion checkers
2026-07-24 19:44:10 [DEBUG] coder_eval.criteria: Validated 14 criterion checkers
2026-07-24 19:44:10 [DEBUG] coder_eval.utils: Resolved @uipath plugin-tools dir=/usr/lib/node_modules/@uipath from `uip` at /usr/lib/node_modules/@uipath/cli/dist/index.js
2026-07-24 19:44:10 [DEBUG] coder_eval.orchestrator: Sending prompt: Create a flow called "SlackWeatherPipeline". Read the #office-bellevue Slack channel description — i...
2026-07-24 19:44:10 [DEBUG] coder_eval.agents.claude_code_agent: [coder] Starting agent query stream...
2026-07-24 20:03:17 [DEBUG] coder_eval.agents.claude_code_agent: [coder] is_error ResultMessage; not advancing session_id (kept None)
2026-07-24 20:03:17 [DEBUG] coder_eval.agents.claude_code_agent: [coder] Generic Exception is error_max_turns; treating as clean turn
2026-07-24 20:03:17 [WARNING] coder_eval.agents.claude_code_agent: [coder] Agent exhausted max_turns (40); turn ended without completing
2026-07-24 20:03:17 [DEBUG] coder_eval.utils: Resolved @uipath plugin-tools dir=/usr/lib/node_modules/@uipath from `uip` at /usr/lib/node_modules/@uipath/cli/dist/index.js
2026-07-24 20:03:17 [DEBUG] coder_eval.orchestrator: Agent response received (4335 chars)
2026-07-24 20:03:17 [DEBUG] coder_eval.orchestrator: Checking success criteria
2026-07-24 20:03:17 [DEBUG] coder_eval.criteria.run_command: Running command for criterion 'uip maestro flow validate passes': uip maestro flow validate SlackWeatherPipeline/SlackWeatherPipeline/SlackWeatherPipeline.flow
2026-07-24 20:03:22 [DEBUG] coder_eval.sandbox: Command 'uip maestro flow validate SlackWeatherPipeline/SlackWeatherPipeline/SlackWeatherPipeline.flow' exited with code 1
2026-07-24 20:03:22 [DEBUG] coder_eval.sandbox: STDOUT:
---
{
  "Result": "Failure",
  "Message": "Validation failed for /work/output/artifacts/skill-flow-slack-weather-pipeline/SlackWeatherPipeline/SlackWeatherPipeline/SlackWeatherPipeline.flow",
  "Instructions": "Found 4 error(s):\n  - [error] [nodes[parseCityScript].type] Node type \"core.action.script:1.0\" has no matching definition.\n    Hint: run `uip maestro flow registry get core.action.script --output json` and append the returned node object to `definitions[]` (depending on plugin version, the object is at `Data.Node` or the top level). Set `typeVersion` to the returned `version` exactly — registry may emit `\"1.0\"` while older flows used `\"1.0.0\"`. To scaffold a new node with its definition auto-injected, run `uip maestro flow node add <file> core.action.script` instead.\n  - [error] [nodes[checkTemp1].type] Node type \"core.logic.decision:1.1\" has no matching definition.\n    Hint: run `uip maestro flow registry get core.logic.decision --output json` and append the returned node object to `definitions[]` (depending on plugin version, the object is at `Data.Node` or the top level). Set `typeVersion` to the returned `version` exactly — registry may emit `\"1.0\"` while older flows used `\"1.0.0\"`. To scaffold a new node with its definition auto-injected, run `uip maestro flow node add <file> core.logic.decision` instead.\n  - [error] [nodes[endWarm].type] Node type \"core.control.end:1.0\" has no matching definition.\n    Hint: run `uip maestro flow registry get core.control.end --output json` and append the returned node object to `definitions[]` (depending on plugin version, the object is at `Data.Node` or the top level). Set `typeVersion` to the returned `version` exactly — registry may emit `\"1.0\"` while older flows used `\"1.0.0\"`. To scaffold a new node with its definition auto-injected, run `uip maestro flow node add <file> core.control.end` instead.\n  - [error] [nodes[endCold].type] Node type \"core.control.end:1.0\" has no matching definition.\n    Hint: run `uip maestro flow registry get core.control.end --output json` and append the returned node object to `definitions[]` (depending on plugin version, the object is at `Data.Node` or the top level). Set `typeVersion` to the returned `version` exactly — registry may emit `\"1.0\"` while older flows used `\"1.0.0\"`. To scaffold a new node with its definition auto-injected, run `uip maestro flow node add <file> core.control.end` instead.",
  "ErrorCode": "unknown_error",
  "Retry": "RetryWillNotFix"
}
---
2026-07-24 20:03:22 [DEBUG] coder_eval.sandbox: STDERR:
---
[ManifestClient] fetchDynamicNodes ok: total=208 agent context nodes=2 external agent nodes=6 orchestrator nodes=158 IXP nodes=42
---
2026-07-24 20:03:22 [DEBUG] coder_eval.evaluation.checker: Criterion 'run_command' score: 0.00
2026-07-24 20:03:22 [INFO] coder_eval.evaluation.checker: Criterion 'run_command' FAILED (score=0.00, threshold=1.00): Command: uip maestro flow validate SlackWeatherPipeline/SlackWeatherPipeline/SlackWeatherPipeline.flow
2026-07-24 20:03:22 [DEBUG] coder_eval.criteria.run_command: Running command for criterion 'Flow debug runs end-to-end and emits the verdict as an output value: Slack + HTTP + decision all execute, a run-produced output value contains the verdict text': python3 $TASK_DIR/check_slack_weather_pipeline.py
2026-07-24 20:03:39 [DEBUG] coder_eval.sandbox: Command 'python3 $TASK_DIR/check_slack_weather_pipeline.py' exited with code 1
2026-07-24 20:03:39 [DEBUG] coder_eval.sandbox: STDERR:
---
FAIL: flow debug exit 1
stdout: {
  "Result": "Failure",
  "Code": "FlowDebug",
  "Message": "Debug session Faulted. [102010] Integration Services invalid value in input (element getChannelInfo1)",
  "Instructions": "Incident(s):\n  - [102010] Integration Services invalid value in input (element getChannelInfo1)\nRun 'uip maestro flow debug-instance incidents 894e74e0-7f0e-4188-9b40-18248d7a50c6' for the full backend payload (incidentId, errorDetails, AI summary). traceId=894e74e07f0e41889b4018248d7a50c6.",
  "Context": {
    "ErrorCode": "102010",
    "TraceId": "894e74e07f0e41889b4018248d7a50c6"
  },
  "Data": {
    "jobKey": "894e74e0-7f0e-4188-9b40-18248d7a50c6",
    "instanceId": "894e74e0-7f0e-4188-9b40-18248d7a50c6",
    "runId": "019f95b9-d2a8-74d4-8cde-9bccfd0fdb2d",
    "folderKey": "410fae2d-89b3-4cd1-a991-7359bda90c0b",
    "finalStatus": "Faulted",
    "solutionId": "a0168687-65f8-4d61-47bc-08dee9b1ed35",
    "studioWebUrl": "https://alpha.uipath.com/codereval/studio_/designer/dec9e023-2dd4-43af-bde0-3cfdd9316419?solutionId=a0168687-65f8-4d61-47bc-08dee9b1ed35",
    "elementExecutions": [
      {
        "elementId": "start",
        "elementType": "StartEvent",
        "status": "Completed",
        "startedAt": "2026-07-24T20:03:34.5108008Z",
        "completedAt": "2026-07-24T20:03:34.8005521Z"
      },
      {
        "elementId": "getChannelInfo1",
        "elementType": "SendTask",
        "status": "Failed",
        "startedAt": "2026-07-24T20:03:35.2686055Z"
      }
    ],
    "variables": {
      "elements": [
        {
          "elementId": "start",
          "elementRunId": "5bbb2d3b-471c-41e5-a3b1-731d35ac4429",
          "isMarker": false,
          "inputs": {},
          "inputDefinitions": {},
          "outputs": {}
        },
        {
          "elementId": "getChannelInfo1",
          "elementRunId": "923f5d2b-bb40-4c26-ac66-c3db10431fdc",
          "isMarker": false,
          "inputs": {},
          "inputDefinitions": {},
          "outputs": {
            "Error": {
              "code": "400",
              "message": "Integration Services invalid value in input",
              "detail": "Value cannot be null. (Parameter 'Connection')",
              "category": "User",
              "status": 400,
              "response": null,
              "element": null
            }
          }
        }
      ],
      "globals": {
        "getCurrentWeather1.output": null,
        "geocodeCity1.output": null,
        "getChannelInfo1.output": null,
        "geocodeCity1.error": null
      },
      "instanceId": "894e74e0-7f0e-4188-9b40-18248d7a50c6",
      "workflowId": "894e74e0-7f0e-4188-9b40-18248d7a50c6/BpmnGenericWorkflow",
      "parentElementId": null,
      "globalDefinitions": {
        "getCurrentWeather1.output": {
          "name": "output",
          "type": "jsonSchema"
        },
        "geocodeCity1.output": {
          "name": "output",
          "type": "jsonSchema"
        },
        "getChannelInfo1.output": {
          "name": "output",
          "type": "jsonSchema"
        },
        "geocodeCity1.error": {
          "name": "error",
          "type": "object"
        }
      }
    },
    "incidents": [
      {
        "id": "20ec54ac-222d-4d61-b411-36d598217b6c",
        "tenantId": "69d43765-6ede-4575-88b7-9db601a2c056",
        "organizationId": "311c6049-4966-4ef2-a6f3-8ceccaf38d54",
        "instanceId": "894e74e0-7f0e-4188-9b40-18248d7a50c6",
        "runId": "019f95b9-dc02-7716-9d26-4bfdb8b0661b",
        "elementId": "getChannelInfo1",
        "elementRunId": "923f5d2b-bb40-4c26-ac66-c3db10431fdc",
        "folderKey": "410fae2d-89b3-4cd1-a991-7359bda90c0b",
        "processKey": null,
        "packageVersion": "",
        "incidentId": "923f5d2b-bb40-4c26-ac66-c3db10431fdc",
        "incidentStatus": "Open",
        "incidentType": "User",
        "errorCode": "102010",
        "errorMessage": "Integration Services invalid value in input",
        "errorTimeUtc": "2026-07-24T20:03:36.2369834Z",
        "errorDetails": "Value cannot be null. (Parameter 'Connection')",
        "comment": null,
        "userUpdated": null,
        "debugMode": "Default",
        "incidentUpdateTimeUtc": null,
        "traceId": "894e74e07f0e41889b4018248d7a50c6",
        "dependentFaultCode": null,
        "incidentSeverity": "Error",
        "aiSummary": null,
        "aiRecommendations": null,
        "processType": null,
        "sourceElementId": null
      }
    ]
  },
  "ErrorCode": "unknown_error",
  "Retry": "RetryWillNotFix"
}

stderr: No node definition found for node type: core.action.script
[flow-schema] Unresolved context binding placeholder "<bindings.uipath-uipath-http connection>" (node resourceKey=n/a, resource=n/a)
No node definition found for node type: core.logic.decision
No node definition found for node type: core.control.end
No node definition found for node type: core.control.end
---
2026-07-24 20:03:39 [DEBUG] coder_eval.evaluation.checker: Criterion 'run_command' score: 0.00
2026-07-24 20:03:39 [INFO] coder_eval.evaluation.checker: Criterion 'run_command' FAILED (score=0.00, threshold=1.00): Command: python3 $TASK_DIR/check_slack_weather_pipeline.py
2026-07-24 20:03:39 [INFO] coder_eval.orchestrator: Success criteria: 0/2 passed, weighted score: 0.000
2026-07-24 20:03:39 [WARNING] coder_eval.orchestrator: Agent exhausted max_turns (40) without passing criteria.
2026-07-24 20:03:39 [WARNING] coder_eval.orchestrator: Visible turns (58) exceeded expected_turns (51) at iteration 1 for task skill-flow-slack-weather-pipeline. Run continues — max_turns remains the hard cap.
2026-07-24 20:03:39 [DEBUG] coder_eval.utils: Resolved @uipath plugin-tools dir=/usr/lib/node_modules/@uipath from `uip` at /usr/lib/node_modules/@uipath/cli/dist/index.js
2026-07-24 20:03:39 [INFO] coder_eval.orchestrator: Running post-run command: python3 $SKILLS_REPO_PATH/tests/tasks/uipath-maestro-flow/_shared/cleanup_solutions.py
2026-07-24 20:03:41 [WARNING] coder_eval.orchestrator: [post_run stderr] cleanup_solutions: deleted a0168687-65f8-4d61-47bc-08dee9b1ed35 (from SlackWeatherPipeline/SlackWeatherPipeline.uipx)
2026-07-24 20:03:41 [WARNING] coder_eval.orchestrator: [post_run stderr] cleanup_solutions: summary policy=always deleted=1 preserved=0 skipped=0 not_uploaded=0 failed=0
2026-07-24 20:03:41 [INFO] coder_eval.orchestrator: Running post-run command: find . -maxdepth 5 -type d \( -name node_modules -o -name .npm-prefix -o -name .venv \) -prune -exec rm -rf {} +
2026-07-24 20:03:41 [INFO] coder_eval.orchestrator: Sandbox preserved (in-place): /work/output/artifacts/skill-flow-slack-weather-pipeline
2026-07-24 20:03:41 [INFO] coder_eval.orchestrator: Task finished: status=MAX_TURNS_EXHAUSTED duration=1175.9s score=0.000 iterations=1
