2026-08-19 17:03:59 [DEBUG] coder_eval.utils: Resolved @uipath plugin-tools dir=/usr/lib/node_modules/@uipath from `uip` at /usr/lib/node_modules/@uipath/cli/dist/index.js
2026-08-19 17:03:59 [INFO] coder_eval.orchestrator: API routing: aws_bedrock
2026-08-19 17:03:59 [DEBUG] coder_eval.criteria: Discovered 15 criterion checkers
2026-08-19 17:03:59 [DEBUG] coder_eval.criteria: Validated 15 criterion checkers
2026-08-19 17:03:59 [DEBUG] coder_eval.utils: Resolved @uipath plugin-tools dir=/usr/lib/node_modules/@uipath from `uip` at /usr/lib/node_modules/@uipath/cli/dist/index.js
2026-08-19 17:04:00 [DEBUG] coder_eval.orchestrator: Sending prompt: Build a flow named "BindingsRegression" — Manual Trigger → IS connector
node → End — saved as `Bindi...
2026-08-19 17:04:00 [DEBUG] coder_eval.agents.claude_code_agent: [coder] Starting agent query stream...
2026-08-19 17:09:37 [DEBUG] coder_eval.agents.claude_code_agent: [coder] session_id changed: None -> a9265875-a51c-4d63-8659-a093a329104c
2026-08-19 17:09:37 [DEBUG] coder_eval.agents.claude_code_agent: [coder] Agent query stream ended
2026-08-19 17:09:37 [DEBUG] coder_eval.utils: Resolved @uipath plugin-tools dir=/usr/lib/node_modules/@uipath from `uip` at /usr/lib/node_modules/@uipath/cli/dist/index.js
2026-08-19 17:09:37 [DEBUG] coder_eval.orchestrator: Agent response received (3531 chars)
2026-08-19 17:09:37 [DEBUG] coder_eval.orchestrator: Checking success criteria
2026-08-19 17:09:37 [DEBUG] coder_eval.evaluation.checker: Criterion 'command_executed' score: 1.00
2026-08-19 17:09:37 [DEBUG] coder_eval.criteria.run_command: Running command for criterion 'Flow file exists and is valid JSON with nodes + bindings': python3 $TASK_DIR/check_bindings.py structure '**/BindingsRegression*.flow'
2026-08-19 17:09:37 [DEBUG] coder_eval.sandbox: Command 'python3 $TASK_DIR/check_bindings.py structure '**/BindingsRegression*.flow'' exited with code 0
2026-08-19 17:09:37 [DEBUG] coder_eval.sandbox: STDOUT:
---
OK: BindingsRegression/BindingsRegression/BindingsRegression.flow valid JSON with nodes + bindings
---
2026-08-19 17:09:37 [DEBUG] coder_eval.evaluation.checker: Criterion 'run_command' score: 1.00
2026-08-19 17:09:37 [DEBUG] coder_eval.criteria.run_command: Running command for criterion 'No empty-keyed Connection bindings remain after configure': python3 $TASK_DIR/check_bindings.py no_empty_stubs '**/BindingsRegression*.flow'
2026-08-19 17:09:38 [DEBUG] coder_eval.sandbox: Command 'python3 $TASK_DIR/check_bindings.py no_empty_stubs '**/BindingsRegression*.flow'' exited with code 0
2026-08-19 17:09:38 [DEBUG] coder_eval.sandbox: STDOUT:
---
OK: BindingsRegression/BindingsRegression/BindingsRegression.flow has no empty-keyed Connection bindings
---
2026-08-19 17:09:38 [DEBUG] coder_eval.evaluation.checker: Criterion 'run_command' score: 1.00
2026-08-19 17:09:38 [DEBUG] coder_eval.criteria.run_command: Running command for criterion 'No duplicate (name, propertyAttribute) under Connection resource': python3 $TASK_DIR/check_bindings.py no_duplicates '**/BindingsRegression*.flow'
2026-08-19 17:09:38 [DEBUG] coder_eval.sandbox: Command 'python3 $TASK_DIR/check_bindings.py no_duplicates '**/BindingsRegression*.flow'' exited with code 0
2026-08-19 17:09:38 [DEBUG] coder_eval.sandbox: STDOUT:
---
OK: BindingsRegression/BindingsRegression/BindingsRegression.flow has no duplicate Connection binding (name, propertyAttribute) pairs
---
2026-08-19 17:09:38 [DEBUG] coder_eval.evaluation.checker: Criterion 'run_command' score: 1.00
2026-08-19 17:09:38 [DEBUG] coder_eval.criteria.run_command: Running command for criterion 'ConnectionId binding has non-empty resourceKey matching default': python3 $TASK_DIR/check_bindings.py matched_default '**/BindingsRegression*.flow'
2026-08-19 17:09:38 [DEBUG] coder_eval.sandbox: Command 'python3 $TASK_DIR/check_bindings.py matched_default '**/BindingsRegression*.flow'' exited with code 0
2026-08-19 17:09:38 [DEBUG] coder_eval.sandbox: STDOUT:
---
OK: BindingsRegression/BindingsRegression/BindingsRegression.flow ConnectionId binding has non-empty resourceKey == default
---
2026-08-19 17:09:38 [DEBUG] coder_eval.evaluation.checker: Criterion 'run_command' score: 1.00
2026-08-19 17:09:38 [DEBUG] coder_eval.criteria.run_command: Running command for criterion 'bindings_v2.json (derived artifact), if emitted, also has no empty-keyed Connection rows': python3 $TASK_DIR/check_bindings.py bindings_v2_no_empty_stubs '**/bindings_v2.json'
2026-08-19 17:09:38 [DEBUG] coder_eval.sandbox: Command 'python3 $TASK_DIR/check_bindings.py bindings_v2_no_empty_stubs '**/bindings_v2.json'' exited with code 0
2026-08-19 17:09:38 [DEBUG] coder_eval.sandbox: STDOUT:
---
OK: BindingsRegression/BindingsRegression/bindings_v2.json has no empty-keyed Connection rows
---
2026-08-19 17:09:38 [DEBUG] coder_eval.evaluation.checker: Criterion 'run_command' score: 1.00
2026-08-19 17:09:38 [INFO] coder_eval.orchestrator: Success criteria: 6/6 passed, weighted score: 1.000
2026-08-19 17:09:38 [DEBUG] coder_eval.utils: Resolved @uipath plugin-tools dir=/usr/lib/node_modules/@uipath from `uip` at /usr/lib/node_modules/@uipath/cli/dist/index.js
2026-08-19 17:09:38 [INFO] coder_eval.orchestrator: Running post-run command: python3 $EXPERIMENT_TASKS_PATH/uipath-maestro-flow/_shared/cleanup_solutions.py
2026-08-19 17:09:39 [WARNING] coder_eval.orchestrator: [post_run stderr] cleanup_solutions: solution fab44a7b-83fb-4160-b448-b7fc859e6529 not uploaded (from BindingsRegression/BindingsRegression.uipx); nothing to clean up
2026-08-19 17:09:39 [WARNING] coder_eval.orchestrator: [post_run stderr] cleanup_solutions: summary policy=always deleted=0 preserved=0 skipped=0 not_uploaded=1 failed=0
2026-08-19 17:09:39 [INFO] coder_eval.orchestrator: Running post-run command: find . -maxdepth 5 -type d \( -name node_modules -o -name .npm-prefix -o -name .venv \) -prune -exec rm -rf {} +
2026-08-19 17:09:39 [INFO] coder_eval.orchestrator: Sandbox preserved (in-place): /work/output/artifacts/skill-flow-bindings-no-duplicates
2026-08-19 17:09:39 [INFO] coder_eval.orchestrator: Task finished: status=SUCCESS duration=346.1s score=1.000 iterations=1
