2026-07-24 17:25:00 [DEBUG] coder_eval.utils: Resolved @uipath plugin-tools dir=/usr/lib/node_modules/@uipath from `uip` at /usr/lib/node_modules/@uipath/cli/dist/index.js
2026-07-24 17:25:00 [INFO] coder_eval.orchestrator: API routing: aws_bedrock
2026-07-24 17:25:00 [DEBUG] coder_eval.criteria: Discovered 14 criterion checkers
2026-07-24 17:25:00 [DEBUG] coder_eval.criteria: Validated 14 criterion checkers
2026-07-24 17:25:00 [DEBUG] coder_eval.utils: Resolved @uipath plugin-tools dir=/usr/lib/node_modules/@uipath from `uip` at /usr/lib/node_modules/@uipath/cli/dist/index.js
2026-07-24 17:25:01 [DEBUG] coder_eval.orchestrator: Sending prompt: I have a UiPath Flow. Add an IXP node that reads PDF invoices from a SharePoint folder and extracts ...
2026-07-24 17:25:01 [DEBUG] coder_eval.agents.claude_code_agent: [coder] Starting agent query stream...
2026-07-24 17:29:26 [DEBUG] coder_eval.agents.claude_code_agent: [coder] session_id changed: None -> 5c3ceb29-5a2d-4496-859f-ce386df13b66
2026-07-24 17:29:26 [DEBUG] coder_eval.agents.claude_code_agent: [coder] Agent query stream ended
2026-07-24 17:29:26 [DEBUG] coder_eval.utils: Resolved @uipath plugin-tools dir=/usr/lib/node_modules/@uipath from `uip` at /usr/lib/node_modules/@uipath/cli/dist/index.js
2026-07-24 17:29:26 [DEBUG] coder_eval.orchestrator: Agent response received (7070 chars)
2026-07-24 17:29:26 [DEBUG] coder_eval.orchestrator: Checking success criteria
2026-07-24 17:29:26 [DEBUG] coder_eval.evaluation.checker: Criterion 'command_executed' score: 1.00
2026-07-24 17:29:26 [DEBUG] coder_eval.criteria.run_command: Running command for criterion 'Agent added an IxP or core.logic.mock placeholder node to a .flow file (per references/plugins/ixp/impl.md)': grep -rqE "\"type\"[[:space:]]*:[[:space:]]*\"(uipath\.ixp|core\.logic\.mock)" --include="*.flow" .
2026-07-24 17:29:26 [DEBUG] coder_eval.sandbox: Command 'grep -rqE "\"type\"[[:space:]]*:[[:space:]]*\"(uipath\.ixp|core\.logic\.mock)" --include="*.flow" .' exited with code 0
2026-07-24 17:29:26 [DEBUG] coder_eval.evaluation.checker: Criterion 'run_command' score: 1.00
2026-07-24 17:29:26 [INFO] coder_eval.orchestrator: Success criteria: 2/2 passed, weighted score: 1.000
2026-07-24 17:29:26 [DEBUG] coder_eval.utils: Resolved @uipath plugin-tools dir=/usr/lib/node_modules/@uipath from `uip` at /usr/lib/node_modules/@uipath/cli/dist/index.js
2026-07-24 17:29:26 [INFO] coder_eval.orchestrator: Running post-run command: find . -maxdepth 5 -type d \( -name node_modules -o -name .npm-prefix -o -name .venv \) -prune -exec rm -rf {} +
2026-07-24 17:29:26 [INFO] coder_eval.orchestrator: Sandbox preserved (in-place): /work/output/artifacts/skill-flow-ixp-routing/explicit
2026-07-24 17:29:26 [INFO] coder_eval.orchestrator: Task finished: status=SUCCESS duration=270.0s score=1.000 iterations=1
