2026-07-24 17:16:09 [DEBUG] coder_eval.utils: Resolved @uipath plugin-tools dir=/usr/lib/node_modules/@uipath from `uip` at /usr/lib/node_modules/@uipath/cli/dist/index.js
2026-07-24 17:16:09 [INFO] coder_eval.orchestrator: API routing: aws_bedrock
2026-07-24 17:16:09 [DEBUG] coder_eval.criteria: Discovered 14 criterion checkers
2026-07-24 17:16:09 [DEBUG] coder_eval.criteria: Validated 14 criterion checkers
2026-07-24 17:16:09 [DEBUG] coder_eval.utils: Resolved @uipath plugin-tools dir=/usr/lib/node_modules/@uipath from `uip` at /usr/lib/node_modules/@uipath/cli/dist/index.js
2026-07-24 17:16:09 [INFO] coder_eval.orchestrator: Running pre-run command: python3 $SKILLS_REPO_PATH/tests/tasks/uipath-maestro-flow/e2e/jira_search_triage/seed_jira.py
2026-07-24 17:16:20 [INFO] coder_eval.orchestrator: [pre_run stdout] OK: seeded 2 issues ['CE-152', 'CE-153'] (tag=bf3cd48a) for JQL search
2026-07-24 17:16:20 [DEBUG] coder_eval.orchestrator: Sending prompt: Create a new Flow project called "JiraSearchTriage" with a manual trigger.

Read `seed.json` in the ...
2026-07-24 17:16:20 [DEBUG] coder_eval.agents.claude_code_agent: [coder] Starting agent query stream...
2026-07-24 17:22:33 [DEBUG] coder_eval.agents.claude_code_agent: [coder] session_id changed: None -> 8b3edfc1-abaf-468d-8bec-6e355cefff3f
2026-07-24 17:22:33 [DEBUG] coder_eval.agents.claude_code_agent: [coder] Agent query stream ended
2026-07-24 17:22:33 [DEBUG] coder_eval.utils: Resolved @uipath plugin-tools dir=/usr/lib/node_modules/@uipath from `uip` at /usr/lib/node_modules/@uipath/cli/dist/index.js
2026-07-24 17:22:33 [DEBUG] coder_eval.orchestrator: Agent response received (5483 chars)
2026-07-24 17:22:33 [DEBUG] coder_eval.orchestrator: Checking success criteria
2026-07-24 17:22:33 [DEBUG] coder_eval.evaluation.checker: Criterion 'command_executed' score: 1.00
2026-07-24 17:22:33 [DEBUG] coder_eval.criteria.run_command: Running command for criterion 'JiraSearchTriage checks: valid flow with a JQL search feeding a loop of Add-Comment, debug completes, and both seeded issues carry the triage comment': python3 $TASK_DIR/check_jira_search_triage.py
2026-07-24 17:22:52 [DEBUG] coder_eval.sandbox: Command 'python3 $TASK_DIR/check_jira_search_triage.py' exited with code 1
2026-07-24 17:22:52 [DEBUG] coder_eval.sandbox: STDOUT:
---
OK: flow references uipath-atlassian-jira
OK: flow references a JQL search op and a loop node
---
2026-07-24 17:22:52 [DEBUG] coder_eval.sandbox: STDERR:
---
FAIL: flow debug exit 1
stdout: {
  "Result": "Failure",
  "Code": "FlowDebug",
  "Message": "Debug session Faulted. [400008] Failed to evaluate the input collection variable for the marker element (element loop1)",
  "Instructions": "Incident(s):\n  - [400008] Failed to evaluate the input collection variable for the marker element (element loop1)\nRun 'uip maestro flow debug-instance incidents 651d53e0-fc3d-42b6-884f-aee0e5170c1b' for the full backend payload (incidentId, errorDetails, AI summary). traceId=651d53e0fc3d42b6884faee0e5170c1b.",
  "Context": {
    "ErrorCode": "400008",
    "TraceId": "651d53e0fc3d42b6884faee0e5170c1b"
  },
  "Data": {
    "jobKey": "651d53e0-fc3d-42b6-884f-aee0e5170c1b",
    "instanceId": "651d53e0-fc3d-42b6-884f-aee0e5170c1b",
    "runId": "019f9526-9f91-73bb-b6f6-4313ca7a6c68",
    "folderKey": "410fae2d-89b3-4cd1-a991-7359bda90c0b",
    "finalStatus": "Faulted",
    "solutionId": "cddba842-2fd4-405b-144a-08dee9a2709e",
    "studioWebUrl": "https://alpha.uipath.com/codereval/studio_/designer/76fc9962-7263-4fd2-ba0b-cc20b67db75b?solutionId=cddba842-2fd4-405b-144a-08dee9a2709e",
    "elementExecutions": [
      {
        "elementId": "start",
        "elementType": "StartEvent",
        "status": "Completed",
        "startedAt": "2026-07-24T17:22:47.8983323Z",
        "completedAt": "2026-07-24T17:22:48.2982671Z"
      },
      {
        "elementId": "searchIssuesByJql1",
        "elementType": "SendTask",
        "status": "Completed",
        "startedAt": "2026-07-24T17:22:48.5978467Z",
        "completedAt": "2026-07-24T17:22:49.9264808Z"
      },
      {
        "elementId": "loop1",
        "elementType": "SubProcess",
        "status": "Failed",
        "startedAt": "2026-07-24T17:22:50.3115821Z"
      }
    ],
    "variables": {
      "elements": [
        {
          "elementId": "start",
          "elementRunId": "10f28cd8-1e41-4ac9-b2a0-8ed7d6fa255f",
          "isMarker": false,
          "inputs": {},
          "inputDefinitions": {},
          "outputs": {}
        },
        {
          "elementId": "searchIssuesByJql1",
          "elementRunId": "1208ddd7-bbb3-4936-b495-2e2c0fef062b",
          "isMarker": false,
          "inputs": {
            "queryParameters": {
              "jql": "project = CE AND summary ~ \"bf3cd48a\""
            }
          },
          "inputDefinitions": {},
          "outputs": {
            "response": [
              {
                "self": "https://api.atlassian.com/ex/jira/f2c10d6a-7a1c-4934-a500-dcd95b517cdf/rest/api/2/issue/251406",
                "expand": "renderedFields,names,schema,operations,editmeta,changelog,versionedRepresentations",
                "id": "251406",
                "fields": {
                  "aggregateprogress": {
                    "progress": 0,
                    "total": 0
                  },
                  "comment": {
                    "maxResults": 0,
                    "self": "https://api.atlassian.com/ex/jira/f2c10d6a-7a1c-4934-a500-dcd95b517cdf/rest/api/2/issue/251406/comment",
                    "startAt": 0,
                    "total": 0
                  },
                  "created": "2026-07-24T17:16:19.417+00:00",
                  "creator": {
                    "accountId": "712020:b53bf3dc-8817-419e-99e1-5670aeb7ffe6",
                    "accountType": "atlassian",
                    "active": true,
                    "avatarUrls": {
                      "16x16": "https://secure.gravatar.com/avatar/3d0aa8b78ffd977d742893bc3016b084?d=https%3A%2F%2Favatar-management--avatars.us-west-2.prod.public.atl-paas.net%2Finitials%2FI-5.png",
                      "24x24": "https://secure.gravatar.com/avatar/3d0aa8b78ffd977d742893bc3016b084?d=https%3A%2F%2Favatar-management--avatars.us-west-2.prod.public.atl-paas.net%2Finitials%2FI-5.png",
                      "32x32": "https://secure.gravatar.com/avatar/3d0aa8b78ffd977d742893bc3016b084?d=https%3A%2F%2Favatar-management--avatars.us-west-2.prod.public.atl-paas.net%2Finitials%2FI-5.png",
                      "48x48": "https://secure.gravatar.com/avatar/3d0aa8b78ffd977d742893bc3016b084?d=https%3A%2F%2Favatar-management--avatars.us-west-2.prod.public.atl-paas.net%2Finitials%2FI-5.png"
                    },
                    "displayName": "is-sandboxes-test@uipath.com",
                    "emailAddress": "is-sandboxes-test@uipath.com",
                    "self": "https://api.atlassian.com/ex/jira/f2c10d6a-7a1c-4934-a500-dcd95b517cdf/rest/api/2/user?accountId=712020%3Ab53bf3dc-8817-419e-99e1-5670aeb7ffe6",
                    "timeZone": "UTC"
                  },
                  "issuetype": {
                    "avatarId": 10318,
                    "description": "A small, distinct piece of work.",
                    "entityId": "fe539ac2-a4c7-4e7e-a548-04817d49a0d7",
                    "hierarchyLevel": 0,
                    "iconUrl": "https://api.atlassian.com/ex/jira/f2c10d6a-7a1c-4934-a500-dcd95b517cdf/rest/api/2/universal_avatar/view/type/issuetype/avatar/10318?size=medium",
                    "id": "11457",
                    "name": "Task",
                    "self": "https://api.atlassian.com/ex/jira/f2c10d6a-7a1c-4934-a500-dcd95b517cdf/rest/api/2/issuetype/11457",
                    "subtask": false
                  },
                  "priority": {
                    "iconUrl": "https://uipath-sandbox-380.atlassian.net/images/icons/priorities/medium_new.svg",
                    "id": "3",
                    "name": "Medium",
                    "self": "https://api.atlassian.com/ex/jira/f2c10d6a-7a1c-4934-a500-dcd95b517cdf/rest/api/2/priority/3"
                  },
                  "progress": {
                    "progress": 0,
                    "total": 0
                  },
                  "project": {
                    "avatarUrls": {
                      "16x16": "https://api.atlassian.com/ex/jira/f2c10d6a-7a1c-4934-a500-dcd95b517cdf/rest/api/2/universal_avatar/view/type/project/avatar/10402?size=xsmall",
                      "24x24": "https://api.atlassian.com/ex/jira/f2c10d6a-7a1c-4934-a500-dcd95b517cdf/rest/api/2/universal_avatar/view/type/project/avatar/10402?size=small",
                      "32x32": "https://api.atlassian.com/ex/jira/f2c10d6a-7a1c-4934-a500-dcd95b517cdf/rest/api/2/universal_avatar/view/type/project/avatar/10402?size=medium",
                      "48x48": "https://api.atlassian.com/ex/jira/f2c10d6a-7a1c-4934-a500-dcd95b517cdf/rest/api/2/universal_avatar/view/type/project/avatar/10402"
                    },
                    "id": "11814",
                    "key": "CE",
                    "name": "Coder Eval",
                    "projectTypeKey": "business",
                    "self": "https://api.atlassian.com/ex/jira/f2c10d6a-7a1c-4934-a500-dcd95b517cdf/rest/api/2/project/11814",
                    "simplified": true
                  },
                  "rank_Customfield10019": "0|i12d8f:",
                  "reporter": {
                    "accountId": "712020:b53bf3dc-8817-419e-99e1-5670aeb7ffe6",
                    "accountType": "atlassian",
                    "active": true,
                    "avatarUrls": {
                      "16x16": "https://secure.gravatar.com/avatar/3d0aa8b78ffd977d742893bc3016b084?d=https%3A%2F%2Favatar-management--avatars.us-west-2.prod.public.atl-paas.net%2Finitials%2FI-5.png",
                      "24x24": "https://secure.gravatar.com/avatar/3d0aa8b78ffd977d742893bc3016b084?d=https%3A%2F%2Favatar-management--avatars.us-west-2.prod.public.atl-paas.net%2Finitials%2FI-5.png",
                      "32x32": "https://secure.gravatar.com/avatar/3d0aa8b78ffd977d742893bc3016b084?d=https%3A%2F%2Favatar-management--avatars.us-west-2.prod.public.atl-paas.net%2Finitials%2FI-5.png",
                      "48x48": "https://secure.gravatar.com/avatar/3d0aa8b78ffd977d742893bc3016b084?d=https%3A%2F%2Favatar-management--avatars.us-west-2.prod.public.atl-paas.net%2Finitials%2FI-5.png"
                    },
                    "displayName": "is-sandboxes-test@uipath.com",
                    "emailAddress": "is-sandboxes-test@uipath.com",
                    "self": "https://api.atlassian.com/ex/jira/f2c10d6a-7a1c-4934-a500-dcd95b517cdf/rest/api/2/user?accountId=712020%3Ab53bf3dc-8817-419e-99e1-5670aeb7ffe6",
                    "timeZone": "UTC"
                  },
                  "status": {
                    "description": "",
                    "iconUrl": "https://uipath-sandbox-380.atlassian.net/images/icons/statuses/generic.png",
                    "id": "11450",
                    "name": "To Do",
                    "self": "https://api.atlassian.com/ex/jira/f2c10d6a-7a1c-4934-a500-dcd95b517cdf/rest/api/2/status/11450",
                    "statusCategory": {
                      "colorName": "blue-gray",
                      "id": 2,
                      "key": "new",
                      "name": "To Do",
                      "self": "https://api.atlassian.com/ex/jira/f2c10d6a-7a1c-4934-a500-dcd95b517cdf/rest/api/2/statuscategory/2"
                    }
                  },
                  "statusCategory": {
                    "colorName": "blue-gray",
                    "id": 2,
                    "key": "new",
                    "name": "To Do",
                    "self": "https://api.atlassian.com/ex/jira/f2c10d6a-7a1c-4934-a500-dcd95b517cdf/rest/api/2/statuscategory/2"
                  },
                  "statuscategorychangedate": "2026-07-24T17:16:19.718+00:00",
                  "summary": "coder-eval jira search-triage bf3cd48a #2",
                  "updated": "2026-07-24T17:16:19.496+00:00",
                  "votes": {
                    "hasVoted": false,
                    "self": "https://api.atlassian.com/ex/jira/f2c10d6a-7a1c-4934-a500-dcd95b517cdf/rest/api/2/issue/CE-153/votes",
                    "votes": 0
                  },
                  "watches": {
                    "isWatching": true,
                    "self": "https://api.atlassian.com/ex/jira/f2c10d6a-7a1c-4934-a500-dcd95b517cdf/rest/api/2/issue/CE-153/watchers",
                    "watchCount": 1
                  },
                  "worklog": {
                    "maxResults": 20,
                    "startAt": 0,
                    "total": 0
                  },
                  "workratio": -1
                },
                "key": "CE-153"
              },
              {
                "self": "https://api.atlassian.com/ex/jira/f2c10d6a-7a1c-4934-a500-dcd95b517cdf/rest/api/2/issue/251405",
                "expand": "renderedFields,names,schema,operations,editmeta,changelog,versionedRepresentations",
                "id": "251405",
                "fields": {
                  "aggregateprogress": {
                    "progress": 0,
                    "total": 0
                  },
                  "comment": {
                    "maxResults": 0,
                    "self": "https://api.atlassian.com/ex/jira/f2c10d6a-7a1c-4934-a500-dcd95b517cdf/rest/api/2/issue/251405/comment",
                    "startAt": 0,
                    "total": 0
                  },
                  "created": "2026-07-24T17:16:16.804+00:00",
                  "creator": {
                    "accountId": "712020:b53bf3dc-8817-419e-99e1-5670aeb7ffe6",
                    "accountType": "atlassian",
                    "active": true,
                    "avatarUrls": {
                      "16x16": "https://secure.gravatar.com/avatar/3d0aa8b78ffd977d742893bc3016b084?d=https%3A%2F%2Favatar-management--avatars.us-west-2.prod.public.atl-paas.net%2Finitials%2FI-5.png",
                      "24x24": "https://secure.gravatar.com/avatar/3d0aa8b78ffd977d742893bc3016b084?d=https%3A%2F%2Favatar-management--avatars.us-west-2.prod.public.atl-paas.net%2Finitials%2FI-5.png",
                      "32x32": "https://secure.gravatar.com/avatar/3d0aa8b78ffd977d742893bc3016b084?d=https%3A%2F%2Favatar-management--avatars.us-west-2.prod.public.atl-paas.net%2Finitials%2FI-5.png",
                      "48x48": "https://secure.gravatar.com/avatar/3d0aa8b78ffd977d742893bc3016b084?d=https%3A%2F%2Favatar-management--avatars.us-west-2.prod.public.atl-paas.net%2Finitials%2FI-5.png"
                    },
                    "displayName": "is-sandboxes-test@uipath.com",
                    "emailAddress": "is-sandboxes-test@uipath.com",
                    "self": "https://api.atlassian.com/ex/jira/f2c10d6a-7a1c-4934-a500-dcd95b517cdf/rest/api/2/user?accountId=712020%3Ab53bf3dc-8817-419e-99e1-5670aeb7ffe6",
                    "timeZone": "UTC"
                  },
                  "issuetype": {
                    "avatarId": 10318,
                    "description": "A small, distinct piece of work.",
                    "entityId": "fe539ac2-a4c7-4e7e-a548-04817d49a0d7",
                    "hierarchyLevel": 0,
                    "iconUrl": "https://api.atlassian.com/ex/jira/f2c10d6a-7a1c-4934-a500-dcd95b517cdf/rest/api/2/universal_avatar/view/type/issuetype/avatar/10318?size=medium",
                    "id": "11457",
                    "name": "Task",
                    "self": "https://api.atlassian.com/ex/jira/f2c10d6a-7a1c-4934-a500-dcd95b517cdf/rest/api/2/issuetype/11457",
                    "subtask": false
                  },
                  "priority": {
                    "iconUrl": "https://uipath-sandbox-380.atlassian.net/images/icons/priorities/medium_new.svg",
                    "id": "3",
                    "name": "Medium",
                    "self": "https://api.atlassian.com/ex/jira/f2c10d6a-7a1c-4934-a500-dcd95b517cdf/rest/api/2/priority/3"
                  },
                  "progress": {
                    "progress": 0,
                    "total": 0
                  },
                  "project": {
                    "avatarUrls": {
                      "16x16": "https://api.atlassian.com/ex/jira/f2c10d6a-7a1c-4934-a500-dcd95b517cdf/rest/api/2/universal_avatar/view/type/project/avatar/10402?size=xsmall",
                      "24x24": "https://api.atlassian.com/ex/jira/f2c10d6a-7a1c-4934-a500-dcd95b517cdf/rest/api/2/universal_avatar/view/type/project/avatar/10402?size=small",
                      "32x32": "https://api.atlassian.com/ex/jira/f2c10d6a-7a1c-4934-a500-dcd95b517cdf/rest/api/2/universal_avatar/view/type/project/avatar/10402?size=medium",
                      "48x48": "https://api.atlassian.com/ex/jira/f2c10d6a-7a1c-4934-a500-dcd95b517cdf/rest/api/2/universal_avatar/view/type/project/avatar/10402"
                    },
                    "id": "11814",
                    "key": "CE",
                    "name": "Coder Eval",
                    "projectTypeKey": "business",
                    "self": "https://api.atlassian.com/ex/jira/f2c10d6a-7a1c-4934-a500-dcd95b517cdf/rest/api/2/project/11814",
                    "simplified": true
                  },
                  "rank_Customfield10019": "0|i12d87:",
                  "reporter": {
                    "accountId": "712020:b53bf3dc-8817-419e-99e1-5670aeb7ffe6",
                    "accountType": "atlassian",
                    "active": true,
                    "avatarUrls": {
                      "16x16": "https://secure.gravatar.com/avatar/3d0aa8b78ffd977d742893bc3016b084?d=https%3A%2F%2Favatar-management--avatars.us-west-2.prod.public.atl-paas.net%2Finitials%2FI-5.png",
                      "24x24": "https://secure.gravatar.com/avatar/3d0aa8b78ffd977d742893bc3016b084?d=https%3A%2F%2Favatar-management--avatars.us-west-2.prod.public.atl-paas.net%2Finitials%2FI-5.png",
                      "32x32": "https://secure.gravatar.com/avatar/3d0aa8b78ffd977d742893bc3016b084?d=https%3A%2F%2Favatar-management--avatars.us-west-2.prod.public.atl-paas.net%2Finitials%2FI-5.png",
                      "48x48": "https://secure.gravatar.com/avatar/3d0aa8b78ffd977d742893bc3016b084?d=https%3A%2F%2Favatar-management--avatars.us-west-2.prod.public.atl-paas.net%2Finitials%2FI-5.png"
                    },
                    "displayName": "is-sandboxes-test@uipath.com",
                    "emailAddress": "is-sandboxes-test@uipath.com",
                    "self": "https://api.atlassian.com/ex/jira/f2c10d6a-7a1c-4934-a500-dcd95b517cdf/rest/api/2/user?accountId=712020%3Ab53bf3dc-8817-419e-99e1-5670aeb7ffe6",
                    "timeZone": "UTC"
                  },
                  "status": {
                    "description": "",
                    "iconUrl": "https://uipath-sandbox-380.atlassian.net/images/icons/statuses/generic.png",
                    "id": "11450",
                    "name": "To Do",
                    "self": "https://api.atlassian.com/ex/jira/f2c10d6a-7a1c-4934-a500-dcd95b517cdf/rest/api/2/status/11450",
                    "statusCategory": {
                      "colorName": "blue-gray",
                      "id": 2,
                      "key": "new",
                      "name": "To Do",
                      "self": "https://api.atlassian.com/ex/jira/f2c10d6a-7a1c-4934-a500-dcd95b517cdf/rest/api/2/statuscategory/2"
                    }
                  },
                  "statusCategory": {
                    "colorName": "blue-gray",
                    "id": 2,
                    "key": "new",
                    "name": "To Do",
                    "self": "https://api.atlassian.com/ex/jira/f2c10d6a-7a1c-4934-a500-dcd95b517cdf/rest/api/2/statuscategory/2"
                  },
                  "statuscategorychangedate": "2026-07-24T17:16:17.146+00:00",
                  "summary": "coder-eval jira search-triage bf3cd48a #1",
                  "updated": "2026-07-24T17:16:16.885+00:00",
                  "votes": {
                    "hasVoted": false,
                    "self": "https://api.atlassian.com/ex/jira/f2c10d6a-7a1c-4934-a500-dcd95b517cdf/rest/api/2/issue/CE-152/votes",
                    "votes": 0
                  },
                  "watches": {
                    "isWatching": true,
                    "self": "https://api.atlassian.com/ex/jira/f2c10d6a-7a1c-4934-a500-dcd95b517cdf/rest/api/2/issue/CE-152/watchers",
                    "watchCount": 1
                  },
                  "worklog": {
                    "maxResults": 20,
                    "startAt": 0,
                    "total": 0
                  },
                  "workratio": -1
                },
                "key": "CE-152"
              }
            ]
          }
        }
      ],
      "globals": {
        "searchIssuesByJql1.output": [
          {
            "self": "https://api.atlassian.com/ex/jira/f2c10d6a-7a1c-4934-a500-dcd95b517cdf/rest/api/2/issue/251406",
            "expand": "renderedFields,names,schema,operations,editmeta,changelog,versionedRepresentations",
            "id": "251406",
            "fields": {
              "project": {
                "avatarUrls": {
                  "16x16": "https://api.atlassian.com/ex/jira/f2c10d6a-7a1c-4934-a500-dcd95b517cdf/rest/api/2/universal_avatar/view/type/project/avatar/10402?size=xsmall",
                  "24x24": "https://api.atlassian.com/ex/jira/f2c10d6a-7a1c-4934-a500-dcd95b517cdf/rest/api/2/universal_avatar/view/type/project/avatar/10402?size=small",
                  "32x32": "https://api.atlassian.com/ex/jira/f2c10d6a-7a1c-4934-a500-dcd95b517cdf/rest/api/2/universal_avatar/view/type/project/avatar/10402?size=medium",
                  "48x48": "https://api.atlassian.com/ex/jira/f2c10d6a-7a1c-4934-a500-dcd95b517cdf/rest/api/2/universal_avatar/view/type/project/avatar/10402"
                },
                "id": "11814",
                "key": "CE",
                "name": "Coder Eval",
                "projectTypeKey": "business",
                "self": "https://api.atlassian.com/ex/jira/f2c10d6a-7a1c-4934-a500-dcd95b517cdf/rest/api/2/project/11814",
                "simplified": true
              },
              "rank_Customfield10019": "0|i12d8f:",
              "creator": {
                "accountId": "712020:b53bf3dc-8817-419e-99e1-5670aeb7ffe6",
                "accountType": "atlassian",
                "active": true,
                "avatarUrls": {
                  "16x16": "https://secure.gravatar.com/avatar/3d0aa8b78ffd977d742893bc3016b084?d=https%3A%2F%2Favatar-management--avatars.us-west-2.prod.public.atl-paas.net%2Finitials%2FI-5.png",
                  "24x24": "https://secure.gravatar.com/avatar/3d0aa8b78ffd977d742893bc3016b084?d=https%3A%2F%2Favatar-management--avatars.us-west-2.prod.public.atl-paas.net%2Finitials%2FI-5.png",
                  "32x32": "https://secure.gravatar.com/avatar/3d0aa8b78ffd977d742893bc3016b084?d=https%3A%2F%2Favatar-management--avatars.us-west-2.prod.public.atl-paas.net%2Finitials%2FI-5.png",
                  "48x48": "https://secure.gravatar.com/avatar/3d0aa8b78ffd977d742893bc3016b084?d=https%3A%2F%2Favatar-management--avatars.us-west-2.prod.public.atl-paas.net%2Finitials%2FI-5.png"
                },
                "displayName": "is-sandboxes-test@uipath.com",
                "emailAddress": "is-sandboxes-test@uipath.com",
                "self": "https://api.atlassian.com/ex/jira/f2c10d6a-7a1c-4934-a500-dcd95b517cdf/rest/api/2/user?accountId=712020%3Ab53bf3dc-8817-419e-99e1-5670aeb7ffe6",
                "timeZone": "UTC"
              },
              "status": {
                "description": "",
                "iconUrl": "https://uipath-sandbox-380.atlassian.net/images/icons/statuses/generic.png",
                "id": "11450",
                "name": "To Do",
                "self": "https://api.atlassian.com/ex/jira/f2c10d6a-7a1c-4934-a500-dcd95b517cdf/rest/api/2/status/11450",
                "statusCategory": {
                  "colorName": "blue-gray",
                  "id": 2,
                  "key": "new",
                  "name": "To Do",
                  "self": "https://api.atlassian.com/ex/jira/f2c10d6a-7a1c-4934-a500-dcd95b517cdf/rest/api/2/statuscategory/2"
                }
              },
              "workratio": -1,
              "created": "2026-07-24T17:16:19.417+00:00",
              "reporter": {
                "accountId": "712020:b53bf3dc-8817-419e-99e1-5670aeb7ffe6",
                "accountType": "atlassian",
                "active": true,
                "avatarUrls": {
                  "16x16": "https://secure.gravatar.com/avatar/3d0aa8b78ffd977d742893bc3016b084?d=https%3A%2F%2Favatar-management--avatars.us-west-2.prod.public.atl-paas.net%2Finitials%2FI-5.png",
                  "24x24": "https://secure.gravatar.com/avatar/3d0aa8b78ffd977d742893bc3016b084?d=https%3A%2F%2Favatar-management--avatars.us-west-2.prod.public.atl-paas.net%2Finitials%2FI-5.png",
                  "32x32": "https://secure.gravatar.com/avatar/3d0aa8b78ffd977d742893bc3016b084?d=https%3A%2F%2Favatar-management--avatars.us-west-2.prod.public.atl-paas.net%2Finitials%2FI-5.png",
                  "48x48": "https://secure.gravatar.com/avatar/3d0aa8b78ffd977d742893bc3016b084?d=https%3A%2F%2Favatar-management--avatars.us-west-2.prod.public.atl-paas.net%2Finitials%2FI-5.png"
                },
                "displayName": "is-sandboxes-test@uipath.com",
                "emailAddress": "is-sandboxes-test@uipath.com",
                "self": "https://api.atlassian.com/ex/jira/f2c10d6a-7a1c-4934-a500-dcd95b517cdf/rest/api/2/user?accountId=712020%3Ab53bf3dc-8817-419e-99e1-5670aeb7ffe6",
                "timeZone": "UTC"
              },
              "watches": {
                "isWatching": true,
                "self": "https://api.atlassian.com/ex/jira/f2c10d6a-7a1c-4934-a500-dcd95b517cdf/rest/api/2/issue/CE-153/watchers",
                "watchCount": 1
              },
              "updated": "2026-07-24T17:16:19.496+00:00",
              "aggregateprogress": {
                "progress": 0,
                "total": 0
              },
              "progress": {
                "progress": 0,
                "total": 0
              },
              "statusCategory": {
                "colorName": "blue-gray",
                "id": 2,
                "key": "new",
                "name": "To Do",
                "self": "https://api.atlassian.com/ex/jira/f2c10d6a-7a1c-4934-a500-dcd95b517cdf/rest/api/2/statuscategory/2"
              },
              "statuscategorychangedate": "2026-07-24T17:16:19.718+00:00",
              "issuetype": {
                "avatarId": 10318,
                "description": "A small, distinct piece of work.",
                "entityId": "fe539ac2-a4c7-4e7e-a548-04817d49a0d7",
                "hierarchyLevel": 0,
                "iconUrl": "https://api.atlassian.com/ex/jira/f2c10d6a-7a1c-4934-a500-dcd95b517cdf/rest/api/2/universal_avatar/view/type/issuetype/avatar/10318?size=medium",
                "id": "11457",
                "name": "Task",
                "self": "https://api.atlassian.com/ex/jira/f2c10d6a-7a1c-4934-a500-dcd95b517cdf/rest/api/2/issuetype/11457",
                "subtask": false
              },
              "summary": "coder-eval jira search-triage bf3cd48a #2",
              "worklog": {
                "maxResults": 20,
                "startAt": 0,
                "total": 0
              },
              "votes": {
                "hasVoted": false,
                "self": "https://api.atlassian.com/ex/jira/f2c10d6a-7a1c-4934-a500-dcd95b517cdf/rest/api/2/issue/CE-153/votes",
                "votes": 0
              },
              "priority": {
                "iconUrl": "https://uipath-sandbox-380.atlassian.net/images/icons/priorities/medium_new.svg",
                "id": "3",
                "name": "Medium",
                "self": "https://api.atlassian.com/ex/jira/f2c10d6a-7a1c-4934-a500-dcd95b517cdf/rest/api/2/priority/3"
              },
              "comment": {
                "maxResults": 0,
                "self": "https://api.atlassian.com/ex/jira/f2c10d6a-7a1c-4934-a500-dcd95b517cdf/rest/api/2/issue/251406/comment",
                "startAt": 0,
                "total": 0
              }
            },
            "key": "CE-153"
          },
          {
            "self": "https://api.atlassian.com/ex/jira/f2c10d6a-7a1c-4934-a500-dcd95b517cdf/rest/api/2/issue/251405",
            "expand": "renderedFields,names,schema,operations,editmeta,changelog,versionedRepresentations",
            "id": "251405",
            "fields": {
              "project": {
                "avatarUrls": {
                  "16x16": "https://api.atlassian.com/ex/jira/f2c10d6a-7a1c-4934-a500-dcd95b517cdf/rest/api/2/universal_avatar/view/type/project/avatar/10402?size=xsmall",
                  "24x24": "https://api.atlassian.com/ex/jira/f2c10d6a-7a1c-4934-a500-dcd95b517cdf/rest/api/2/universal_avatar/view/type/project/avatar/10402?size=small",
                  "32x32": "https://api.atlassian.com/ex/jira/f2c10d6a-7a1c-4934-a500-dcd95b517cdf/rest/api/2/universal_avatar/view/type/project/avatar/10402?size=medium",
                  "48x48": "https://api.atlassian.com/ex/jira/f2c10d6a-7a1c-4934-a500-dcd95b517cdf/rest/api/2/universal_avatar/view/type/project/avatar/10402"
                },
                "id": "11814",
                "key": "CE",
                "name": "Coder Eval",
                "projectTypeKey": "business",
                "self": "https://api.atlassian.com/ex/jira/f2c10d6a-7a1c-4934-a500-dcd95b517cdf/rest/api/2/project/11814",
                "simplified": true
              },
              "rank_Customfield10019": "0|i12d87:",
              "creator": {
                "accountId": "712020:b53bf3dc-8817-419e-99e1-5670aeb7ffe6",
                "accountType": "atlassian",
                "active": true,
                "avatarUrls": {
                  "16x16": "https://secure.gravatar.com/avatar/3d0aa8b78ffd977d742893bc3016b084?d=https%3A%2F%2Favatar-management--avatars.us-west-2.prod.public.atl-paas.net%2Finitials%2FI-5.png",
                  "24x24": "https://secure.gravatar.com/avatar/3d0aa8b78ffd977d742893bc3016b084?d=https%3A%2F%2Favatar-management--avatars.us-west-2.prod.public.atl-paas.net%2Finitials%2FI-5.png",
                  "32x32": "https://secure.gravatar.com/avatar/3d0aa8b78ffd977d742893bc3016b084?d=https%3A%2F%2Favatar-management--avatars.us-west-2.prod.public.atl-paas.net%2Finitials%2FI-5.png",
                  "48x48": "https://secure.gravatar.com/avatar/3d0aa8b78ffd977d742893bc3016b084?d=https%3A%2F%2Favatar-management--avatars.us-west-2.prod.public.atl-paas.net%2Finitials%2FI-5.png"
                },
                "displayName": "is-sandboxes-test@uipath.com",
                "emailAddress": "is-sandboxes-test@uipath.com",
                "self": "https://api.atlassian.com/ex/jira/f2c10d6a-7a1c-4934-a500-dcd95b517cdf/rest/api/2/user?accountId=712020%3Ab53bf3dc-8817-419e-99e1-5670aeb7ffe6",
                "timeZone": "UTC"
              },
              "status": {
                "description": "",
                "iconUrl": "https://uipath-sandbox-380.atlassian.net/images/icons/statuses/generic.png",
                "id": "11450",
                "name": "To Do",
                "self": "https://api.atlassian.com/ex/jira/f2c10d6a-7a1c-4934-a500-dcd95b517cdf/rest/api/2/status/11450",
                "statusCategory": {
                  "colorName": "blue-gray",
                  "id": 2,
                  "key": "new",
                  "name": "To Do",
                  "self": "https://api.atlassian.com/ex/jira/f2c10d6a-7a1c-4934-a500-dcd95b517cdf/rest/api/2/statuscategory/2"
                }
              },
              "workratio": -1,
              "created": "2026-07-24T17:16:16.804+00:00",
              "reporter": {
                "accountId": "712020:b53bf3dc-8817-419e-99e1-5670aeb7ffe6",
                "accountType": "atlassian",
                "active": true,
                "avatarUrls": {
                  "16x16": "https://secure.gravatar.com/avatar/3d0aa8b78ffd977d742893bc3016b084?d=https%3A%2F%2Favatar-management--avatars.us-west-2.prod.public.atl-paas.net%2Finitials%2FI-5.png",
                  "24x24": "https://secure.gravatar.com/avatar/3d0aa8b78ffd977d742893bc3016b084?d=https%3A%2F%2Favatar-management--avatars.us-west-2.prod.public.atl-paas.net%2Finitials%2FI-5.png",
                  "32x32": "https://secure.gravatar.com/avatar/3d0aa8b78ffd977d742893bc3016b084?d=https%3A%2F%2Favatar-management--avatars.us-west-2.prod.public.atl-paas.net%2Finitials%2FI-5.png",
                  "48x48": "https://secure.gravatar.com/avatar/3d0aa8b78ffd977d742893bc3016b084?d=https%3A%2F%2Favatar-management--avatars.us-west-2.prod.public.atl-paas.net%2Finitials%2FI-5.png"
                },
                "displayName": "is-sandboxes-test@uipath.com",
                "emailAddress": "is-sandboxes-test@uipath.com",
                "self": "https://api.atlassian.com/ex/jira/f2c10d6a-7a1c-4934-a500-dcd95b517cdf/rest/api/2/user?accountId=712020%3Ab53bf3dc-8817-419e-99e1-5670aeb7ffe6",
                "timeZone": "UTC"
              },
              "watches": {
                "isWatching": true,
                "self": "https://api.atlassian.com/ex/jira/f2c10d6a-7a1c-4934-a500-dcd95b517cdf/rest/api/2/issue/CE-152/watchers",
                "watchCount": 1
              },
              "updated": "2026-07-24T17:16:16.885+00:00",
              "aggregateprogress": {
                "progress": 0,
                "total": 0
              },
              "progress": {
                "progress": 0,
                "total": 0
              },
              "statusCategory": {
                "colorName": "blue-gray",
                "id": 2,
                "key": "new",
                "name": "To Do",
                "self": "https://api.atlassian.com/ex/jira/f2c10d6a-7a1c-4934-a500-dcd95b517cdf/rest/api/2/statuscategory/2"
              },
              "statuscategorychangedate": "2026-07-24T17:16:17.146+00:00",
              "issuetype": {
                "avatarId": 10318,
                "description": "A small, distinct piece of work.",
                "entityId": "fe539ac2-a4c7-4e7e-a548-04817d49a0d7",
                "hierarchyLevel": 0,
                "iconUrl": "https://api.atlassian.com/ex/jira/f2c10d6a-7a1c-4934-a500-dcd95b517cdf/rest/api/2/universal_avatar/view/type/issuetype/avatar/10318?size=medium",
                "id": "11457",
                "name": "Task",
                "self": "https://api.atlassian.com/ex/jira/f2c10d6a-7a1c-4934-a500-dcd95b517cdf/rest/api/2/issuetype/11457",
                "subtask": false
              },
              "summary": "coder-eval jira search-triage bf3cd48a #1",
              "worklog": {
                "maxResults": 20,
                "startAt": 0,
                "total": 0
              },
              "votes": {
                "hasVoted": false,
                "self": "https://api.atlassian.com/ex/jira/f2c10d6a-7a1c-4934-a500-dcd95b517cdf/rest/api/2/issue/CE-152/votes",
                "votes": 0
              },
              "priority": {
                "iconUrl": "https://uipath-sandbox-380.atlassian.net/images/icons/priorities/medium_new.svg",
                "id": "3",
                "name": "Medium",
                "self": "https://api.atlassian.com/ex/jira/f2c10d6a-7a1c-4934-a500-dcd95b517cdf/rest/api/2/priority/3"
              },
              "comment": {
                "maxResults": 0,
                "self": "https://api.atlassian.com/ex/jira/f2c10d6a-7a1c-4934-a500-dcd95b517cdf/rest/api/2/issue/251405/comment",
                "startAt": 0,
                "total": 0
              }
            },
            "key": "CE-152"
          }
        ],
        "loop1.output": null
      },
      "instanceId": "651d53e0-fc3d-42b6-884f-aee0e5170c1b",
      "workflowId": "651d53e0-fc3d-42b6-884f-aee0e5170c1b/BpmnGenericWorkflow",
      "parentElementId": null,
      "globalDefinitions": {
        "searchIssuesByJql1.output": {
          "name": "output",
          "type": "jsonSchema"
        },
        "loop1.output": {
          "name": "output",
          "type": "array"
        }
      }
    },
    "incidents": [
      {
        "id": "df572a00-bb78-4388-91d8-977a31897bb6",
        "tenantId": "69d43765-6ede-4575-88b7-9db601a2c056",
        "organizationId": "311c6049-4966-4ef2-a6f3-8ceccaf38d54",
        "instanceId": "651d53e0-fc3d-42b6-884f-aee0e5170c1b",
        "runId": "019f9526-a930-72bf-b3bb-40bbf73fbca5",
        "elementId": "loop1",
        "elementRunId": "a6a78c68-23ee-435c-a17d-901a56f84a59",
        "folderKey": "410fae2d-89b3-4cd1-a991-7359bda90c0b",
        "processKey": null,
        "packageVersion": "",
        "incidentId": "a6a78c68-23ee-435c-a17d-901a56f84a59",
        "incidentStatus": "Open",
        "incidentType": "User",
        "errorCode": "400008",
        "errorMessage": "Failed to evaluate the input collection variable for the marker element",
        "errorTimeUtc": "2026-07-24T17:22:50.4249597Z",
        "errorDetails": "Failed to evaluate the input collection variable for the marker element",
        "comment": null,
        "userUpdated": null,
        "debugMode": "Default",
        "incidentUpdateTimeUtc": null,
        "traceId": "651d53e0fc3d42b6884faee0e5170c1b",
        "dependentFaultCode": null,
        "incidentSeverity": "Error",
        "aiSummary": null,
        "aiRecommendations": null,
        "processType": null,
        "sourceElementId": null
      }
    ]
  },
  "ErrorCode": "unknown_error",
  "Retry": "RetryWillNotFix"
}

stderr:
---
2026-07-24 17:22:52 [DEBUG] coder_eval.evaluation.checker: Criterion 'run_command' score: 0.00
2026-07-24 17:22:52 [INFO] coder_eval.evaluation.checker: Criterion 'run_command' FAILED (score=0.00, threshold=1.00): Command: python3 $TASK_DIR/check_jira_search_triage.py
2026-07-24 17:22:52 [INFO] coder_eval.orchestrator: Success criteria: 1/2 passed, weighted score: 0.286
2026-07-24 17:22:52 [DEBUG] coder_eval.utils: Resolved @uipath plugin-tools dir=/usr/lib/node_modules/@uipath from `uip` at /usr/lib/node_modules/@uipath/cli/dist/index.js
2026-07-24 17:22:52 [INFO] coder_eval.orchestrator: Running post-run command: python3 $SKILLS_REPO_PATH/tests/tasks/uipath-maestro-flow/e2e/jira_search_triage/teardown_jira.py
2026-07-24 17:22:56 [INFO] coder_eval.orchestrator: [post_run stdout] OK: deleted CE-152
2026-07-24 17:22:57 [INFO] coder_eval.orchestrator: [post_run stdout] OK: deleted CE-153
2026-07-24 17:22:57 [INFO] coder_eval.orchestrator: Running post-run command: find . -maxdepth 5 -type d \( -name node_modules -o -name .npm-prefix -o -name .venv \) -prune -exec rm -rf {} +
2026-07-24 17:22:57 [INFO] coder_eval.orchestrator: Sandbox preserved (in-place): /work/output/artifacts/skill-flow-ipe-jira-search-triage
2026-07-24 17:22:57 [INFO] coder_eval.orchestrator: Task finished: status=FAILURE duration=413.3s score=0.286 iterations=1
