2026-07-23 20:49:28 [DEBUG] coder_eval.utils: Resolved @uipath plugin-tools dir=/usr/lib/node_modules/@uipath from `uip` at /usr/lib/node_modules/@uipath/cli/dist/index.js
2026-07-23 20:49:28 [INFO] coder_eval.orchestrator: API routing: aws_bedrock
2026-07-23 20:49:28 [DEBUG] coder_eval.criteria: Discovered 14 criterion checkers
2026-07-23 20:49:28 [DEBUG] coder_eval.criteria: Validated 14 criterion checkers
2026-07-23 20:49:29 [DEBUG] coder_eval.utils: Resolved @uipath plugin-tools dir=/usr/lib/node_modules/@uipath from `uip` at /usr/lib/node_modules/@uipath/cli/dist/index.js
2026-07-23 20:49:29 [DEBUG] coder_eval.orchestrator: Sending prompt: Create a UiPath Flow project named "ScheduledReport" whose flow is started by
a **scheduled trigger*...
2026-07-23 20:49:29 [DEBUG] coder_eval.agents.claude_code_agent: [coder] Starting agent query stream...
2026-07-23 20:54:16 [DEBUG] coder_eval.agents.claude_code_agent: [coder] session_id changed: None -> 01deee8f-4646-4e46-aefa-abc28f02dc7a
2026-07-23 20:54:16 [DEBUG] coder_eval.agents.claude_code_agent: [coder] Agent query stream ended
2026-07-23 20:54:16 [DEBUG] coder_eval.utils: Resolved @uipath plugin-tools dir=/usr/lib/node_modules/@uipath from `uip` at /usr/lib/node_modules/@uipath/cli/dist/index.js
2026-07-23 20:54:16 [DEBUG] coder_eval.orchestrator: Agent response received (3228 chars)
2026-07-23 20:54:16 [DEBUG] coder_eval.orchestrator: Checking success criteria
2026-07-23 20:54:16 [DEBUG] coder_eval.criteria.run_command: Running command for criterion 'uip maestro flow validate passes on the flow file': uip maestro flow validate ScheduledReport/ScheduledReport/ScheduledReport.flow
2026-07-23 20:54:20 [DEBUG] coder_eval.sandbox: Command 'uip maestro flow validate ScheduledReport/ScheduledReport/ScheduledReport.flow' exited with code 0
2026-07-23 20:54:20 [DEBUG] coder_eval.sandbox: STDOUT:
---
{
  "Result": "Success",
  "Code": "FlowValidate",
  "Data": {
    "File": "/work/output/artifacts/skill-flow-scheduled-trigger/ScheduledReport/ScheduledReport/ScheduledReport.flow",
    "Status": "Valid"
  }
}
---
2026-07-23 20:54:20 [DEBUG] coder_eval.sandbox: STDERR:
---
[ManifestClient] fetchDynamicNodes ok: total=206 agent context nodes=2 external agent nodes=6 orchestrator nodes=159 IXP nodes=39
---
2026-07-23 20:54:20 [DEBUG] coder_eval.evaluation.checker: Criterion 'run_command' score: 1.00
2026-07-23 20:54:20 [DEBUG] coder_eval.criteria.run_command: Running command for criterion 'Start node is core.trigger.scheduled, manual trigger removed, valid timeCycle schedule + bpmn:TimerEventDefinition': python3 $TASK_DIR/check_scheduled_trigger_flow.py
2026-07-23 20:54:21 [DEBUG] coder_eval.sandbox: Command 'python3 $TASK_DIR/check_scheduled_trigger_flow.py' exited with code 0
2026-07-23 20:54:21 [DEBUG] coder_eval.sandbox: STDOUT:
---
OK: start node is core.trigger.scheduled (manual trigger replaced); timerType='timeCycle', timerPreset='R/PT1H'; typeVersion set; definition carries bpmn:StartEvent + bpmn:TimerEventDefinition
---
2026-07-23 20:54:21 [DEBUG] coder_eval.evaluation.checker: Criterion 'run_command' score: 1.00
2026-07-23 20:54:21 [INFO] coder_eval.orchestrator: Success criteria: 2/2 passed, weighted score: 1.000
2026-07-23 20:54:21 [DEBUG] coder_eval.utils: Resolved @uipath plugin-tools dir=/usr/lib/node_modules/@uipath from `uip` at /usr/lib/node_modules/@uipath/cli/dist/index.js
2026-07-23 20:54:21 [INFO] coder_eval.orchestrator: Running post-run command: find . -maxdepth 5 -type d \( -name node_modules -o -name .npm-prefix -o -name .venv \) -prune -exec rm -rf {} +
2026-07-23 20:54:21 [INFO] coder_eval.orchestrator: Sandbox preserved (in-place): /work/output/artifacts/skill-flow-scheduled-trigger
2026-07-23 20:54:21 [INFO] coder_eval.orchestrator: Task finished: status=SUCCESS duration=293.8s score=1.000 iterations=1
