2026-07-24 00:11:19 [DEBUG] coder_eval.utils: Resolved @uipath plugin-tools dir=/usr/lib/node_modules/@uipath from `uip` at /usr/lib/node_modules/@uipath/cli/dist/index.js
2026-07-24 00:11:19 [INFO] coder_eval.orchestrator: API routing: aws_bedrock
2026-07-24 00:11:19 [DEBUG] coder_eval.criteria: Discovered 14 criterion checkers
2026-07-24 00:11:19 [DEBUG] coder_eval.criteria: Validated 14 criterion checkers
2026-07-24 00:11:19 [DEBUG] coder_eval.utils: Resolved @uipath plugin-tools dir=/usr/lib/node_modules/@uipath from `uip` at /usr/lib/node_modules/@uipath/cli/dist/index.js
2026-07-24 00:11:20 [DEBUG] coder_eval.orchestrator: Sending prompt: Create a flow called "SlackWeatherPipeline". Read the #office-bellevue Slack channel description — i...
2026-07-24 00:11:20 [DEBUG] coder_eval.agents.claude_code_agent: [coder] Starting agent query stream...
2026-07-24 00:19:46 [DEBUG] coder_eval.agents.claude_code_agent: [coder] session_id changed: None -> 650af45c-702d-4e93-b1b4-cd1c9b4c223b
2026-07-24 00:19:46 [DEBUG] coder_eval.agents.claude_code_agent: [coder] Agent query stream ended
2026-07-24 00:19:46 [WARNING] coder_eval.agents.claude_code_agent: [coder] Agent exhausted max_turns (40); turn ended without completing
2026-07-24 00:19:46 [DEBUG] coder_eval.utils: Resolved @uipath plugin-tools dir=/usr/lib/node_modules/@uipath from `uip` at /usr/lib/node_modules/@uipath/cli/dist/index.js
2026-07-24 00:19:46 [DEBUG] coder_eval.orchestrator: Agent response received (4862 chars)
2026-07-24 00:19:46 [DEBUG] coder_eval.orchestrator: Checking success criteria
2026-07-24 00:19:46 [DEBUG] coder_eval.criteria.run_command: Running command for criterion 'uip maestro flow validate passes': uip maestro flow validate SlackWeatherPipeline/SlackWeatherPipeline/SlackWeatherPipeline.flow
2026-07-24 00:19:51 [DEBUG] coder_eval.sandbox: Command 'uip maestro flow validate SlackWeatherPipeline/SlackWeatherPipeline/SlackWeatherPipeline.flow' exited with code 0
2026-07-24 00:19:51 [DEBUG] coder_eval.sandbox: STDOUT:
---
{
  "Result": "Success",
  "Code": "FlowValidate",
  "Data": {
    "File": "/work/output/artifacts/skill-flow-slack-weather-pipeline/SlackWeatherPipeline/SlackWeatherPipeline/SlackWeatherPipeline.flow",
    "Status": "Valid"
  }
}
---
2026-07-24 00:19:51 [DEBUG] coder_eval.sandbox: STDERR:
---
[ManifestClient] fetchDynamicNodes ok: total=206 agent context nodes=2 external agent nodes=6 orchestrator nodes=159 IXP nodes=39
---
2026-07-24 00:19:51 [DEBUG] coder_eval.evaluation.checker: Criterion 'run_command' score: 1.00
2026-07-24 00:19:51 [DEBUG] coder_eval.criteria.run_command: Running command for criterion 'Flow debug runs end-to-end and emits the verdict as an output value: Slack + HTTP + decision all execute, a run-produced output value contains the verdict text': python3 $TASK_DIR/check_slack_weather_pipeline.py
2026-07-24 00:20:42 [DEBUG] coder_eval.sandbox: Command 'python3 $TASK_DIR/check_slack_weather_pipeline.py' exited with code 1
2026-07-24 00:20:42 [DEBUG] coder_eval.sandbox: STDERR:
---
FAIL: flow debug exit 1
stdout: {
  "Result": "Failure",
  "Code": "FlowDebug",
  "Message": "Debug session Faulted. [400300] Error evaluating expression in activity inputs (element getCurrentWeather1)",
  "Instructions": "Incident(s):\n  - [400300] Error evaluating expression in activity inputs (element getCurrentWeather1)\nRun 'uip maestro flow debug-instance incidents 3fd6c3a6-b7b8-4e50-968a-6aa455e8a37c' for the full backend payload (incidentId, errorDetails, AI summary). traceId=3fd6c3a6b7b84e50968a6aa455e8a37c.",
  "Context": {
    "ErrorCode": "400300",
    "TraceId": "3fd6c3a6b7b84e50968a6aa455e8a37c"
  },
  "Data": {
    "jobKey": "3fd6c3a6-b7b8-4e50-968a-6aa455e8a37c",
    "instanceId": "3fd6c3a6-b7b8-4e50-968a-6aa455e8a37c",
    "runId": "019f917e-427b-7af7-86c9-ee2d707504dd",
    "folderKey": "410fae2d-89b3-4cd1-a991-7359bda90c0b",
    "finalStatus": "Faulted",
    "solutionId": "f3e2a64b-6508-4530-3901-08dee8fa7d3e",
    "studioWebUrl": "https://alpha.uipath.com/codereval/studio_/designer/7f4d96e1-6b06-4aed-a361-c0ed3850d61d?solutionId=f3e2a64b-6508-4530-3901-08dee8fa7d3e",
    "elementExecutions": [
      {
        "elementId": "start",
        "elementType": "StartEvent",
        "status": "Completed",
        "startedAt": "2026-07-24T00:20:33.1404134Z",
        "completedAt": "2026-07-24T00:20:33.477596Z"
      },
      {
        "elementId": "getOfficeBellevueChannelInfo1",
        "elementType": "SendTask",
        "status": "Completed",
        "startedAt": "2026-07-24T00:20:33.9428868Z",
        "completedAt": "2026-07-24T00:20:35.2589487Z"
      },
      {
        "elementId": "parseAddress1",
        "elementType": "ScriptTask",
        "status": "Completed",
        "startedAt": "2026-07-24T00:20:35.647849Z",
        "completedAt": "2026-07-24T00:20:36.0646496Z"
      },
      {
        "elementId": "geocodeCity1",
        "elementType": "SubProcess",
        "status": "Completed",
        "startedAt": "2026-07-24T00:20:36.42139Z",
        "completedAt": "2026-07-24T00:20:40.0096714Z"
      },
      {
        "elementId": "_Implicit_StartEvent_geocodeCity1",
        "elementType": "StartEvent",
        "status": "Completed",
        "startedAt": "2026-07-24T00:20:36.8677941Z",
        "completedAt": "2026-07-24T00:20:37.0316417Z"
      },
      {
        "elementId": "_Implicit_HttpTask_geocodeCity1",
        "elementType": "SendTask",
        "status": "Completed",
        "startedAt": "2026-07-24T00:20:37.3890071Z",
        "completedAt": "2026-07-24T00:20:38.8141945Z"
      },
      {
        "elementId": "_Implicit_EndEvent_Default_geocodeCity1",
        "elementType": "EndEvent",
        "status": "Completed",
        "startedAt": "2026-07-24T00:20:39.1120169Z",
        "completedAt": "2026-07-24T00:20:39.2981159Z"
      },
      {
        "elementId": "getCurrentWeather1",
        "elementType": "SendTask",
        "status": "Failed",
        "startedAt": "2026-07-24T00:20:40.5996919Z"
      }
    ],
    "variables": {
      "elements": [
        {
          "elementId": "start",
          "elementRunId": "cf9de888-653a-4c6a-9c3c-03f341dcffff",
          "isMarker": false,
          "inputs": {},
          "inputDefinitions": {},
          "outputs": {}
        },
        {
          "elementId": "getOfficeBellevueChannelInfo1",
          "elementRunId": "4bbff944-3afe-4752-ab94-edb6be7986bb",
          "isMarker": false,
          "inputs": {
            "pathParameters": {
              "conversationsInfoId": "C0B50H7DE2F"
            }
          },
          "inputDefinitions": {},
          "outputs": {
            "response": {
              "is_private": false,
              "purpose": {
                "last_set": 1779320357,
                "creator": "U02EBQA5AD9",
                "value": "700 Bellevue Way NE, Suite 2000, Bellevue, WA 98004"
              },
              "is_pending_ext_shared": false,
              "context_team_id": "T01G1P7CKR8",
              "is_channel": true,
              "is_shared": false,
              "id": "C0B50H7DE2F",
              "last_read": "1784732015.335589",
              "creator": "U02EBQA5AD9",
              "is_im": false,
              "is_member": true,
              "is_mpim": false,
              "created": 1779320356,
              "name_normalized": "office-bellevue",
              "is_ext_shared": false,
              "is_group": false,
              "unlinked": 0,
              "is_archived": false,
              "is_general": false,
              "name": "office-bellevue",
              "topic": {
                "last_set": 0,
                "creator": "",
                "value": ""
              },
              "shared_team_ids": [
                "T01G1P7CKR8"
              ],
              "is_org_shared": false,
              "updated": 1779320357510
            }
          }
        },
        {
          "elementId": "parseAddress1",
          "elementRunId": "fb878349-2602-4838-817f-99f281986cda",
          "isMarker": false,
          "inputs": {
            "args": {
              "vars": {
                "computeVerdict1.output": null,
                "response": null,
                "getOfficeBellevueChannelInfo1.error": null,
                "geocodeCity1.output": null,
                "parseAddress1.output": null,
                "geocodeCity1.error": null,
                "getCurrentWeather1.error": null,
                "verdict": null,
                "parseAddress1.error": null,
                "computeVerdict1.error": null,
                "getOfficeBellevueChannelInfo1.output": {
                  "is_private": false,
                  "purpose": {
                    "last_set": 1779320357,
                    "creator": "U02EBQA5AD9",
                    "value": "700 Bellevue Way NE, Suite 2000, Bellevue, WA 98004"
                  },
                  "is_pending_ext_shared": false,
                  "context_team_id": "T01G1P7CKR8",
                  "is_channel": true,
                  "is_shared": false,
                  "id": "C0B50H7DE2F",
                  "last_read": "1784732015.335589",
                  "creator": "U02EBQA5AD9",
                  "is_im": false,
                  "is_member": true,
                  "is_mpim": false,
                  "created": 1779320356,
                  "name_normalized": "office-bellevue",
                  "is_ext_shared": false,
                  "is_group": false,
                  "unlinked": 0,
                  "is_archived": false,
                  "is_general": false,
                  "name": "office-bellevue",
                  "topic": {
                    "last_set": 0,
                    "creator": "",
                    "value": ""
                  },
                  "shared_team_ids": [
                    "T01G1P7CKR8"
                  ],
                  "is_org_shared": false,
                  "updated": 1779320357510
                },
                "getCurrentWeather1.output": null,
                "error": null,
                "end.verdict": null,
                "start.output": null
              },
              "metadata": {
                "ElementCount": {
                  "start": 1
                },
                "ProcessKey": null,
                "InstanceId": "3fd6c3a6-b7b8-4e50-968a-6aa455e8a37c",
                "ExternalId": "71039398",
                "FolderKey": "410fae2d-89b3-4cd1-a991-7359bda90c0b"
              }
            }
          },
          "inputDefinitions": {},
          "outputs": {
            "response": {
              "city": "Bellevue"
            }
          }
        },
        {
          "elementId": "geocodeCity1",
          "elementRunId": "a5ddd1bf-1ba0-40b9-aa08-5162722e909f",
          "isMarker": false,
          "inputs": {},
          "inputDefinitions": {},
          "outputs": {
            "response": {
              "code": 200,
              "headers": {
                "Date": "Fri, 24 Jul 2026 00:20:38 GMT",
                "Connection": "keep-alive",
                "X-Encoding-Time": "0.002110004425048828 ms"
              },
              "body": {
                "results": [
                  {
                    "id": 5786882,
                    "name": "Bellevue",
                    "latitude": 47.61038,
                    "longitude": -122.20068,
                    "elevation": 26,
                    "feature_code": "PPL",
                    "country_code": "US",
                    "admin1_id": 5815135,
                    "admin2_id": 5799783,
                    "timezone": "America/Los_Angeles",
                    "population": 139820,
                    "postcodes": [
                      "98004",
                      "98005",
                      "98006",
                      "98007",
                      "98008",
                      "98009",
                      "98015"
                    ],
                    "country_id": 6252001,
                    "country": "United States",
                    "admin1": "Washington",
                    "admin2": "King"
                  }
                ],
                "generationtime_ms": 0.6502867
              }
            }
          }
        }
      ],
      "globals": {
        "computeVerdict1.output": null,
        "parseAddress1.output": {
          "city": "Bellevue"
        },
        "computeVerdict1.error": null,
        "getOfficeBellevueChannelInfo1.output": {
          "is_private": false,
          "purpose": {
            "last_set": 1779320357,
            "creator": "U02EBQA5AD9",
            "value": "700 Bellevue Way NE, Suite 2000, Bellevue, WA 98004"
          },
          "is_pending_ext_shared": false,
          "context_team_id": "T01G1P7CKR8",
          "is_channel": true,
          "is_shared": false,
          "id": "C0B50H7DE2F",
          "last_read": "1784732015.335589",
          "creator": "U02EBQA5AD9",
          "is_im": false,
          "is_member": true,
          "is_mpim": false,
          "created": 1779320356,
          "name_normalized": "office-bellevue",
          "is_ext_shared": false,
          "is_group": false,
          "unlinked": 0,
          "is_archived": false,
          "is_general": false,
          "name": "office-bellevue",
          "topic": {
            "last_set": 0,
            "creator": "",
            "value": ""
          },
          "shared_team_ids": [
            "T01G1P7CKR8"
          ],
          "is_org_shared": false,
          "updated": 1779320357510
        },
        "getCurrentWeather1.output": null,
        "parseAddress1.error": null,
        "geocodeCity1.output": {
          "code": 200,
          "headers": {
            "Date": "Fri, 24 Jul 2026 00:20:38 GMT",
            "Connection": "keep-alive",
            "X-Encoding-Time": "0.002110004425048828 ms"
          },
          "body": {
            "results": [
              {
                "id": 5786882,
                "name": "Bellevue",
                "latitude": 47.61038,
                "longitude": -122.20068,
                "elevation": 26,
                "feature_code": "PPL",
                "country_code": "US",
                "admin1_id": 5815135,
                "admin2_id": 5799783,
                "timezone": "America/Los_Angeles",
                "population": 139820,
                "postcodes": [
                  "98004",
                  "98005",
                  "98006",
                  "98007",
                  "98008",
                  "98009",
                  "98015"
                ],
                "country_id": 6252001,
                "country": "United States",
                "admin1": "Washington",
                "admin2": "King"
              }
            ],
            "generationtime_ms": 0.6502867
          }
        },
        "geocodeCity1.error": null,
        "verdict": null
      },
      "instanceId": "3fd6c3a6-b7b8-4e50-968a-6aa455e8a37c",
      "workflowId": "3fd6c3a6-b7b8-4e50-968a-6aa455e8a37c/BpmnGenericWorkflow",
      "parentElementId": null,
      "globalDefinitions": {
        "computeVerdict1.output": {
          "name": "output",
          "type": "object"
        },
        "parseAddress1.output": {
          "name": "output",
          "type": "object"
        },
        "computeVerdict1.error": {
          "name": "error",
          "type": "object"
        },
        "getOfficeBellevueChannelInfo1.output": {
          "name": "output",
          "type": "jsonSchema"
        },
        "getCurrentWeather1.output": {
          "name": "output",
          "type": "jsonSchema"
        },
        "parseAddress1.error": {
          "name": "error",
          "type": "object"
        },
        "geocodeCity1.output": {
          "name": "output",
          "type": "jsonSchema"
        },
        "geocodeCity1.error": {
          "name": "error",
          "type": "object"
        },
        "verdict": {
          "name": "verdict",
          "type": "string"
        }
      }
    },
    "incidents": [
      {
        "id": "a45fd680-a18b-48a4-8df2-00a252d63359",
        "tenantId": "69d43765-6ede-4575-88b7-9db601a2c056",
        "organizationId": "311c6049-4966-4ef2-a6f3-8ceccaf38d54",
        "instanceId": "3fd6c3a6-b7b8-4e50-968a-6aa455e8a37c",
        "runId": "019f917e-9c6f-76a1-90e6-5dbe6ade7520",
        "elementId": "getCurrentWeather1",
        "elementRunId": "f0877db6-9fa6-438e-94b5-afaf7f713993",
        "folderKey": "410fae2d-89b3-4cd1-a991-7359bda90c0b",
        "processKey": null,
        "packageVersion": "",
        "incidentId": "f0877db6-9fa6-438e-94b5-afaf7f713993",
        "incidentStatus": "Open",
        "incidentType": "User",
        "errorCode": "400300",
        "errorMessage": "Error evaluating expression in activity inputs",
        "errorTimeUtc": "2026-07-24T00:20:40.8354884Z",
        "errorDetails": "Failed to evaluate expressions in activity inputs: Failed to evaluate expression =js:vars.geocodeCity1.output.results[0].latitude Error: Cannot read property '0' of undefined",
        "comment": null,
        "userUpdated": null,
        "debugMode": "Default",
        "incidentUpdateTimeUtc": null,
        "traceId": "3fd6c3a6b7b84e50968a6aa455e8a37c",
        "dependentFaultCode": null,
        "incidentSeverity": "Error",
        "aiSummary": null,
        "aiRecommendations": null,
        "processType": null,
        "sourceElementId": null
      }
    ]
  },
  "ErrorCode": "unknown_error",
  "Retry": "RetryWillNotFix"
}

stderr: [flow-schema] Unresolved context binding placeholder "<bindings.FolderKey>" (node resourceKey=849e85d8-1aa9-4d52-8bbd-20041c8f05d8, resource=connection)
---
2026-07-24 00:20:42 [DEBUG] coder_eval.evaluation.checker: Criterion 'run_command' score: 0.00
2026-07-24 00:20:42 [INFO] coder_eval.evaluation.checker: Criterion 'run_command' FAILED (score=0.00, threshold=1.00): Command: python3 $TASK_DIR/check_slack_weather_pipeline.py
2026-07-24 00:20:42 [INFO] coder_eval.orchestrator: Success criteria: 1/2 passed, weighted score: 0.375
2026-07-24 00:20:42 [WARNING] coder_eval.orchestrator: Agent exhausted max_turns (40) without passing criteria.
2026-07-24 00:20:42 [DEBUG] coder_eval.utils: Resolved @uipath plugin-tools dir=/usr/lib/node_modules/@uipath from `uip` at /usr/lib/node_modules/@uipath/cli/dist/index.js
2026-07-24 00:20:42 [INFO] coder_eval.orchestrator: Running post-run command: python3 $SKILLS_REPO_PATH/tests/tasks/uipath-maestro-flow/_shared/cleanup_solutions.py
2026-07-24 00:20:44 [WARNING] coder_eval.orchestrator: [post_run stderr] cleanup_solutions: deleted f3e2a64b-6508-4530-3901-08dee8fa7d3e (from SlackWeatherPipeline/SlackWeatherPipeline.uipx)
2026-07-24 00:20:44 [WARNING] coder_eval.orchestrator: [post_run stderr] cleanup_solutions: summary policy=always deleted=1 preserved=0 skipped=0 not_uploaded=0 failed=0
2026-07-24 00:20:44 [INFO] coder_eval.orchestrator: Running post-run command: find . -maxdepth 5 -type d \( -name node_modules -o -name .npm-prefix -o -name .venv \) -prune -exec rm -rf {} +
2026-07-24 00:20:44 [INFO] coder_eval.orchestrator: Sandbox preserved (in-place): /work/output/artifacts/skill-flow-slack-weather-pipeline
2026-07-24 00:20:44 [INFO] coder_eval.orchestrator: Task finished: status=MAX_TURNS_EXHAUSTED duration=567.4s score=0.375 iterations=1
