2026-07-28 06:08:10 [DEBUG] coder_eval.utils: Resolved @uipath plugin-tools dir=/usr/lib/node_modules/@uipath from `uip` at /usr/lib/node_modules/@uipath/cli/dist/index.js
2026-07-28 06:08:10 [INFO] coder_eval.orchestrator: API routing: aws_bedrock
2026-07-28 06:08:10 [DEBUG] coder_eval.criteria: Discovered 14 criterion checkers
2026-07-28 06:08:10 [DEBUG] coder_eval.criteria: Validated 14 criterion checkers
2026-07-28 06:08:10 [DEBUG] coder_eval.utils: Resolved @uipath plugin-tools dir=/usr/lib/node_modules/@uipath from `uip` at /usr/lib/node_modules/@uipath/cli/dist/index.js
2026-07-28 06:08:10 [DEBUG] coder_eval.orchestrator: Sending prompt: Load and follow the uipath-maestro-bpmn skill.

Author a single Maestro BPMN file `TimerWait.bpmn` i...
2026-07-28 06:08:10 [DEBUG] coder_eval.agents.claude_code_agent: [coder] Starting agent query stream...
2026-07-28 06:09:57 [DEBUG] coder_eval.agents.claude_code_agent: [coder] session_id changed: None -> 9b308ba3-fe90-4ae2-b314-699ce91be635
2026-07-28 06:09:57 [DEBUG] coder_eval.agents.claude_code_agent: [coder] Agent query stream ended
2026-07-28 06:09:57 [DEBUG] coder_eval.utils: Resolved @uipath plugin-tools dir=/usr/lib/node_modules/@uipath from `uip` at /usr/lib/node_modules/@uipath/cli/dist/index.js
2026-07-28 06:09:57 [DEBUG] coder_eval.orchestrator: Agent response received (2343 chars)
2026-07-28 06:09:57 [DEBUG] coder_eval.orchestrator: Checking success criteria
2026-07-28 06:09:57 [DEBUG] coder_eval.evaluation.checker: Criterion 'file_exists' score: 1.00
2026-07-28 06:09:57 [DEBUG] coder_eval.evaluation.checker: Criterion 'file_contains' score: 1.00
2026-07-28 06:09:57 [DEBUG] coder_eval.criteria.run_command: Running command for criterion 'BPMN has a wired intermediate timer catch event with a valid ISO-8601 definition, full DI, resolvable flows': python3 $TASK_DIR/check_timer.py
2026-07-28 06:09:57 [DEBUG] coder_eval.sandbox: Command 'python3 $TASK_DIR/check_timer.py' exited with code 0
2026-07-28 06:09:57 [DEBUG] coder_eval.sandbox: STDOUT:
---
OK: TimerWait.bpmn has a wired intermediate timer catch event with a valid definition
---
2026-07-28 06:09:57 [DEBUG] coder_eval.evaluation.checker: Criterion 'run_command' score: 1.00
2026-07-28 06:09:57 [INFO] coder_eval.orchestrator: Success criteria: 3/3 passed, weighted score: 1.000
2026-07-28 06:09:57 [DEBUG] coder_eval.utils: Resolved @uipath plugin-tools dir=/usr/lib/node_modules/@uipath from `uip` at /usr/lib/node_modules/@uipath/cli/dist/index.js
2026-07-28 06:09:57 [INFO] coder_eval.orchestrator: Running post-run command: find . -maxdepth 5 -type d \( -name node_modules -o -name .npm-prefix -o -name .venv \) -prune -exec rm -rf {} +
2026-07-28 06:09:58 [INFO] coder_eval.orchestrator: Sandbox preserved (in-place): /work/output/artifacts/skill-bpmn-timer
2026-07-28 06:09:58 [INFO] coder_eval.orchestrator: Task finished: status=SUCCESS duration=108.8s score=1.000 iterations=1
