2026-07-28 06:05:34 [DEBUG] coder_eval.utils: Resolved @uipath plugin-tools dir=/usr/lib/node_modules/@uipath from `uip` at /usr/lib/node_modules/@uipath/cli/dist/index.js
2026-07-28 06:05:34 [INFO] coder_eval.orchestrator: API routing: aws_bedrock
2026-07-28 06:05:35 [DEBUG] coder_eval.criteria: Discovered 14 criterion checkers
2026-07-28 06:05:35 [DEBUG] coder_eval.criteria: Validated 14 criterion checkers
2026-07-28 06:05:35 [DEBUG] coder_eval.utils: Resolved @uipath plugin-tools dir=/usr/lib/node_modules/@uipath from `uip` at /usr/lib/node_modules/@uipath/cli/dist/index.js
2026-07-28 06:05:35 [DEBUG] coder_eval.orchestrator: Sending prompt: Load and follow the uipath-maestro-bpmn skill.

Author a local Maestro BPMN project named "ComputedJ...
2026-07-28 06:05:36 [DEBUG] coder_eval.agents.claude_code_agent: [coder] Starting agent query stream...
2026-07-28 06:09:36 [DEBUG] coder_eval.agents.claude_code_agent: [coder] session_id changed: None -> f5a668db-d937-4a44-b922-74b14110aa46
2026-07-28 06:09:36 [DEBUG] coder_eval.agents.claude_code_agent: [coder] Agent query stream ended
2026-07-28 06:09:36 [DEBUG] coder_eval.utils: Resolved @uipath plugin-tools dir=/usr/lib/node_modules/@uipath from `uip` at /usr/lib/node_modules/@uipath/cli/dist/index.js
2026-07-28 06:09:36 [DEBUG] coder_eval.orchestrator: Agent response received (5168 chars)
2026-07-28 06:09:36 [DEBUG] coder_eval.orchestrator: Checking success criteria
2026-07-28 06:09:36 [DEBUG] coder_eval.evaluation.checker: Criterion 'file_exists' score: 1.00
2026-07-28 06:09:36 [DEBUG] coder_eval.evaluation.checker: Criterion 'file_contains' score: 1.00
2026-07-28 06:09:36 [DEBUG] coder_eval.criteria.run_command: Running command for criterion 'Computed =js: expression present and all json-typed bodies parse as JSON': python3 $TASK_DIR/check_computed_js.py
2026-07-28 06:09:36 [DEBUG] coder_eval.sandbox: Command 'python3 $TASK_DIR/check_computed_js.py' exited with code 0
2026-07-28 06:09:36 [DEBUG] coder_eval.sandbox: STDOUT:
---
OK: ComputedJsBpmn/ComputedJsBpmn.bpmn uses a computed =js: expression with valid json-typed bodies
---
2026-07-28 06:09:36 [DEBUG] coder_eval.evaluation.checker: Criterion 'run_command' score: 1.00
2026-07-28 06:09:36 [INFO] coder_eval.orchestrator: Success criteria: 3/3 passed, weighted score: 1.000
2026-07-28 06:09:36 [WARNING] coder_eval.orchestrator: Visible turns (23) exceeded expected_turns (18) at iteration 1 for task skill-bpmn-expr-computed-js. Run continues — max_turns remains the hard cap.
2026-07-28 06:09:36 [DEBUG] coder_eval.utils: Resolved @uipath plugin-tools dir=/usr/lib/node_modules/@uipath from `uip` at /usr/lib/node_modules/@uipath/cli/dist/index.js
2026-07-28 06:09:36 [INFO] coder_eval.orchestrator: Running post-run command: find . -maxdepth 5 -type d \( -name node_modules -o -name .npm-prefix -o -name .venv \) -prune -exec rm -rf {} +
2026-07-28 06:09:36 [INFO] coder_eval.orchestrator: Sandbox preserved (in-place): /work/output/artifacts/skill-bpmn-expr-computed-js
2026-07-28 06:09:36 [INFO] coder_eval.orchestrator: Task finished: status=SUCCESS duration=247.1s score=1.000 iterations=1
