2026-07-24 19:49:20 [DEBUG] coder_eval.utils: Resolved @uipath plugin-tools dir=/usr/lib/node_modules/@uipath from `uip` at /usr/lib/node_modules/@uipath/cli/dist/index.js
2026-07-24 19:49:20 [INFO] coder_eval.orchestrator: API routing: aws_bedrock
2026-07-24 19:49:20 [DEBUG] coder_eval.criteria: Discovered 14 criterion checkers
2026-07-24 19:49:20 [DEBUG] coder_eval.criteria: Validated 14 criterion checkers
2026-07-24 19:49:20 [DEBUG] coder_eval.utils: Resolved @uipath plugin-tools dir=/usr/lib/node_modules/@uipath from `uip` at /usr/lib/node_modules/@uipath/cli/dist/index.js
2026-07-24 19:49:20 [DEBUG] coder_eval.orchestrator: Sending prompt: Create a UiPath Flow project named "DelayDemo" with the shape
Trigger -> Delay -> End. The middle no...
2026-07-24 19:49:20 [DEBUG] coder_eval.agents.claude_code_agent: [coder] Starting agent query stream...
2026-07-24 19:52:11 [DEBUG] coder_eval.agents.claude_code_agent: [coder] session_id changed: None -> f1e46635-a1a2-466b-b2d4-d0b8ee00d9eb
2026-07-24 19:52:11 [DEBUG] coder_eval.agents.claude_code_agent: [coder] Agent query stream ended
2026-07-24 19:52:11 [DEBUG] coder_eval.utils: Resolved @uipath plugin-tools dir=/usr/lib/node_modules/@uipath from `uip` at /usr/lib/node_modules/@uipath/cli/dist/index.js
2026-07-24 19:52:11 [DEBUG] coder_eval.orchestrator: Agent response received (3132 chars)
2026-07-24 19:52:11 [DEBUG] coder_eval.orchestrator: Checking success criteria
2026-07-24 19:52:11 [DEBUG] coder_eval.criteria.run_command: Running command for criterion 'uip maestro flow validate passes on the flow file': uip maestro flow validate DelayDemo/DelayDemo/DelayDemo.flow
2026-07-24 19:52:17 [DEBUG] coder_eval.sandbox: Command 'uip maestro flow validate DelayDemo/DelayDemo/DelayDemo.flow' exited with code 0
2026-07-24 19:52:17 [DEBUG] coder_eval.sandbox: STDOUT:
---
{
  "Result": "Success",
  "Code": "FlowValidate",
  "Data": {
    "File": "/work/output/artifacts/skill-flow-delay/DelayDemo/DelayDemo/DelayDemo.flow",
    "Status": "Valid"
  }
}
---
2026-07-24 19:52:17 [DEBUG] coder_eval.sandbox: STDERR:
---
[ManifestClient] fetchDynamicNodes ok: total=207 agent context nodes=2 external agent nodes=6 orchestrator nodes=158 IXP nodes=41
---
2026-07-24 19:52:17 [DEBUG] coder_eval.evaluation.checker: Criterion 'run_command' score: 1.00
2026-07-24 19:52:17 [DEBUG] coder_eval.criteria.run_command: Running command for criterion 'Flow has exactly one core.logic.delay node with valid timer inputs and incoming/outgoing edges': python3 $TASK_DIR/check_delay_flow.py
2026-07-24 19:52:17 [DEBUG] coder_eval.sandbox: Command 'python3 $TASK_DIR/check_delay_flow.py' exited with code 0
2026-07-24 19:52:17 [DEBUG] coder_eval.sandbox: STDOUT:
---
OK: exactly one core.logic.delay node present; timerType='timeDuration', timerPreset='PT15M'; typeVersion set; incoming and outgoing edges wired
---
2026-07-24 19:52:17 [DEBUG] coder_eval.evaluation.checker: Criterion 'run_command' score: 1.00
2026-07-24 19:52:17 [INFO] coder_eval.orchestrator: Success criteria: 2/2 passed, weighted score: 1.000
2026-07-24 19:52:17 [DEBUG] coder_eval.utils: Resolved @uipath plugin-tools dir=/usr/lib/node_modules/@uipath from `uip` at /usr/lib/node_modules/@uipath/cli/dist/index.js
2026-07-24 19:52:17 [INFO] coder_eval.orchestrator: Running post-run command: find . -maxdepth 5 -type d \( -name node_modules -o -name .npm-prefix -o -name .venv \) -prune -exec rm -rf {} +
2026-07-24 19:52:17 [INFO] coder_eval.orchestrator: Sandbox preserved (in-place): /work/output/artifacts/skill-flow-delay
2026-07-24 19:52:17 [INFO] coder_eval.orchestrator: Task finished: status=SUCCESS duration=181.7s score=1.000 iterations=1
