2026-07-22 04:49:31 [DEBUG] coder_eval.utils: Resolved @uipath plugin-tools dir=/usr/lib/node_modules/@uipath from `uip` at /usr/lib/node_modules/@uipath/cli/dist/index.js
2026-07-22 04:49:31 [INFO] coder_eval.orchestrator: API routing: aws_bedrock
2026-07-22 04:49:31 [DEBUG] coder_eval.criteria: Discovered 14 criterion checkers
2026-07-22 04:49:31 [DEBUG] coder_eval.criteria: Validated 14 criterion checkers
2026-07-22 04:49:31 [DEBUG] coder_eval.utils: Resolved @uipath plugin-tools dir=/usr/lib/node_modules/@uipath from `uip` at /usr/lib/node_modules/@uipath/cli/dist/index.js
2026-07-22 04:49:31 [DEBUG] coder_eval.orchestrator: Sending prompt: A UiPath Maestro BPMN instance behaved differently from the local source. The
local file `OrderRouti...
2026-07-22 04:49:31 [DEBUG] coder_eval.agents.claude_code_agent: [coder] Starting agent query stream...
2026-07-22 04:50:03 [DEBUG] coder_eval.agents.claude_code_agent: [coder] session_id changed: None -> 7105cc32-bd6f-49e1-b180-a42d4ea46a6b
2026-07-22 04:50:03 [DEBUG] coder_eval.agents.claude_code_agent: [coder] Agent query stream ended
2026-07-22 04:50:03 [DEBUG] coder_eval.utils: `uip` at /work/output/artifacts/skill-bpmn-diagnose-deployed-drift/mocks/uip is not inside a recognizable node_modules/@uipath tree
2026-07-22 04:50:03 [DEBUG] coder_eval.orchestrator: Agent response received (1576 chars)
2026-07-22 04:50:03 [DEBUG] coder_eval.orchestrator: Checking success criteria
2026-07-22 04:50:03 [DEBUG] coder_eval.evaluation.checker: Criterion 'command_executed' score: 1.00
2026-07-22 04:50:03 [DEBUG] coder_eval.evaluation.checker: Criterion 'file_contains' score: 1.00
2026-07-22 04:50:03 [INFO] coder_eval.orchestrator: Success criteria: 2/2 passed, weighted score: 1.000
2026-07-22 04:50:03 [DEBUG] coder_eval.utils: `uip` at /work/output/artifacts/skill-bpmn-diagnose-deployed-drift/mocks/uip is not inside a recognizable node_modules/@uipath tree
2026-07-22 04:50:03 [INFO] coder_eval.orchestrator: Running post-run command: find . -maxdepth 5 -type d \( -name node_modules -o -name .npm-prefix -o -name .venv \) -prune -exec rm -rf {} +
2026-07-22 04:50:03 [INFO] coder_eval.orchestrator: Sandbox preserved (in-place): /work/output/artifacts/skill-bpmn-diagnose-deployed-drift
2026-07-22 04:50:03 [INFO] coder_eval.orchestrator: Task finished: status=SUCCESS duration=33.8s score=1.000 iterations=1
