2026-07-24 20:10:25 [DEBUG] coder_eval.utils: Resolved @uipath plugin-tools dir=/usr/lib/node_modules/@uipath from `uip` at /usr/lib/node_modules/@uipath/cli/dist/index.js
2026-07-24 20:10:25 [INFO] coder_eval.orchestrator: API routing: aws_bedrock
2026-07-24 20:10:25 [DEBUG] coder_eval.criteria: Discovered 14 criterion checkers
2026-07-24 20:10:25 [DEBUG] coder_eval.criteria: Validated 14 criterion checkers
2026-07-24 20:10:25 [DEBUG] coder_eval.utils: Resolved @uipath plugin-tools dir=/usr/lib/node_modules/@uipath from `uip` at /usr/lib/node_modules/@uipath/cli/dist/index.js
2026-07-24 20:10:26 [DEBUG] coder_eval.orchestrator: Sending prompt: Create a UiPath Flow project named "TransformGroupByDemo" that uses a single
Group By transform node...
2026-07-24 20:10:26 [DEBUG] coder_eval.agents.claude_code_agent: [coder] Starting agent query stream...
2026-07-24 20:13:51 [DEBUG] coder_eval.agents.claude_code_agent: [coder] session_id changed: None -> d2db825d-f248-4335-8597-b478caef3b1f
2026-07-24 20:13:51 [DEBUG] coder_eval.agents.claude_code_agent: [coder] Agent query stream ended
2026-07-24 20:13:51 [DEBUG] coder_eval.utils: Resolved @uipath plugin-tools dir=/usr/lib/node_modules/@uipath from `uip` at /usr/lib/node_modules/@uipath/cli/dist/index.js
2026-07-24 20:13:51 [DEBUG] coder_eval.orchestrator: Agent response received (5014 chars)
2026-07-24 20:13:51 [DEBUG] coder_eval.orchestrator: Checking success criteria
2026-07-24 20:13:51 [DEBUG] coder_eval.criteria.run_command: Running command for criterion 'uip maestro flow validate passes on the flow file': uip maestro flow validate TransformGroupByDemo/TransformGroupByDemo/TransformGroupByDemo.flow
2026-07-24 20:13:56 [DEBUG] coder_eval.sandbox: Command 'uip maestro flow validate TransformGroupByDemo/TransformGroupByDemo/TransformGroupByDemo.flow' exited with code 0
2026-07-24 20:13:56 [DEBUG] coder_eval.sandbox: STDOUT:
---
{
  "Result": "Success",
  "Code": "FlowValidate",
  "Data": {
    "File": "/work/output/artifacts/skill-flow-transform-group-by/TransformGroupByDemo/TransformGroupByDemo/TransformGroupByDemo.flow",
    "Status": "Valid"
  }
}
---
2026-07-24 20:13:56 [DEBUG] coder_eval.sandbox: STDERR:
---
[ManifestClient] fetchDynamicNodes ok: total=207 agent context nodes=2 external agent nodes=6 orchestrator nodes=158 IXP nodes=41
---
2026-07-24 20:13:56 [DEBUG] coder_eval.evaluation.checker: Criterion 'run_command' score: 1.00
2026-07-24 20:13:56 [DEBUG] coder_eval.criteria.run_command: Running command for criterion 'Flow has exactly one core.action.transform.group-by node with a plain $vars collection, a non-empty groupBy operation, and the standard output/error ports': python3 $TASK_DIR/check_transform_group_by_flow.py
2026-07-24 20:13:56 [DEBUG] coder_eval.sandbox: Command 'python3 $TASK_DIR/check_transform_group_by_flow.py' exited with code 0
2026-07-24 20:13:56 [DEBUG] coder_eval.sandbox: STDOUT:
---
OK: exactly one core.action.transform.group-by node present; typeVersion set; collection is a plain $vars path; groupBy op has a groupByField and non-empty aggregations; output source=`=result.response`, error source=`=Error`
---
2026-07-24 20:13:56 [DEBUG] coder_eval.evaluation.checker: Criterion 'run_command' score: 1.00
2026-07-24 20:13:56 [INFO] coder_eval.orchestrator: Success criteria: 2/2 passed, weighted score: 1.000
2026-07-24 20:13:56 [DEBUG] coder_eval.utils: Resolved @uipath plugin-tools dir=/usr/lib/node_modules/@uipath from `uip` at /usr/lib/node_modules/@uipath/cli/dist/index.js
2026-07-24 20:13:56 [INFO] coder_eval.orchestrator: Running post-run command: find . -maxdepth 5 -type d \( -name node_modules -o -name .npm-prefix -o -name .venv \) -prune -exec rm -rf {} +
2026-07-24 20:13:56 [INFO] coder_eval.orchestrator: Sandbox preserved (in-place): /work/output/artifacts/skill-flow-transform-group-by
2026-07-24 20:13:56 [INFO] coder_eval.orchestrator: Task finished: status=SUCCESS duration=212.9s score=1.000 iterations=1
