2026-07-24 20:09:22 [DEBUG] coder_eval.utils: Resolved @uipath plugin-tools dir=/usr/lib/node_modules/@uipath from `uip` at /usr/lib/node_modules/@uipath/cli/dist/index.js
2026-07-24 20:09:22 [INFO] coder_eval.orchestrator: API routing: aws_bedrock
2026-07-24 20:09:22 [DEBUG] coder_eval.criteria: Discovered 14 criterion checkers
2026-07-24 20:09:22 [DEBUG] coder_eval.criteria: Validated 14 criterion checkers
2026-07-24 20:09:22 [DEBUG] coder_eval.utils: Resolved @uipath plugin-tools dir=/usr/lib/node_modules/@uipath from `uip` at /usr/lib/node_modules/@uipath/cli/dist/index.js
2026-07-24 20:09:22 [DEBUG] coder_eval.orchestrator: Sending prompt: Create a UiPath Flow project named "FeetInches" that takes `value` (number)
and `direction` (string:...
2026-07-24 20:09:22 [DEBUG] coder_eval.agents.claude_code_agent: [coder] Starting agent query stream...
2026-07-24 20:17:00 [DEBUG] coder_eval.agents.claude_code_agent: [coder] session_id changed: None -> 40e9411d-b4e4-4ce2-bcfb-c6c3ebb45af5
2026-07-24 20:17:00 [DEBUG] coder_eval.agents.claude_code_agent: [coder] Agent query stream ended
2026-07-24 20:17:00 [DEBUG] coder_eval.utils: Resolved @uipath plugin-tools dir=/usr/lib/node_modules/@uipath from `uip` at /usr/lib/node_modules/@uipath/cli/dist/index.js
2026-07-24 20:17:00 [DEBUG] coder_eval.orchestrator: Agent response received (4696 chars)
2026-07-24 20:17:00 [DEBUG] coder_eval.orchestrator: Checking success criteria
2026-07-24 20:17:00 [DEBUG] coder_eval.criteria.run_command: Running command for criterion 'uip maestro flow validate passes on the flow file': uip maestro flow validate FeetInches/FeetInches/FeetInches.flow
2026-07-24 20:17:05 [DEBUG] coder_eval.sandbox: Command 'uip maestro flow validate FeetInches/FeetInches/FeetInches.flow' exited with code 0
2026-07-24 20:17:05 [DEBUG] coder_eval.sandbox: STDOUT:
---
{
  "Result": "Success",
  "Code": "FlowValidate",
  "Data": {
    "File": "/work/output/artifacts/skill-flow-feet-inches/FeetInches/FeetInches/FeetInches.flow",
    "Status": "Valid"
  }
}
---
2026-07-24 20:17:05 [DEBUG] coder_eval.sandbox: STDERR:
---
[ManifestClient] fetchDynamicNodes ok: total=207 agent context nodes=2 external agent nodes=6 orchestrator nodes=158 IXP nodes=41
---
2026-07-24 20:17:05 [DEBUG] coder_eval.evaluation.checker: Criterion 'run_command' score: 1.00
2026-07-24 20:17:05 [DEBUG] coder_eval.criteria.run_command: Running command for criterion 'Debug with (23, "f2i") returns 276 via a Switch node': python3 $TASK_DIR/check_feet_inches_flow.py f2i
2026-07-24 20:17:22 [DEBUG] coder_eval.sandbox: Command 'python3 $TASK_DIR/check_feet_inches_flow.py f2i' exited with code 0
2026-07-24 20:17:22 [DEBUG] coder_eval.sandbox: STDOUT:
---
[f2i] Injecting inputs: {'value': 23, 'direction': 'f2i'} (expect 276)
OK: [f2i] {'value': 23, 'direction': 'f2i'} -> 276
---
2026-07-24 20:17:22 [DEBUG] coder_eval.evaluation.checker: Criterion 'run_command' score: 1.00
2026-07-24 20:17:22 [DEBUG] coder_eval.criteria.run_command: Running command for criterion 'Debug with (276, "i2f") returns 23 via a Switch node': python3 $TASK_DIR/check_feet_inches_flow.py i2f
2026-07-24 20:17:38 [DEBUG] coder_eval.sandbox: Command 'python3 $TASK_DIR/check_feet_inches_flow.py i2f' exited with code 0
2026-07-24 20:17:38 [DEBUG] coder_eval.sandbox: STDOUT:
---
[i2f] Injecting inputs: {'value': 276, 'direction': 'i2f'} (expect 23)
OK: [i2f] {'value': 276, 'direction': 'i2f'} -> 23
---
2026-07-24 20:17:38 [DEBUG] coder_eval.evaluation.checker: Criterion 'run_command' score: 1.00
2026-07-24 20:17:38 [INFO] coder_eval.orchestrator: Success criteria: 3/3 passed, weighted score: 1.000
2026-07-24 20:17:38 [WARNING] coder_eval.orchestrator: Visible turns (26) exceeded expected_turns (23) at iteration 1 for task skill-flow-feet-inches. Run continues — max_turns remains the hard cap.
2026-07-24 20:17:38 [DEBUG] coder_eval.utils: Resolved @uipath plugin-tools dir=/usr/lib/node_modules/@uipath from `uip` at /usr/lib/node_modules/@uipath/cli/dist/index.js
2026-07-24 20:17:38 [INFO] coder_eval.orchestrator: Running post-run command: python3 $SKILLS_REPO_PATH/tests/tasks/uipath-maestro-flow/_shared/cleanup_solutions.py
2026-07-24 20:17:40 [WARNING] coder_eval.orchestrator: [post_run stderr] cleanup_solutions: deleted 93d14818-5f42-4562-7595-08dee9b21193 (from FeetInches/FeetInches.uipx)
2026-07-24 20:17:40 [WARNING] coder_eval.orchestrator: [post_run stderr] cleanup_solutions: summary policy=always deleted=1 preserved=0 skipped=0 not_uploaded=0 failed=0
2026-07-24 20:17:40 [INFO] coder_eval.orchestrator: Running post-run command: find . -maxdepth 5 -type d \( -name node_modules -o -name .npm-prefix -o -name .venv \) -prune -exec rm -rf {} +
2026-07-24 20:17:40 [INFO] coder_eval.orchestrator: Sandbox preserved (in-place): /work/output/artifacts/skill-flow-feet-inches
2026-07-24 20:17:40 [INFO] coder_eval.orchestrator: Task finished: status=SUCCESS duration=501.7s score=1.000 iterations=1
