2026-07-24 20:16:40 [DEBUG] coder_eval.utils: Resolved @uipath plugin-tools dir=/usr/lib/node_modules/@uipath from `uip` at /usr/lib/node_modules/@uipath/cli/dist/index.js
2026-07-24 20:16:40 [INFO] coder_eval.orchestrator: API routing: aws_bedrock
2026-07-24 20:16:40 [DEBUG] coder_eval.criteria: Discovered 14 criterion checkers
2026-07-24 20:16:40 [DEBUG] coder_eval.criteria: Validated 14 criterion checkers
2026-07-24 20:16:40 [DEBUG] coder_eval.utils: Resolved @uipath plugin-tools dir=/usr/lib/node_modules/@uipath from `uip` at /usr/lib/node_modules/@uipath/cli/dist/index.js
2026-07-24 20:16:40 [DEBUG] coder_eval.orchestrator: Sending prompt: Create a UiPath Flow named "SlackChannelDescription" that retrieves
the channel description of #offi...
2026-07-24 20:16:40 [DEBUG] coder_eval.agents.claude_code_agent: [coder] Starting agent query stream...
2026-07-24 20:20:03 [DEBUG] coder_eval.agents.claude_code_agent: [coder] session_id changed: None -> 3dc2969c-8860-447d-80cb-49ffbdd7bf05
2026-07-24 20:20:03 [DEBUG] coder_eval.agents.claude_code_agent: [coder] Agent query stream ended
2026-07-24 20:20:03 [DEBUG] coder_eval.utils: Resolved @uipath plugin-tools dir=/usr/lib/node_modules/@uipath from `uip` at /usr/lib/node_modules/@uipath/cli/dist/index.js
2026-07-24 20:20:03 [DEBUG] coder_eval.orchestrator: Agent response received (4977 chars)
2026-07-24 20:20:03 [DEBUG] coder_eval.orchestrator: Checking success criteria
2026-07-24 20:20:03 [DEBUG] coder_eval.criteria.run_command: Running command for criterion 'uip maestro flow validate passes on the flow file': uip maestro flow validate SlackChannelDescription/SlackChannelDescription/SlackChannelDescription.flow
2026-07-24 20:20:09 [DEBUG] coder_eval.sandbox: Command 'uip maestro flow validate SlackChannelDescription/SlackChannelDescription/SlackChannelDescription.flow' exited with code 0
2026-07-24 20:20:09 [DEBUG] coder_eval.sandbox: STDOUT:
---
{
  "Result": "Success",
  "Code": "FlowValidate",
  "Data": {
    "File": "/work/output/artifacts/skill-flow-slack-channel-description/SlackChannelDescription/SlackChannelDescription/SlackChannelDescription.flow",
    "Status": "Valid"
  }
}
---
2026-07-24 20:20:09 [DEBUG] coder_eval.sandbox: STDERR:
---
[ManifestClient] fetchDynamicNodes ok: total=208 agent context nodes=2 external agent nodes=6 orchestrator nodes=158 IXP nodes=42
---
2026-07-24 20:20:09 [DEBUG] coder_eval.evaluation.checker: Criterion 'run_command' score: 1.00
2026-07-24 20:20:09 [DEBUG] coder_eval.criteria.run_command: Running command for criterion 'Flow debug runs successfully and output contains the Bellevue office address': python3 $TASK_DIR/check_channel_description.py
2026-07-24 20:20:29 [DEBUG] coder_eval.sandbox: Command 'python3 $TASK_DIR/check_channel_description.py' exited with code 0
2026-07-24 20:20:29 [DEBUG] coder_eval.sandbox: STDOUT:
---
OK: Slack connector target present; output contains Bellevue office address
---
2026-07-24 20:20:29 [DEBUG] coder_eval.evaluation.checker: Criterion 'run_command' score: 1.00
2026-07-24 20:20:29 [INFO] coder_eval.orchestrator: Success criteria: 2/2 passed, weighted score: 1.000
2026-07-24 20:20:29 [DEBUG] coder_eval.utils: Resolved @uipath plugin-tools dir=/usr/lib/node_modules/@uipath from `uip` at /usr/lib/node_modules/@uipath/cli/dist/index.js
2026-07-24 20:20:29 [INFO] coder_eval.orchestrator: Running post-run command: python3 $SKILLS_REPO_PATH/tests/tasks/uipath-maestro-flow/_shared/cleanup_solutions.py
2026-07-24 20:20:30 [WARNING] coder_eval.orchestrator: [post_run stderr] cleanup_solutions: deleted 50e67226-7a2e-4662-4810-08dee9b1ed35 (from SlackChannelDescription/SlackChannelDescription.uipx)
2026-07-24 20:20:30 [WARNING] coder_eval.orchestrator: [post_run stderr] cleanup_solutions: summary policy=always deleted=1 preserved=0 skipped=0 not_uploaded=0 failed=0
2026-07-24 20:20:30 [INFO] coder_eval.orchestrator: Running post-run command: find . -maxdepth 5 -type d \( -name node_modules -o -name .npm-prefix -o -name .venv \) -prune -exec rm -rf {} +
2026-07-24 20:20:30 [INFO] coder_eval.orchestrator: Sandbox preserved (in-place): /work/output/artifacts/skill-flow-slack-channel-description
2026-07-24 20:20:30 [INFO] coder_eval.orchestrator: Task finished: status=SUCCESS duration=232.7s score=1.000 iterations=1
