2026-07-24 17:22:42 [DEBUG] coder_eval.utils: Resolved @uipath plugin-tools dir=/usr/lib/node_modules/@uipath from `uip` at /usr/lib/node_modules/@uipath/cli/dist/index.js
2026-07-24 17:22:42 [INFO] coder_eval.orchestrator: API routing: aws_bedrock
2026-07-24 17:22:42 [DEBUG] coder_eval.criteria: Discovered 14 criterion checkers
2026-07-24 17:22:42 [DEBUG] coder_eval.criteria: Validated 14 criterion checkers
2026-07-24 17:22:42 [DEBUG] coder_eval.utils: Resolved @uipath plugin-tools dir=/usr/lib/node_modules/@uipath from `uip` at /usr/lib/node_modules/@uipath/cli/dist/index.js
2026-07-24 17:22:42 [INFO] coder_eval.orchestrator: Running pre-run command: python3 $SKILLS_REPO_PATH/tests/tasks/uipath-maestro-flow/e2e/jira_create_issue/seed_jira.py
2026-07-24 17:22:43 [INFO] coder_eval.orchestrator: [pre_run stdout] OK: wrote seed targets (summary='coder-eval jira flow e2e 5698ec53', project=CE)
2026-07-24 17:22:43 [DEBUG] coder_eval.orchestrator: Sending prompt: Create a new Flow project called "JiraCreateIssue" with a manual trigger.
It should create a Jira is...
2026-07-24 17:22:43 [DEBUG] coder_eval.agents.claude_code_agent: [coder] Starting agent query stream...
2026-07-24 17:28:51 [DEBUG] coder_eval.agents.claude_code_agent: [coder] session_id changed: None -> d3359968-0041-4d1b-84df-692d3bdec746
2026-07-24 17:28:51 [DEBUG] coder_eval.agents.claude_code_agent: [coder] Agent query stream ended
2026-07-24 17:28:51 [DEBUG] coder_eval.utils: Resolved @uipath plugin-tools dir=/usr/lib/node_modules/@uipath from `uip` at /usr/lib/node_modules/@uipath/cli/dist/index.js
2026-07-24 17:28:51 [DEBUG] coder_eval.orchestrator: Agent response received (4108 chars)
2026-07-24 17:28:51 [DEBUG] coder_eval.orchestrator: Checking success criteria
2026-07-24 17:28:51 [DEBUG] coder_eval.evaluation.checker: Criterion 'command_executed' score: 1.00
2026-07-24 17:28:51 [DEBUG] coder_eval.criteria.run_command: Running command for criterion 'JiraCreateIssue checks: valid flow with Jira Create-Issue node, debug creates a real issue, and the tenant carries the seeded summary': python3 $TASK_DIR/check_jira_create_issue.py
2026-07-24 17:29:24 [DEBUG] coder_eval.sandbox: Command 'python3 $TASK_DIR/check_jira_create_issue.py' exited with code 0
2026-07-24 17:29:24 [DEBUG] coder_eval.sandbox: STDOUT:
---
OK: flow references uipath-atlassian-jira
OK: flow debug completed
OK: candidate keys from debug: ['CE-158']
OK: Jira issue CE-158 exists with the seed summary
PASS: all JiraCreateIssue checks passed
---
2026-07-24 17:29:24 [DEBUG] coder_eval.evaluation.checker: Criterion 'run_command' score: 1.00
2026-07-24 17:29:24 [INFO] coder_eval.orchestrator: Success criteria: 2/2 passed, weighted score: 1.000
2026-07-24 17:29:24 [DEBUG] coder_eval.utils: Resolved @uipath plugin-tools dir=/usr/lib/node_modules/@uipath from `uip` at /usr/lib/node_modules/@uipath/cli/dist/index.js
2026-07-24 17:29:24 [INFO] coder_eval.orchestrator: Running post-run command: python3 $SKILLS_REPO_PATH/tests/tasks/uipath-maestro-flow/e2e/jira_create_issue/teardown_jira.py
2026-07-24 17:29:30 [INFO] coder_eval.orchestrator: [post_run stdout] OK: deleted CE-158
2026-07-24 17:29:30 [INFO] coder_eval.orchestrator: Running post-run command: find . -maxdepth 5 -type d \( -name node_modules -o -name .npm-prefix -o -name .venv \) -prune -exec rm -rf {} +
2026-07-24 17:29:30 [INFO] coder_eval.orchestrator: Sandbox preserved (in-place): /work/output/artifacts/skill-flow-ipe-jira-create-issue
2026-07-24 17:29:30 [INFO] coder_eval.orchestrator: Task finished: status=SUCCESS duration=410.1s score=1.000 iterations=1
