2026-07-22 04:58:34 [DEBUG] coder_eval.utils: Resolved @uipath plugin-tools dir=/usr/lib/node_modules/@uipath from `uip` at /usr/lib/node_modules/@uipath/cli/dist/index.js
2026-07-22 04:58:34 [INFO] coder_eval.orchestrator: API routing: aws_bedrock
2026-07-22 04:58:34 [DEBUG] coder_eval.criteria: Discovered 14 criterion checkers
2026-07-22 04:58:34 [DEBUG] coder_eval.criteria: Validated 14 criterion checkers
2026-07-22 04:58:34 [DEBUG] coder_eval.utils: Resolved @uipath plugin-tools dir=/usr/lib/node_modules/@uipath from `uip` at /usr/lib/node_modules/@uipath/cli/dist/index.js
2026-07-22 04:58:34 [DEBUG] coder_eval.orchestrator: Sending prompt: Load and follow the uipath-maestro-bpmn skill.

Author a local Maestro BPMN project named "MultiInst...
2026-07-22 04:58:34 [DEBUG] coder_eval.agents.claude_code_agent: [coder] Starting agent query stream...
2026-07-22 05:03:32 [DEBUG] coder_eval.agents.claude_code_agent: [coder] session_id changed: None -> c25e7975-1d31-4213-af2f-0c7d4a862382
2026-07-22 05:03:32 [DEBUG] coder_eval.agents.claude_code_agent: [coder] Agent query stream ended
2026-07-22 05:03:32 [DEBUG] coder_eval.utils: Resolved @uipath plugin-tools dir=/usr/lib/node_modules/@uipath from `uip` at /usr/lib/node_modules/@uipath/cli/dist/index.js
2026-07-22 05:03:32 [DEBUG] coder_eval.orchestrator: Agent response received (5475 chars)
2026-07-22 05:03:32 [DEBUG] coder_eval.orchestrator: Checking success criteria
2026-07-22 05:03:32 [DEBUG] coder_eval.evaluation.checker: Criterion 'file_exists' score: 1.00
2026-07-22 05:03:32 [DEBUG] coder_eval.evaluation.checker: Criterion 'file_contains' score: 1.00
2026-07-22 05:03:32 [DEBUG] coder_eval.criteria.run_command: Running command for criterion 'Subprocess body reads iterator[0].item / iterator[0].loopCounter and the graph is sound': python3 $TASK_DIR/check_multiinstance_iterator.py
2026-07-22 05:03:32 [DEBUG] coder_eval.sandbox: Command 'python3 $TASK_DIR/check_multiinstance_iterator.py' exited with code 0
2026-07-22 05:03:32 [DEBUG] coder_eval.sandbox: STDOUT:
---
OK: MultiInstanceIteratorBpmn/MultiInstanceIteratorBpmn.bpmn reads iterator[0].item / iterator[0].loopCounter at subprocess depth
---
2026-07-22 05:03:32 [DEBUG] coder_eval.evaluation.checker: Criterion 'run_command' score: 1.00
2026-07-22 05:03:32 [INFO] coder_eval.orchestrator: Success criteria: 3/3 passed, weighted score: 1.000
2026-07-22 05:03:32 [DEBUG] coder_eval.utils: Resolved @uipath plugin-tools dir=/usr/lib/node_modules/@uipath from `uip` at /usr/lib/node_modules/@uipath/cli/dist/index.js
2026-07-22 05:03:32 [INFO] coder_eval.orchestrator: Running post-run command: find . -maxdepth 5 -type d \( -name node_modules -o -name .npm-prefix -o -name .venv \) -prune -exec rm -rf {} +
2026-07-22 05:03:32 [INFO] coder_eval.orchestrator: Sandbox preserved (in-place): /work/output/artifacts/skill-bpmn-expr-multiinstance-iterator
2026-07-22 05:03:32 [INFO] coder_eval.orchestrator: Task finished: status=SUCCESS duration=299.4s score=1.000 iterations=1
