2026-07-22 15:27:26 [DEBUG] coder_eval.utils: Resolved @uipath plugin-tools dir=/usr/lib/node_modules/@uipath from `uip` at /usr/lib/node_modules/@uipath/cli/dist/index.js
2026-07-22 15:27:26 [INFO] coder_eval.orchestrator: API routing: aws_bedrock
2026-07-22 15:27:26 [DEBUG] coder_eval.criteria: Discovered 14 criterion checkers
2026-07-22 15:27:26 [DEBUG] coder_eval.criteria: Validated 14 criterion checkers
2026-07-22 15:27:26 [DEBUG] coder_eval.utils: Resolved @uipath plugin-tools dir=/usr/lib/node_modules/@uipath from `uip` at /usr/lib/node_modules/@uipath/cli/dist/index.js
2026-07-22 15:27:26 [DEBUG] coder_eval.orchestrator: Sending prompt: Create a local BPMN project named "LeaveRequestBpmn" with this process:

1. Manual start.
2. HITL us...
2026-07-22 15:27:26 [DEBUG] coder_eval.agents.claude_code_agent: [coder] Starting agent query stream...
2026-07-22 15:33:52 [DEBUG] coder_eval.agents.claude_code_agent: [coder] session_id changed: None -> f8a571ac-4d8b-4c4b-ac20-b1151b777c5a
2026-07-22 15:33:52 [DEBUG] coder_eval.agents.claude_code_agent: [coder] Agent query stream ended
2026-07-22 15:33:52 [DEBUG] coder_eval.utils: Resolved @uipath plugin-tools dir=/usr/lib/node_modules/@uipath from `uip` at /usr/lib/node_modules/@uipath/cli/dist/index.js
2026-07-22 15:33:52 [DEBUG] coder_eval.orchestrator: Agent response received (5840 chars)
2026-07-22 15:33:52 [DEBUG] coder_eval.orchestrator: Checking success criteria
2026-07-22 15:33:52 [DEBUG] coder_eval.evaluation.checker: Criterion 'file_exists' score: 1.00
2026-07-22 15:33:52 [DEBUG] coder_eval.evaluation.checker: Criterion 'file_contains' score: 1.00
2026-07-22 15:33:52 [DEBUG] coder_eval.criteria.run_command: Running command for criterion 'HITL outcome routed through an exclusive gateway into three distinct paths': python3 $TASK_DIR/check_smoke_multi_outcome_routing.py
2026-07-22 15:33:52 [DEBUG] coder_eval.sandbox: Command 'python3 $TASK_DIR/check_smoke_multi_outcome_routing.py' exited with code 0
2026-07-22 15:33:52 [DEBUG] coder_eval.sandbox: STDOUT:
---
OK: LeaveRequestBpmn/LeaveRequestBpmn.bpmn routes the HITL outcome into three distinct gateway branches
---
2026-07-22 15:33:52 [DEBUG] coder_eval.evaluation.checker: Criterion 'run_command' score: 1.00
2026-07-22 15:33:52 [INFO] coder_eval.orchestrator: Success criteria: 3/3 passed, weighted score: 1.000
2026-07-22 15:33:52 [WARNING] coder_eval.orchestrator: Visible turns (28) exceeded expected_turns (24) at iteration 1 for task skill-bpmn-hitl-multi-outcome-routing. Run continues — max_turns remains the hard cap.
2026-07-22 15:33:52 [DEBUG] coder_eval.utils: Resolved @uipath plugin-tools dir=/usr/lib/node_modules/@uipath from `uip` at /usr/lib/node_modules/@uipath/cli/dist/index.js
2026-07-22 15:33:52 [INFO] coder_eval.orchestrator: Running post-run command: find . -maxdepth 5 -type d \( -name node_modules -o -name .npm-prefix -o -name .venv \) -prune -exec rm -rf {} +
2026-07-22 15:33:52 [INFO] coder_eval.orchestrator: Sandbox preserved (in-place): /work/output/artifacts/skill-bpmn-hitl-multi-outcome-routing
2026-07-22 15:33:52 [INFO] coder_eval.orchestrator: Task finished: status=SUCCESS duration=387.7s score=1.000 iterations=1
