2026-07-23 20:45:45 [DEBUG] coder_eval.utils: Resolved @uipath plugin-tools dir=/usr/lib/node_modules/@uipath from `uip` at /usr/lib/node_modules/@uipath/cli/dist/index.js
2026-07-23 20:45:45 [INFO] coder_eval.orchestrator: API routing: aws_bedrock
2026-07-23 20:45:45 [DEBUG] coder_eval.criteria: Discovered 14 criterion checkers
2026-07-23 20:45:45 [DEBUG] coder_eval.criteria: Validated 14 criterion checkers
2026-07-23 20:45:45 [DEBUG] coder_eval.utils: Resolved @uipath plugin-tools dir=/usr/lib/node_modules/@uipath from `uip` at /usr/lib/node_modules/@uipath/cli/dist/index.js
2026-07-23 20:45:45 [DEBUG] coder_eval.orchestrator: Sending prompt: Create a flow called "SlackWeatherPipeline". Read the #office-bellevue Slack channel description — i...
2026-07-23 20:45:45 [DEBUG] coder_eval.agents.claude_code_agent: [coder] Starting agent query stream...
2026-07-23 20:52:20 [DEBUG] coder_eval.agents.claude_code_agent: [coder] is_error ResultMessage; not advancing session_id (kept None)
2026-07-23 20:52:21 [DEBUG] coder_eval.agents.claude_code_agent: [coder] Generic Exception is error_max_turns; treating as clean turn
2026-07-23 20:52:21 [WARNING] coder_eval.agents.claude_code_agent: [coder] Agent exhausted max_turns (40); turn ended without completing
2026-07-23 20:52:21 [DEBUG] coder_eval.utils: Resolved @uipath plugin-tools dir=/usr/lib/node_modules/@uipath from `uip` at /usr/lib/node_modules/@uipath/cli/dist/index.js
2026-07-23 20:52:21 [DEBUG] coder_eval.orchestrator: Agent response received (480 chars)
2026-07-23 20:52:21 [DEBUG] coder_eval.orchestrator: Checking success criteria
2026-07-23 20:52:21 [DEBUG] coder_eval.criteria.run_command: Running command for criterion 'uip maestro flow validate passes': uip maestro flow validate SlackWeatherPipeline/SlackWeatherPipeline/SlackWeatherPipeline.flow
2026-07-23 20:52:25 [DEBUG] coder_eval.sandbox: Command 'uip maestro flow validate SlackWeatherPipeline/SlackWeatherPipeline/SlackWeatherPipeline.flow' exited with code 1
2026-07-23 20:52:25 [DEBUG] coder_eval.sandbox: STDOUT:
---
{
  "Result": "Failure",
  "Message": "Flow validation failed",
  "Instructions": "File not found: /work/output/artifacts/skill-flow-slack-weather-pipeline/SlackWeatherPipeline/SlackWeatherPipeline/SlackWeatherPipeline.flow",
  "ErrorCode": "unknown_error",
  "Retry": "RetryWillNotFix"
}
---
2026-07-23 20:52:25 [DEBUG] coder_eval.sandbox: STDERR:
---
[ERROR] Stack trace:
[ERROR] Error: File not found: /work/output/artifacts/skill-flow-slack-weather-pipeline/SlackWeatherPipeline/SlackWeatherPipeline/SlackWeatherPipeline.flow
    at FlowValidateService.validateFile (file:///usr/lib/node_modules/@uipath/maestro-tool/dist/tool.js:431637:13)
    at async FlowValidateService.execute (file:///usr/lib/node_modules/@uipath/maestro-tool/dist/tool.js:431561:31)
    at async file:///usr/lib/node_modules/@uipath/maestro-tool/dist/tool.js:433290:22
    at async Command.<anonymous> (file:///usr/lib/node_modules/@uipath/cli/dist/index.js:69372:23)
    at async Command.parseAsync (file:///usr/lib/node_modules/@uipath/cli/dist/index.js:25598:7)
    at async Command.<anonymous> (file:///usr/lib/node_modules/@uipath/cli/dist/index.js:140546:7)
    at async Command.parseAsync (file:///usr/lib/node_modules/@uipath/cli/dist/index.js:25598:7)
    at async parseAndExit (file:///usr/lib/node_modules/@uipath/cli/dist/index.js:106994:24)
    at async runNode (file:///usr/lib/node_modules/@uipath/cli/dist/index.js:140687:3)
    at async file:///usr/lib/node_modules/@uipath/cli/dist/index.js:140836:3
---
2026-07-23 20:52:25 [DEBUG] coder_eval.evaluation.checker: Criterion 'run_command' score: 0.00
2026-07-23 20:52:25 [INFO] coder_eval.evaluation.checker: Criterion 'run_command' FAILED (score=0.00, threshold=1.00): Command: uip maestro flow validate SlackWeatherPipeline/SlackWeatherPipeline/SlackWeatherPipeline.flow
2026-07-23 20:52:25 [DEBUG] coder_eval.criteria.run_command: Running command for criterion 'Flow debug runs end-to-end and emits the verdict as an output value: Slack + HTTP + decision all execute, a run-produced output value contains the verdict text': python3 $TASK_DIR/check_slack_weather_pipeline.py
2026-07-23 20:52:25 [DEBUG] coder_eval.sandbox: Command 'python3 $TASK_DIR/check_slack_weather_pipeline.py' exited with code 1
2026-07-23 20:52:25 [DEBUG] coder_eval.sandbox: STDERR:
---
FAIL: No project.uiproj found matching **/project.uiproj
---
2026-07-23 20:52:25 [DEBUG] coder_eval.evaluation.checker: Criterion 'run_command' score: 0.00
2026-07-23 20:52:25 [INFO] coder_eval.evaluation.checker: Criterion 'run_command' FAILED (score=0.00, threshold=1.00): Command: python3 $TASK_DIR/check_slack_weather_pipeline.py
2026-07-23 20:52:25 [INFO] coder_eval.orchestrator: Success criteria: 0/2 passed, weighted score: 0.000
2026-07-23 20:52:25 [WARNING] coder_eval.orchestrator: Agent exhausted max_turns (40) without passing criteria.
2026-07-23 20:52:25 [DEBUG] coder_eval.utils: Resolved @uipath plugin-tools dir=/usr/lib/node_modules/@uipath from `uip` at /usr/lib/node_modules/@uipath/cli/dist/index.js
2026-07-23 20:52:25 [INFO] coder_eval.orchestrator: Running post-run command: python3 $SKILLS_REPO_PATH/tests/tasks/uipath-maestro-flow/_shared/cleanup_solutions.py
2026-07-23 20:52:26 [WARNING] coder_eval.orchestrator: [post_run stderr] cleanup_solutions: no .uipx files under cwd; nothing to do.
2026-07-23 20:52:26 [INFO] coder_eval.orchestrator: Running post-run command: find . -maxdepth 5 -type d \( -name node_modules -o -name .npm-prefix -o -name .venv \) -prune -exec rm -rf {} +
2026-07-23 20:52:26 [INFO] coder_eval.orchestrator: Sandbox preserved (in-place): /work/output/artifacts/skill-flow-slack-weather-pipeline
2026-07-23 20:52:26 [INFO] coder_eval.orchestrator: Task finished: status=MAX_TURNS_EXHAUSTED duration=403.1s score=0.000 iterations=1
