2026-07-24 17:32:27 [DEBUG] coder_eval.utils: Resolved @uipath plugin-tools dir=/usr/lib/node_modules/@uipath from `uip` at /usr/lib/node_modules/@uipath/cli/dist/index.js
2026-07-24 17:32:27 [INFO] coder_eval.orchestrator: API routing: aws_bedrock
2026-07-24 17:32:27 [DEBUG] coder_eval.criteria: Discovered 14 criterion checkers
2026-07-24 17:32:27 [DEBUG] coder_eval.criteria: Validated 14 criterion checkers
2026-07-24 17:32:27 [DEBUG] coder_eval.utils: Resolved @uipath plugin-tools dir=/usr/lib/node_modules/@uipath from `uip` at /usr/lib/node_modules/@uipath/cli/dist/index.js
2026-07-24 17:32:27 [DEBUG] coder_eval.orchestrator: Sending prompt: Create a new Flow project called "SlackEmojiListTest" with a manual trigger
that lists the custom em...
2026-07-24 17:32:27 [DEBUG] coder_eval.agents.claude_code_agent: [coder] Starting agent query stream...
2026-07-24 17:36:17 [DEBUG] coder_eval.agents.claude_code_agent: [coder] session_id changed: None -> fe3d9efb-5222-4ea8-a12d-56e9c494817a
2026-07-24 17:36:17 [DEBUG] coder_eval.agents.claude_code_agent: [coder] Agent query stream ended
2026-07-24 17:36:17 [DEBUG] coder_eval.utils: Resolved @uipath plugin-tools dir=/usr/lib/node_modules/@uipath from `uip` at /usr/lib/node_modules/@uipath/cli/dist/index.js
2026-07-24 17:36:17 [DEBUG] coder_eval.orchestrator: Agent response received (4999 chars)
2026-07-24 17:36:17 [DEBUG] coder_eval.orchestrator: Checking success criteria
2026-07-24 17:36:17 [DEBUG] coder_eval.evaluation.checker: Criterion 'command_executed' score: 1.00
2026-07-24 17:36:17 [DEBUG] coder_eval.evaluation.checker: Criterion 'command_executed' score: 1.00
2026-07-24 17:36:17 [DEBUG] coder_eval.criteria.run_command: Running command for criterion 'Emoji list falls back to an HTTP-request node bound to the Slack connector (no native activity exists for it) and targets the emoji.list endpoint': python3 $TASK_DIR/check_slack_http_fallback.py check_fallback
2026-07-24 17:36:17 [DEBUG] coder_eval.sandbox: Command 'python3 $TASK_DIR/check_slack_http_fallback.py check_fallback' exited with code 0
2026-07-24 17:36:17 [DEBUG] coder_eval.sandbox: STDOUT:
---
OK: 3 nodes, 2 edges
OK: 1 Slack HTTP-request fallback node(s) present
OK: fallback node targets the Slack '/emoji.list' endpoint
OK: all Slack HTTP-fallback structural checks passed
---
2026-07-24 17:36:17 [DEBUG] coder_eval.evaluation.checker: Criterion 'run_command' score: 1.00
2026-07-24 17:36:17 [DEBUG] coder_eval.criteria.run_command: Running command for criterion 'uip maestro flow debug finishes with finalStatus Completed against the live Slack connection': python3 $TASK_DIR/check_slack_http_fallback.py check_debug
2026-07-24 17:36:40 [DEBUG] coder_eval.sandbox: Command 'python3 $TASK_DIR/check_slack_http_fallback.py check_debug' exited with code 0
2026-07-24 17:36:40 [DEBUG] coder_eval.sandbox: STDOUT:
---
OK: uip maestro flow debug finished with finalStatus=Completed
---
2026-07-24 17:36:40 [DEBUG] coder_eval.evaluation.checker: Criterion 'run_command' score: 1.00
2026-07-24 17:36:40 [INFO] coder_eval.orchestrator: Success criteria: 4/4 passed, weighted score: 1.000
2026-07-24 17:36:40 [DEBUG] coder_eval.utils: Resolved @uipath plugin-tools dir=/usr/lib/node_modules/@uipath from `uip` at /usr/lib/node_modules/@uipath/cli/dist/index.js
2026-07-24 17:36:40 [INFO] coder_eval.orchestrator: Running post-run command: find . -maxdepth 5 -type d \( -name node_modules -o -name .npm-prefix -o -name .venv \) -prune -exec rm -rf {} +
2026-07-24 17:36:40 [INFO] coder_eval.orchestrator: Sandbox preserved (in-place): /work/output/artifacts/skill-flow-slack-http-fallback
2026-07-24 17:36:40 [INFO] coder_eval.orchestrator: Task finished: status=SUCCESS duration=255.4s score=1.000 iterations=1
