2026-07-22 15:27:27 [DEBUG] coder_eval.utils: Resolved @uipath plugin-tools dir=/usr/lib/node_modules/@uipath from `uip` at /usr/lib/node_modules/@uipath/cli/dist/index.js
2026-07-22 15:27:27 [INFO] coder_eval.orchestrator: API routing: aws_bedrock
2026-07-22 15:27:27 [DEBUG] coder_eval.criteria: Discovered 14 criterion checkers
2026-07-22 15:27:27 [DEBUG] coder_eval.criteria: Validated 14 criterion checkers
2026-07-22 15:27:27 [DEBUG] coder_eval.utils: Resolved @uipath plugin-tools dir=/usr/lib/node_modules/@uipath from `uip` at /usr/lib/node_modules/@uipath/cli/dist/index.js
2026-07-22 15:27:27 [DEBUG] coder_eval.orchestrator: Sending prompt: Create a new local Maestro BPMN Process Orchestration project named
InvoiceExceptionTriage. The proj...
2026-07-22 15:27:27 [DEBUG] coder_eval.agents.claude_code_agent: [coder] Starting agent query stream...
2026-07-22 15:33:00 [DEBUG] coder_eval.agents.claude_code_agent: [coder] session_id changed: None -> f606fe46-c2e0-4389-8123-211a369f1836
2026-07-22 15:33:00 [DEBUG] coder_eval.agents.claude_code_agent: [coder] Agent query stream ended
2026-07-22 15:33:00 [DEBUG] coder_eval.utils: Resolved @uipath plugin-tools dir=/usr/lib/node_modules/@uipath from `uip` at /usr/lib/node_modules/@uipath/cli/dist/index.js
2026-07-22 15:33:00 [DEBUG] coder_eval.orchestrator: Agent response received (4729 chars)
2026-07-22 15:33:00 [DEBUG] coder_eval.orchestrator: Checking success criteria
2026-07-22 15:33:00 [DEBUG] coder_eval.evaluation.checker: Criterion 'file_exists' score: 1.00
2026-07-22 15:33:00 [DEBUG] coder_eval.evaluation.checker: Criterion 'file_exists' score: 1.00
2026-07-22 15:33:00 [DEBUG] coder_eval.evaluation.checker: Criterion 'file_exists' score: 1.00
2026-07-22 15:33:00 [DEBUG] coder_eval.criteria.run_command: Running command for criterion 'Generated BPMN project has the required process structure and package references': python3 $TASK_DIR/check_invoice_exception_triage.py
2026-07-22 15:33:00 [DEBUG] coder_eval.sandbox: Command 'python3 $TASK_DIR/check_invoice_exception_triage.py' exited with code 0
2026-07-22 15:33:00 [DEBUG] coder_eval.sandbox: STDOUT:
---
InvoiceExceptionTriage BPMN project structure is valid
---
2026-07-22 15:33:00 [DEBUG] coder_eval.evaluation.checker: Criterion 'run_command' score: 1.00
2026-07-22 15:33:00 [DEBUG] coder_eval.evaluation.judge_context: judge_context: include_reference=True but reference not set
2026-07-22 15:33:09 [DEBUG] coder_eval.evaluation.checker: Criterion 'llm_judge' score: 1.00
2026-07-22 15:33:09 [INFO] coder_eval.orchestrator: Success criteria: 5/5 passed, weighted score: 1.000
2026-07-22 15:33:09 [WARNING] coder_eval.orchestrator: Visible turns (31) exceeded expected_turns (25) at iteration 1 for task skill-bpmn-e2e-invoice-exception-triage. Run continues — max_turns remains the hard cap.
2026-07-22 15:33:09 [DEBUG] coder_eval.utils: Resolved @uipath plugin-tools dir=/usr/lib/node_modules/@uipath from `uip` at /usr/lib/node_modules/@uipath/cli/dist/index.js
2026-07-22 15:33:09 [INFO] coder_eval.orchestrator: Running post-run command: find . -maxdepth 5 -type d \( -name node_modules -o -name .npm-prefix -o -name .venv \) -prune -exec rm -rf {} +
2026-07-22 15:33:09 [INFO] coder_eval.orchestrator: Sandbox preserved (in-place): /work/output/artifacts/skill-bpmn-e2e-invoice-exception-triage
2026-07-22 15:33:09 [INFO] coder_eval.orchestrator: Task finished: status=SUCCESS duration=344.5s score=1.000 iterations=1
2026-07-22 15:33:09 [DEBUG] coder_eval.evaluation.judge_persistence: spilled 1 judge transcript(s) to /work/output
