2026-07-24 00:02:04 [DEBUG] coder_eval.utils: Resolved @uipath plugin-tools dir=/usr/lib/node_modules/@uipath from `uip` at /usr/lib/node_modules/@uipath/cli/dist/index.js
2026-07-24 00:02:04 [INFO] coder_eval.orchestrator: API routing: aws_bedrock
2026-07-24 00:02:04 [DEBUG] coder_eval.criteria: Discovered 14 criterion checkers
2026-07-24 00:02:04 [DEBUG] coder_eval.criteria: Validated 14 criterion checkers
2026-07-24 00:02:04 [DEBUG] coder_eval.utils: Resolved @uipath plugin-tools dir=/usr/lib/node_modules/@uipath from `uip` at /usr/lib/node_modules/@uipath/cli/dist/index.js
2026-07-24 00:02:04 [DEBUG] coder_eval.orchestrator: Sending prompt: Create a UiPath Flow project named "TerminateParallel" with two parallel
branches from the trigger:
...
2026-07-24 00:02:04 [DEBUG] coder_eval.agents.claude_code_agent: [coder] Starting agent query stream...
2026-07-24 00:08:01 [DEBUG] coder_eval.agents.claude_code_agent: [coder] session_id changed: None -> 4c5b22ac-924a-499b-9460-c7b97f356db2
2026-07-24 00:08:01 [DEBUG] coder_eval.agents.claude_code_agent: [coder] Agent query stream ended
2026-07-24 00:08:01 [DEBUG] coder_eval.utils: Resolved @uipath plugin-tools dir=/usr/lib/node_modules/@uipath from `uip` at /usr/lib/node_modules/@uipath/cli/dist/index.js
2026-07-24 00:08:01 [DEBUG] coder_eval.orchestrator: Agent response received (4805 chars)
2026-07-24 00:08:01 [DEBUG] coder_eval.orchestrator: Checking success criteria
2026-07-24 00:08:01 [DEBUG] coder_eval.criteria.run_command: Running command for criterion 'uip maestro flow validate passes on the flow file': uip maestro flow validate TerminateParallel/TerminateParallel/TerminateParallel.flow
2026-07-24 00:08:05 [DEBUG] coder_eval.sandbox: Command 'uip maestro flow validate TerminateParallel/TerminateParallel/TerminateParallel.flow' exited with code 0
2026-07-24 00:08:05 [DEBUG] coder_eval.sandbox: STDOUT:
---
{
  "Result": "Success",
  "Code": "FlowValidate",
  "Data": {
    "File": "/work/output/artifacts/skill-flow-terminate/TerminateParallel/TerminateParallel/TerminateParallel.flow",
    "Status": "Valid"
  }
}
---
2026-07-24 00:08:05 [DEBUG] coder_eval.sandbox: STDERR:
---
[ManifestClient] fetchDynamicNodes ok: total=206 agent context nodes=2 external agent nodes=6 orchestrator nodes=159 IXP nodes=39
---
2026-07-24 00:08:05 [DEBUG] coder_eval.evaluation.checker: Criterion 'run_command' score: 1.00
2026-07-24 00:08:05 [DEBUG] coder_eval.criteria.run_command: Running command for criterion 'Flow has Terminate + Delay nodes in parallel, terminates before delay completes': python3 $TASK_DIR/check_terminate_flow.py
2026-07-24 00:08:21 [DEBUG] coder_eval.sandbox: Command 'python3 $TASK_DIR/check_terminate_flow.py' exited with code 0
2026-07-24 00:08:21 [DEBUG] coder_eval.sandbox: STDOUT:
---
OK: Parallel branches from trigger verified
OK: Terminate + Delay nodes present; 1 element(s) terminated
---
2026-07-24 00:08:21 [DEBUG] coder_eval.evaluation.checker: Criterion 'run_command' score: 1.00
2026-07-24 00:08:21 [INFO] coder_eval.orchestrator: Success criteria: 2/2 passed, weighted score: 1.000
2026-07-24 00:08:21 [DEBUG] coder_eval.utils: Resolved @uipath plugin-tools dir=/usr/lib/node_modules/@uipath from `uip` at /usr/lib/node_modules/@uipath/cli/dist/index.js
2026-07-24 00:08:21 [INFO] coder_eval.orchestrator: Running post-run command: python3 $SKILLS_REPO_PATH/tests/tasks/uipath-maestro-flow/_shared/cleanup_solutions.py
2026-07-24 00:08:22 [WARNING] coder_eval.orchestrator: [post_run stderr] cleanup_solutions: deleted b29479cb-e746-421e-38cc-08dee8fa7d3e (from TerminateParallel/TerminateParallel.uipx)
2026-07-24 00:08:22 [WARNING] coder_eval.orchestrator: [post_run stderr] cleanup_solutions: summary policy=always deleted=1 preserved=0 skipped=0 not_uploaded=0 failed=0
2026-07-24 00:08:22 [INFO] coder_eval.orchestrator: Running post-run command: find . -maxdepth 5 -type d \( -name node_modules -o -name .npm-prefix -o -name .venv \) -prune -exec rm -rf {} +
2026-07-24 00:08:22 [INFO] coder_eval.orchestrator: Sandbox preserved (in-place): /work/output/artifacts/skill-flow-terminate
2026-07-24 00:08:22 [INFO] coder_eval.orchestrator: Task finished: status=SUCCESS duration=380.4s score=1.000 iterations=1
