2026-07-28 06:05:33 [DEBUG] coder_eval.utils: Resolved @uipath plugin-tools dir=/usr/lib/node_modules/@uipath from `uip` at /usr/lib/node_modules/@uipath/cli/dist/index.js
2026-07-28 06:05:33 [INFO] coder_eval.orchestrator: API routing: aws_bedrock
2026-07-28 06:05:33 [DEBUG] coder_eval.criteria: Discovered 14 criterion checkers
2026-07-28 06:05:33 [DEBUG] coder_eval.criteria: Validated 14 criterion checkers
2026-07-28 06:05:33 [DEBUG] coder_eval.utils: Resolved @uipath plugin-tools dir=/usr/lib/node_modules/@uipath from `uip` at /usr/lib/node_modules/@uipath/cli/dist/index.js
2026-07-28 06:05:34 [DEBUG] coder_eval.orchestrator: Sending prompt: Create a local BPMN project named "RiskScoreScriptBpmn".
The process should manually start with `amo...
2026-07-28 06:05:34 [DEBUG] coder_eval.agents.claude_code_agent: [coder] Starting agent query stream...
2026-07-28 06:08:37 [DEBUG] coder_eval.agents.claude_code_agent: [coder] session_id changed: None -> cd14b9a1-6e7d-42de-ab44-185c2575e22a
2026-07-28 06:08:37 [DEBUG] coder_eval.agents.claude_code_agent: [coder] Agent query stream ended
2026-07-28 06:08:37 [DEBUG] coder_eval.utils: Resolved @uipath plugin-tools dir=/usr/lib/node_modules/@uipath from `uip` at /usr/lib/node_modules/@uipath/cli/dist/index.js
2026-07-28 06:08:37 [DEBUG] coder_eval.orchestrator: Agent response received (4639 chars)
2026-07-28 06:08:37 [DEBUG] coder_eval.orchestrator: Checking success criteria
2026-07-28 06:08:37 [DEBUG] coder_eval.criteria.run_command: Running command for criterion 'BPMN source was created': find . -type f -name '*.bpmn' -path '*RiskScoreScriptBpmn*' | grep -q .
2026-07-28 06:08:37 [DEBUG] coder_eval.sandbox: Command 'find . -type f -name '*.bpmn' -path '*RiskScoreScriptBpmn*' | grep -q .' exited with code 0
2026-07-28 06:08:37 [DEBUG] coder_eval.evaluation.checker: Criterion 'run_command' score: 1.00
2026-07-28 06:08:37 [DEBUG] coder_eval.criteria.run_command: Running command for criterion 'Script task follows Jint-compatible BPMN guidance': python3 $TASK_DIR/check_script_jint_guidance.py
2026-07-28 06:08:37 [DEBUG] coder_eval.sandbox: Command 'python3 $TASK_DIR/check_script_jint_guidance.py' exited with code 0
2026-07-28 06:08:37 [DEBUG] coder_eval.sandbox: STDOUT:
---
OK: RiskScoreScriptBpmnSolution/RiskScoreScriptBpmn/RiskScoreScriptBpmn.bpmn contains a Jint-compatible BPMN script task
---
2026-07-28 06:08:37 [DEBUG] coder_eval.evaluation.checker: Criterion 'run_command' score: 1.00
2026-07-28 06:08:37 [INFO] coder_eval.orchestrator: Success criteria: 2/2 passed, weighted score: 1.000
2026-07-28 06:08:37 [WARNING] coder_eval.orchestrator: Visible turns (18) exceeded expected_turns (15) at iteration 1 for task skill-bpmn-script-jint-guidance. Run continues — max_turns remains the hard cap.
2026-07-28 06:08:37 [DEBUG] coder_eval.utils: Resolved @uipath plugin-tools dir=/usr/lib/node_modules/@uipath from `uip` at /usr/lib/node_modules/@uipath/cli/dist/index.js
2026-07-28 06:08:37 [INFO] coder_eval.orchestrator: Running post-run command: find . -maxdepth 5 -type d \( -name node_modules -o -name .npm-prefix -o -name .venv \) -prune -exec rm -rf {} +
2026-07-28 06:08:37 [INFO] coder_eval.orchestrator: Sandbox preserved (in-place): /work/output/artifacts/skill-bpmn-script-jint-guidance
2026-07-28 06:08:37 [INFO] coder_eval.orchestrator: Task finished: status=SUCCESS duration=192.6s score=1.000 iterations=1
