2026-07-24 20:30:07 [DEBUG] coder_eval.utils: Resolved @uipath plugin-tools dir=/usr/lib/node_modules/@uipath from `uip` at /usr/lib/node_modules/@uipath/cli/dist/index.js
2026-07-24 20:30:07 [INFO] coder_eval.orchestrator: API routing: aws_bedrock
2026-07-24 20:30:07 [DEBUG] coder_eval.criteria: Discovered 14 criterion checkers
2026-07-24 20:30:07 [DEBUG] coder_eval.criteria: Validated 14 criterion checkers
2026-07-24 20:30:07 [DEBUG] coder_eval.utils: Resolved @uipath plugin-tools dir=/usr/lib/node_modules/@uipath from `uip` at /usr/lib/node_modules/@uipath/cli/dist/index.js
2026-07-24 20:30:07 [DEBUG] coder_eval.orchestrator: Sending prompt: Create a flow called "MultiCityWeather". Loop over Seattle, Phoenix, and New York — for each city, f...
2026-07-24 20:30:07 [DEBUG] coder_eval.agents.claude_code_agent: [coder] Starting agent query stream...
2026-07-24 20:37:04 [DEBUG] coder_eval.agents.claude_code_agent: [coder] session_id changed: None -> c0542ec5-83c7-42f6-a3e0-ab9297439199
2026-07-24 20:37:04 [DEBUG] coder_eval.agents.claude_code_agent: [coder] Agent query stream ended
2026-07-24 20:37:04 [DEBUG] coder_eval.utils: Resolved @uipath plugin-tools dir=/usr/lib/node_modules/@uipath from `uip` at /usr/lib/node_modules/@uipath/cli/dist/index.js
2026-07-24 20:37:04 [DEBUG] coder_eval.orchestrator: Agent response received (4957 chars)
2026-07-24 20:37:04 [DEBUG] coder_eval.orchestrator: Checking success criteria
2026-07-24 20:37:04 [DEBUG] coder_eval.criteria.run_command: Running command for criterion 'uip maestro flow validate passes': uip maestro flow validate MultiCityWeather/MultiCityWeather/MultiCityWeather.flow
2026-07-24 20:37:09 [DEBUG] coder_eval.sandbox: Command 'uip maestro flow validate MultiCityWeather/MultiCityWeather/MultiCityWeather.flow' exited with code 0
2026-07-24 20:37:09 [DEBUG] coder_eval.sandbox: STDOUT:
---
{
  "Result": "Success",
  "Code": "FlowValidate",
  "Data": {
    "File": "/work/output/artifacts/skill-flow-multi-city-weather/MultiCityWeather/MultiCityWeather/MultiCityWeather.flow",
    "Status": "Valid"
  }
}
---
2026-07-24 20:37:09 [DEBUG] coder_eval.sandbox: STDERR:
---
[ManifestClient] fetchDynamicNodes ok: total=207 agent context nodes=2 external agent nodes=6 orchestrator nodes=158 IXP nodes=41
---
2026-07-24 20:37:09 [DEBUG] coder_eval.evaluation.checker: Criterion 'run_command' score: 1.00
2026-07-24 20:37:09 [DEBUG] coder_eval.criteria.run_command: Running command for criterion 'Flow debug runs: loop + HTTP + script all execute, output contains all 3 cities': python3 $TASK_DIR/check_multi_city_weather.py
2026-07-24 20:37:09 [DEBUG] coder_eval.sandbox: Command 'python3 $TASK_DIR/check_multi_city_weather.py' exited with code 1
2026-07-24 20:37:09 [DEBUG] coder_eval.sandbox: STDERR:
---
FAIL: No node matches type hint 'core.logic.loop'. Node types seen: ['core.action.http.v2', 'core.action.script', 'core.control.end', 'core.trigger.manual']
---
2026-07-24 20:37:09 [DEBUG] coder_eval.evaluation.checker: Criterion 'run_command' score: 0.00
2026-07-24 20:37:09 [INFO] coder_eval.evaluation.checker: Criterion 'run_command' FAILED (score=0.00, threshold=1.00): Command: python3 $TASK_DIR/check_multi_city_weather.py
2026-07-24 20:37:09 [INFO] coder_eval.orchestrator: Success criteria: 1/2 passed, weighted score: 0.375
2026-07-24 20:37:09 [DEBUG] coder_eval.utils: Resolved @uipath plugin-tools dir=/usr/lib/node_modules/@uipath from `uip` at /usr/lib/node_modules/@uipath/cli/dist/index.js
2026-07-24 20:37:09 [INFO] coder_eval.orchestrator: Running post-run command: python3 $SKILLS_REPO_PATH/tests/tasks/uipath-maestro-flow/_shared/cleanup_solutions.py
2026-07-24 20:37:10 [WARNING] coder_eval.orchestrator: [post_run stderr] cleanup_solutions: solution 0892c865-229f-49a5-a210-97e45dfe1928 not uploaded (from MultiCityWeather/MultiCityWeather.uipx); nothing to clean up
2026-07-24 20:37:10 [WARNING] coder_eval.orchestrator: [post_run stderr] cleanup_solutions: summary policy=always deleted=0 preserved=0 skipped=0 not_uploaded=1 failed=0
2026-07-24 20:37:10 [INFO] coder_eval.orchestrator: Running post-run command: find . -maxdepth 5 -type d \( -name node_modules -o -name .npm-prefix -o -name .venv \) -prune -exec rm -rf {} +
2026-07-24 20:37:10 [INFO] coder_eval.orchestrator: Sandbox preserved (in-place): /work/output/artifacts/skill-flow-multi-city-weather
2026-07-24 20:37:10 [INFO] coder_eval.orchestrator: Task finished: status=FAILURE duration=428.1s score=0.375 iterations=1
