2026-07-24 20:07:44 [DEBUG] coder_eval.utils: Resolved @uipath plugin-tools dir=/usr/lib/node_modules/@uipath from `uip` at /usr/lib/node_modules/@uipath/cli/dist/index.js
2026-07-24 20:07:44 [INFO] coder_eval.orchestrator: API routing: aws_bedrock
2026-07-24 20:07:44 [DEBUG] coder_eval.criteria: Discovered 14 criterion checkers
2026-07-24 20:07:44 [DEBUG] coder_eval.criteria: Validated 14 criterion checkers
2026-07-24 20:07:44 [DEBUG] coder_eval.utils: Resolved @uipath plugin-tools dir=/usr/lib/node_modules/@uipath from `uip` at /usr/lib/node_modules/@uipath/cli/dist/index.js
2026-07-24 20:07:44 [DEBUG] coder_eval.orchestrator: Sending prompt: Create a flow called "MultiCityWeather". Loop over Seattle, Phoenix, and New York — for each city, f...
2026-07-24 20:07:44 [DEBUG] coder_eval.agents.claude_code_agent: [coder] Starting agent query stream...
2026-07-24 20:22:39 [DEBUG] coder_eval.agents.claude_code_agent: [coder] session_id changed: None -> a27a57e2-2328-4208-b481-ffc4ecc2c3fa
2026-07-24 20:22:39 [DEBUG] coder_eval.agents.claude_code_agent: [coder] Agent query stream ended
2026-07-24 20:22:39 [DEBUG] coder_eval.utils: Resolved @uipath plugin-tools dir=/usr/lib/node_modules/@uipath from `uip` at /usr/lib/node_modules/@uipath/cli/dist/index.js
2026-07-24 20:22:39 [DEBUG] coder_eval.orchestrator: Agent response received (3954 chars)
2026-07-24 20:22:39 [DEBUG] coder_eval.orchestrator: Checking success criteria
2026-07-24 20:22:39 [DEBUG] coder_eval.criteria.run_command: Running command for criterion 'uip maestro flow validate passes': uip maestro flow validate MultiCityWeather/MultiCityWeather/MultiCityWeather.flow
2026-07-24 20:22:44 [DEBUG] coder_eval.sandbox: Command 'uip maestro flow validate MultiCityWeather/MultiCityWeather/MultiCityWeather.flow' exited with code 0
2026-07-24 20:22:44 [DEBUG] coder_eval.sandbox: STDOUT:
---
{
  "Result": "Success",
  "Code": "FlowValidate",
  "Data": {
    "File": "/work/output/artifacts/skill-flow-multi-city-weather/MultiCityWeather/MultiCityWeather/MultiCityWeather.flow",
    "Status": "Valid"
  }
}
---
2026-07-24 20:22:44 [DEBUG] coder_eval.sandbox: STDERR:
---
[ManifestClient] fetchDynamicNodes ok: total=208 agent context nodes=2 external agent nodes=6 orchestrator nodes=158 IXP nodes=42
---
2026-07-24 20:22:44 [DEBUG] coder_eval.evaluation.checker: Criterion 'run_command' score: 1.00
2026-07-24 20:22:44 [DEBUG] coder_eval.criteria.run_command: Running command for criterion 'Flow debug runs: loop + HTTP + script all execute, output contains all 3 cities': python3 $TASK_DIR/check_multi_city_weather.py
2026-07-24 20:22:44 [ERROR] coder_eval.orchestrator: Task timed out: Task timed out after 900s
2026-07-24 20:22:44 [DEBUG] coder_eval.utils: Resolved @uipath plugin-tools dir=/usr/lib/node_modules/@uipath from `uip` at /usr/lib/node_modules/@uipath/cli/dist/index.js
2026-07-24 20:22:44 [INFO] coder_eval.orchestrator: Running post-run command: python3 $SKILLS_REPO_PATH/tests/tasks/uipath-maestro-flow/_shared/cleanup_solutions.py
2026-07-24 20:22:46 [WARNING] coder_eval.orchestrator: [post_run stderr] cleanup_solutions: solution c1f8df32-09cd-4e0e-bf59-e39577716115 not uploaded (from MultiCityWeather/MultiCityWeather.uipx); nothing to clean up
2026-07-24 20:22:46 [WARNING] coder_eval.orchestrator: [post_run stderr] cleanup_solutions: summary policy=always deleted=0 preserved=0 skipped=0 not_uploaded=1 failed=0
2026-07-24 20:22:46 [INFO] coder_eval.orchestrator: Running post-run command: find . -maxdepth 5 -type d \( -name node_modules -o -name .npm-prefix -o -name .venv \) -prune -exec rm -rf {} +
2026-07-24 20:22:46 [INFO] coder_eval.orchestrator: Sandbox preserved (in-place): /work/output/artifacts/skill-flow-multi-city-weather
2026-07-24 20:22:46 [INFO] coder_eval.orchestrator: Task finished: status=TIMEOUT duration=905.3s score=0.000 iterations=1
