2026-07-24 17:52:22 [DEBUG] coder_eval.utils: Resolved @uipath plugin-tools dir=/usr/lib/node_modules/@uipath from `uip` at /usr/lib/node_modules/@uipath/cli/dist/index.js
2026-07-24 17:52:22 [INFO] coder_eval.orchestrator: API routing: aws_bedrock
2026-07-24 17:52:22 [DEBUG] coder_eval.criteria: Discovered 14 criterion checkers
2026-07-24 17:52:22 [DEBUG] coder_eval.criteria: Validated 14 criterion checkers
2026-07-24 17:52:22 [DEBUG] coder_eval.utils: Resolved @uipath plugin-tools dir=/usr/lib/node_modules/@uipath from `uip` at /usr/lib/node_modules/@uipath/cli/dist/index.js
2026-07-24 17:52:23 [DEBUG] coder_eval.orchestrator: Sending prompt: Create a flow called "SlackWeatherPipeline". Read the #office-bellevue Slack channel description — i...
2026-07-24 17:52:23 [DEBUG] coder_eval.agents.claude_code_agent: [coder] Starting agent query stream...
2026-07-24 18:05:41 [DEBUG] coder_eval.agents.claude_code_agent: [coder] session_id changed: None -> 943cea3e-10a1-4904-b3ad-a3b24035d42f
2026-07-24 18:05:41 [DEBUG] coder_eval.agents.claude_code_agent: [coder] Agent query stream ended
2026-07-24 18:05:41 [WARNING] coder_eval.agents.claude_code_agent: [coder] Agent exhausted max_turns (40); turn ended without completing
2026-07-24 18:05:41 [DEBUG] coder_eval.utils: Resolved @uipath plugin-tools dir=/usr/lib/node_modules/@uipath from `uip` at /usr/lib/node_modules/@uipath/cli/dist/index.js
2026-07-24 18:05:41 [DEBUG] coder_eval.orchestrator: Agent response received (6668 chars)
2026-07-24 18:05:41 [DEBUG] coder_eval.orchestrator: Checking success criteria
2026-07-24 18:05:41 [DEBUG] coder_eval.criteria.run_command: Running command for criterion 'uip maestro flow validate passes': uip maestro flow validate SlackWeatherPipeline/SlackWeatherPipeline/SlackWeatherPipeline.flow
2026-07-24 18:05:45 [DEBUG] coder_eval.sandbox: Command 'uip maestro flow validate SlackWeatherPipeline/SlackWeatherPipeline/SlackWeatherPipeline.flow' exited with code 0
2026-07-24 18:05:45 [DEBUG] coder_eval.sandbox: STDOUT:
---
{
  "Result": "Success",
  "Code": "FlowValidate",
  "Data": {
    "File": "/work/output/artifacts/skill-flow-slack-weather-pipeline/SlackWeatherPipeline/SlackWeatherPipeline/SlackWeatherPipeline.flow",
    "Status": "Valid"
  }
}
---
2026-07-24 18:05:45 [DEBUG] coder_eval.sandbox: STDERR:
---
[ManifestClient] fetchDynamicNodes ok: total=207 agent context nodes=2 external agent nodes=6 orchestrator nodes=158 IXP nodes=41
---
2026-07-24 18:05:45 [DEBUG] coder_eval.evaluation.checker: Criterion 'run_command' score: 1.00
2026-07-24 18:05:45 [DEBUG] coder_eval.criteria.run_command: Running command for criterion 'Flow debug runs end-to-end and emits the verdict as an output value: Slack + HTTP + decision all execute, a run-produced output value contains the verdict text': python3 $TASK_DIR/check_slack_weather_pipeline.py
2026-07-24 18:06:12 [DEBUG] coder_eval.sandbox: Command 'python3 $TASK_DIR/check_slack_weather_pipeline.py' exited with code 0
2026-07-24 18:06:12 [DEBUG] coder_eval.sandbox: STDOUT:
---
OK: Slack connector target + weather-API node + decision all executed, verdict present
---
2026-07-24 18:06:12 [DEBUG] coder_eval.evaluation.checker: Criterion 'run_command' score: 1.00
2026-07-24 18:06:12 [INFO] coder_eval.orchestrator: Success criteria: 2/2 passed, weighted score: 1.000
2026-07-24 18:06:12 [WARNING] coder_eval.orchestrator: Agent exhausted max_turns (40) without passing criteria.
2026-07-24 18:06:12 [DEBUG] coder_eval.utils: Resolved @uipath plugin-tools dir=/usr/lib/node_modules/@uipath from `uip` at /usr/lib/node_modules/@uipath/cli/dist/index.js
2026-07-24 18:06:12 [INFO] coder_eval.orchestrator: Running post-run command: python3 $SKILLS_REPO_PATH/tests/tasks/uipath-maestro-flow/_shared/cleanup_solutions.py
2026-07-24 18:06:14 [WARNING] coder_eval.orchestrator: [post_run stderr] cleanup_solutions: deleted 94c76b2e-3c95-40ef-c9a5-08dee9aa01c9 (from SlackWeatherPipeline/SlackWeatherPipeline.uipx)
2026-07-24 18:06:14 [WARNING] coder_eval.orchestrator: [post_run stderr] cleanup_solutions: summary policy=always deleted=1 preserved=0 skipped=0 not_uploaded=0 failed=0
2026-07-24 18:06:14 [INFO] coder_eval.orchestrator: Running post-run command: find . -maxdepth 5 -type d \( -name node_modules -o -name .npm-prefix -o -name .venv \) -prune -exec rm -rf {} +
2026-07-24 18:06:14 [INFO] coder_eval.orchestrator: Sandbox preserved (in-place): /work/output/artifacts/skill-flow-slack-weather-pipeline
2026-07-24 18:06:14 [INFO] coder_eval.orchestrator: Task finished: status=SUCCESS duration=834.1s score=1.000 iterations=1
