2026-07-24 18:13:19 [DEBUG] coder_eval.utils: Resolved @uipath plugin-tools dir=/usr/lib/node_modules/@uipath from `uip` at /usr/lib/node_modules/@uipath/cli/dist/index.js
2026-07-24 18:13:19 [INFO] coder_eval.orchestrator: API routing: aws_bedrock
2026-07-24 18:13:19 [DEBUG] coder_eval.criteria: Discovered 14 criterion checkers
2026-07-24 18:13:19 [DEBUG] coder_eval.criteria: Validated 14 criterion checkers
2026-07-24 18:13:19 [DEBUG] coder_eval.utils: Resolved @uipath plugin-tools dir=/usr/lib/node_modules/@uipath from `uip` at /usr/lib/node_modules/@uipath/cli/dist/index.js
2026-07-24 18:13:19 [DEBUG] coder_eval.orchestrator: Sending prompt: Create a flow called "SlackWeatherPipeline". Read the #office-bellevue Slack channel description — i...
2026-07-24 18:13:19 [DEBUG] coder_eval.agents.claude_code_agent: [coder] Starting agent query stream...
2026-07-24 18:24:49 [DEBUG] coder_eval.agents.claude_code_agent: [coder] session_id changed: None -> f1ffc028-b869-4ee5-acbe-dfe9e033fdcf
2026-07-24 18:24:49 [DEBUG] coder_eval.agents.claude_code_agent: [coder] Agent query stream ended
2026-07-24 18:24:49 [WARNING] coder_eval.agents.claude_code_agent: [coder] Agent exhausted max_turns (40); turn ended without completing
2026-07-24 18:24:49 [DEBUG] coder_eval.utils: Resolved @uipath plugin-tools dir=/usr/lib/node_modules/@uipath from `uip` at /usr/lib/node_modules/@uipath/cli/dist/index.js
2026-07-24 18:24:49 [DEBUG] coder_eval.orchestrator: Agent response received (7712 chars)
2026-07-24 18:24:49 [DEBUG] coder_eval.orchestrator: Checking success criteria
2026-07-24 18:24:49 [DEBUG] coder_eval.criteria.run_command: Running command for criterion 'uip maestro flow validate passes': uip maestro flow validate SlackWeatherPipeline/SlackWeatherPipeline/SlackWeatherPipeline.flow
2026-07-24 18:24:55 [DEBUG] coder_eval.sandbox: Command 'uip maestro flow validate SlackWeatherPipeline/SlackWeatherPipeline/SlackWeatherPipeline.flow' exited with code 0
2026-07-24 18:24:55 [DEBUG] coder_eval.sandbox: STDOUT:
---
{
  "Result": "Success",
  "Code": "FlowValidate",
  "Data": {
    "File": "/work/output/artifacts/skill-flow-slack-weather-pipeline/SlackWeatherPipeline/SlackWeatherPipeline/SlackWeatherPipeline.flow",
    "Status": "Valid"
  }
}
---
2026-07-24 18:24:55 [DEBUG] coder_eval.sandbox: STDERR:
---
[ManifestClient] fetchDynamicNodes ok: total=207 agent context nodes=2 external agent nodes=6 orchestrator nodes=158 IXP nodes=41
---
2026-07-24 18:24:55 [DEBUG] coder_eval.evaluation.checker: Criterion 'run_command' score: 1.00
2026-07-24 18:24:55 [DEBUG] coder_eval.criteria.run_command: Running command for criterion 'Flow debug runs end-to-end and emits the verdict as an output value: Slack + HTTP + decision all execute, a run-produced output value contains the verdict text': python3 $TASK_DIR/check_slack_weather_pipeline.py
2026-07-24 18:25:19 [DEBUG] coder_eval.sandbox: Command 'python3 $TASK_DIR/check_slack_weather_pipeline.py' exited with code 1
2026-07-24 18:25:19 [DEBUG] coder_eval.sandbox: STDERR:
---
FAIL: flow debug exit 1
stdout: {
  "Result": "Failure",
  "Code": "FlowDebug",
  "Message": "Debug session Faulted. [300501] Error invoking script task (element extractCity1)",
  "Instructions": "Incident(s):\n  - [300501] Error invoking script task (element extractCity1)\nRun 'uip maestro flow debug-instance incidents a84aae60-dc66-4547-a861-7eb33ade0b62' for the full backend payload (incidentId, errorDetails, AI summary). traceId=a84aae60dc664547a8617eb33ade0b62.",
  "Context": {
    "ErrorCode": "300501",
    "TraceId": "a84aae60dc664547a8617eb33ade0b62"
  },
  "Data": {
    "jobKey": "a84aae60-dc66-4547-a861-7eb33ade0b62",
    "instanceId": "a84aae60-dc66-4547-a861-7eb33ade0b62",
    "runId": "019f955f-b456-716f-bd8a-e24c6f090f66",
    "folderKey": "410fae2d-89b3-4cd1-a991-7359bda90c0b",
    "finalStatus": "Faulted",
    "solutionId": "2e905f1b-297f-4940-4e5c-08dee9abf020",
    "studioWebUrl": "https://alpha.uipath.com/codereval/studio_/designer/18ce67d4-ec68-4128-8a75-cd71650fac86?solutionId=2e905f1b-297f-4940-4e5c-08dee9abf020",
    "elementExecutions": [
      {
        "elementId": "start",
        "elementType": "StartEvent",
        "status": "Completed",
        "startedAt": "2026-07-24T18:25:15.4299455Z",
        "completedAt": "2026-07-24T18:25:15.6291003Z"
      },
      {
        "elementId": "getChannelInfo1",
        "elementType": "SendTask",
        "status": "Completed",
        "startedAt": "2026-07-24T18:25:15.8797344Z",
        "completedAt": "2026-07-24T18:25:16.9545641Z"
      },
      {
        "elementId": "extractCity1",
        "elementType": "ScriptTask",
        "status": "Failed",
        "startedAt": "2026-07-24T18:25:17.2037318Z"
      }
    ],
    "variables": {
      "elements": [
        {
          "elementId": "start",
          "elementRunId": "5bb12e96-2eae-41a3-967e-d09be949922c",
          "isMarker": false,
          "inputs": {},
          "inputDefinitions": {},
          "outputs": {}
        },
        {
          "elementId": "getChannelInfo1",
          "elementRunId": "16d95287-856d-4fc9-9032-1dc744503e35",
          "isMarker": false,
          "inputs": {
            "pathParameters": {
              "conversationsInfoId": "C0B50H7DE2F"
            }
          },
          "inputDefinitions": {},
          "outputs": {
            "response": {
              "is_private": false,
              "purpose": {
                "last_set": 1779320357,
                "creator": "U02EBQA5AD9",
                "value": "700 Bellevue Way NE, Suite 2000, Bellevue, WA 98004"
              },
              "is_pending_ext_shared": false,
              "context_team_id": "T01G1P7CKR8",
              "is_channel": true,
              "is_shared": false,
              "id": "C0B50H7DE2F",
              "last_read": "1784732015.335589",
              "creator": "U02EBQA5AD9",
              "is_im": false,
              "is_member": true,
              "is_mpim": false,
              "created": 1779320356,
              "name_normalized": "office-bellevue",
              "is_ext_shared": false,
              "is_group": false,
              "unlinked": 0,
              "is_archived": false,
              "is_general": false,
              "name": "office-bellevue",
              "topic": {
                "last_set": 0,
                "creator": "",
                "value": ""
              },
              "shared_team_ids": [
                "T01G1P7CKR8"
              ],
              "is_org_shared": false,
              "updated": 1779320357510
            }
          }
        },
        {
          "elementId": "extractCity1",
          "elementRunId": "8c831a5c-82ec-4c2c-9cd6-80fcfa02d942",
          "isMarker": false,
          "inputs": {
            "args": {
              "vars": {
                "getCurrentWeather1.output": null,
                "getChannelInfo1.error": null,
                "checkTemperature1.matchedCase": null,
                "extractCity1.output": null,
                "error": null,
                "geocodeCity1.output": null,
                "getCurrentWeather1.error": null,
                "endWarm.verdict": null,
                "extractCity1.error": null,
                "endCold.verdict": null,
                "geocodeCity1.error": null,
                "response": null,
                "verdict": null,
                "start.output": null,
                "checkTemperature1.matchedCaseId": null,
                "getChannelInfo1.output": {
                  "is_private": false,
                  "purpose": {
                    "last_set": 1779320357,
                    "creator": "U02EBQA5AD9",
                    "value": "700 Bellevue Way NE, Suite 2000, Bellevue, WA 98004"
                  },
                  "is_pending_ext_shared": false,
                  "context_team_id": "T01G1P7CKR8",
                  "is_channel": true,
                  "is_shared": false,
                  "id": "C0B50H7DE2F",
                  "last_read": "1784732015.335589",
                  "creator": "U02EBQA5AD9",
                  "is_im": false,
                  "is_member": true,
                  "is_mpim": false,
                  "created": 1779320356,
                  "name_normalized": "office-bellevue",
                  "is_ext_shared": false,
                  "is_group": false,
                  "unlinked": 0,
                  "is_archived": false,
                  "is_general": false,
                  "name": "office-bellevue",
                  "topic": {
                    "last_set": 0,
                    "creator": "",
                    "value": ""
                  },
                  "shared_team_ids": [
                    "T01G1P7CKR8"
                  ],
                  "is_org_shared": false,
                  "updated": 1779320357510
                }
              },
              "metadata": {
                "InstanceId": "a84aae60-dc66-4547-a861-7eb33ade0b62",
                "ExternalId": "23466592",
                "FolderKey": "410fae2d-89b3-4cd1-a991-7359bda90c0b",
                "ProcessKey": null,
                "ElementCount": {
                  "start": 1
                }
              }
            }
          },
          "inputDefinitions": {},
          "outputs": {}
        }
      ],
      "globals": {
        "verdict": null,
        "getCurrentWeather1.output": null,
        "geocodeCity1.output": null,
        "getChannelInfo1.output": {
          "is_private": false,
          "purpose": {
            "last_set": 1779320357,
            "creator": "U02EBQA5AD9",
            "value": "700 Bellevue Way NE, Suite 2000, Bellevue, WA 98004"
          },
          "is_pending_ext_shared": false,
          "context_team_id": "T01G1P7CKR8",
          "is_channel": true,
          "is_shared": false,
          "id": "C0B50H7DE2F",
          "last_read": "1784732015.335589",
          "creator": "U02EBQA5AD9",
          "is_im": false,
          "is_member": true,
          "is_mpim": false,
          "created": 1779320356,
          "name_normalized": "office-bellevue",
          "is_ext_shared": false,
          "is_group": false,
          "unlinked": 0,
          "is_archived": false,
          "is_general": false,
          "name": "office-bellevue",
          "topic": {
            "last_set": 0,
            "creator": "",
            "value": ""
          },
          "shared_team_ids": [
            "T01G1P7CKR8"
          ],
          "is_org_shared": false,
          "updated": 1779320357510
        },
        "extractCity1.output": null,
        "extractCity1.error": {
          "code": "400",
          "message": "Error invoking script task",
          "detail": "Cannot read property 'purpose' of undefined",
          "category": "User",
          "status": 400,
          "response": null,
          "element": "Extract City from Address"
        },
        "geocodeCity1.error": null
      },
      "instanceId": "a84aae60-dc66-4547-a861-7eb33ade0b62",
      "workflowId": "a84aae60-dc66-4547-a861-7eb33ade0b62/BpmnGenericWorkflow",
      "parentElementId": null,
      "globalDefinitions": {
        "verdict": {
          "name": "verdict",
          "type": "string"
        },
        "getCurrentWeather1.output": {
          "name": "output",
          "type": "jsonSchema"
        },
        "geocodeCity1.output": {
          "name": "output",
          "type": "jsonSchema"
        },
        "getChannelInfo1.output": {
          "name": "output",
          "type": "jsonSchema"
        },
        "extractCity1.output": {
          "name": "output",
          "type": "object"
        },
        "extractCity1.error": {
          "name": "error",
          "type": "object"
        },
        "geocodeCity1.error": {
          "name": "error",
          "type": "object"
        }
      }
    },
    "incidents": [
      {
        "id": "e3c096d3-ac7b-4f2f-bece-13b7cf11551a",
        "tenantId": "69d43765-6ede-4575-88b7-9db601a2c056",
        "organizationId": "311c6049-4966-4ef2-a6f3-8ceccaf38d54",
        "instanceId": "a84aae60-dc66-4547-a861-7eb33ade0b62",
        "runId": "019f955f-d890-7c4c-a6d5-4e985d3d238f",
        "elementId": "extractCity1",
        "elementRunId": "8c831a5c-82ec-4c2c-9cd6-80fcfa02d942",
        "folderKey": "410fae2d-89b3-4cd1-a991-7359bda90c0b",
        "processKey": null,
        "packageVersion": "",
        "incidentId": "8c831a5c-82ec-4c2c-9cd6-80fcfa02d942",
        "incidentStatus": "Open",
        "incidentType": "User",
        "errorCode": "300501",
        "errorMessage": "Error invoking script task",
        "errorTimeUtc": "2026-07-24T18:25:17.845869Z",
        "errorDetails": "Cannot read property 'purpose' of undefined",
        "comment": null,
        "userUpdated": null,
        "debugMode": "Default",
        "incidentUpdateTimeUtc": null,
        "traceId": "a84aae60dc664547a8617eb33ade0b62",
        "dependentFaultCode": null,
        "incidentSeverity": "Error",
        "aiSummary": null,
        "aiRecommendations": null,
        "processType": null,
        "sourceElementId": null
      }
    ]
  },
  "ErrorCode": "unknown_error",
  "Retry": "RetryWillNotFix"
}

stderr: [flow-schema] Unresolved context binding placeholder "<bindings.FolderKey>" (node resourceKey=849e85d8-1aa9-4d52-8bbd-20041c8f05d8, resource=connection)
---
2026-07-24 18:25:19 [DEBUG] coder_eval.evaluation.checker: Criterion 'run_command' score: 0.00
2026-07-24 18:25:19 [INFO] coder_eval.evaluation.checker: Criterion 'run_command' FAILED (score=0.00, threshold=1.00): Command: python3 $TASK_DIR/check_slack_weather_pipeline.py
2026-07-24 18:25:19 [INFO] coder_eval.orchestrator: Success criteria: 1/2 passed, weighted score: 0.375
2026-07-24 18:25:19 [WARNING] coder_eval.orchestrator: Agent exhausted max_turns (40) without passing criteria.
2026-07-24 18:25:19 [WARNING] coder_eval.orchestrator: Visible turns (52) exceeded expected_turns (51) at iteration 1 for task skill-flow-slack-weather-pipeline. Run continues — max_turns remains the hard cap.
2026-07-24 18:25:19 [DEBUG] coder_eval.utils: Resolved @uipath plugin-tools dir=/usr/lib/node_modules/@uipath from `uip` at /usr/lib/node_modules/@uipath/cli/dist/index.js
2026-07-24 18:25:19 [INFO] coder_eval.orchestrator: Running post-run command: python3 $SKILLS_REPO_PATH/tests/tasks/uipath-maestro-flow/_shared/cleanup_solutions.py
2026-07-24 18:25:21 [WARNING] coder_eval.orchestrator: [post_run stderr] cleanup_solutions: deleted 2e905f1b-297f-4940-4e5c-08dee9abf020 (from SlackWeatherPipeline/SlackWeatherPipeline.uipx)
2026-07-24 18:25:21 [WARNING] coder_eval.orchestrator: [post_run stderr] cleanup_solutions: summary policy=always deleted=1 preserved=0 skipped=0 not_uploaded=0 failed=0
2026-07-24 18:25:21 [INFO] coder_eval.orchestrator: Running post-run command: find . -maxdepth 5 -type d \( -name node_modules -o -name .npm-prefix -o -name .venv \) -prune -exec rm -rf {} +
2026-07-24 18:25:21 [INFO] coder_eval.orchestrator: Sandbox preserved (in-place): /work/output/artifacts/skill-flow-slack-weather-pipeline
2026-07-24 18:25:21 [INFO] coder_eval.orchestrator: Task finished: status=MAX_TURNS_EXHAUSTED duration=724.9s score=0.375 iterations=1
