2026-07-24 20:53:17 [DEBUG] coder_eval.utils: Resolved @uipath plugin-tools dir=/usr/lib/node_modules/@uipath from `uip` at /usr/lib/node_modules/@uipath/cli/dist/index.js
2026-07-24 20:53:17 [INFO] coder_eval.orchestrator: API routing: aws_bedrock
2026-07-24 20:53:17 [DEBUG] coder_eval.criteria: Discovered 14 criterion checkers
2026-07-24 20:53:17 [DEBUG] coder_eval.criteria: Validated 14 criterion checkers
2026-07-24 20:53:17 [DEBUG] coder_eval.utils: Resolved @uipath plugin-tools dir=/usr/lib/node_modules/@uipath from `uip` at /usr/lib/node_modules/@uipath/cli/dist/index.js
2026-07-24 20:53:18 [DEBUG] coder_eval.orchestrator: Sending prompt: Build a Maestro Flow "BillingInvoiceLookup" (in a solution of the same name)
that looks up a dispute...
2026-07-24 20:53:18 [DEBUG] coder_eval.agents.claude_code_agent: [coder] Starting agent query stream...
2026-07-24 21:05:48 [DEBUG] coder_eval.agents.claude_code_agent: [coder] session_id changed: None -> 3362461d-b9b1-4ca2-982a-2f77de824e54
2026-07-24 21:05:48 [DEBUG] coder_eval.agents.claude_code_agent: [coder] Agent query stream ended
2026-07-24 21:05:48 [DEBUG] coder_eval.utils: Resolved @uipath plugin-tools dir=/usr/lib/node_modules/@uipath from `uip` at /usr/lib/node_modules/@uipath/cli/dist/index.js
2026-07-24 21:05:48 [DEBUG] coder_eval.orchestrator: Agent response received (5580 chars)
2026-07-24 21:05:48 [DEBUG] coder_eval.orchestrator: Checking success criteria
2026-07-24 21:05:48 [DEBUG] coder_eval.criteria.run_command: Running command for criterion 'uip maestro flow validate passes on the flow file': uip maestro flow validate BillingInvoiceLookup/BillingInvoiceLookup/BillingInvoiceLookup.flow
2026-07-24 21:05:53 [DEBUG] coder_eval.sandbox: Command 'uip maestro flow validate BillingInvoiceLookup/BillingInvoiceLookup/BillingInvoiceLookup.flow' exited with code 0
2026-07-24 21:05:53 [DEBUG] coder_eval.sandbox: STDOUT:
---
{
  "Result": "Success",
  "Code": "FlowValidate",
  "Data": {
    "File": "/work/output/artifacts/skill-flow-devcon-billing-invoice-lookup/BillingInvoiceLookup/BillingInvoiceLookup/BillingInvoiceLookup.flow",
    "Status": "Valid"
  }
}
---
2026-07-24 21:05:53 [DEBUG] coder_eval.sandbox: STDERR:
---
[ManifestClient] fetchDynamicNodes ok: total=207 agent context nodes=2 external agent nodes=6 orchestrator nodes=158 IXP nodes=41
---
2026-07-24 21:05:53 [DEBUG] coder_eval.evaluation.checker: Criterion 'run_command' score: 1.00
2026-07-24 21:05:53 [DEBUG] coder_eval.criteria.run_command: Running command for criterion 'Check script debugs all three malformed inputs; each resolves to MCS-2026-04872 with 8 line items': python3 $TASK_DIR/check_billing_invoice_lookup.py
2026-07-24 21:07:07 [DEBUG] coder_eval.sandbox: Command 'python3 $TASK_DIR/check_billing_invoice_lookup.py' exited with code 1
2026-07-24 21:07:07 [DEBUG] coder_eval.sandbox: STDOUT:
---
[missing MCS- prefix] debug inputs: {'invoiceNumber': '2026-04872'}
OK: [missing MCS- prefix] -> MCS-2026-04872, 8 line items
[wrong casing] debug inputs: {'invoiceNumber': 'mcs-2026-04872'}
OK: [wrong casing] -> MCS-2026-04872, 8 line items
[leading whitespace] debug inputs: {'invoiceNumber': ' MCS-2026-04872'}
---
2026-07-24 21:07:07 [DEBUG] coder_eval.sandbox: STDERR:
---
FAIL: flow debug exit 1
stdout: {
  "Result": "Failure",
  "Message": "Failed during poll-instance-status: HTTP 403 on GET /api/v1/debug-instances/a426c853-70c5-4f33-9eef-77fa0caeca73/element-executions (traceId=b9ec87508aa0121bdc8c75d4fdeac04e)",
  "Instructions": "Authentication/authorization rejected by GET /api/v1/debug-instances/a426c853-70c5-4f33-9eef-77fa0caeca73/element-executions. Run 'uip login' and verify the active tenant has access.",
  "Context": {
    "HttpStatus": 403,
    "Stage": "poll-instance-status",
    "Endpoint": "/api/v1/debug-instances/a426c853-70c5-4f33-9eef-77fa0caeca73/element-executions",
    "Method": "GET",
    "TraceId": "b9ec87508aa0121bdc8c75d4fdeac04e"
  },
  "ErrorCode": "permission_denied",
  "Retry": "RetryWillNotFix"
}

stderr:
---
2026-07-24 21:07:07 [DEBUG] coder_eval.evaluation.checker: Criterion 'run_command' score: 0.00
2026-07-24 21:07:07 [INFO] coder_eval.evaluation.checker: Criterion 'run_command' FAILED (score=0.00, threshold=1.00): Command: python3 $TASK_DIR/check_billing_invoice_lookup.py
2026-07-24 21:07:07 [INFO] coder_eval.orchestrator: Success criteria: 1/2 passed, weighted score: 0.375
2026-07-24 21:07:07 [DEBUG] coder_eval.utils: Resolved @uipath plugin-tools dir=/usr/lib/node_modules/@uipath from `uip` at /usr/lib/node_modules/@uipath/cli/dist/index.js
2026-07-24 21:07:07 [INFO] coder_eval.orchestrator: Running post-run command: python3 $SKILLS_REPO_PATH/tests/tasks/uipath-maestro-flow/_shared/cleanup_solutions.py
2026-07-24 21:07:08 [WARNING] coder_eval.orchestrator: [post_run stderr] cleanup_solutions: deleted aae0dbc1-7fe8-4e76-488f-08dee9b1ed35 (from BillingInvoiceLookup/BillingInvoiceLookup.uipx)
2026-07-24 21:07:08 [WARNING] coder_eval.orchestrator: [post_run stderr] cleanup_solutions: summary policy=always deleted=1 preserved=0 skipped=0 not_uploaded=0 failed=0
2026-07-24 21:07:08 [INFO] coder_eval.orchestrator: Running post-run command: find . -maxdepth 5 -type d \( -name node_modules -o -name .npm-prefix -o -name .venv \) -prune -exec rm -rf {} +
2026-07-24 21:07:08 [INFO] coder_eval.orchestrator: Sandbox preserved (in-place): /work/output/artifacts/skill-flow-devcon-billing-invoice-lookup
2026-07-24 21:07:08 [INFO] coder_eval.orchestrator: Task finished: status=FAILURE duration=834.5s score=0.375 iterations=1
