2026-07-23 20:42:36 [DEBUG] coder_eval.utils: Resolved @uipath plugin-tools dir=/usr/lib/node_modules/@uipath from `uip` at /usr/lib/node_modules/@uipath/cli/dist/index.js
2026-07-23 20:42:36 [INFO] coder_eval.orchestrator: API routing: aws_bedrock
2026-07-23 20:42:36 [DEBUG] coder_eval.criteria: Discovered 14 criterion checkers
2026-07-23 20:42:36 [DEBUG] coder_eval.criteria: Validated 14 criterion checkers
2026-07-23 20:42:36 [DEBUG] coder_eval.utils: Resolved @uipath plugin-tools dir=/usr/lib/node_modules/@uipath from `uip` at /usr/lib/node_modules/@uipath/cli/dist/index.js
2026-07-23 20:42:36 [DEBUG] coder_eval.orchestrator: Sending prompt: Build a UiPath Flow named "InvoiceApproval" that:
1. Starts with a manual trigger
2. Pauses for a fi...
2026-07-23 20:42:37 [DEBUG] coder_eval.agents.claude_code_agent: [coder] Starting agent query stream...
2026-07-23 20:46:11 [DEBUG] coder_eval.agents.claude_code_agent: [coder] session_id changed: None -> 3e5fd3d6-54d9-46ae-8f70-94c427c2b6a7
2026-07-23 20:46:11 [DEBUG] coder_eval.agents.claude_code_agent: [coder] Agent query stream ended
2026-07-23 20:46:11 [DEBUG] coder_eval.utils: Resolved @uipath plugin-tools dir=/usr/lib/node_modules/@uipath from `uip` at /usr/lib/node_modules/@uipath/cli/dist/index.js
2026-07-23 20:46:11 [DEBUG] coder_eval.orchestrator: Agent response received (4080 chars)
2026-07-23 20:46:11 [DEBUG] coder_eval.orchestrator: Checking success criteria
2026-07-23 20:46:11 [DEBUG] coder_eval.evaluation.checker: Criterion 'file_exists' score: 1.00
2026-07-23 20:46:11 [DEBUG] coder_eval.evaluation.checker: Criterion 'file_contains' score: 1.00
2026-07-23 20:46:11 [DEBUG] coder_eval.criteria.run_command: Running command for criterion 'uip flow validate passes': uip maestro flow validate InvoiceApproval/InvoiceApproval/InvoiceApproval.flow --output json
2026-07-23 20:46:18 [DEBUG] coder_eval.sandbox: Command 'uip maestro flow validate InvoiceApproval/InvoiceApproval/InvoiceApproval.flow --output json' exited with code 0
2026-07-23 20:46:18 [DEBUG] coder_eval.sandbox: STDOUT:
---
{
  "Result": "Success",
  "Code": "FlowValidate",
  "Data": {
    "File": "/work/output/artifacts/skill-flow-hitl-smoke-node-placed/InvoiceApproval/InvoiceApproval/InvoiceApproval.flow",
    "Status": "Valid"
  }
}
---
2026-07-23 20:46:18 [DEBUG] coder_eval.sandbox: STDERR:
---
[ManifestClient] fetchDynamicNodes ok: total=206 agent context nodes=2 external agent nodes=6 orchestrator nodes=159 IXP nodes=39
---
2026-07-23 20:46:18 [DEBUG] coder_eval.evaluation.checker: Criterion 'run_command' score: 1.00
2026-07-23 20:46:18 [INFO] coder_eval.orchestrator: Success criteria: 3/3 passed, weighted score: 1.000
2026-07-23 20:46:18 [DEBUG] coder_eval.utils: Resolved @uipath plugin-tools dir=/usr/lib/node_modules/@uipath from `uip` at /usr/lib/node_modules/@uipath/cli/dist/index.js
2026-07-23 20:46:18 [INFO] coder_eval.orchestrator: Running post-run command: find . -maxdepth 5 -type d \( -name node_modules -o -name .npm-prefix -o -name .venv \) -prune -exec rm -rf {} +
2026-07-23 20:46:18 [INFO] coder_eval.orchestrator: Sandbox preserved (in-place): /work/output/artifacts/skill-flow-hitl-smoke-node-placed
2026-07-23 20:46:18 [INFO] coder_eval.orchestrator: Task finished: status=SUCCESS duration=231.4s score=1.000 iterations=1
