2026-07-24 17:13:41 [DEBUG] coder_eval.utils: Resolved @uipath plugin-tools dir=/usr/lib/node_modules/@uipath from `uip` at /usr/lib/node_modules/@uipath/cli/dist/index.js
2026-07-24 17:13:41 [INFO] coder_eval.orchestrator: API routing: aws_bedrock
2026-07-24 17:13:41 [DEBUG] coder_eval.criteria: Discovered 14 criterion checkers
2026-07-24 17:13:41 [DEBUG] coder_eval.criteria: Validated 14 criterion checkers
2026-07-24 17:13:41 [DEBUG] coder_eval.utils: Resolved @uipath plugin-tools dir=/usr/lib/node_modules/@uipath from `uip` at /usr/lib/node_modules/@uipath/cli/dist/index.js
2026-07-24 17:13:41 [DEBUG] coder_eval.orchestrator: Sending prompt: Rearrange the flow so the decision happens right after the HTTP call. Both the true and false branch...
2026-07-24 17:13:41 [DEBUG] coder_eval.agents.claude_code_agent: [coder] Starting agent query stream...
2026-07-24 17:15:51 [DEBUG] coder_eval.agents.claude_code_agent: [coder] session_id changed: None -> d5f51fd4-0cff-4110-a0c2-d052f9806373
2026-07-24 17:15:51 [DEBUG] coder_eval.agents.claude_code_agent: [coder] Agent query stream ended
2026-07-24 17:15:51 [DEBUG] coder_eval.utils: Resolved @uipath plugin-tools dir=/usr/lib/node_modules/@uipath from `uip` at /usr/lib/node_modules/@uipath/cli/dist/index.js
2026-07-24 17:15:51 [DEBUG] coder_eval.orchestrator: Agent response received (5133 chars)
2026-07-24 17:15:51 [DEBUG] coder_eval.orchestrator: Checking success criteria
2026-07-24 17:15:51 [DEBUG] coder_eval.criteria.run_command: Running command for criterion 'uip maestro flow validate passes on the flow file': uip maestro flow validate BellevueWeather/BellevueWeather/BellevueWeather.flow
2026-07-24 17:15:57 [DEBUG] coder_eval.sandbox: Command 'uip maestro flow validate BellevueWeather/BellevueWeather/BellevueWeather.flow' exited with code 0
2026-07-24 17:15:57 [DEBUG] coder_eval.sandbox: STDOUT:
---
{
  "Result": "Success",
  "Code": "FlowValidate",
  "Data": {
    "File": "/work/output/artifacts/skill-flow-move-node/BellevueWeather/BellevueWeather/BellevueWeather.flow",
    "Status": "Valid"
  }
}
---
2026-07-24 17:15:57 [DEBUG] coder_eval.sandbox: STDERR:
---
[ManifestClient] fetchDynamicNodes ok: total=206 agent context nodes=2 external agent nodes=6 orchestrator nodes=158 IXP nodes=40
---
2026-07-24 17:15:57 [DEBUG] coder_eval.evaluation.checker: Criterion 'run_command' score: 1.00
2026-07-24 17:15:57 [DEBUG] coder_eval.criteria.run_command: Running command for criterion 'Flow debug runs with merged branches, output contains branch message': python3 $TASK_DIR/check_move_node.py
2026-07-24 17:16:21 [DEBUG] coder_eval.sandbox: Command 'python3 $TASK_DIR/check_move_node.py' exited with code 0
2026-07-24 17:16:21 [DEBUG] coder_eval.sandbox: STDOUT:
---
OK: decision before formatSummary, branches merged, single end node, debug valid
---
2026-07-24 17:16:21 [DEBUG] coder_eval.evaluation.checker: Criterion 'run_command' score: 1.00
2026-07-24 17:16:21 [INFO] coder_eval.orchestrator: Success criteria: 2/2 passed, weighted score: 1.000
2026-07-24 17:16:21 [WARNING] coder_eval.orchestrator: Visible turns (13) exceeded expected_turns (11) at iteration 1 for task skill-flow-move-node. Run continues — max_turns remains the hard cap.
2026-07-24 17:16:21 [DEBUG] coder_eval.utils: Resolved @uipath plugin-tools dir=/usr/lib/node_modules/@uipath from `uip` at /usr/lib/node_modules/@uipath/cli/dist/index.js
2026-07-24 17:16:21 [INFO] coder_eval.orchestrator: Running post-run command: python3 $SKILLS_REPO_PATH/tests/tasks/uipath-maestro-flow/_shared/cleanup_solutions.py
2026-07-24 17:16:24 [WARNING] coder_eval.orchestrator: [post_run stderr] cleanup_solutions: deleted a262da9e-0543-4796-4aaf-08dee9a25385 (from BellevueWeather/BellevueWeather.uipx)
2026-07-24 17:16:24 [WARNING] coder_eval.orchestrator: [post_run stderr] cleanup_solutions: summary policy=always deleted=1 preserved=0 skipped=0 not_uploaded=0 failed=0
2026-07-24 17:16:24 [INFO] coder_eval.orchestrator: Running post-run command: find . -maxdepth 5 -type d \( -name node_modules -o -name .npm-prefix -o -name .venv \) -prune -exec rm -rf {} +
2026-07-24 17:16:24 [INFO] coder_eval.orchestrator: Sandbox preserved (in-place): /work/output/artifacts/skill-flow-move-node
2026-07-24 17:16:24 [INFO] coder_eval.orchestrator: Task finished: status=SUCCESS duration=165.3s score=1.000 iterations=1
