2026-07-24 17:24:16 [DEBUG] coder_eval.utils: Resolved @uipath plugin-tools dir=/usr/lib/node_modules/@uipath from `uip` at /usr/lib/node_modules/@uipath/cli/dist/index.js
2026-07-24 17:24:16 [INFO] coder_eval.orchestrator: API routing: aws_bedrock
2026-07-24 17:24:17 [DEBUG] coder_eval.criteria: Discovered 14 criterion checkers
2026-07-24 17:24:17 [DEBUG] coder_eval.criteria: Validated 14 criterion checkers
2026-07-24 17:24:17 [DEBUG] coder_eval.utils: Resolved @uipath plugin-tools dir=/usr/lib/node_modules/@uipath from `uip` at /usr/lib/node_modules/@uipath/cli/dist/index.js
2026-07-24 17:24:17 [INFO] coder_eval.orchestrator: Running pre-run command: python3 $SKILLS_REPO_PATH/tests/tasks/uipath-maestro-flow/e2e/jira_lifecycle/seed_jira.py
2026-07-24 17:24:17 [INFO] coder_eval.orchestrator: [pre_run stdout] OK: wrote 3 seed issues (2 High / 1 other), tag=da0c2d66
2026-07-24 17:24:17 [DEBUG] coder_eval.orchestrator: Sending prompt: Create a new Flow project called "JiraLifecycle" with a manual trigger.

Read `seed.json` in the cur...
2026-07-24 17:24:17 [DEBUG] coder_eval.agents.claude_code_agent: [coder] Starting agent query stream...
2026-07-24 17:34:42 [DEBUG] coder_eval.agents.claude_code_agent: [coder] session_id changed: None -> 56b0d9f4-14b6-455f-b069-578b609ca572
2026-07-24 17:34:42 [DEBUG] coder_eval.agents.claude_code_agent: [coder] Agent query stream ended
2026-07-24 17:34:42 [DEBUG] coder_eval.utils: Resolved @uipath plugin-tools dir=/usr/lib/node_modules/@uipath from `uip` at /usr/lib/node_modules/@uipath/cli/dist/index.js
2026-07-24 17:34:42 [DEBUG] coder_eval.orchestrator: Agent response received (5569 chars)
2026-07-24 17:34:42 [DEBUG] coder_eval.orchestrator: Checking success criteria
2026-07-24 17:34:42 [DEBUG] coder_eval.evaluation.checker: Criterion 'command_executed' score: 1.00
2026-07-24 17:34:42 [DEBUG] coder_eval.criteria.run_command: Running command for criterion 'JiraLifecycle checks: valid flow with a loop + switch over the Jira connector, debug creates every seeded issue, and each carries the comment its priority branch should have posted': python3 $TASK_DIR/check_jira_lifecycle.py
2026-07-24 17:35:25 [DEBUG] coder_eval.sandbox: Command 'python3 $TASK_DIR/check_jira_lifecycle.py' exited with code 0
2026-07-24 17:35:25 [DEBUG] coder_eval.sandbox: STDOUT:
---
OK: flow references uipath-atlassian-jira
OK: flow contains a loop node and a switch/decision node
OK: flow debug completed
OK: candidate keys from debug: ['CE-159', 'CE-160', 'CE-161']
OK: all 3 issues created and each carries its correct branch comment
PASS: all JiraLifecycle checks passed
---
2026-07-24 17:35:25 [DEBUG] coder_eval.evaluation.checker: Criterion 'run_command' score: 1.00
2026-07-24 17:35:25 [INFO] coder_eval.orchestrator: Success criteria: 2/2 passed, weighted score: 1.000
2026-07-24 17:35:25 [DEBUG] coder_eval.utils: Resolved @uipath plugin-tools dir=/usr/lib/node_modules/@uipath from `uip` at /usr/lib/node_modules/@uipath/cli/dist/index.js
2026-07-24 17:35:25 [INFO] coder_eval.orchestrator: Running post-run command: python3 $SKILLS_REPO_PATH/tests/tasks/uipath-maestro-flow/e2e/jira_lifecycle/teardown_jira.py
2026-07-24 17:35:29 [INFO] coder_eval.orchestrator: [post_run stdout] OK: deleted CE-159
2026-07-24 17:35:30 [INFO] coder_eval.orchestrator: [post_run stdout] OK: deleted CE-160
2026-07-24 17:35:31 [INFO] coder_eval.orchestrator: [post_run stdout] OK: deleted CE-161
2026-07-24 17:35:31 [INFO] coder_eval.orchestrator: Running post-run command: find . -maxdepth 5 -type d \( -name node_modules -o -name .npm-prefix -o -name .venv \) -prune -exec rm -rf {} +
2026-07-24 17:35:31 [INFO] coder_eval.orchestrator: Sandbox preserved (in-place): /work/output/artifacts/skill-flow-ipe-jira-lifecycle
2026-07-24 17:35:31 [INFO] coder_eval.orchestrator: Task finished: status=SUCCESS duration=677.9s score=1.000 iterations=1
