2026-07-23 23:57:53 [DEBUG] coder_eval.utils: Resolved @uipath plugin-tools dir=/usr/lib/node_modules/@uipath from `uip` at /usr/lib/node_modules/@uipath/cli/dist/index.js
2026-07-23 23:57:53 [INFO] coder_eval.orchestrator: API routing: aws_bedrock
2026-07-23 23:57:53 [DEBUG] coder_eval.criteria: Discovered 14 criterion checkers
2026-07-23 23:57:53 [DEBUG] coder_eval.criteria: Validated 14 criterion checkers
2026-07-23 23:57:53 [DEBUG] coder_eval.utils: Resolved @uipath plugin-tools dir=/usr/lib/node_modules/@uipath from `uip` at /usr/lib/node_modules/@uipath/cli/dist/index.js
2026-07-23 23:57:53 [DEBUG] coder_eval.orchestrator: Sending prompt: Build a Maestro Flow called "CustomerEscalation" that triggers on new
Outlook inbox emails and route...
2026-07-23 23:57:53 [DEBUG] coder_eval.agents.claude_code_agent: [coder] Starting agent query stream...
2026-07-24 00:04:37 [DEBUG] coder_eval.agents.claude_code_agent: [coder] session_id changed: None -> 3f312049-7d4f-45cf-8c90-b1b90367e421
2026-07-24 00:04:37 [DEBUG] coder_eval.agents.claude_code_agent: [coder] Agent query stream ended
2026-07-24 00:04:37 [DEBUG] coder_eval.utils: Resolved @uipath plugin-tools dir=/usr/lib/node_modules/@uipath from `uip` at /usr/lib/node_modules/@uipath/cli/dist/index.js
2026-07-24 00:04:37 [DEBUG] coder_eval.orchestrator: Agent response received (8632 chars)
2026-07-24 00:04:37 [DEBUG] coder_eval.orchestrator: Checking success criteria
2026-07-24 00:04:37 [DEBUG] coder_eval.criteria.run_command: Running command for criterion 'uip maestro flow validate passes on the flow file': uip maestro flow validate CustomerEscalation/CustomerEscalation/CustomerEscalation.flow
2026-07-24 00:04:43 [DEBUG] coder_eval.sandbox: Command 'uip maestro flow validate CustomerEscalation/CustomerEscalation/CustomerEscalation.flow' exited with code 0
2026-07-24 00:04:43 [DEBUG] coder_eval.sandbox: STDOUT:
---
{
  "Result": "Success",
  "Code": "FlowValidate",
  "Data": {
    "File": "/work/output/artifacts/skill-flow-customer-escalation/CustomerEscalation/CustomerEscalation/CustomerEscalation.flow",
    "Status": "Valid"
  }
}
---
2026-07-24 00:04:43 [DEBUG] coder_eval.sandbox: STDERR:
---
[ManifestClient] fetchDynamicNodes ok: total=206 agent context nodes=2 external agent nodes=6 orchestrator nodes=159 IXP nodes=39
---
2026-07-24 00:04:43 [DEBUG] coder_eval.evaluation.checker: Criterion 'run_command' score: 1.00
2026-07-24 00:04:43 [DEBUG] coder_eval.criteria.run_command: Running command for criterion 'Flow has Outlook trigger, classifier scripts, decision with two branches, Slack DM and Outlook reply references': python3 $TASK_DIR/check_customer_escalation_flow.py
2026-07-24 00:04:43 [DEBUG] coder_eval.sandbox: Command 'python3 $TASK_DIR/check_customer_escalation_flow.py' exited with code 0
2026-07-24 00:04:43 [DEBUG] coder_eval.sandbox: STDOUT:
---
PASS: 10 nodes, 3 scripts, decision with 2 branches, Slack and Outlook reply references present
---
2026-07-24 00:04:43 [DEBUG] coder_eval.evaluation.checker: Criterion 'run_command' score: 1.00
2026-07-24 00:04:43 [INFO] coder_eval.orchestrator: Success criteria: 2/2 passed, weighted score: 1.000
2026-07-24 00:04:43 [DEBUG] coder_eval.utils: Resolved @uipath plugin-tools dir=/usr/lib/node_modules/@uipath from `uip` at /usr/lib/node_modules/@uipath/cli/dist/index.js
2026-07-24 00:04:43 [INFO] coder_eval.orchestrator: Running post-run command: find . -maxdepth 5 -type d \( -name node_modules -o -name .npm-prefix -o -name .venv \) -prune -exec rm -rf {} +
2026-07-24 00:04:43 [INFO] coder_eval.orchestrator: Sandbox preserved (in-place): /work/output/artifacts/skill-flow-customer-escalation
2026-07-24 00:04:43 [INFO] coder_eval.orchestrator: Task finished: status=SUCCESS duration=417.6s score=1.000 iterations=1
