2026-07-24 17:08:34 [DEBUG] coder_eval.utils: Resolved @uipath plugin-tools dir=/usr/lib/node_modules/@uipath from `uip` at /usr/lib/node_modules/@uipath/cli/dist/index.js
2026-07-24 17:08:34 [INFO] coder_eval.orchestrator: API routing: aws_bedrock
2026-07-24 17:08:35 [DEBUG] coder_eval.criteria: Discovered 14 criterion checkers
2026-07-24 17:08:35 [DEBUG] coder_eval.criteria: Validated 14 criterion checkers
2026-07-24 17:08:35 [DEBUG] coder_eval.utils: Resolved @uipath plugin-tools dir=/usr/lib/node_modules/@uipath from `uip` at /usr/lib/node_modules/@uipath/cli/dist/index.js
2026-07-24 17:08:35 [DEBUG] coder_eval.orchestrator: Sending prompt: Create a UiPath Flow project named "AcrUserList" with a manual trigger.
The process must call Servic...
2026-07-24 17:08:35 [DEBUG] coder_eval.agents.claude_code_agent: [coder] Starting agent query stream...
2026-07-24 17:28:35 [WARNING] coder_eval.agents.claude_code_agent: [coder] Command Bash:toolu_bdrk_01JdBpdyGs1hHEmgZConi9sE completed without tool result. Status set to 'unknown'. This may indicate agent interruption or SDK issue.
2026-07-24 17:28:35 [WARNING] coder_eval.agents.claude_code_agent: [coder] Turn completed with 1 command(s) in 'unknown' status. Messages received: [AssistantMessage=150, HookEventMessage=6, StreamEvent=10064, SystemMessage=3022, TaskNotificationMessage=14, TaskStartedMessage=14, TaskUpdatedMessage=2, UserMessage=107]. This may indicate an SDK message type mismatch or agent interruption.
2026-07-24 17:28:35 [DEBUG] coder_eval.orchestrator: [skill-flow-generic-dynamic-node] Drained partial turn record (attempt 1, iteration 1): 107 commands
2026-07-24 17:28:35 [ERROR] coder_eval.errors.executor: [skill-flow-generic-dynamic-node] Agent communication failed (non-retryable): agent_timeout - Agent turn timed out after 1200s (iteration 1)
2026-07-24 17:28:35 [ERROR] coder_eval.orchestrator: Evaluation failed: Agent turn timed out after 1200s (iteration 1)
Traceback (most recent call last):
  File "/usr/local/lib/python3.13/site-packages/anyio/streams/memory.py", line 117, in receive
    return self.receive_nowait()
           ~~~~~~~~~~~~~~~~~~~^^
  File "/usr/local/lib/python3.13/site-packages/anyio/streams/memory.py", line 112, in receive_nowait
    raise WouldBlock
anyio.WouldBlock

During handling of the above exception, another exception occurred:

Traceback (most recent call last):
  File "/opt/coder_eval/src/coder_eval/agents/claude_code_agent.py", line 915, in communicate
    await self._pump_messages(state, query_kwargs, deadline, should_stop)
  File "/opt/coder_eval/src/coder_eval/agents/claude_code_agent.py", line 1025, in _pump_messages
    async for message in query(**query_kwargs):
    ...<8 lines>...
            break
  File "/usr/local/lib/python3.13/site-packages/claude_agent_sdk/query.py", line 123, in query
    async for message in client.process_query(
    ...<2 lines>...
        yield message
  File "/usr/local/lib/python3.13/site-packages/claude_agent_sdk/_internal/client.py", line 75, in process_query
    async for msg in inner:
        yield msg
  File "/usr/local/lib/python3.13/site-packages/claude_agent_sdk/_internal/client.py", line 227, in _process_query_inner
    async for data in query.receive_messages():
    ...<2 lines>...
            yield message
  File "/usr/local/lib/python3.13/site-packages/claude_agent_sdk/_internal/query.py", line 847, in receive_messages
    async for message in self._message_receive:
    ...<6 lines>...
        yield message
  File "/usr/local/lib/python3.13/site-packages/anyio/abc/_streams.py", line 35, in __anext__
    return await self.receive()
           ^^^^^^^^^^^^^^^^^^^^
  File "/usr/local/lib/python3.13/site-packages/anyio/streams/memory.py", line 125, in receive
    await receive_event.wait()
  File "/usr/local/lib/python3.13/site-packages/anyio/_backends/_asyncio.py", line 1804, in wait
    await self._event.wait()
  File "/usr/local/lib/python3.13/asyncio/locks.py", line 213, in wait
    await fut
asyncio.exceptions.CancelledError

During handling of the above exception, another exception occurred:

Traceback (most recent call last):
  File "/opt/coder_eval/src/coder_eval/orchestrator.py", line 475, in run
    success = await self._evaluation_loop()
              ^^^^^^^^^^^^^^^^^^^^^^^^^^^^^
  File "/opt/coder_eval/src/coder_eval/orchestrator.py", line 1387, in _evaluation_loop
    turn_record = await self._communicate_with_retry(
                  ^^^^^^^^^^^^^^^^^^^^^^^^^^^^^^^^^^^
    ...<3 lines>...
    )
    ^
  File "/opt/coder_eval/src/coder_eval/orchestrator.py", line 1263, in _communicate_with_retry
    turn_record = await execute_with_retry(
                  ^^^^^^^^^^^^^^^^^^^^^^^^^
    ...<8 lines>...
    )
    ^
  File "/opt/coder_eval/src/coder_eval/errors/executor.py", line 71, in execute_with_retry
    return await operation()
           ^^^^^^^^^^^^^^^^^
  File "/opt/coder_eval/src/coder_eval/orchestrator.py", line 1245, in _communicate_attempt
    return await asyncio.wait_for(coro, timeout=outer_timeout)
           ^^^^^^^^^^^^^^^^^^^^^^^^^^^^^^^^^^^^^^^^^^^^^^^^^^^
  File "/usr/local/lib/python3.13/asyncio/tasks.py", line 507, in wait_for
    return await fut
           ^^^^^^^^^
  File "/opt/coder_eval/src/coder_eval/agents/claude_code_agent.py", line 927, in communicate
    self._finalize_and_raise_timeout(state.finalize, timeout)
    ~~~~~~~~~~~~~~~~~~~~~~~~~~~~~~~~^^^^^^^^^^^^^^^^^^^^^^^^^
  File "/opt/coder_eval/src/coder_eval/agent.py", line 130, in _finalize_and_raise_timeout
    raise TurnTimeoutError(timeout, iteration=self._iteration)
coder_eval.errors.timeout.TurnTimeoutError: Agent turn timed out after 1200s (iteration 1)
2026-07-24 17:28:35 [DEBUG] coder_eval.utils: Resolved @uipath plugin-tools dir=/usr/lib/node_modules/@uipath from `uip` at /usr/lib/node_modules/@uipath/cli/dist/index.js
2026-07-24 17:28:35 [INFO] coder_eval.orchestrator: Running post-run command: python3 $SKILLS_REPO_PATH/tests/tasks/uipath-maestro-flow/_shared/cleanup_solutions.py
2026-07-24 17:28:40 [WARNING] coder_eval.orchestrator: [post_run stderr] cleanup_solutions: deleted 6efe39de-07f3-4a8c-1448-08dee9a2709e (from AcrUserList/AcrUserList.uipx)
2026-07-24 17:28:40 [WARNING] coder_eval.orchestrator: [post_run stderr] cleanup_solutions: summary policy=always deleted=1 preserved=0 skipped=0 not_uploaded=0 failed=0
2026-07-24 17:28:40 [INFO] coder_eval.orchestrator: Running post-run command: find . -maxdepth 5 -type d \( -name node_modules -o -name .npm-prefix -o -name .venv \) -prune -exec rm -rf {} +
2026-07-24 17:28:40 [INFO] coder_eval.orchestrator: Sandbox preserved (in-place): /work/output/artifacts/skill-flow-generic-dynamic-node
2026-07-24 17:28:40 [INFO] coder_eval.orchestrator: Task finished: status=ERROR duration=1208.0s score=0.000 iterations=1
