2026-07-22 04:32:57 [DEBUG] coder_eval.utils: Resolved @uipath plugin-tools dir=/usr/lib/node_modules/@uipath from `uip` at /usr/lib/node_modules/@uipath/cli/dist/index.js
2026-07-22 04:32:57 [INFO] coder_eval.orchestrator: API routing: aws_bedrock
2026-07-22 04:32:57 [DEBUG] coder_eval.criteria: Discovered 14 criterion checkers
2026-07-22 04:32:57 [DEBUG] coder_eval.criteria: Validated 14 criterion checkers
2026-07-22 04:32:57 [DEBUG] coder_eval.utils: Resolved @uipath plugin-tools dir=/usr/lib/node_modules/@uipath from `uip` at /usr/lib/node_modules/@uipath/cli/dist/index.js
2026-07-22 04:32:58 [DEBUG] coder_eval.orchestrator: Sending prompt: Create a new local Maestro BPMN Process Orchestration project named
CustomerEscalation. The project ...
2026-07-22 04:32:58 [DEBUG] coder_eval.agents.claude_code_agent: [coder] Starting agent query stream...
2026-07-22 04:35:35 [DEBUG] coder_eval.agents.claude_code_agent: [coder] session_id changed: None -> 1c76fe3b-7fa5-433f-907b-6b428e08bd2a
2026-07-22 04:35:35 [DEBUG] coder_eval.agents.claude_code_agent: [coder] Agent query stream ended
2026-07-22 04:35:35 [DEBUG] coder_eval.utils: Resolved @uipath plugin-tools dir=/usr/lib/node_modules/@uipath from `uip` at /usr/lib/node_modules/@uipath/cli/dist/index.js
2026-07-22 04:35:35 [DEBUG] coder_eval.orchestrator: Agent response received (4100 chars)
2026-07-22 04:35:35 [DEBUG] coder_eval.orchestrator: Checking success criteria
2026-07-22 04:35:35 [DEBUG] coder_eval.evaluation.checker: Criterion 'file_exists' score: 1.00
2026-07-22 04:35:35 [DEBUG] coder_eval.evaluation.checker: Criterion 'file_exists' score: 1.00
2026-07-22 04:35:35 [DEBUG] coder_eval.evaluation.checker: Criterion 'file_exists' score: 1.00
2026-07-22 04:35:35 [DEBUG] coder_eval.criteria.run_command: Running command for criterion 'Generated BPMN project has two classifier scripts, gateway routing, a user-task escalation path, a ticket script, and package references': python3 $TASK_DIR/check_customer_escalation.py
2026-07-22 04:35:35 [DEBUG] coder_eval.sandbox: Command 'python3 $TASK_DIR/check_customer_escalation.py' exited with code 0
2026-07-22 04:35:35 [DEBUG] coder_eval.sandbox: STDOUT:
---
OK: CustomerEscalation/CustomerEscalation.bpmn classifies, routes, escalates via a user task, and ships consistent package metadata
---
2026-07-22 04:35:35 [DEBUG] coder_eval.evaluation.checker: Criterion 'run_command' score: 1.00
2026-07-22 04:35:35 [DEBUG] coder_eval.evaluation.judge_context: judge_context: include_reference=True but reference not set
2026-07-22 04:35:42 [DEBUG] coder_eval.evaluation.checker: Criterion 'llm_judge' score: 1.00
2026-07-22 04:35:42 [INFO] coder_eval.orchestrator: Success criteria: 5/5 passed, weighted score: 1.000
2026-07-22 04:35:42 [DEBUG] coder_eval.utils: Resolved @uipath plugin-tools dir=/usr/lib/node_modules/@uipath from `uip` at /usr/lib/node_modules/@uipath/cli/dist/index.js
2026-07-22 04:35:42 [INFO] coder_eval.orchestrator: Running post-run command: find . -maxdepth 5 -type d \( -name node_modules -o -name .npm-prefix -o -name .venv \) -prune -exec rm -rf {} +
2026-07-22 04:35:42 [INFO] coder_eval.orchestrator: Sandbox preserved (in-place): /work/output/artifacts/skill-bpmn-e2e-customer-escalation
2026-07-22 04:35:42 [INFO] coder_eval.orchestrator: Task finished: status=SUCCESS duration=166.1s score=1.000 iterations=1
2026-07-22 04:35:42 [DEBUG] coder_eval.evaluation.judge_persistence: spilled 1 judge transcript(s) to /work/output
