2026-07-23 23:57:55 [DEBUG] coder_eval.utils: Resolved @uipath plugin-tools dir=/usr/lib/node_modules/@uipath from `uip` at /usr/lib/node_modules/@uipath/cli/dist/index.js
2026-07-23 23:57:55 [INFO] coder_eval.orchestrator: API routing: aws_bedrock
2026-07-23 23:57:56 [DEBUG] coder_eval.criteria: Discovered 14 criterion checkers
2026-07-23 23:57:56 [DEBUG] coder_eval.criteria: Validated 14 criterion checkers
2026-07-23 23:57:56 [DEBUG] coder_eval.utils: Resolved @uipath plugin-tools dir=/usr/lib/node_modules/@uipath from `uip` at /usr/lib/node_modules/@uipath/cli/dist/index.js
2026-07-23 23:57:56 [DEBUG] coder_eval.orchestrator: Sending prompt: Create a UiPath Flow project named "LoopMultiply" that multiplies the
numbers [13, 15, 17] together ...
2026-07-23 23:57:57 [DEBUG] coder_eval.agents.claude_code_agent: [coder] Starting agent query stream...
2026-07-24 00:03:14 [DEBUG] coder_eval.agents.claude_code_agent: [coder] session_id changed: None -> db3035c5-8b6f-46be-a626-4361ff709f05
2026-07-24 00:03:14 [DEBUG] coder_eval.agents.claude_code_agent: [coder] Agent query stream ended
2026-07-24 00:03:14 [DEBUG] coder_eval.utils: Resolved @uipath plugin-tools dir=/usr/lib/node_modules/@uipath from `uip` at /usr/lib/node_modules/@uipath/cli/dist/index.js
2026-07-24 00:03:14 [DEBUG] coder_eval.orchestrator: Agent response received (3897 chars)
2026-07-24 00:03:14 [DEBUG] coder_eval.orchestrator: Checking success criteria
2026-07-24 00:03:14 [DEBUG] coder_eval.criteria.run_command: Running command for criterion 'uip maestro flow validate passes on the flow file': uip maestro flow validate LoopMultiply/LoopMultiply/LoopMultiply.flow
2026-07-24 00:03:20 [DEBUG] coder_eval.sandbox: Command 'uip maestro flow validate LoopMultiply/LoopMultiply/LoopMultiply.flow' exited with code 0
2026-07-24 00:03:20 [DEBUG] coder_eval.sandbox: STDOUT:
---
{
  "Result": "Success",
  "Code": "FlowValidate",
  "Data": {
    "File": "/work/output/artifacts/skill-flow-loop-multiply/LoopMultiply/LoopMultiply/LoopMultiply.flow",
    "Status": "Valid"
  }
}
---
2026-07-24 00:03:20 [DEBUG] coder_eval.sandbox: STDERR:
---
[ManifestClient] fetchDynamicNodes ok: total=206 agent context nodes=2 external agent nodes=6 orchestrator nodes=159 IXP nodes=39
---
2026-07-24 00:03:20 [DEBUG] coder_eval.evaluation.checker: Criterion 'run_command' score: 1.00
2026-07-24 00:03:20 [DEBUG] coder_eval.criteria.run_command: Running command for criterion 'Flow has a loop node and debug returns 3315 (13*15*17)': python3 $TASK_DIR/check_loop_multiply.py
2026-07-24 00:03:44 [DEBUG] coder_eval.sandbox: Command 'python3 $TASK_DIR/check_loop_multiply.py' exited with code 0
2026-07-24 00:03:44 [DEBUG] coder_eval.sandbox: STDOUT:
---
OK: Loop node present; output contains 3315
---
2026-07-24 00:03:44 [DEBUG] coder_eval.evaluation.checker: Criterion 'run_command' score: 1.00
2026-07-24 00:03:44 [INFO] coder_eval.orchestrator: Success criteria: 2/2 passed, weighted score: 1.000
2026-07-24 00:03:44 [DEBUG] coder_eval.utils: Resolved @uipath plugin-tools dir=/usr/lib/node_modules/@uipath from `uip` at /usr/lib/node_modules/@uipath/cli/dist/index.js
2026-07-24 00:03:44 [INFO] coder_eval.orchestrator: Running post-run command: python3 $SKILLS_REPO_PATH/tests/tasks/uipath-maestro-flow/_shared/cleanup_solutions.py
2026-07-24 00:03:47 [WARNING] coder_eval.orchestrator: [post_run stderr] cleanup_solutions: deleted cdb51ca4-6432-4081-3479-08dee8fa7fa1 (from LoopMultiply/LoopMultiply.uipx)
2026-07-24 00:03:47 [WARNING] coder_eval.orchestrator: [post_run stderr] cleanup_solutions: summary policy=always deleted=1 preserved=0 skipped=0 not_uploaded=0 failed=0
2026-07-24 00:03:47 [INFO] coder_eval.orchestrator: Running post-run command: find . -maxdepth 5 -type d \( -name node_modules -o -name .npm-prefix -o -name .venv \) -prune -exec rm -rf {} +
2026-07-24 00:03:47 [INFO] coder_eval.orchestrator: Sandbox preserved (in-place): /work/output/artifacts/skill-flow-loop-multiply
2026-07-24 00:03:47 [INFO] coder_eval.orchestrator: Task finished: status=SUCCESS duration=359.9s score=1.000 iterations=1
