2026-07-22 04:46:45 [DEBUG] coder_eval.utils: Resolved @uipath plugin-tools dir=/usr/lib/node_modules/@uipath from `uip` at /usr/lib/node_modules/@uipath/cli/dist/index.js
2026-07-22 04:46:45 [INFO] coder_eval.orchestrator: API routing: aws_bedrock
2026-07-22 04:46:45 [DEBUG] coder_eval.criteria: Discovered 14 criterion checkers
2026-07-22 04:46:45 [DEBUG] coder_eval.criteria: Validated 14 criterion checkers
2026-07-22 04:46:45 [DEBUG] coder_eval.utils: Resolved @uipath plugin-tools dir=/usr/lib/node_modules/@uipath from `uip` at /usr/lib/node_modules/@uipath/cli/dist/index.js
2026-07-22 04:46:46 [DEBUG] coder_eval.orchestrator: Sending prompt: Load and follow the uipath-maestro-bpmn skill.

Author a single Maestro BPMN file `PaymentRace.bpmn`...
2026-07-22 04:46:46 [DEBUG] coder_eval.agents.claude_code_agent: [coder] Starting agent query stream...
2026-07-22 04:49:08 [DEBUG] coder_eval.agents.claude_code_agent: [coder] session_id changed: None -> a09cd818-b174-4ebe-94f0-003af17007ac
2026-07-22 04:49:08 [DEBUG] coder_eval.agents.claude_code_agent: [coder] Agent query stream ended
2026-07-22 04:49:08 [DEBUG] coder_eval.utils: Resolved @uipath plugin-tools dir=/usr/lib/node_modules/@uipath from `uip` at /usr/lib/node_modules/@uipath/cli/dist/index.js
2026-07-22 04:49:08 [DEBUG] coder_eval.orchestrator: Agent response received (3983 chars)
2026-07-22 04:49:08 [DEBUG] coder_eval.orchestrator: Checking success criteria
2026-07-22 04:49:08 [DEBUG] coder_eval.evaluation.checker: Criterion 'file_exists' score: 1.00
2026-07-22 04:49:08 [DEBUG] coder_eval.evaluation.checker: Criterion 'command_executed' score: 1.00
2026-07-22 04:49:08 [DEBUG] coder_eval.evaluation.checker: Criterion 'file_contains' score: 1.00
2026-07-22 04:49:08 [DEBUG] coder_eval.criteria.run_command: Running command for criterion 'Event-based gateway races a message catch and a timer catch with full DI edges': python3 $TASK_DIR/check_event_based_gateway.py
2026-07-22 04:49:08 [DEBUG] coder_eval.sandbox: Command 'python3 $TASK_DIR/check_event_based_gateway.py' exited with code 0
2026-07-22 04:49:08 [DEBUG] coder_eval.sandbox: STDOUT:
---
OK: PaymentRace.bpmn races a message catch and a timer catch behind an event-based gateway
---
2026-07-22 04:49:08 [DEBUG] coder_eval.evaluation.checker: Criterion 'run_command' score: 1.00
2026-07-22 04:49:08 [INFO] coder_eval.orchestrator: Success criteria: 4/4 passed, weighted score: 1.000
2026-07-22 04:49:08 [DEBUG] coder_eval.utils: Resolved @uipath plugin-tools dir=/usr/lib/node_modules/@uipath from `uip` at /usr/lib/node_modules/@uipath/cli/dist/index.js
2026-07-22 04:49:08 [INFO] coder_eval.orchestrator: Running post-run command: find . -maxdepth 5 -type d \( -name node_modules -o -name .npm-prefix -o -name .venv \) -prune -exec rm -rf {} +
2026-07-22 04:49:08 [INFO] coder_eval.orchestrator: Sandbox preserved (in-place): /work/output/artifacts/skill-bpmn-event-based-gateway
2026-07-22 04:49:08 [INFO] coder_eval.orchestrator: Task finished: status=SUCCESS duration=144.4s score=1.000 iterations=1
