2026-07-22 05:09:22 [DEBUG] coder_eval.utils: Resolved @uipath plugin-tools dir=/usr/lib/node_modules/@uipath from `uip` at /usr/lib/node_modules/@uipath/cli/dist/index.js
2026-07-22 05:09:22 [INFO] coder_eval.orchestrator: API routing: aws_bedrock
2026-07-22 05:09:22 [DEBUG] coder_eval.criteria: Discovered 14 criterion checkers
2026-07-22 05:09:22 [DEBUG] coder_eval.criteria: Validated 14 criterion checkers
2026-07-22 05:09:22 [DEBUG] coder_eval.utils: Resolved @uipath plugin-tools dir=/usr/lib/node_modules/@uipath from `uip` at /usr/lib/node_modules/@uipath/cli/dist/index.js
2026-07-22 05:09:22 [DEBUG] coder_eval.orchestrator: Sending prompt: Create a new local Maestro BPMN Process Orchestration project named
WikiPageviews. The project must ...
2026-07-22 05:09:22 [DEBUG] coder_eval.agents.claude_code_agent: [coder] Starting agent query stream...
2026-07-22 05:12:25 [DEBUG] coder_eval.agents.claude_code_agent: [coder] session_id changed: None -> 40c534e5-47eb-4969-835e-801e1fc99b19
2026-07-22 05:12:25 [DEBUG] coder_eval.agents.claude_code_agent: [coder] Agent query stream ended
2026-07-22 05:12:25 [DEBUG] coder_eval.utils: Resolved @uipath plugin-tools dir=/usr/lib/node_modules/@uipath from `uip` at /usr/lib/node_modules/@uipath/cli/dist/index.js
2026-07-22 05:12:25 [DEBUG] coder_eval.orchestrator: Agent response received (4721 chars)
2026-07-22 05:12:25 [DEBUG] coder_eval.orchestrator: Checking success criteria
2026-07-22 05:12:25 [DEBUG] coder_eval.evaluation.checker: Criterion 'file_exists' score: 1.00
2026-07-22 05:12:25 [DEBUG] coder_eval.evaluation.checker: Criterion 'file_exists' score: 1.00
2026-07-22 05:12:25 [DEBUG] coder_eval.evaluation.checker: Criterion 'file_contains' score: 1.00
2026-07-22 05:12:25 [DEBUG] coder_eval.criteria.run_command: Running command for criterion 'Generated BPMN project has a fetch script, an error-routing gateway, distinct filter and aggregate scripts, and package references': python3 $TASK_DIR/check_wiki_pageviews.py
2026-07-22 05:12:25 [DEBUG] coder_eval.sandbox: Command 'python3 $TASK_DIR/check_wiki_pageviews.py' exited with code 0
2026-07-22 05:12:25 [DEBUG] coder_eval.sandbox: STDOUT:
---
OK: WikiPageviews/WikiPageviews.bpmn fetches, routes failure, filters, aggregates, and ships consistent package metadata
---
2026-07-22 05:12:25 [DEBUG] coder_eval.evaluation.checker: Criterion 'run_command' score: 1.00
2026-07-22 05:12:25 [DEBUG] coder_eval.evaluation.judge_context: judge_context: include_reference=True but reference not set
2026-07-22 05:12:31 [DEBUG] coder_eval.evaluation.checker: Criterion 'llm_judge' score: 1.00
2026-07-22 05:12:31 [INFO] coder_eval.orchestrator: Success criteria: 5/5 passed, weighted score: 1.000
2026-07-22 05:12:31 [DEBUG] coder_eval.utils: Resolved @uipath plugin-tools dir=/usr/lib/node_modules/@uipath from `uip` at /usr/lib/node_modules/@uipath/cli/dist/index.js
2026-07-22 05:12:31 [INFO] coder_eval.orchestrator: Running post-run command: find . -maxdepth 5 -type d \( -name node_modules -o -name .npm-prefix -o -name .venv \) -prune -exec rm -rf {} +
2026-07-22 05:12:31 [INFO] coder_eval.orchestrator: Sandbox preserved (in-place): /work/output/artifacts/skill-bpmn-e2e-wiki-pageviews
2026-07-22 05:12:31 [INFO] coder_eval.orchestrator: Task finished: status=SUCCESS duration=190.8s score=1.000 iterations=1
2026-07-22 05:12:31 [DEBUG] coder_eval.evaluation.judge_persistence: spilled 1 judge transcript(s) to /work/output
