2026-07-24 19:30:51 [DEBUG] coder_eval.utils: Resolved @uipath plugin-tools dir=/usr/lib/node_modules/@uipath from `uip` at /usr/lib/node_modules/@uipath/cli/dist/index.js
2026-07-24 19:30:51 [INFO] coder_eval.orchestrator: API routing: aws_bedrock
2026-07-24 19:30:51 [DEBUG] coder_eval.criteria: Discovered 14 criterion checkers
2026-07-24 19:30:51 [DEBUG] coder_eval.criteria: Validated 14 criterion checkers
2026-07-24 19:30:51 [DEBUG] coder_eval.utils: Resolved @uipath plugin-tools dir=/usr/lib/node_modules/@uipath from `uip` at /usr/lib/node_modules/@uipath/cli/dist/index.js
2026-07-24 19:30:51 [DEBUG] coder_eval.orchestrator: Sending prompt: Create a UiPath Flow project named "BatchTransformDemo" that uses a Batch
Transform pattern node to ...
2026-07-24 19:30:51 [DEBUG] coder_eval.agents.claude_code_agent: [coder] Starting agent query stream...
2026-07-24 19:33:36 [DEBUG] coder_eval.agents.claude_code_agent: [coder] session_id changed: None -> a1e9fdc0-bd56-4339-b240-12315ebc8799
2026-07-24 19:33:36 [DEBUG] coder_eval.agents.claude_code_agent: [coder] Agent query stream ended
2026-07-24 19:33:36 [DEBUG] coder_eval.utils: Resolved @uipath plugin-tools dir=/usr/lib/node_modules/@uipath from `uip` at /usr/lib/node_modules/@uipath/cli/dist/index.js
2026-07-24 19:33:36 [DEBUG] coder_eval.orchestrator: Agent response received (5206 chars)
2026-07-24 19:33:36 [DEBUG] coder_eval.orchestrator: Checking success criteria
2026-07-24 19:33:36 [DEBUG] coder_eval.criteria.run_command: Running command for criterion 'uip maestro flow validate passes on the flow file': uip maestro flow validate BatchTransformDemo/BatchTransformDemo/BatchTransformDemo.flow
2026-07-24 19:33:43 [DEBUG] coder_eval.sandbox: Command 'uip maestro flow validate BatchTransformDemo/BatchTransformDemo/BatchTransformDemo.flow' exited with code 0
2026-07-24 19:33:43 [DEBUG] coder_eval.sandbox: STDOUT:
---
{
  "Result": "Success",
  "Code": "FlowValidate",
  "Data": {
    "File": "/work/output/artifacts/skill-flow-batch-transform/BatchTransformDemo/BatchTransformDemo/BatchTransformDemo.flow",
    "Status": "Valid"
  }
}
---
2026-07-24 19:33:43 [DEBUG] coder_eval.sandbox: STDERR:
---
[ManifestClient] fetchDynamicNodes ok: total=207 agent context nodes=2 external agent nodes=6 orchestrator nodes=158 IXP nodes=41
---
2026-07-24 19:33:43 [DEBUG] coder_eval.evaluation.checker: Criterion 'run_command' score: 1.00
2026-07-24 19:33:43 [DEBUG] coder_eval.criteria.run_command: Running command for criterion 'Flow has a Batch Transform node with required inputs and the {name,description} outputColumns shape': python3 $TASK_DIR/check_batch_transform_flow.py
2026-07-24 19:33:44 [DEBUG] coder_eval.sandbox: Command 'python3 $TASK_DIR/check_batch_transform_flow.py' exited with code 0
2026-07-24 19:33:44 [DEBUG] coder_eval.sandbox: STDOUT:
---
OK: uipath.pattern.batch-transform node present; no instance model; typeVersion=1.0; prompt set; attachment wired via trigger output to a `type: file` `in` variable; outputColumns has 2 {name,description} entries; output source=`=response`; End node maps `result` via `=js:` reference
---
2026-07-24 19:33:44 [DEBUG] coder_eval.evaluation.checker: Criterion 'run_command' score: 1.00
2026-07-24 19:33:44 [INFO] coder_eval.orchestrator: Success criteria: 2/2 passed, weighted score: 1.000
2026-07-24 19:33:44 [DEBUG] coder_eval.utils: Resolved @uipath plugin-tools dir=/usr/lib/node_modules/@uipath from `uip` at /usr/lib/node_modules/@uipath/cli/dist/index.js
2026-07-24 19:33:44 [INFO] coder_eval.orchestrator: Running post-run command: find . -maxdepth 5 -type d \( -name node_modules -o -name .npm-prefix -o -name .venv \) -prune -exec rm -rf {} +
2026-07-24 19:33:44 [INFO] coder_eval.orchestrator: Sandbox preserved (in-place): /work/output/artifacts/skill-flow-batch-transform
2026-07-24 19:33:44 [INFO] coder_eval.orchestrator: Task finished: status=SUCCESS duration=178.0s score=1.000 iterations=1
