2026-07-24 18:19:49 [DEBUG] coder_eval.utils: Resolved @uipath plugin-tools dir=/usr/lib/node_modules/@uipath from `uip` at /usr/lib/node_modules/@uipath/cli/dist/index.js
2026-07-24 18:19:49 [INFO] coder_eval.orchestrator: API routing: aws_bedrock
2026-07-24 18:19:49 [DEBUG] coder_eval.criteria: Discovered 14 criterion checkers
2026-07-24 18:19:49 [DEBUG] coder_eval.criteria: Validated 14 criterion checkers
2026-07-24 18:19:49 [DEBUG] coder_eval.utils: Resolved @uipath plugin-tools dir=/usr/lib/node_modules/@uipath from `uip` at /usr/lib/node_modules/@uipath/cli/dist/index.js
2026-07-24 18:19:50 [DEBUG] coder_eval.orchestrator: Sending prompt: Move getWeather and formatSummary into a subflow called "fetchAndFormat". The subflow should output ...
2026-07-24 18:19:50 [DEBUG] coder_eval.agents.claude_code_agent: [coder] Starting agent query stream...
2026-07-24 18:25:36 [DEBUG] coder_eval.agents.claude_code_agent: [coder] session_id changed: None -> 6658eaa6-edf8-40c2-9091-72eb5891f79e
2026-07-24 18:26:25 [DEBUG] coder_eval.agents.claude_code_agent: [coder] Agent query stream ended
2026-07-24 18:26:25 [DEBUG] coder_eval.utils: Resolved @uipath plugin-tools dir=/usr/lib/node_modules/@uipath from `uip` at /usr/lib/node_modules/@uipath/cli/dist/index.js
2026-07-24 18:26:25 [DEBUG] coder_eval.orchestrator: Agent response received (2801 chars)
2026-07-24 18:26:25 [DEBUG] coder_eval.orchestrator: Checking success criteria
2026-07-24 18:26:25 [DEBUG] coder_eval.criteria.run_command: Running command for criterion 'uip maestro flow validate passes on the flow file': uip maestro flow validate BellevueWeather/BellevueWeather/BellevueWeather.flow
2026-07-24 18:26:31 [DEBUG] coder_eval.sandbox: Command 'uip maestro flow validate BellevueWeather/BellevueWeather/BellevueWeather.flow' exited with code 1
2026-07-24 18:26:31 [DEBUG] coder_eval.sandbox: STDOUT:
---
{
  "Result": "Failure",
  "Message": "Validation failed for /work/output/artifacts/skill-flow-group-to-subflow/BellevueWeather/BellevueWeather/BellevueWeather.flow",
  "Instructions": "Found 1 error(s):\n  - [error] [nodes[fetchAndFormat].type] Node type \"core.flow.subflow:1.0\" has no matching definition.\n    Hint: run `uip maestro flow registry get core.flow.subflow --output json` and append the returned node object to `definitions[]` (depending on plugin version, the object is at `Data.Node` or the top level). Set `typeVersion` to the returned `version` exactly — registry may emit `\"1.0\"` while older flows used `\"1.0.0\"`. To scaffold a new node with its definition auto-injected, run `uip maestro flow node add <file> core.flow.subflow` instead.",
  "ErrorCode": "unknown_error",
  "Retry": "RetryWillNotFix"
}
---
2026-07-24 18:26:31 [DEBUG] coder_eval.sandbox: STDERR:
---
[ManifestClient] fetchDynamicNodes ok: total=207 agent context nodes=2 external agent nodes=6 orchestrator nodes=158 IXP nodes=41
---
2026-07-24 18:26:31 [DEBUG] coder_eval.evaluation.checker: Criterion 'run_command' score: 0.00
2026-07-24 18:26:31 [INFO] coder_eval.evaluation.checker: Criterion 'run_command' FAILED (score=0.00, threshold=1.00): Command: uip maestro flow validate BellevueWeather/BellevueWeather/BellevueWeather.flow
2026-07-24 18:26:31 [DEBUG] coder_eval.criteria.run_command: Running command for criterion 'Flow debug runs with subflow, output contains branch message': python3 $TASK_DIR/check_group_to_subflow.py
2026-07-24 18:26:32 [DEBUG] coder_eval.sandbox: Command 'python3 $TASK_DIR/check_group_to_subflow.py' exited with code 1
2026-07-24 18:26:32 [DEBUG] coder_eval.sandbox: STDERR:
---
FAIL: no 'fetchAndFormat' node of type 'core.subflow' in main flow
---
2026-07-24 18:26:32 [DEBUG] coder_eval.evaluation.checker: Criterion 'run_command' score: 0.00
2026-07-24 18:26:32 [INFO] coder_eval.evaluation.checker: Criterion 'run_command' FAILED (score=0.00, threshold=1.00): Command: python3 $TASK_DIR/check_group_to_subflow.py
2026-07-24 18:26:32 [INFO] coder_eval.orchestrator: Success criteria: 0/2 passed, weighted score: 0.000
2026-07-24 18:26:32 [DEBUG] coder_eval.utils: Resolved @uipath plugin-tools dir=/usr/lib/node_modules/@uipath from `uip` at /usr/lib/node_modules/@uipath/cli/dist/index.js
2026-07-24 18:26:32 [INFO] coder_eval.orchestrator: Running post-run command: python3 $SKILLS_REPO_PATH/tests/tasks/uipath-maestro-flow/_shared/cleanup_solutions.py
2026-07-24 18:26:35 [WARNING] coder_eval.orchestrator: [post_run stderr] cleanup_solutions: solution d214b451-1bc8-420f-a0df-08de9b243934 not uploaded (from BellevueWeather/BellevueWeather.uipx); nothing to clean up
2026-07-24 18:26:35 [WARNING] coder_eval.orchestrator: [post_run stderr] cleanup_solutions: summary policy=always deleted=0 preserved=0 skipped=0 not_uploaded=1 failed=0
2026-07-24 18:26:35 [INFO] coder_eval.orchestrator: Running post-run command: find . -maxdepth 5 -type d \( -name node_modules -o -name .npm-prefix -o -name .venv \) -prune -exec rm -rf {} +
2026-07-24 18:26:35 [INFO] coder_eval.orchestrator: Sandbox preserved (in-place): /work/output/artifacts/skill-flow-group-to-subflow
2026-07-24 18:26:35 [INFO] coder_eval.orchestrator: Task finished: status=FAILURE duration=409.8s score=0.000 iterations=1
