2026-07-24 20:41:10 [DEBUG] coder_eval.utils: Resolved @uipath plugin-tools dir=/usr/lib/node_modules/@uipath from `uip` at /usr/lib/node_modules/@uipath/cli/dist/index.js
2026-07-24 20:41:10 [INFO] coder_eval.orchestrator: API routing: aws_bedrock
2026-07-24 20:41:10 [DEBUG] coder_eval.criteria: Discovered 14 criterion checkers
2026-07-24 20:41:10 [DEBUG] coder_eval.criteria: Validated 14 criterion checkers
2026-07-24 20:41:10 [DEBUG] coder_eval.utils: Resolved @uipath plugin-tools dir=/usr/lib/node_modules/@uipath from `uip` at /usr/lib/node_modules/@uipath/cli/dist/index.js
2026-07-24 20:41:11 [DEBUG] coder_eval.orchestrator: Sending prompt: Build a Maestro Flow "BillingDisputeAnalyst" (in a solution of the same name)
whose single work node...
2026-07-24 20:41:11 [DEBUG] coder_eval.agents.claude_code_agent: [coder] Starting agent query stream...
2026-07-24 20:47:09 [DEBUG] coder_eval.agents.claude_code_agent: [coder] session_id changed: None -> 0ecda069-9be0-451f-913e-6a7e20c8e487
2026-07-24 20:47:09 [DEBUG] coder_eval.agents.claude_code_agent: [coder] Agent query stream ended
2026-07-24 20:47:09 [DEBUG] coder_eval.utils: Resolved @uipath plugin-tools dir=/usr/lib/node_modules/@uipath from `uip` at /usr/lib/node_modules/@uipath/cli/dist/index.js
2026-07-24 20:47:09 [DEBUG] coder_eval.orchestrator: Agent response received (6855 chars)
2026-07-24 20:47:09 [DEBUG] coder_eval.orchestrator: Checking success criteria
2026-07-24 20:47:09 [DEBUG] coder_eval.criteria.run_command: Running command for criterion 'uip maestro flow validate passes on the flow file': uip maestro flow validate BillingDisputeAnalyst/BillingDisputeAnalyst/BillingDisputeAnalyst.flow
2026-07-24 20:47:14 [DEBUG] coder_eval.sandbox: Command 'uip maestro flow validate BillingDisputeAnalyst/BillingDisputeAnalyst/BillingDisputeAnalyst.flow' exited with code 0
2026-07-24 20:47:14 [DEBUG] coder_eval.sandbox: STDOUT:
---
{
  "Result": "Success",
  "Code": "FlowValidate",
  "Data": {
    "File": "/work/output/artifacts/skill-flow-devcon-billing-dispute-analyst/BillingDisputeAnalyst/BillingDisputeAnalyst/BillingDisputeAnalyst.flow",
    "Status": "Valid"
  }
}
---
2026-07-24 20:47:14 [DEBUG] coder_eval.sandbox: STDERR:
---
[ManifestClient] fetchDynamicNodes ok: total=207 agent context nodes=2 external agent nodes=6 orchestrator nodes=158 IXP nodes=41
---
2026-07-24 20:47:14 [DEBUG] coder_eval.evaluation.checker: Criterion 'run_command' score: 1.00
2026-07-24 20:47:14 [DEBUG] coder_eval.criteria.run_command: Running command for criterion 'Check debugs the flow: an inline uipath.agent.autonomous node is wired to a context.index node, the flow completes, and the agent returns a non-empty determination': python3 $TASK_DIR/check_billing_dispute_analyst.py
2026-07-24 20:48:08 [DEBUG] coder_eval.sandbox: Command 'python3 $TASK_DIR/check_billing_dispute_analyst.py' exited with code 1
2026-07-24 20:48:08 [DEBUG] coder_eval.sandbox: STDOUT:
---
OK: flow wires an inline autonomous agent to a context.index node
---
2026-07-24 20:48:08 [DEBUG] coder_eval.sandbox: STDERR:
---
Traceback (most recent call last):
  File "/home/azureuser/projects/skills/tests/tasks/uipath-maestro-flow/multi_node/billing_dispute_analyst/check_billing_dispute_analyst.py", line 62, in <module>
    main()
    ~~~~^^
  File "/home/azureuser/projects/skills/tests/tasks/uipath-maestro-flow/multi_node/billing_dispute_analyst/check_billing_dispute_analyst.py", line 49, in main
    with open(trace_path, "w") as fh:
         ~~~~^^^^^^^^^^^^^^^^^
OSError: [Errno 30] Read-only file system: '/home/azureuser/projects/skills/tests/tasks/uipath-maestro-flow/multi_node/billing_dispute_analyst/last_debug_trace.json'
---
2026-07-24 20:48:08 [DEBUG] coder_eval.evaluation.checker: Criterion 'run_command' score: 0.00
2026-07-24 20:48:08 [INFO] coder_eval.evaluation.checker: Criterion 'run_command' FAILED (score=0.00, threshold=1.00): Command: python3 $TASK_DIR/check_billing_dispute_analyst.py
2026-07-24 20:48:08 [INFO] coder_eval.orchestrator: Success criteria: 1/2 passed, weighted score: 0.375
2026-07-24 20:48:08 [DEBUG] coder_eval.utils: Resolved @uipath plugin-tools dir=/usr/lib/node_modules/@uipath from `uip` at /usr/lib/node_modules/@uipath/cli/dist/index.js
2026-07-24 20:48:08 [INFO] coder_eval.orchestrator: Running post-run command: python3 $SKILLS_REPO_PATH/tests/tasks/uipath-maestro-flow/_shared/cleanup_solutions.py
2026-07-24 20:48:10 [WARNING] coder_eval.orchestrator: [post_run stderr] cleanup_solutions: deleted 4d2912e2-eef8-468d-4858-08dee9b1ed35 (from BillingDisputeAnalyst/BillingDisputeAnalyst.uipx)
2026-07-24 20:48:10 [WARNING] coder_eval.orchestrator: [post_run stderr] cleanup_solutions: summary policy=always deleted=1 preserved=0 skipped=0 not_uploaded=0 failed=0
2026-07-24 20:48:10 [INFO] coder_eval.orchestrator: Running post-run command: find . -maxdepth 5 -type d \( -name node_modules -o -name .npm-prefix -o -name .venv \) -prune -exec rm -rf {} +
2026-07-24 20:48:10 [INFO] coder_eval.orchestrator: Sandbox preserved (in-place): /work/output/artifacts/skill-flow-devcon-billing-dispute-analyst
2026-07-24 20:48:10 [INFO] coder_eval.orchestrator: Task finished: status=FAILURE duration=424.3s score=0.375 iterations=1
