2026-07-24 19:55:45 [DEBUG] coder_eval.utils: Resolved @uipath plugin-tools dir=/usr/lib/node_modules/@uipath from `uip` at /usr/lib/node_modules/@uipath/cli/dist/index.js
2026-07-24 19:55:45 [INFO] coder_eval.orchestrator: API routing: aws_bedrock
2026-07-24 19:55:45 [DEBUG] coder_eval.criteria: Discovered 14 criterion checkers
2026-07-24 19:55:45 [DEBUG] coder_eval.criteria: Validated 14 criterion checkers
2026-07-24 19:55:45 [DEBUG] coder_eval.utils: Resolved @uipath plugin-tools dir=/usr/lib/node_modules/@uipath from `uip` at /usr/lib/node_modules/@uipath/cli/dist/index.js
2026-07-24 19:55:45 [DEBUG] coder_eval.orchestrator: Sending prompt: Build a Maestro Flow called "CustomerEscalation" that triggers on new
Outlook inbox emails and route...
2026-07-24 19:55:45 [DEBUG] coder_eval.agents.claude_code_agent: [coder] Starting agent query stream...
2026-07-24 20:07:18 [DEBUG] coder_eval.agents.claude_code_agent: [coder] session_id changed: None -> 3d637ce2-ba91-47f9-a3b4-32fa0f33ad99
2026-07-24 20:07:18 [DEBUG] coder_eval.agents.claude_code_agent: [coder] Agent query stream ended
2026-07-24 20:07:18 [DEBUG] coder_eval.utils: Resolved @uipath plugin-tools dir=/usr/lib/node_modules/@uipath from `uip` at /usr/lib/node_modules/@uipath/cli/dist/index.js
2026-07-24 20:07:18 [DEBUG] coder_eval.orchestrator: Agent response received (6232 chars)
2026-07-24 20:07:18 [DEBUG] coder_eval.orchestrator: Checking success criteria
2026-07-24 20:07:18 [DEBUG] coder_eval.criteria.run_command: Running command for criterion 'uip maestro flow validate passes on the flow file': uip maestro flow validate CustomerEscalation/CustomerEscalation/CustomerEscalation.flow
2026-07-24 20:07:25 [DEBUG] coder_eval.sandbox: Command 'uip maestro flow validate CustomerEscalation/CustomerEscalation/CustomerEscalation.flow' exited with code 0
2026-07-24 20:07:25 [DEBUG] coder_eval.sandbox: STDOUT:
---
{
  "Result": "Success",
  "Code": "FlowValidate",
  "Data": {
    "File": "/work/output/artifacts/skill-flow-customer-escalation/CustomerEscalation/CustomerEscalation/CustomerEscalation.flow",
    "Status": "Valid",
    "Warnings": "1 warning(s):\n  - [nodes[emailReceived1].inputs.detail.connectionResourceId] Connection \"75dfafb4-3717-470c-a5f6-bdc144757a67\" is referenced by 3 nodes (nodes[emailReceived1], nodes[replyAcknowledgment1], nodes[replyWithTicketDetails1]). Shared connections cause cross-node state leakage at runtime. If this is intentional (e.g. two connectors on the same SaaS account), ignore this warning; otherwise create a separate connection per node."
  }
}
---
2026-07-24 20:07:25 [DEBUG] coder_eval.sandbox: STDERR:
---
[ManifestClient] fetchDynamicNodes ok: total=207 agent context nodes=2 external agent nodes=6 orchestrator nodes=158 IXP nodes=41
---
2026-07-24 20:07:25 [DEBUG] coder_eval.evaluation.checker: Criterion 'run_command' score: 1.00
2026-07-24 20:07:25 [DEBUG] coder_eval.criteria.run_command: Running command for criterion 'Flow has Outlook trigger, classifier scripts, decision with two branches, Slack DM and Outlook reply references': python3 $TASK_DIR/check_customer_escalation_flow.py
2026-07-24 20:07:25 [DEBUG] coder_eval.sandbox: Command 'python3 $TASK_DIR/check_customer_escalation_flow.py' exited with code 0
2026-07-24 20:07:25 [DEBUG] coder_eval.sandbox: STDOUT:
---
PASS: 10 nodes, 3 scripts, decision with 2 branches, Slack and Outlook reply references present
---
2026-07-24 20:07:25 [DEBUG] coder_eval.evaluation.checker: Criterion 'run_command' score: 1.00
2026-07-24 20:07:25 [INFO] coder_eval.orchestrator: Success criteria: 2/2 passed, weighted score: 1.000
2026-07-24 20:07:25 [DEBUG] coder_eval.utils: Resolved @uipath plugin-tools dir=/usr/lib/node_modules/@uipath from `uip` at /usr/lib/node_modules/@uipath/cli/dist/index.js
2026-07-24 20:07:25 [INFO] coder_eval.orchestrator: Running post-run command: find . -maxdepth 5 -type d \( -name node_modules -o -name .npm-prefix -o -name .venv \) -prune -exec rm -rf {} +
2026-07-24 20:07:25 [INFO] coder_eval.orchestrator: Sandbox preserved (in-place): /work/output/artifacts/skill-flow-customer-escalation
2026-07-24 20:07:25 [INFO] coder_eval.orchestrator: Task finished: status=SUCCESS duration=702.5s score=1.000 iterations=1
