2026-07-24 19:24:30 [DEBUG] coder_eval.utils: Resolved @uipath plugin-tools dir=/usr/lib/node_modules/@uipath from `uip` at /usr/lib/node_modules/@uipath/cli/dist/index.js
2026-07-24 19:24:30 [INFO] coder_eval.orchestrator: API routing: aws_bedrock
2026-07-24 19:24:30 [DEBUG] coder_eval.criteria: Discovered 14 criterion checkers
2026-07-24 19:24:30 [DEBUG] coder_eval.criteria: Validated 14 criterion checkers
2026-07-24 19:24:30 [DEBUG] coder_eval.utils: Resolved @uipath plugin-tools dir=/usr/lib/node_modules/@uipath from `uip` at /usr/lib/node_modules/@uipath/cli/dist/index.js
2026-07-24 19:24:31 [DEBUG] coder_eval.orchestrator: Sending prompt: Create a flow called "SlackWeatherPipeline". Read the #office-bellevue Slack channel description — i...
2026-07-24 19:24:31 [DEBUG] coder_eval.agents.claude_code_agent: [coder] Starting agent query stream...
2026-07-24 19:44:31 [WARNING] coder_eval.agents.claude_code_agent: [coder] Turn timeout reached mid-stream; breaking out of message loop
2026-07-24 19:44:31 [DEBUG] coder_eval.agents.claude_code_agent: [coder] Agent query stream ended
2026-07-24 19:44:31 [DEBUG] coder_eval.orchestrator: [skill-flow-slack-weather-pipeline] Drained partial turn record (attempt 1, iteration 1): 50 commands
2026-07-24 19:44:31 [ERROR] coder_eval.errors.executor: [skill-flow-slack-weather-pipeline] Agent communication failed (non-retryable): agent_timeout - Agent turn timed out after 1200s (iteration 1)
2026-07-24 19:44:31 [ERROR] coder_eval.orchestrator: Evaluation failed: Agent turn timed out after 1200s (iteration 1)
Traceback (most recent call last):
  File "/opt/coder_eval/src/coder_eval/orchestrator.py", line 475, in run
    success = await self._evaluation_loop()
              ^^^^^^^^^^^^^^^^^^^^^^^^^^^^^
  File "/opt/coder_eval/src/coder_eval/orchestrator.py", line 1387, in _evaluation_loop
    turn_record = await self._communicate_with_retry(
                  ^^^^^^^^^^^^^^^^^^^^^^^^^^^^^^^^^^^
    ...<3 lines>...
    )
    ^
  File "/opt/coder_eval/src/coder_eval/orchestrator.py", line 1263, in _communicate_with_retry
    turn_record = await execute_with_retry(
                  ^^^^^^^^^^^^^^^^^^^^^^^^^
    ...<8 lines>...
    )
    ^
  File "/opt/coder_eval/src/coder_eval/errors/executor.py", line 71, in execute_with_retry
    return await operation()
           ^^^^^^^^^^^^^^^^^
  File "/opt/coder_eval/src/coder_eval/orchestrator.py", line 1245, in _communicate_attempt
    return await asyncio.wait_for(coro, timeout=outer_timeout)
           ^^^^^^^^^^^^^^^^^^^^^^^^^^^^^^^^^^^^^^^^^^^^^^^^^^^
  File "/usr/local/lib/python3.13/asyncio/tasks.py", line 507, in wait_for
    return await fut
           ^^^^^^^^^
  File "/opt/coder_eval/src/coder_eval/agents/claude_code_agent.py", line 989, in communicate
    raise TurnTimeoutError(timeout, iteration=self._iteration)
coder_eval.errors.timeout.TurnTimeoutError: Agent turn timed out after 1200s (iteration 1)
2026-07-24 19:44:31 [DEBUG] coder_eval.utils: Resolved @uipath plugin-tools dir=/usr/lib/node_modules/@uipath from `uip` at /usr/lib/node_modules/@uipath/cli/dist/index.js
2026-07-24 19:44:31 [INFO] coder_eval.orchestrator: Running post-run command: python3 $SKILLS_REPO_PATH/tests/tasks/uipath-maestro-flow/_shared/cleanup_solutions.py
2026-07-24 19:44:33 [WARNING] coder_eval.orchestrator: [post_run stderr] cleanup_solutions: solution 18ad88dd-a6f4-47cd-96e8-b3911193b491 not uploaded (from SlackWeatherPipeline/SlackWeatherPipeline.uipx); nothing to clean up
2026-07-24 19:44:33 [WARNING] coder_eval.orchestrator: [post_run stderr] cleanup_solutions: summary policy=always deleted=0 preserved=0 skipped=0 not_uploaded=1 failed=0
2026-07-24 19:44:33 [INFO] coder_eval.orchestrator: Running post-run command: find . -maxdepth 5 -type d \( -name node_modules -o -name .npm-prefix -o -name .venv \) -prune -exec rm -rf {} +
2026-07-24 19:44:33 [INFO] coder_eval.orchestrator: Sandbox preserved (in-place): /work/output/artifacts/skill-flow-slack-weather-pipeline
2026-07-24 19:44:33 [INFO] coder_eval.orchestrator: Task finished: status=ERROR duration=1211.6s score=0.000 iterations=1
